2026-07-26 18:22:34 - INFO - Input arguments:
2026-07-26 18:22:34 - INFO - device                 cuda:0
2026-07-26 18:22:34 - INFO - num_epochs             50
2026-07-26 18:22:34 - INFO - batch_size             1024
2026-07-26 18:22:34 - INFO - learning_rate          0.0001
2026-07-26 18:22:34 - INFO - output_dir             root/autodl-tmp/results/things_eeg/intra-subjects
2026-07-26 18:22:34 - INFO - output_name            sub-04
2026-07-26 18:22:34 - INFO - train_subject_ids      [4]
2026-07-26 18:22:34 - INFO - test_subject_ids       [4]
2026-07-26 18:22:34 - INFO - data_average           True
2026-07-26 18:22:34 - INFO - data_random            False
2026-07-26 18:22:34 - INFO - init_temperature       0.07
2026-07-26 18:22:34 - INFO - t_learnable            False
2026-07-26 18:22:34 - INFO - softplus               True
2026-07-26 18:22:34 - INFO - alpha                  1.0
2026-07-26 18:22:34 - INFO - beta                   1.0
2026-07-26 18:22:34 - INFO - img_l2norm             True
2026-07-26 18:22:34 - INFO - text_l2norm            False
2026-07-26 18:22:34 - INFO - eeg_l2norm             False
2026-07-26 18:22:34 - INFO - eeg_data_dir           /root/autodl-tmp/data/things_eeg/preprocessed_eeg
2026-07-26 18:22:34 - INFO - selected_channels      ['P7', 'P5', 'P3', 'P1', 'Pz', 'P2', 'P4', 'P6', 'P8', 'PO7', 'PO3', 'POz', 'PO4', 'PO8', 'O1', 'Oz', 'O2']
2026-07-26 18:22:34 - INFO - time_window            [0, 250]
2026-07-26 18:22:34 - INFO - eeg_aug                True
2026-07-26 18:22:34 - INFO - eeg_aug_type           smooth
2026-07-26 18:22:34 - INFO - eeg_encoder_type       EEGProject
2026-07-26 18:22:34 - INFO - image_aug              True
2026-07-26 18:22:34 - INFO - image_test_aug         True
2026-07-26 18:22:34 - INFO - eeg_test_aug           False
2026-07-26 18:22:34 - INFO - frozen_eeg_prior       True
2026-07-26 18:22:34 - INFO - projector              linear
2026-07-26 18:22:34 - INFO - feature_dim            512
2026-07-26 18:22:34 - INFO - image_feature_dir      /root/autodl-tmp/data/things_eeg/image_feature/RN50
2026-07-26 18:22:34 - INFO - aug_image_feature_dirs ['/root/autodl-tmp/data/things_eeg/image_feature/RN50/GaussianBlur-GaussianNoise-LowResolution-Mosaic']
2026-07-26 18:22:34 - INFO - text_feature_dir       
2026-07-26 18:22:34 - INFO - save_weights           True
2026-07-26 18:22:34 - INFO - seed                   2025
2026-07-26 18:22:34 - INFO - Using device: cuda:0
2026-07-26 18:25:01 - INFO - EEG sample points: 250
2026-07-26 18:25:01 - INFO - feature dimension: 1024
2026-07-26 18:25:01 - INFO - data length: 16540
2026-07-26 18:25:01 - INFO - number of channels: 17
2026-07-26 18:25:02 - INFO - EEG Encoder trainable parameters: 5.40M
2026-07-26 18:25:02 - INFO - EEGProject(
  (model): Sequential(
    (0): Linear(in_features=4250, out_features=1024, bias=True)
    (1): ResidualAdd(
      (f): Sequential(
        (0): GELU(approximate='none')
        (1): Linear(in_features=1024, out_features=1024, bias=True)
        (2): Dropout(p=0.3, inplace=False)
      )
    )
    (2): LayerNorm((1024,), eps=1e-05, elementwise_affine=True)
  )
)
2026-07-26 18:25:02 - INFO - Projector trainable parameters: 1.57M
2026-07-26 18:25:02 - INFO - ContrastiveLoss(
  (criterion_cls): CrossEntropyLoss()
  (criterion_mse): MSELoss()
  (softplus): Softplus(beta=1.0, threshold=20.0)
)
2026-07-26 18:25:03 - INFO - Epoch [1/50] Train Loss: 7.2574
2026-07-26 18:25:03 - INFO - top5 acc 22.00%	top1 acc 9.50%	Test Loss: 4.6929
2026-07-26 18:25:04 - INFO - Epoch [2/50] Train Loss: 6.2699
2026-07-26 18:25:04 - INFO - top5 acc 33.00%	top1 acc 12.00%	Test Loss: 4.0970
2026-07-26 18:25:05 - INFO - Epoch [3/50] Train Loss: 5.7411
2026-07-26 18:25:05 - INFO - top5 acc 42.50%	top1 acc 18.00%	Test Loss: 3.4857
2026-07-26 18:25:06 - INFO - Epoch [4/50] Train Loss: 5.2374
2026-07-26 18:25:06 - INFO - top5 acc 61.00%	top1 acc 25.00%	Test Loss: 2.8959
2026-07-26 18:25:07 - INFO - Epoch [5/50] Train Loss: 4.7737
2026-07-26 18:25:07 - INFO - top5 acc 70.00%	top1 acc 32.50%	Test Loss: 2.4304
2026-07-26 18:25:08 - INFO - Epoch [6/50] Train Loss: 4.3500
2026-07-26 18:25:08 - INFO - top5 acc 74.50%	top1 acc 37.50%	Test Loss: 2.1264
2026-07-26 18:25:09 - INFO - Epoch [7/50] Train Loss: 3.9581
2026-07-26 18:25:09 - INFO - top5 acc 79.50%	top1 acc 46.50%	Test Loss: 1.8506
2026-07-26 18:25:10 - INFO - Epoch [8/50] Train Loss: 3.5882
2026-07-26 18:25:10 - INFO - top5 acc 80.00%	top1 acc 51.50%	Test Loss: 1.6509
2026-07-26 18:25:11 - INFO - Epoch [9/50] Train Loss: 3.2618
2026-07-26 18:25:11 - INFO - top5 acc 83.00%	top1 acc 51.50%	Test Loss: 1.5903
2026-07-26 18:25:12 - INFO - Epoch [10/50] Train Loss: 2.9612
2026-07-26 18:25:12 - INFO - top5 acc 82.00%	top1 acc 56.50%	Test Loss: 1.5254
2026-07-26 18:25:13 - INFO - Epoch [11/50] Train Loss: 2.7004
2026-07-26 18:25:13 - INFO - top5 acc 85.50%	top1 acc 58.00%	Test Loss: 1.3963
2026-07-26 18:25:14 - INFO - Epoch [12/50] Train Loss: 2.4316
2026-07-26 18:25:14 - INFO - top5 acc 84.50%	top1 acc 59.00%	Test Loss: 1.4117
2026-07-26 18:25:14 - INFO - Epoch [13/50] Train Loss: 2.2070
2026-07-26 18:25:15 - INFO - top5 acc 86.00%	top1 acc 59.00%	Test Loss: 1.4000
2026-07-26 18:25:15 - INFO - Epoch [14/50] Train Loss: 2.0032
2026-07-26 18:25:15 - INFO - top5 acc 88.50%	top1 acc 62.50%	Test Loss: 1.2822
2026-07-26 18:25:16 - INFO - Epoch [15/50] Train Loss: 1.8162
2026-07-26 18:25:16 - INFO - top5 acc 88.50%	top1 acc 60.00%	Test Loss: 1.2747
2026-07-26 18:25:17 - INFO - Epoch [16/50] Train Loss: 1.6427
2026-07-26 18:25:17 - INFO - top5 acc 88.50%	top1 acc 60.00%	Test Loss: 1.3297
2026-07-26 18:25:18 - INFO - Epoch [17/50] Train Loss: 1.4874
2026-07-26 18:25:18 - INFO - top5 acc 88.00%	top1 acc 61.00%	Test Loss: 1.2365
2026-07-26 18:25:19 - INFO - Epoch [18/50] Train Loss: 1.3322
2026-07-26 18:25:19 - INFO - top5 acc 87.50%	top1 acc 62.00%	Test Loss: 1.2314
2026-07-26 18:25:20 - INFO - Epoch [19/50] Train Loss: 1.1881
2026-07-26 18:25:20 - INFO - top5 acc 87.50%	top1 acc 63.50%	Test Loss: 1.2404
2026-07-26 18:25:21 - INFO - Epoch [20/50] Train Loss: 1.0613
2026-07-26 18:25:21 - INFO - top5 acc 88.50%	top1 acc 64.00%	Test Loss: 1.2359
2026-07-26 18:25:21 - INFO - Epoch [21/50] Train Loss: 0.9473
2026-07-26 18:25:22 - INFO - top5 acc 88.50%	top1 acc 58.50%	Test Loss: 1.2701
2026-07-26 18:25:22 - INFO - Epoch [22/50] Train Loss: 0.8431
2026-07-26 18:25:22 - INFO - top5 acc 90.50%	top1 acc 64.50%	Test Loss: 1.2337
2026-07-26 18:25:23 - INFO - Epoch [23/50] Train Loss: 0.7393
2026-07-26 18:25:23 - INFO - top5 acc 88.00%	top1 acc 65.00%	Test Loss: 1.1974
2026-07-26 18:25:24 - INFO - Epoch [24/50] Train Loss: 0.6606
2026-07-26 18:25:24 - INFO - top5 acc 88.00%	top1 acc 64.00%	Test Loss: 1.1855
2026-07-26 18:25:25 - INFO - Epoch [25/50] Train Loss: 0.5950
2026-07-26 18:25:25 - INFO - top5 acc 89.50%	top1 acc 63.50%	Test Loss: 1.1937
2026-07-26 18:25:26 - INFO - Epoch [26/50] Train Loss: 0.5274
2026-07-26 18:25:26 - INFO - top5 acc 87.50%	top1 acc 62.00%	Test Loss: 1.2272
2026-07-26 18:25:26 - INFO - Epoch [27/50] Train Loss: 0.4670
2026-07-26 18:25:26 - INFO - top5 acc 90.00%	top1 acc 63.50%	Test Loss: 1.2089
2026-07-26 18:25:27 - INFO - Epoch [28/50] Train Loss: 0.4177
2026-07-26 18:25:27 - INFO - top5 acc 87.50%	top1 acc 63.00%	Test Loss: 1.2271
2026-07-26 18:25:28 - INFO - Epoch [29/50] Train Loss: 0.3665
2026-07-26 18:25:28 - INFO - top5 acc 88.50%	top1 acc 63.00%	Test Loss: 1.2621
2026-07-26 18:25:29 - INFO - Epoch [30/50] Train Loss: 0.3264
2026-07-26 18:25:29 - INFO - top5 acc 87.00%	top1 acc 59.00%	Test Loss: 1.2293
2026-07-26 18:25:30 - INFO - Epoch [31/50] Train Loss: 0.2918
2026-07-26 18:25:30 - INFO - top5 acc 87.00%	top1 acc 63.00%	Test Loss: 1.2313
2026-07-26 18:25:31 - INFO - Epoch [32/50] Train Loss: 0.2672
2026-07-26 18:25:31 - INFO - top5 acc 86.50%	top1 acc 60.00%	Test Loss: 1.2682
2026-07-26 18:25:31 - INFO - Epoch [33/50] Train Loss: 0.2388
2026-07-26 18:25:31 - INFO - top5 acc 86.50%	top1 acc 62.50%	Test Loss: 1.2506
2026-07-26 18:25:32 - INFO - Epoch [34/50] Train Loss: 0.2235
2026-07-26 18:25:32 - INFO - top5 acc 89.00%	top1 acc 61.50%	Test Loss: 1.2748
2026-07-26 18:25:33 - INFO - Epoch [35/50] Train Loss: 0.1989
2026-07-26 18:25:33 - INFO - top5 acc 89.00%	top1 acc 63.50%	Test Loss: 1.1889
2026-07-26 18:25:33 - INFO - Epoch [36/50] Train Loss: 0.1849
2026-07-26 18:25:34 - INFO - top5 acc 88.00%	top1 acc 63.00%	Test Loss: 1.2993
2026-07-26 18:25:34 - INFO - Epoch [37/50] Train Loss: 0.1727
2026-07-26 18:25:34 - INFO - top5 acc 89.00%	top1 acc 61.50%	Test Loss: 1.2573
2026-07-26 18:25:35 - INFO - Epoch [38/50] Train Loss: 0.1597
2026-07-26 18:25:35 - INFO - top5 acc 89.50%	top1 acc 61.00%	Test Loss: 1.2343
2026-07-26 18:25:36 - INFO - Epoch [39/50] Train Loss: 0.1499
2026-07-26 18:25:36 - INFO - top5 acc 88.50%	top1 acc 62.00%	Test Loss: 1.2952
2026-07-26 18:25:37 - INFO - Epoch [40/50] Train Loss: 0.1415
2026-07-26 18:25:37 - INFO - top5 acc 89.00%	top1 acc 62.50%	Test Loss: 1.2244
2026-07-26 18:25:37 - INFO - Epoch [41/50] Train Loss: 0.1316
2026-07-26 18:25:38 - INFO - top5 acc 86.00%	top1 acc 61.00%	Test Loss: 1.2404
2026-07-26 18:25:38 - INFO - Epoch [42/50] Train Loss: 0.1220
2026-07-26 18:25:38 - INFO - top5 acc 88.00%	top1 acc 59.50%	Test Loss: 1.2926
2026-07-26 18:25:39 - INFO - Epoch [43/50] Train Loss: 0.1127
2026-07-26 18:25:39 - INFO - top5 acc 87.50%	top1 acc 63.00%	Test Loss: 1.2379
2026-07-26 18:25:40 - INFO - Epoch [44/50] Train Loss: 0.1058
2026-07-26 18:25:40 - INFO - top5 acc 88.00%	top1 acc 60.00%	Test Loss: 1.2611
2026-07-26 18:25:41 - INFO - Epoch [45/50] Train Loss: 0.0972
2026-07-26 18:25:41 - INFO - top5 acc 91.00%	top1 acc 60.50%	Test Loss: 1.2397
2026-07-26 18:25:41 - INFO - Epoch [46/50] Train Loss: 0.0923
2026-07-26 18:25:42 - INFO - top5 acc 89.50%	top1 acc 62.00%	Test Loss: 1.2766
2026-07-26 18:25:42 - INFO - Epoch [47/50] Train Loss: 0.0894
2026-07-26 18:25:42 - INFO - top5 acc 86.00%	top1 acc 60.50%	Test Loss: 1.2695
2026-07-26 18:25:43 - INFO - Epoch [48/50] Train Loss: 0.0829
2026-07-26 18:25:43 - INFO - top5 acc 88.50%	top1 acc 61.00%	Test Loss: 1.2764
2026-07-26 18:25:44 - INFO - Epoch [49/50] Train Loss: 0.0792
2026-07-26 18:25:44 - INFO - top5 acc 89.00%	top1 acc 62.00%	Test Loss: 1.2659
2026-07-26 18:25:45 - INFO - Epoch [50/50] Train Loss: 0.0743
2026-07-26 18:25:45 - INFO - top5 acc 88.50%	top1 acc 59.50%	Test Loss: 1.2407
2026-07-26 18:25:45 - INFO - best test loss: 1.1855 top5 acc: 88.00 top1 acc: 64.00 at epoch 24
