2026-07-30 06:30:32 - INFO - Input arguments:
2026-07-30 06:30:32 - INFO - device                 cuda:0
2026-07-30 06:30:32 - INFO - num_epochs             50
2026-07-30 06:30:32 - INFO - batch_size             1024
2026-07-30 06:30:32 - INFO - learning_rate          0.0001
2026-07-30 06:30:32 - INFO - output_dir             ./autodl-tmp/results/things_eeg/inter-subjects
2026-07-30 06:30:32 - INFO - output_name            sub-05
2026-07-30 06:30:32 - INFO - train_subject_ids      [1, 2, 3, 4, 6, 7, 8, 9, 10]
2026-07-30 06:30:32 - INFO - test_subject_ids       [5]
2026-07-30 06:30:32 - INFO - data_average           True
2026-07-30 06:30:32 - INFO - data_random            False
2026-07-30 06:30:32 - INFO - init_temperature       0.07
2026-07-30 06:30:32 - INFO - t_learnable            False
2026-07-30 06:30:32 - INFO - softplus               True
2026-07-30 06:30:32 - INFO - alpha                  1.0
2026-07-30 06:30:32 - INFO - beta                   1.0
2026-07-30 06:30:32 - INFO - img_l2norm             True
2026-07-30 06:30:32 - INFO - text_l2norm            False
2026-07-30 06:30:32 - INFO - eeg_l2norm             False
2026-07-30 06:30:32 - INFO - eeg_data_dir           /root/autodl-tmp/data/things_eeg/preprocessed_eeg
2026-07-30 06:30:32 - INFO - selected_channels      []
2026-07-30 06:30:32 - INFO - time_window            [0, 250]
2026-07-30 06:30:32 - INFO - eeg_aug                True
2026-07-30 06:30:32 - INFO - eeg_aug_type           smooth
2026-07-30 06:30:32 - INFO - eeg_encoder_type       TSConv
2026-07-30 06:30:32 - INFO - image_aug              True
2026-07-30 06:30:32 - INFO - image_test_aug         True
2026-07-30 06:30:32 - INFO - eeg_test_aug           False
2026-07-30 06:30:32 - INFO - frozen_eeg_prior       True
2026-07-30 06:30:32 - INFO - projector              linear
2026-07-30 06:30:32 - INFO - feature_dim            512
2026-07-30 06:30:32 - INFO - image_feature_dir      /root/autodl-tmp/data/things_eeg/image_feature/RN50
2026-07-30 06:30:32 - INFO - aug_image_feature_dirs ['/root/autodl-tmp/data/things_eeg/image_feature/RN50/GaussianBlur-GaussianNoise-LowResolution-Mosaic']
2026-07-30 06:30:32 - INFO - text_feature_dir       
2026-07-30 06:30:32 - INFO - save_weights           True
2026-07-30 06:30:32 - INFO - seed                   1234
2026-07-30 06:30:33 - INFO - Using device: cuda:0
2026-07-30 07:38:12 - INFO - EEG sample points: 250
2026-07-30 07:38:12 - INFO - feature dimension: 1024
2026-07-30 07:38:12 - INFO - data length: 148860
2026-07-30 07:38:12 - INFO - number of channels: 63
2026-07-30 07:38:13 - INFO - EEG Encoder trainable parameters: 2.63M
2026-07-30 07:38:13 - INFO - TSConv(
  (tsconv): Sequential(
    (0): Conv2d(1, 40, kernel_size=(1, 25), stride=(1, 1))
    (1): AvgPool2d(kernel_size=(1, 51), stride=(1, 5), padding=0)
    (2): BatchNorm2d(40, eps=1e-05, momentum=0.1, affine=True, track_running_stats=True)
    (3): ELU(alpha=1.0)
    (4): Conv2d(40, 40, kernel_size=(63, 1), stride=(1, 1))
    (5): BatchNorm2d(40, eps=1e-05, momentum=0.1, affine=True, track_running_stats=True)
    (6): ELU(alpha=1.0)
    (7): Dropout(p=0.5, inplace=False)
  )
  (projection): Conv2d(40, 40, kernel_size=(1, 1), stride=(1, 1))
  (proj_eeg): Sequential(
    (0): Linear(in_features=1440, out_features=1024, bias=True)
    (1): ResidualAdd(
      (f): Sequential(
        (0): GELU(approximate='none')
        (1): Linear(in_features=1024, out_features=1024, bias=True)
        (2): Dropout(p=0.5, inplace=False)
      )
    )
    (2): LayerNorm((1024,), eps=1e-05, elementwise_affine=True)
  )
)
2026-07-30 07:38:13 - INFO - Projector trainable parameters: 1.57M
2026-07-30 07:38:13 - INFO - ContrastiveLoss(
  (criterion_cls): CrossEntropyLoss()
  (criterion_mse): MSELoss()
  (softplus): Softplus(beta=1.0, threshold=20.0)
)
2026-07-30 07:38:38 - INFO - Epoch [1/50] Train Loss: 6.4543
2026-07-30 07:38:38 - INFO - top5 acc 23.50%	top1 acc 5.50%	Test Loss: 4.2492
2026-07-30 07:39:02 - INFO - Epoch [2/50] Train Loss: 5.8446
2026-07-30 07:39:02 - INFO - top5 acc 28.00%	top1 acc 9.50%	Test Loss: 3.9886
2026-07-30 07:39:26 - INFO - Epoch [3/50] Train Loss: 5.6305
2026-07-30 07:39:27 - INFO - top5 acc 36.00%	top1 acc 12.00%	Test Loss: 3.7294
2026-07-30 07:39:51 - INFO - Epoch [4/50] Train Loss: 5.4859
2026-07-30 07:39:51 - INFO - top5 acc 36.50%	top1 acc 10.00%	Test Loss: 3.6599
2026-07-30 07:40:15 - INFO - Epoch [5/50] Train Loss: 5.3763
2026-07-30 07:40:15 - INFO - top5 acc 37.00%	top1 acc 13.00%	Test Loss: 3.6440
2026-07-30 07:40:39 - INFO - Epoch [6/50] Train Loss: 5.2973
2026-07-30 07:40:39 - INFO - top5 acc 36.50%	top1 acc 15.50%	Test Loss: 3.5625
2026-07-30 07:41:04 - INFO - Epoch [7/50] Train Loss: 5.2322
2026-07-30 07:41:04 - INFO - top5 acc 40.50%	top1 acc 16.50%	Test Loss: 3.5248
2026-07-30 07:41:28 - INFO - Epoch [8/50] Train Loss: 5.1676
2026-07-30 07:41:28 - INFO - top5 acc 41.50%	top1 acc 18.00%	Test Loss: 3.4594
2026-07-30 07:41:53 - INFO - Epoch [9/50] Train Loss: 5.1135
2026-07-30 07:41:53 - INFO - top5 acc 46.00%	top1 acc 19.00%	Test Loss: 3.4491
2026-07-30 07:42:18 - INFO - Epoch [10/50] Train Loss: 5.0582
2026-07-30 07:42:18 - INFO - top5 acc 44.50%	top1 acc 20.50%	Test Loss: 3.4230
2026-07-30 07:42:43 - INFO - Epoch [11/50] Train Loss: 5.0027
2026-07-30 07:42:43 - INFO - top5 acc 45.50%	top1 acc 15.50%	Test Loss: 3.3637
2026-07-30 07:43:07 - INFO - Epoch [12/50] Train Loss: 4.9481
2026-07-30 07:43:08 - INFO - top5 acc 44.00%	top1 acc 16.00%	Test Loss: 3.4124
2026-07-30 07:43:33 - INFO - Epoch [13/50] Train Loss: 4.9036
2026-07-30 07:43:33 - INFO - top5 acc 45.00%	top1 acc 17.50%	Test Loss: 3.3713
2026-07-30 07:43:57 - INFO - Epoch [14/50] Train Loss: 4.8574
2026-07-30 07:43:57 - INFO - top5 acc 44.50%	top1 acc 15.50%	Test Loss: 3.4243
2026-07-30 07:44:22 - INFO - Epoch [15/50] Train Loss: 4.8124
2026-07-30 07:44:22 - INFO - top5 acc 42.50%	top1 acc 15.00%	Test Loss: 3.4006
2026-07-30 07:44:46 - INFO - Epoch [16/50] Train Loss: 4.7695
2026-07-30 07:44:46 - INFO - top5 acc 45.50%	top1 acc 17.50%	Test Loss: 3.3965
2026-07-30 07:45:11 - INFO - Epoch [17/50] Train Loss: 4.7221
2026-07-30 07:45:11 - INFO - top5 acc 43.00%	top1 acc 12.50%	Test Loss: 3.4218
2026-07-30 07:45:36 - INFO - Epoch [18/50] Train Loss: 4.6809
2026-07-30 07:45:36 - INFO - top5 acc 42.00%	top1 acc 14.50%	Test Loss: 3.4171
2026-07-30 07:46:00 - INFO - Epoch [19/50] Train Loss: 4.6438
2026-07-30 07:46:00 - INFO - top5 acc 44.50%	top1 acc 15.50%	Test Loss: 3.4532
2026-07-30 07:46:25 - INFO - Epoch [20/50] Train Loss: 4.6021
2026-07-30 07:46:26 - INFO - top5 acc 41.50%	top1 acc 15.50%	Test Loss: 3.4437
2026-07-30 07:46:50 - INFO - Epoch [21/50] Train Loss: 4.5584
2026-07-30 07:46:50 - INFO - top5 acc 38.50%	top1 acc 14.00%	Test Loss: 3.5335
2026-07-30 07:47:15 - INFO - Epoch [22/50] Train Loss: 4.5193
2026-07-30 07:47:15 - INFO - top5 acc 41.00%	top1 acc 13.00%	Test Loss: 3.4813
2026-07-30 07:47:40 - INFO - Epoch [23/50] Train Loss: 4.4846
2026-07-30 07:47:40 - INFO - top5 acc 40.00%	top1 acc 14.50%	Test Loss: 3.4813
2026-07-30 07:48:05 - INFO - Epoch [24/50] Train Loss: 4.4437
2026-07-30 07:48:05 - INFO - top5 acc 38.00%	top1 acc 13.00%	Test Loss: 3.4752
2026-07-30 07:48:31 - INFO - Epoch [25/50] Train Loss: 4.4098
2026-07-30 07:48:31 - INFO - top5 acc 41.00%	top1 acc 13.00%	Test Loss: 3.4577
2026-07-30 07:48:56 - INFO - Epoch [26/50] Train Loss: 4.3690
2026-07-30 07:48:56 - INFO - top5 acc 40.50%	top1 acc 12.00%	Test Loss: 3.3852
2026-07-30 07:49:22 - INFO - Epoch [27/50] Train Loss: 4.3337
2026-07-30 07:49:22 - INFO - top5 acc 40.00%	top1 acc 10.00%	Test Loss: 3.4955
2026-07-30 07:49:48 - INFO - Epoch [28/50] Train Loss: 4.2991
2026-07-30 07:49:48 - INFO - top5 acc 39.50%	top1 acc 11.50%	Test Loss: 3.5136
2026-07-30 07:50:13 - INFO - Epoch [29/50] Train Loss: 4.2636
2026-07-30 07:50:13 - INFO - top5 acc 39.00%	top1 acc 14.00%	Test Loss: 3.5331
2026-07-30 07:50:38 - INFO - Epoch [30/50] Train Loss: 4.2305
2026-07-30 07:50:38 - INFO - top5 acc 36.50%	top1 acc 12.50%	Test Loss: 3.5537
2026-07-30 07:51:03 - INFO - Epoch [31/50] Train Loss: 4.2054
2026-07-30 07:51:03 - INFO - top5 acc 38.50%	top1 acc 11.00%	Test Loss: 3.5528
2026-07-30 07:51:28 - INFO - Epoch [32/50] Train Loss: 4.1682
2026-07-30 07:51:28 - INFO - top5 acc 38.50%	top1 acc 13.50%	Test Loss: 3.4518
2026-07-30 07:51:54 - INFO - Epoch [33/50] Train Loss: 4.1313
2026-07-30 07:51:54 - INFO - top5 acc 38.00%	top1 acc 15.00%	Test Loss: 3.4621
2026-07-30 07:52:19 - INFO - Epoch [34/50] Train Loss: 4.1071
2026-07-30 07:52:19 - INFO - top5 acc 39.00%	top1 acc 14.50%	Test Loss: 3.4288
2026-07-30 07:52:44 - INFO - Epoch [35/50] Train Loss: 4.0732
2026-07-30 07:52:44 - INFO - top5 acc 39.50%	top1 acc 11.50%	Test Loss: 3.5263
2026-07-30 07:53:09 - INFO - Epoch [36/50] Train Loss: 4.0491
2026-07-30 07:53:09 - INFO - top5 acc 37.00%	top1 acc 12.00%	Test Loss: 3.5719
2026-07-30 07:53:33 - INFO - Epoch [37/50] Train Loss: 4.0184
2026-07-30 07:53:33 - INFO - top5 acc 35.50%	top1 acc 11.50%	Test Loss: 3.5822
2026-07-30 07:53:59 - INFO - Epoch [38/50] Train Loss: 3.9900
2026-07-30 07:53:59 - INFO - top5 acc 40.50%	top1 acc 12.50%	Test Loss: 3.4529
2026-07-30 07:54:24 - INFO - Epoch [39/50] Train Loss: 3.9669
2026-07-30 07:54:24 - INFO - top5 acc 38.00%	top1 acc 10.50%	Test Loss: 3.5353
2026-07-30 07:54:49 - INFO - Epoch [40/50] Train Loss: 3.9349
2026-07-30 07:54:49 - INFO - top5 acc 38.50%	top1 acc 14.50%	Test Loss: 3.5068
2026-07-30 07:55:14 - INFO - Epoch [41/50] Train Loss: 3.9085
2026-07-30 07:55:14 - INFO - top5 acc 37.00%	top1 acc 12.50%	Test Loss: 3.5495
2026-07-30 07:55:39 - INFO - Epoch [42/50] Train Loss: 3.8874
2026-07-30 07:55:39 - INFO - top5 acc 39.00%	top1 acc 13.00%	Test Loss: 3.5479
2026-07-30 07:56:03 - INFO - Epoch [43/50] Train Loss: 3.8611
2026-07-30 07:56:03 - INFO - top5 acc 36.00%	top1 acc 13.00%	Test Loss: 3.5857
2026-07-30 07:56:28 - INFO - Epoch [44/50] Train Loss: 3.8359
2026-07-30 07:56:28 - INFO - top5 acc 35.00%	top1 acc 12.00%	Test Loss: 3.6301
2026-07-30 07:56:53 - INFO - Epoch [45/50] Train Loss: 3.8144
2026-07-30 07:56:53 - INFO - top5 acc 36.00%	top1 acc 12.50%	Test Loss: 3.6447
2026-07-30 07:57:18 - INFO - Epoch [46/50] Train Loss: 3.7854
2026-07-30 07:57:18 - INFO - top5 acc 39.00%	top1 acc 14.00%	Test Loss: 3.6357
2026-07-30 07:57:43 - INFO - Epoch [47/50] Train Loss: 3.7664
2026-07-30 07:57:43 - INFO - top5 acc 36.00%	top1 acc 13.00%	Test Loss: 3.6881
2026-07-30 07:58:07 - INFO - Epoch [48/50] Train Loss: 3.7434
2026-07-30 07:58:07 - INFO - top5 acc 39.00%	top1 acc 15.00%	Test Loss: 3.5306
2026-07-30 07:58:32 - INFO - Epoch [49/50] Train Loss: 3.7198
2026-07-30 07:58:32 - INFO - top5 acc 35.50%	top1 acc 13.50%	Test Loss: 3.6986
2026-07-30 07:58:56 - INFO - Epoch [50/50] Train Loss: 3.6999
2026-07-30 07:58:56 - INFO - top5 acc 37.50%	top1 acc 13.50%	Test Loss: 3.6340
2026-07-30 07:58:56 - INFO - best test loss: 3.3637 top5 acc: 45.50 top1 acc: 15.50 at epoch 11
