2026-07-26 18:12:25 - INFO - Input arguments:
2026-07-26 18:12:25 - INFO - device                 cuda:0
2026-07-26 18:12:25 - INFO - num_epochs             50
2026-07-26 18:12:25 - INFO - batch_size             1024
2026-07-26 18:12:25 - INFO - learning_rate          0.0001
2026-07-26 18:12:25 - INFO - output_dir             root/autodl-tmp/results/things_eeg/intra-subjects
2026-07-26 18:12:25 - INFO - output_name            sub-01
2026-07-26 18:12:25 - INFO - train_subject_ids      [1]
2026-07-26 18:12:25 - INFO - test_subject_ids       [1]
2026-07-26 18:12:25 - INFO - data_average           True
2026-07-26 18:12:25 - INFO - data_random            False
2026-07-26 18:12:25 - INFO - init_temperature       0.07
2026-07-26 18:12:25 - INFO - t_learnable            False
2026-07-26 18:12:25 - INFO - softplus               True
2026-07-26 18:12:25 - INFO - alpha                  1.0
2026-07-26 18:12:25 - INFO - beta                   1.0
2026-07-26 18:12:25 - INFO - img_l2norm             True
2026-07-26 18:12:25 - INFO - text_l2norm            False
2026-07-26 18:12:25 - INFO - eeg_l2norm             False
2026-07-26 18:12:25 - INFO - eeg_data_dir           /root/autodl-tmp/data/things_eeg/preprocessed_eeg
2026-07-26 18:12:25 - INFO - selected_channels      ['P7', 'P5', 'P3', 'P1', 'Pz', 'P2', 'P4', 'P6', 'P8', 'PO7', 'PO3', 'POz', 'PO4', 'PO8', 'O1', 'Oz', 'O2']
2026-07-26 18:12:25 - INFO - time_window            [0, 250]
2026-07-26 18:12:25 - INFO - eeg_aug                True
2026-07-26 18:12:25 - INFO - eeg_aug_type           smooth
2026-07-26 18:12:25 - INFO - eeg_encoder_type       EEGProject
2026-07-26 18:12:25 - INFO - image_aug              True
2026-07-26 18:12:25 - INFO - image_test_aug         True
2026-07-26 18:12:25 - INFO - eeg_test_aug           False
2026-07-26 18:12:25 - INFO - frozen_eeg_prior       True
2026-07-26 18:12:25 - INFO - projector              linear
2026-07-26 18:12:25 - INFO - feature_dim            512
2026-07-26 18:12:25 - INFO - image_feature_dir      /root/autodl-tmp/data/things_eeg/image_feature/RN50
2026-07-26 18:12:25 - INFO - aug_image_feature_dirs ['/root/autodl-tmp/data/things_eeg/image_feature/RN50/GaussianBlur-GaussianNoise-LowResolution-Mosaic']
2026-07-26 18:12:25 - INFO - text_feature_dir       
2026-07-26 18:12:25 - INFO - save_weights           True
2026-07-26 18:12:25 - INFO - seed                   2025
2026-07-26 18:12:25 - INFO - Using device: cuda:0
2026-07-26 18:14:53 - INFO - EEG sample points: 250
2026-07-26 18:14:53 - INFO - feature dimension: 1024
2026-07-26 18:14:53 - INFO - data length: 16540
2026-07-26 18:14:53 - INFO - number of channels: 17
2026-07-26 18:14:54 - INFO - EEG Encoder trainable parameters: 5.40M
2026-07-26 18:14:54 - INFO - EEGProject(
  (model): Sequential(
    (0): Linear(in_features=4250, out_features=1024, bias=True)
    (1): ResidualAdd(
      (f): Sequential(
        (0): GELU(approximate='none')
        (1): Linear(in_features=1024, out_features=1024, bias=True)
        (2): Dropout(p=0.3, inplace=False)
      )
    )
    (2): LayerNorm((1024,), eps=1e-05, elementwise_affine=True)
  )
)
2026-07-26 18:14:54 - INFO - Projector trainable parameters: 1.57M
2026-07-26 18:14:54 - INFO - ContrastiveLoss(
  (criterion_cls): CrossEntropyLoss()
  (criterion_mse): MSELoss()
  (softplus): Softplus(beta=1.0, threshold=20.0)
)
2026-07-26 18:14:55 - INFO - Epoch [1/50] Train Loss: 7.1322
2026-07-26 18:14:55 - INFO - top5 acc 19.00%	top1 acc 5.00%	Test Loss: 4.7660
2026-07-26 18:14:56 - INFO - Epoch [2/50] Train Loss: 6.2356
2026-07-26 18:14:56 - INFO - top5 acc 33.00%	top1 acc 8.50%	Test Loss: 4.1865
2026-07-26 18:14:57 - INFO - Epoch [3/50] Train Loss: 5.6584
2026-07-26 18:14:57 - INFO - top5 acc 48.50%	top1 acc 20.50%	Test Loss: 3.5016
2026-07-26 18:14:58 - INFO - Epoch [4/50] Train Loss: 5.0935
2026-07-26 18:14:58 - INFO - top5 acc 57.50%	top1 acc 29.00%	Test Loss: 2.9084
2026-07-26 18:14:59 - INFO - Epoch [5/50] Train Loss: 4.5511
2026-07-26 18:15:00 - INFO - top5 acc 66.50%	top1 acc 34.50%	Test Loss: 2.4239
2026-07-26 18:15:00 - INFO - Epoch [6/50] Train Loss: 4.0230
2026-07-26 18:15:01 - INFO - top5 acc 73.50%	top1 acc 42.50%	Test Loss: 2.1134
2026-07-26 18:15:02 - INFO - Epoch [7/50] Train Loss: 3.5516
2026-07-26 18:15:02 - INFO - top5 acc 76.50%	top1 acc 43.50%	Test Loss: 1.9212
2026-07-26 18:15:03 - INFO - Epoch [8/50] Train Loss: 3.1292
2026-07-26 18:15:03 - INFO - top5 acc 80.50%	top1 acc 48.50%	Test Loss: 1.8508
2026-07-26 18:15:04 - INFO - Epoch [9/50] Train Loss: 2.7703
2026-07-26 18:15:04 - INFO - top5 acc 78.00%	top1 acc 50.00%	Test Loss: 1.7224
2026-07-26 18:15:05 - INFO - Epoch [10/50] Train Loss: 2.4659
2026-07-26 18:15:05 - INFO - top5 acc 77.00%	top1 acc 47.50%	Test Loss: 1.7133
2026-07-26 18:15:06 - INFO - Epoch [11/50] Train Loss: 2.2001
2026-07-26 18:15:06 - INFO - top5 acc 78.50%	top1 acc 50.00%	Test Loss: 1.6048
2026-07-26 18:15:07 - INFO - Epoch [12/50] Train Loss: 1.9499
2026-07-26 18:15:07 - INFO - top5 acc 80.50%	top1 acc 52.50%	Test Loss: 1.5729
2026-07-26 18:15:08 - INFO - Epoch [13/50] Train Loss: 1.7339
2026-07-26 18:15:08 - INFO - top5 acc 78.50%	top1 acc 49.00%	Test Loss: 1.6149
2026-07-26 18:15:09 - INFO - Epoch [14/50] Train Loss: 1.5476
2026-07-26 18:15:09 - INFO - top5 acc 78.00%	top1 acc 48.00%	Test Loss: 1.6095
2026-07-26 18:15:10 - INFO - Epoch [15/50] Train Loss: 1.3743
2026-07-26 18:15:10 - INFO - top5 acc 79.50%	top1 acc 48.00%	Test Loss: 1.6106
2026-07-26 18:15:11 - INFO - Epoch [16/50] Train Loss: 1.2105
2026-07-26 18:15:11 - INFO - top5 acc 80.50%	top1 acc 50.00%	Test Loss: 1.5446
2026-07-26 18:15:12 - INFO - Epoch [17/50] Train Loss: 1.0736
2026-07-26 18:15:12 - INFO - top5 acc 82.00%	top1 acc 50.00%	Test Loss: 1.5665
2026-07-26 18:15:13 - INFO - Epoch [18/50] Train Loss: 0.9665
2026-07-26 18:15:13 - INFO - top5 acc 82.00%	top1 acc 51.00%	Test Loss: 1.5557
2026-07-26 18:15:13 - INFO - Epoch [19/50] Train Loss: 0.8419
2026-07-26 18:15:14 - INFO - top5 acc 78.00%	top1 acc 50.00%	Test Loss: 1.6392
2026-07-26 18:15:14 - INFO - Epoch [20/50] Train Loss: 0.7376
2026-07-26 18:15:15 - INFO - top5 acc 80.50%	top1 acc 53.00%	Test Loss: 1.5501
2026-07-26 18:15:15 - INFO - Epoch [21/50] Train Loss: 0.6485
2026-07-26 18:15:15 - INFO - top5 acc 81.00%	top1 acc 51.00%	Test Loss: 1.5809
2026-07-26 18:15:16 - INFO - Epoch [22/50] Train Loss: 0.5665
2026-07-26 18:15:16 - INFO - top5 acc 83.00%	top1 acc 52.50%	Test Loss: 1.5706
2026-07-26 18:15:17 - INFO - Epoch [23/50] Train Loss: 0.4992
2026-07-26 18:15:17 - INFO - top5 acc 80.50%	top1 acc 48.00%	Test Loss: 1.6352
2026-07-26 18:15:18 - INFO - Epoch [24/50] Train Loss: 0.4363
2026-07-26 18:15:18 - INFO - top5 acc 80.00%	top1 acc 49.50%	Test Loss: 1.6650
2026-07-26 18:15:19 - INFO - Epoch [25/50] Train Loss: 0.3896
2026-07-26 18:15:19 - INFO - top5 acc 79.50%	top1 acc 47.00%	Test Loss: 1.7009
2026-07-26 18:15:20 - INFO - Epoch [26/50] Train Loss: 0.3507
2026-07-26 18:15:20 - INFO - top5 acc 80.50%	top1 acc 51.50%	Test Loss: 1.6565
2026-07-26 18:15:21 - INFO - Epoch [27/50] Train Loss: 0.3125
2026-07-26 18:15:21 - INFO - top5 acc 80.00%	top1 acc 49.50%	Test Loss: 1.5829
2026-07-26 18:15:22 - INFO - Epoch [28/50] Train Loss: 0.2812
2026-07-26 18:15:22 - INFO - top5 acc 80.00%	top1 acc 50.50%	Test Loss: 1.6265
2026-07-26 18:15:23 - INFO - Epoch [29/50] Train Loss: 0.2526
2026-07-26 18:15:23 - INFO - top5 acc 81.50%	top1 acc 51.00%	Test Loss: 1.6053
2026-07-26 18:15:23 - INFO - Epoch [30/50] Train Loss: 0.2303
2026-07-26 18:15:24 - INFO - top5 acc 76.50%	top1 acc 47.50%	Test Loss: 1.7040
2026-07-26 18:15:24 - INFO - Epoch [31/50] Train Loss: 0.2109
2026-07-26 18:15:25 - INFO - top5 acc 79.50%	top1 acc 47.00%	Test Loss: 1.6892
2026-07-26 18:15:25 - INFO - Epoch [32/50] Train Loss: 0.1923
2026-07-26 18:15:26 - INFO - top5 acc 81.50%	top1 acc 52.00%	Test Loss: 1.6647
2026-07-26 18:15:26 - INFO - Epoch [33/50] Train Loss: 0.1781
2026-07-26 18:15:26 - INFO - top5 acc 81.00%	top1 acc 50.50%	Test Loss: 1.6233
2026-07-26 18:15:27 - INFO - Epoch [34/50] Train Loss: 0.1631
2026-07-26 18:15:27 - INFO - top5 acc 77.00%	top1 acc 51.50%	Test Loss: 1.6590
2026-07-26 18:15:28 - INFO - Epoch [35/50] Train Loss: 0.1485
2026-07-26 18:15:28 - INFO - top5 acc 79.00%	top1 acc 48.00%	Test Loss: 1.6931
2026-07-26 18:15:29 - INFO - Epoch [36/50] Train Loss: 0.1388
2026-07-26 18:15:29 - INFO - top5 acc 81.00%	top1 acc 48.50%	Test Loss: 1.7058
2026-07-26 18:15:30 - INFO - Epoch [37/50] Train Loss: 0.1292
2026-07-26 18:15:30 - INFO - top5 acc 82.00%	top1 acc 46.00%	Test Loss: 1.6833
2026-07-26 18:15:31 - INFO - Epoch [38/50] Train Loss: 0.1205
2026-07-26 18:15:31 - INFO - top5 acc 79.00%	top1 acc 48.50%	Test Loss: 1.6560
2026-07-26 18:15:32 - INFO - Epoch [39/50] Train Loss: 0.1114
2026-07-26 18:15:32 - INFO - top5 acc 78.00%	top1 acc 49.00%	Test Loss: 1.7053
2026-07-26 18:15:33 - INFO - Epoch [40/50] Train Loss: 0.1061
2026-07-26 18:15:33 - INFO - top5 acc 82.50%	top1 acc 52.50%	Test Loss: 1.6269
2026-07-26 18:15:34 - INFO - Epoch [41/50] Train Loss: 0.0990
2026-07-26 18:15:34 - INFO - top5 acc 82.00%	top1 acc 49.50%	Test Loss: 1.6927
2026-07-26 18:15:35 - INFO - Epoch [42/50] Train Loss: 0.0928
2026-07-26 18:15:35 - INFO - top5 acc 80.50%	top1 acc 50.50%	Test Loss: 1.6894
2026-07-26 18:15:36 - INFO - Epoch [43/50] Train Loss: 0.0866
2026-07-26 18:15:36 - INFO - top5 acc 81.00%	top1 acc 48.50%	Test Loss: 1.6904
2026-07-26 18:15:36 - INFO - Epoch [44/50] Train Loss: 0.0819
2026-07-26 18:15:37 - INFO - top5 acc 80.50%	top1 acc 44.00%	Test Loss: 1.7314
2026-07-26 18:15:38 - INFO - Epoch [45/50] Train Loss: 0.0787
2026-07-26 18:15:38 - INFO - top5 acc 80.00%	top1 acc 49.50%	Test Loss: 1.6945
2026-07-26 18:15:38 - INFO - Epoch [46/50] Train Loss: 0.0732
2026-07-26 18:15:39 - INFO - top5 acc 80.00%	top1 acc 48.00%	Test Loss: 1.6924
2026-07-26 18:15:39 - INFO - Epoch [47/50] Train Loss: 0.0708
2026-07-26 18:15:40 - INFO - top5 acc 79.00%	top1 acc 48.50%	Test Loss: 1.7405
2026-07-26 18:15:40 - INFO - Epoch [48/50] Train Loss: 0.0678
2026-07-26 18:15:40 - INFO - top5 acc 81.50%	top1 acc 50.50%	Test Loss: 1.6955
2026-07-26 18:15:41 - INFO - Epoch [49/50] Train Loss: 0.0663
2026-07-26 18:15:41 - INFO - top5 acc 77.00%	top1 acc 47.00%	Test Loss: 1.7446
2026-07-26 18:15:42 - INFO - Epoch [50/50] Train Loss: 0.0613
2026-07-26 18:15:42 - INFO - top5 acc 78.50%	top1 acc 47.00%	Test Loss: 1.7778
2026-07-26 18:15:42 - INFO - best test loss: 1.5446 top5 acc: 80.50 top1 acc: 50.00 at epoch 16
