2026-07-30 04:13:13 - INFO - Input arguments:
2026-07-30 04:13:13 - INFO - device                 cuda:0
2026-07-30 04:13:13 - INFO - num_epochs             50
2026-07-30 04:13:13 - INFO - batch_size             1024
2026-07-30 04:13:13 - INFO - learning_rate          0.0001
2026-07-30 04:13:13 - INFO - output_dir             /root/autodl-tmp/NeuroBridge-main/results/things_eeg/inter-subjects
2026-07-30 04:13:13 - INFO - output_name            inter-leave-sub-07-seed3407
2026-07-30 04:13:13 - INFO - train_subject_ids      [1, 2, 3, 4, 5, 6, 8, 9, 10]
2026-07-30 04:13:13 - INFO - test_subject_ids       [7]
2026-07-30 04:13:13 - INFO - data_average           True
2026-07-30 04:13:13 - INFO - data_random            False
2026-07-30 04:13:13 - INFO - init_temperature       0.07
2026-07-30 04:13:13 - INFO - t_learnable            False
2026-07-30 04:13:13 - INFO - softplus               True
2026-07-30 04:13:13 - INFO - alpha                  1.0
2026-07-30 04:13:13 - INFO - beta                   1.0
2026-07-30 04:13:13 - INFO - img_l2norm             True
2026-07-30 04:13:13 - INFO - text_l2norm            False
2026-07-30 04:13:13 - INFO - eeg_l2norm             False
2026-07-30 04:13:13 - INFO - eeg_data_dir           /root/autodl-tmp/data/things_eeg/preprocessed_eeg
2026-07-30 04:13:13 - INFO - selected_channels      []
2026-07-30 04:13:13 - INFO - time_window            [0, 250]
2026-07-30 04:13:13 - INFO - eeg_aug                True
2026-07-30 04:13:13 - INFO - eeg_aug_type           smooth
2026-07-30 04:13:13 - INFO - eeg_encoder_type       TSConv
2026-07-30 04:13:13 - INFO - image_aug              True
2026-07-30 04:13:13 - INFO - image_test_aug         True
2026-07-30 04:13:13 - INFO - eeg_test_aug           False
2026-07-30 04:13:13 - INFO - frozen_eeg_prior       True
2026-07-30 04:13:13 - INFO - projector              linear
2026-07-30 04:13:13 - INFO - feature_dim            512
2026-07-30 04:13:13 - INFO - image_feature_dir      /root/autodl-tmp/data/things_eeg/image_feature/RN50
2026-07-30 04:13:13 - INFO - aug_image_feature_dirs ['/root/autodl-tmp/data/things_eeg/image_feature/RN50/GaussianBlur-GaussianNoise-LowResolution-Mosaic']
2026-07-30 04:13:13 - INFO - text_feature_dir       
2026-07-30 04:13:13 - INFO - save_weights           True
2026-07-30 04:13:13 - INFO - seed                   3407
2026-07-30 04:13:13 - INFO - Using device: cuda:0
2026-07-30 05:11:30 - INFO - EEG sample points: 250
2026-07-30 05:11:30 - INFO - feature dimension: 1024
2026-07-30 05:11:30 - INFO - data length: 148860
2026-07-30 05:11:30 - INFO - number of channels: 63
2026-07-30 05:11:31 - INFO - EEG Encoder trainable parameters: 2.63M
2026-07-30 05:11:31 - INFO - TSConv(
  (tsconv): Sequential(
    (0): Conv2d(1, 40, kernel_size=(1, 25), stride=(1, 1))
    (1): AvgPool2d(kernel_size=(1, 51), stride=(1, 5), padding=0)
    (2): BatchNorm2d(40, eps=1e-05, momentum=0.1, affine=True, track_running_stats=True)
    (3): ELU(alpha=1.0)
    (4): Conv2d(40, 40, kernel_size=(63, 1), stride=(1, 1))
    (5): BatchNorm2d(40, eps=1e-05, momentum=0.1, affine=True, track_running_stats=True)
    (6): ELU(alpha=1.0)
    (7): Dropout(p=0.5, inplace=False)
  )
  (projection): Conv2d(40, 40, kernel_size=(1, 1), stride=(1, 1))
  (proj_eeg): Sequential(
    (0): Linear(in_features=1440, out_features=1024, bias=True)
    (1): ResidualAdd(
      (f): Sequential(
        (0): GELU(approximate='none')
        (1): Linear(in_features=1024, out_features=1024, bias=True)
        (2): Dropout(p=0.5, inplace=False)
      )
    )
    (2): LayerNorm((1024,), eps=1e-05, elementwise_affine=True)
  )
)
2026-07-30 05:11:31 - INFO - Projector trainable parameters: 1.57M
2026-07-30 05:11:31 - INFO - ContrastiveLoss(
  (criterion_cls): CrossEntropyLoss()
  (criterion_mse): MSELoss()
  (softplus): Softplus(beta=1, threshold=20)
)
2026-07-30 05:11:53 - INFO - Epoch [1/50] Train Loss: 6.5298
2026-07-30 05:11:53 - INFO - top5 acc 19.00%	top1 acc 4.50%	Test Loss: 4.2607
2026-07-30 05:12:13 - INFO - Epoch [2/50] Train Loss: 5.8610
2026-07-30 05:12:13 - INFO - top5 acc 29.00%	top1 acc 8.00%	Test Loss: 3.8526
2026-07-30 05:12:33 - INFO - Epoch [3/50] Train Loss: 5.6222
2026-07-30 05:12:33 - INFO - top5 acc 38.50%	top1 acc 10.00%	Test Loss: 3.6923
2026-07-30 05:12:53 - INFO - Epoch [4/50] Train Loss: 5.4863
2026-07-30 05:12:53 - INFO - top5 acc 36.50%	top1 acc 11.50%	Test Loss: 3.5571
2026-07-30 05:13:12 - INFO - Epoch [5/50] Train Loss: 5.3975
2026-07-30 05:13:13 - INFO - top5 acc 42.00%	top1 acc 13.00%	Test Loss: 3.4553
2026-07-30 05:13:32 - INFO - Epoch [6/50] Train Loss: 5.3272
2026-07-30 05:13:32 - INFO - top5 acc 41.00%	top1 acc 11.50%	Test Loss: 3.4642
2026-07-30 05:13:53 - INFO - Epoch [7/50] Train Loss: 5.2680
2026-07-30 05:13:53 - INFO - top5 acc 41.50%	top1 acc 13.00%	Test Loss: 3.4267
2026-07-30 05:14:13 - INFO - Epoch [8/50] Train Loss: 5.2127
2026-07-30 05:14:13 - INFO - top5 acc 42.50%	top1 acc 12.00%	Test Loss: 3.4266
2026-07-30 05:14:33 - INFO - Epoch [9/50] Train Loss: 5.1551
2026-07-30 05:14:33 - INFO - top5 acc 42.00%	top1 acc 13.50%	Test Loss: 3.3887
2026-07-30 05:14:54 - INFO - Epoch [10/50] Train Loss: 5.1086
2026-07-30 05:14:54 - INFO - top5 acc 49.50%	top1 acc 12.50%	Test Loss: 3.3283
2026-07-30 05:15:14 - INFO - Epoch [11/50] Train Loss: 5.0592
2026-07-30 05:15:14 - INFO - top5 acc 48.00%	top1 acc 15.50%	Test Loss: 3.2889
2026-07-30 05:15:34 - INFO - Epoch [12/50] Train Loss: 5.0105
2026-07-30 05:15:34 - INFO - top5 acc 47.50%	top1 acc 15.00%	Test Loss: 3.3421
2026-07-30 05:15:54 - INFO - Epoch [13/50] Train Loss: 4.9596
2026-07-30 05:15:54 - INFO - top5 acc 48.00%	top1 acc 15.00%	Test Loss: 3.3215
2026-07-30 05:16:14 - INFO - Epoch [14/50] Train Loss: 4.9178
2026-07-30 05:16:14 - INFO - top5 acc 48.50%	top1 acc 19.50%	Test Loss: 3.2641
2026-07-30 05:16:34 - INFO - Epoch [15/50] Train Loss: 4.8743
2026-07-30 05:16:34 - INFO - top5 acc 48.00%	top1 acc 15.50%	Test Loss: 3.2630
2026-07-30 05:16:55 - INFO - Epoch [16/50] Train Loss: 4.8277
2026-07-30 05:16:55 - INFO - top5 acc 46.50%	top1 acc 17.00%	Test Loss: 3.2860
2026-07-30 05:17:16 - INFO - Epoch [17/50] Train Loss: 4.7868
2026-07-30 05:17:16 - INFO - top5 acc 49.50%	top1 acc 16.00%	Test Loss: 3.2896
2026-07-30 05:17:36 - INFO - Epoch [18/50] Train Loss: 4.7466
2026-07-30 05:17:36 - INFO - top5 acc 50.50%	top1 acc 20.50%	Test Loss: 3.2260
2026-07-30 05:17:56 - INFO - Epoch [19/50] Train Loss: 4.7045
2026-07-30 05:17:56 - INFO - top5 acc 49.00%	top1 acc 16.50%	Test Loss: 3.3054
2026-07-30 05:18:16 - INFO - Epoch [20/50] Train Loss: 4.6630
2026-07-30 05:18:16 - INFO - top5 acc 52.50%	top1 acc 15.00%	Test Loss: 3.3082
2026-07-30 05:18:35 - INFO - Epoch [21/50] Train Loss: 4.6236
2026-07-30 05:18:36 - INFO - top5 acc 44.50%	top1 acc 14.50%	Test Loss: 3.3028
2026-07-30 05:18:56 - INFO - Epoch [22/50] Train Loss: 4.5826
2026-07-30 05:18:56 - INFO - top5 acc 46.50%	top1 acc 14.50%	Test Loss: 3.3363
2026-07-30 05:19:17 - INFO - Epoch [23/50] Train Loss: 4.5419
2026-07-30 05:19:17 - INFO - top5 acc 49.50%	top1 acc 14.00%	Test Loss: 3.2736
2026-07-30 05:19:38 - INFO - Epoch [24/50] Train Loss: 4.5103
2026-07-30 05:19:38 - INFO - top5 acc 47.00%	top1 acc 17.50%	Test Loss: 3.3383
2026-07-30 05:19:58 - INFO - Epoch [25/50] Train Loss: 4.4707
2026-07-30 05:19:58 - INFO - top5 acc 48.50%	top1 acc 17.50%	Test Loss: 3.3046
2026-07-30 05:20:18 - INFO - Epoch [26/50] Train Loss: 4.4335
2026-07-30 05:20:18 - INFO - top5 acc 49.50%	top1 acc 18.00%	Test Loss: 3.2822
2026-07-30 05:20:37 - INFO - Epoch [27/50] Train Loss: 4.4025
2026-07-30 05:20:37 - INFO - top5 acc 49.00%	top1 acc 13.00%	Test Loss: 3.3703
2026-07-30 05:20:57 - INFO - Epoch [28/50] Train Loss: 4.3638
2026-07-30 05:20:57 - INFO - top5 acc 47.00%	top1 acc 14.00%	Test Loss: 3.2854
2026-07-30 05:21:17 - INFO - Epoch [29/50] Train Loss: 4.3320
2026-07-30 05:21:17 - INFO - top5 acc 47.00%	top1 acc 15.00%	Test Loss: 3.3140
2026-07-30 05:21:38 - INFO - Epoch [30/50] Train Loss: 4.2962
2026-07-30 05:21:38 - INFO - top5 acc 47.50%	top1 acc 15.00%	Test Loss: 3.3701
2026-07-30 05:21:58 - INFO - Epoch [31/50] Train Loss: 4.2663
2026-07-30 05:21:58 - INFO - top5 acc 45.00%	top1 acc 15.00%	Test Loss: 3.2796
2026-07-30 05:22:20 - INFO - Epoch [32/50] Train Loss: 4.2374
2026-07-30 05:22:20 - INFO - top5 acc 48.00%	top1 acc 16.00%	Test Loss: 3.3008
2026-07-30 05:22:41 - INFO - Epoch [33/50] Train Loss: 4.2064
2026-07-30 05:22:41 - INFO - top5 acc 47.50%	top1 acc 16.50%	Test Loss: 3.3281
2026-07-30 05:23:00 - INFO - Epoch [34/50] Train Loss: 4.1743
2026-07-30 05:23:00 - INFO - top5 acc 46.00%	top1 acc 14.50%	Test Loss: 3.3256
2026-07-30 05:23:20 - INFO - Epoch [35/50] Train Loss: 4.1421
2026-07-30 05:23:20 - INFO - top5 acc 44.00%	top1 acc 18.00%	Test Loss: 3.3451
2026-07-30 05:23:40 - INFO - Epoch [36/50] Train Loss: 4.1143
2026-07-30 05:23:41 - INFO - top5 acc 48.00%	top1 acc 14.00%	Test Loss: 3.3455
2026-07-30 05:24:00 - INFO - Epoch [37/50] Train Loss: 4.0846
2026-07-30 05:24:01 - INFO - top5 acc 48.00%	top1 acc 16.00%	Test Loss: 3.3920
2026-07-30 05:24:22 - INFO - Epoch [38/50] Train Loss: 4.0630
2026-07-30 05:24:22 - INFO - top5 acc 43.00%	top1 acc 15.00%	Test Loss: 3.4416
2026-07-30 05:24:42 - INFO - Epoch [39/50] Train Loss: 4.0320
2026-07-30 05:24:42 - INFO - top5 acc 47.00%	top1 acc 13.50%	Test Loss: 3.4274
2026-07-30 05:25:02 - INFO - Epoch [40/50] Train Loss: 4.0057
2026-07-30 05:25:02 - INFO - top5 acc 44.50%	top1 acc 13.50%	Test Loss: 3.3976
2026-07-30 05:25:22 - INFO - Epoch [41/50] Train Loss: 3.9823
2026-07-30 05:25:22 - INFO - top5 acc 45.50%	top1 acc 15.50%	Test Loss: 3.4600
2026-07-30 05:25:41 - INFO - Epoch [42/50] Train Loss: 3.9552
2026-07-30 05:25:42 - INFO - top5 acc 47.50%	top1 acc 16.50%	Test Loss: 3.4692
2026-07-30 05:26:01 - INFO - Epoch [43/50] Train Loss: 3.9315
2026-07-30 05:26:01 - INFO - top5 acc 44.00%	top1 acc 16.50%	Test Loss: 3.4074
2026-07-30 05:26:21 - INFO - Epoch [44/50] Train Loss: 3.9127
2026-07-30 05:26:21 - INFO - top5 acc 44.50%	top1 acc 15.00%	Test Loss: 3.3945
2026-07-30 05:26:42 - INFO - Epoch [45/50] Train Loss: 3.8857
2026-07-30 05:26:42 - INFO - top5 acc 46.00%	top1 acc 14.50%	Test Loss: 3.4575
2026-07-30 05:27:02 - INFO - Epoch [46/50] Train Loss: 3.8613
2026-07-30 05:27:02 - INFO - top5 acc 45.50%	top1 acc 13.00%	Test Loss: 3.3792
2026-07-30 05:27:22 - INFO - Epoch [47/50] Train Loss: 3.8396
2026-07-30 05:27:22 - INFO - top5 acc 41.50%	top1 acc 17.00%	Test Loss: 3.4301
2026-07-30 05:27:42 - INFO - Epoch [48/50] Train Loss: 3.8137
2026-07-30 05:27:42 - INFO - top5 acc 42.50%	top1 acc 15.00%	Test Loss: 3.5303
2026-07-30 05:28:02 - INFO - Epoch [49/50] Train Loss: 3.7985
2026-07-30 05:28:02 - INFO - top5 acc 41.50%	top1 acc 15.50%	Test Loss: 3.4873
2026-07-30 05:28:21 - INFO - Epoch [50/50] Train Loss: 3.7717
2026-07-30 05:28:22 - INFO - top5 acc 46.50%	top1 acc 14.50%	Test Loss: 3.4834
2026-07-30 05:28:22 - INFO - best test loss: 3.2260 top5 acc: 50.50 top1 acc: 20.50 at epoch 18
