2026-07-30 06:49:10 - INFO - Input arguments:
2026-07-30 06:49:10 - INFO - device                 cuda:0
2026-07-30 06:49:10 - INFO - num_epochs             50
2026-07-30 06:49:10 - INFO - batch_size             1024
2026-07-30 06:49:10 - INFO - learning_rate          0.0001
2026-07-30 06:49:10 - INFO - output_dir             /root/autodl-tmp/NeuroBridge-main/results/things_eeg/inter-subjects
2026-07-30 06:49:10 - INFO - output_name            inter-leave-sub-09-seed3407
2026-07-30 06:49:10 - INFO - train_subject_ids      [1, 2, 3, 4, 5, 6, 7, 8, 10]
2026-07-30 06:49:10 - INFO - test_subject_ids       [9]
2026-07-30 06:49:10 - INFO - data_average           True
2026-07-30 06:49:10 - INFO - data_random            False
2026-07-30 06:49:10 - INFO - init_temperature       0.07
2026-07-30 06:49:10 - INFO - t_learnable            False
2026-07-30 06:49:10 - INFO - softplus               True
2026-07-30 06:49:10 - INFO - alpha                  1.0
2026-07-30 06:49:10 - INFO - beta                   1.0
2026-07-30 06:49:10 - INFO - img_l2norm             True
2026-07-30 06:49:10 - INFO - text_l2norm            False
2026-07-30 06:49:10 - INFO - eeg_l2norm             False
2026-07-30 06:49:10 - INFO - eeg_data_dir           /root/autodl-tmp/data/things_eeg/preprocessed_eeg
2026-07-30 06:49:10 - INFO - selected_channels      []
2026-07-30 06:49:10 - INFO - time_window            [0, 250]
2026-07-30 06:49:10 - INFO - eeg_aug                True
2026-07-30 06:49:10 - INFO - eeg_aug_type           smooth
2026-07-30 06:49:10 - INFO - eeg_encoder_type       TSConv
2026-07-30 06:49:10 - INFO - image_aug              True
2026-07-30 06:49:10 - INFO - image_test_aug         True
2026-07-30 06:49:10 - INFO - eeg_test_aug           False
2026-07-30 06:49:10 - INFO - frozen_eeg_prior       True
2026-07-30 06:49:10 - INFO - projector              linear
2026-07-30 06:49:10 - INFO - feature_dim            512
2026-07-30 06:49:10 - INFO - image_feature_dir      /root/autodl-tmp/data/things_eeg/image_feature/RN50
2026-07-30 06:49:10 - INFO - aug_image_feature_dirs ['/root/autodl-tmp/data/things_eeg/image_feature/RN50/GaussianBlur-GaussianNoise-LowResolution-Mosaic']
2026-07-30 06:49:10 - INFO - text_feature_dir       
2026-07-30 06:49:10 - INFO - save_weights           True
2026-07-30 06:49:10 - INFO - seed                   3407
2026-07-30 06:49:10 - INFO - Using device: cuda:0
2026-07-30 07:48:12 - INFO - EEG sample points: 250
2026-07-30 07:48:12 - INFO - feature dimension: 1024
2026-07-30 07:48:12 - INFO - data length: 148860
2026-07-30 07:48:12 - INFO - number of channels: 63
2026-07-30 07:48:13 - INFO - EEG Encoder trainable parameters: 2.63M
2026-07-30 07:48:13 - INFO - TSConv(
  (tsconv): Sequential(
    (0): Conv2d(1, 40, kernel_size=(1, 25), stride=(1, 1))
    (1): AvgPool2d(kernel_size=(1, 51), stride=(1, 5), padding=0)
    (2): BatchNorm2d(40, eps=1e-05, momentum=0.1, affine=True, track_running_stats=True)
    (3): ELU(alpha=1.0)
    (4): Conv2d(40, 40, kernel_size=(63, 1), stride=(1, 1))
    (5): BatchNorm2d(40, eps=1e-05, momentum=0.1, affine=True, track_running_stats=True)
    (6): ELU(alpha=1.0)
    (7): Dropout(p=0.5, inplace=False)
  )
  (projection): Conv2d(40, 40, kernel_size=(1, 1), stride=(1, 1))
  (proj_eeg): Sequential(
    (0): Linear(in_features=1440, out_features=1024, bias=True)
    (1): ResidualAdd(
      (f): Sequential(
        (0): GELU(approximate='none')
        (1): Linear(in_features=1024, out_features=1024, bias=True)
        (2): Dropout(p=0.5, inplace=False)
      )
    )
    (2): LayerNorm((1024,), eps=1e-05, elementwise_affine=True)
  )
)
2026-07-30 07:48:13 - INFO - Projector trainable parameters: 1.57M
2026-07-30 07:48:13 - INFO - ContrastiveLoss(
  (criterion_cls): CrossEntropyLoss()
  (criterion_mse): MSELoss()
  (softplus): Softplus(beta=1, threshold=20)
)
2026-07-30 07:48:34 - INFO - Epoch [1/50] Train Loss: 6.5157
2026-07-30 07:48:34 - INFO - top5 acc 21.00%	top1 acc 7.50%	Test Loss: 4.1582
2026-07-30 07:48:54 - INFO - Epoch [2/50] Train Loss: 5.8505
2026-07-30 07:48:54 - INFO - top5 acc 31.50%	top1 acc 13.00%	Test Loss: 3.8040
2026-07-30 07:49:14 - INFO - Epoch [3/50] Train Loss: 5.6097
2026-07-30 07:49:14 - INFO - top5 acc 39.50%	top1 acc 15.50%	Test Loss: 3.5748
2026-07-30 07:49:34 - INFO - Epoch [4/50] Train Loss: 5.4723
2026-07-30 07:49:34 - INFO - top5 acc 45.00%	top1 acc 19.50%	Test Loss: 3.4672
2026-07-30 07:49:53 - INFO - Epoch [5/50] Train Loss: 5.3809
2026-07-30 07:49:53 - INFO - top5 acc 41.00%	top1 acc 17.50%	Test Loss: 3.4453
2026-07-30 07:50:13 - INFO - Epoch [6/50] Train Loss: 5.3068
2026-07-30 07:50:13 - INFO - top5 acc 43.50%	top1 acc 20.00%	Test Loss: 3.3695
2026-07-30 07:50:32 - INFO - Epoch [7/50] Train Loss: 5.2425
2026-07-30 07:50:32 - INFO - top5 acc 45.00%	top1 acc 19.00%	Test Loss: 3.3603
2026-07-30 07:50:51 - INFO - Epoch [8/50] Train Loss: 5.1868
2026-07-30 07:50:51 - INFO - top5 acc 49.00%	top1 acc 22.00%	Test Loss: 3.3229
2026-07-30 07:51:11 - INFO - Epoch [9/50] Train Loss: 5.1281
2026-07-30 07:51:11 - INFO - top5 acc 44.50%	top1 acc 22.50%	Test Loss: 3.3553
2026-07-30 07:51:31 - INFO - Epoch [10/50] Train Loss: 5.0764
2026-07-30 07:51:31 - INFO - top5 acc 43.00%	top1 acc 21.50%	Test Loss: 3.3485
2026-07-30 07:51:50 - INFO - Epoch [11/50] Train Loss: 5.0270
2026-07-30 07:51:50 - INFO - top5 acc 43.50%	top1 acc 18.50%	Test Loss: 3.3179
2026-07-30 07:52:10 - INFO - Epoch [12/50] Train Loss: 4.9766
2026-07-30 07:52:10 - INFO - top5 acc 44.50%	top1 acc 20.00%	Test Loss: 3.3642
2026-07-30 07:52:30 - INFO - Epoch [13/50] Train Loss: 4.9283
2026-07-30 07:52:30 - INFO - top5 acc 44.50%	top1 acc 19.00%	Test Loss: 3.3116
2026-07-30 07:52:49 - INFO - Epoch [14/50] Train Loss: 4.8846
2026-07-30 07:52:49 - INFO - top5 acc 47.50%	top1 acc 18.50%	Test Loss: 3.2984
2026-07-30 07:53:09 - INFO - Epoch [15/50] Train Loss: 4.8381
2026-07-30 07:53:09 - INFO - top5 acc 45.50%	top1 acc 17.50%	Test Loss: 3.3386
2026-07-30 07:53:28 - INFO - Epoch [16/50] Train Loss: 4.7953
2026-07-30 07:53:28 - INFO - top5 acc 44.50%	top1 acc 17.00%	Test Loss: 3.3003
2026-07-30 07:53:49 - INFO - Epoch [17/50] Train Loss: 4.7511
2026-07-30 07:53:49 - INFO - top5 acc 43.00%	top1 acc 16.50%	Test Loss: 3.3433
2026-07-30 07:54:10 - INFO - Epoch [18/50] Train Loss: 4.7140
2026-07-30 07:54:10 - INFO - top5 acc 45.00%	top1 acc 17.50%	Test Loss: 3.3227
2026-07-30 07:54:29 - INFO - Epoch [19/50] Train Loss: 4.6703
2026-07-30 07:54:29 - INFO - top5 acc 43.50%	top1 acc 18.50%	Test Loss: 3.3532
2026-07-30 07:54:48 - INFO - Epoch [20/50] Train Loss: 4.6305
2026-07-30 07:54:48 - INFO - top5 acc 45.00%	top1 acc 16.00%	Test Loss: 3.2940
2026-07-30 07:55:07 - INFO - Epoch [21/50] Train Loss: 4.5864
2026-07-30 07:55:07 - INFO - top5 acc 46.00%	top1 acc 16.50%	Test Loss: 3.3809
2026-07-30 07:55:27 - INFO - Epoch [22/50] Train Loss: 4.5478
2026-07-30 07:55:27 - INFO - top5 acc 44.50%	top1 acc 18.00%	Test Loss: 3.3224
2026-07-30 07:55:47 - INFO - Epoch [23/50] Train Loss: 4.5090
2026-07-30 07:55:47 - INFO - top5 acc 45.00%	top1 acc 16.50%	Test Loss: 3.3507
2026-07-30 07:56:07 - INFO - Epoch [24/50] Train Loss: 4.4753
2026-07-30 07:56:07 - INFO - top5 acc 46.00%	top1 acc 19.50%	Test Loss: 3.3852
2026-07-30 07:56:27 - INFO - Epoch [25/50] Train Loss: 4.4348
2026-07-30 07:56:27 - INFO - top5 acc 43.50%	top1 acc 16.00%	Test Loss: 3.4329
2026-07-30 07:56:47 - INFO - Epoch [26/50] Train Loss: 4.3995
2026-07-30 07:56:47 - INFO - top5 acc 43.50%	top1 acc 15.50%	Test Loss: 3.4218
2026-07-30 07:57:06 - INFO - Epoch [27/50] Train Loss: 4.3668
2026-07-30 07:57:06 - INFO - top5 acc 41.00%	top1 acc 14.00%	Test Loss: 3.4711
2026-07-30 07:57:26 - INFO - Epoch [28/50] Train Loss: 4.3336
2026-07-30 07:57:26 - INFO - top5 acc 43.50%	top1 acc 14.00%	Test Loss: 3.5316
2026-07-30 07:57:45 - INFO - Epoch [29/50] Train Loss: 4.2963
2026-07-30 07:57:45 - INFO - top5 acc 41.50%	top1 acc 12.50%	Test Loss: 3.4937
2026-07-30 07:58:05 - INFO - Epoch [30/50] Train Loss: 4.2595
2026-07-30 07:58:05 - INFO - top5 acc 40.50%	top1 acc 12.50%	Test Loss: 3.6045
2026-07-30 07:58:25 - INFO - Epoch [31/50] Train Loss: 4.2277
2026-07-30 07:58:25 - INFO - top5 acc 41.00%	top1 acc 13.50%	Test Loss: 3.5395
2026-07-30 07:58:45 - INFO - Epoch [32/50] Train Loss: 4.2003
2026-07-30 07:58:45 - INFO - top5 acc 40.50%	top1 acc 14.50%	Test Loss: 3.5367
2026-07-30 07:59:05 - INFO - Epoch [33/50] Train Loss: 4.1718
2026-07-30 07:59:05 - INFO - top5 acc 38.00%	top1 acc 11.50%	Test Loss: 3.6696
2026-07-30 07:59:25 - INFO - Epoch [34/50] Train Loss: 4.1427
2026-07-30 07:59:25 - INFO - top5 acc 37.50%	top1 acc 13.50%	Test Loss: 3.7259
2026-07-30 07:59:44 - INFO - Epoch [35/50] Train Loss: 4.1103
2026-07-30 07:59:45 - INFO - top5 acc 34.00%	top1 acc 11.50%	Test Loss: 3.7176
2026-07-30 08:00:04 - INFO - Epoch [36/50] Train Loss: 4.0813
2026-07-30 08:00:04 - INFO - top5 acc 38.00%	top1 acc 12.00%	Test Loss: 3.6021
2026-07-30 08:00:24 - INFO - Epoch [37/50] Train Loss: 4.0514
2026-07-30 08:00:24 - INFO - top5 acc 41.50%	top1 acc 12.50%	Test Loss: 3.6113
2026-07-30 08:00:43 - INFO - Epoch [38/50] Train Loss: 4.0266
2026-07-30 08:00:43 - INFO - top5 acc 36.50%	top1 acc 12.50%	Test Loss: 3.7490
2026-07-30 08:01:03 - INFO - Epoch [39/50] Train Loss: 4.0003
2026-07-30 08:01:03 - INFO - top5 acc 36.50%	top1 acc 13.00%	Test Loss: 3.7150
2026-07-30 08:01:23 - INFO - Epoch [40/50] Train Loss: 3.9736
2026-07-30 08:01:23 - INFO - top5 acc 36.50%	top1 acc 13.00%	Test Loss: 3.6804
2026-07-30 08:01:43 - INFO - Epoch [41/50] Train Loss: 3.9527
2026-07-30 08:01:43 - INFO - top5 acc 38.00%	top1 acc 15.00%	Test Loss: 3.6879
2026-07-30 08:02:03 - INFO - Epoch [42/50] Train Loss: 3.9228
2026-07-30 08:02:03 - INFO - top5 acc 38.50%	top1 acc 11.50%	Test Loss: 3.6632
2026-07-30 08:02:22 - INFO - Epoch [43/50] Train Loss: 3.9002
2026-07-30 08:02:23 - INFO - top5 acc 34.50%	top1 acc 14.00%	Test Loss: 3.7401
2026-07-30 08:02:42 - INFO - Epoch [44/50] Train Loss: 3.8768
2026-07-30 08:02:42 - INFO - top5 acc 32.00%	top1 acc 9.00%	Test Loss: 3.9180
2026-07-30 08:03:02 - INFO - Epoch [45/50] Train Loss: 3.8547
2026-07-30 08:03:02 - INFO - top5 acc 34.50%	top1 acc 11.50%	Test Loss: 3.8619
2026-07-30 08:03:21 - INFO - Epoch [46/50] Train Loss: 3.8272
2026-07-30 08:03:21 - INFO - top5 acc 38.00%	top1 acc 13.50%	Test Loss: 3.7034
2026-07-30 08:03:41 - INFO - Epoch [47/50] Train Loss: 3.8064
2026-07-30 08:03:41 - INFO - top5 acc 36.00%	top1 acc 13.50%	Test Loss: 3.7590
2026-07-30 08:04:01 - INFO - Epoch [48/50] Train Loss: 3.7837
2026-07-30 08:04:01 - INFO - top5 acc 32.00%	top1 acc 10.50%	Test Loss: 4.0111
2026-07-30 08:04:20 - INFO - Epoch [49/50] Train Loss: 3.7647
2026-07-30 08:04:21 - INFO - top5 acc 33.00%	top1 acc 11.50%	Test Loss: 3.8934
2026-07-30 08:04:40 - INFO - Epoch [50/50] Train Loss: 3.7396
2026-07-30 08:04:40 - INFO - top5 acc 36.50%	top1 acc 12.50%	Test Loss: 3.8291
2026-07-30 08:04:40 - INFO - best test loss: 3.2940 top5 acc: 45.00 top1 acc: 16.00 at epoch 20
