2026-07-29 14:26:15 - INFO - Input arguments:
2026-07-29 14:26:15 - INFO - device                 cuda:0
2026-07-29 14:26:15 - INFO - num_epochs             50
2026-07-29 14:26:15 - INFO - batch_size             1024
2026-07-29 14:26:15 - INFO - learning_rate          0.0001
2026-07-29 14:26:15 - INFO - output_dir             ./autodl-tmp/results/things_eeg/inter-subjects
2026-07-29 14:26:15 - INFO - output_name            sub-03
2026-07-29 14:26:15 - INFO - train_subject_ids      [1, 2, 4, 5, 6, 7, 8, 9, 10]
2026-07-29 14:26:15 - INFO - test_subject_ids       [3]
2026-07-29 14:26:15 - INFO - data_average           True
2026-07-29 14:26:15 - INFO - data_random            False
2026-07-29 14:26:15 - INFO - init_temperature       0.07
2026-07-29 14:26:15 - INFO - t_learnable            False
2026-07-29 14:26:15 - INFO - softplus               True
2026-07-29 14:26:15 - INFO - alpha                  1.0
2026-07-29 14:26:15 - INFO - beta                   1.0
2026-07-29 14:26:15 - INFO - img_l2norm             True
2026-07-29 14:26:15 - INFO - text_l2norm            False
2026-07-29 14:26:15 - INFO - eeg_l2norm             False
2026-07-29 14:26:15 - INFO - eeg_data_dir           /root/autodl-tmp/data/things_eeg/preprocessed_eeg
2026-07-29 14:26:15 - INFO - selected_channels      []
2026-07-29 14:26:15 - INFO - time_window            [0, 250]
2026-07-29 14:26:15 - INFO - eeg_aug                True
2026-07-29 14:26:15 - INFO - eeg_aug_type           smooth
2026-07-29 14:26:15 - INFO - eeg_encoder_type       TSConv
2026-07-29 14:26:15 - INFO - image_aug              True
2026-07-29 14:26:15 - INFO - image_test_aug         True
2026-07-29 14:26:15 - INFO - eeg_test_aug           False
2026-07-29 14:26:15 - INFO - frozen_eeg_prior       True
2026-07-29 14:26:15 - INFO - projector              linear
2026-07-29 14:26:15 - INFO - feature_dim            512
2026-07-29 14:26:15 - INFO - image_feature_dir      /root/autodl-tmp/data/things_eeg/image_feature/RN50
2026-07-29 14:26:15 - INFO - aug_image_feature_dirs ['/root/autodl-tmp/data/things_eeg/image_feature/RN50/GaussianBlur-GaussianNoise-LowResolution-Mosaic']
2026-07-29 14:26:15 - INFO - text_feature_dir       
2026-07-29 14:26:15 - INFO - save_weights           True
2026-07-29 14:26:15 - INFO - seed                   42
2026-07-29 14:26:15 - INFO - Using device: cuda:0
2026-07-29 15:40:09 - INFO - EEG sample points: 250
2026-07-29 15:40:09 - INFO - feature dimension: 1024
2026-07-29 15:40:09 - INFO - data length: 148860
2026-07-29 15:40:09 - INFO - number of channels: 63
2026-07-29 15:40:09 - INFO - EEG Encoder trainable parameters: 2.63M
2026-07-29 15:40:09 - INFO - TSConv(
  (tsconv): Sequential(
    (0): Conv2d(1, 40, kernel_size=(1, 25), stride=(1, 1))
    (1): AvgPool2d(kernel_size=(1, 51), stride=(1, 5), padding=0)
    (2): BatchNorm2d(40, eps=1e-05, momentum=0.1, affine=True, track_running_stats=True)
    (3): ELU(alpha=1.0)
    (4): Conv2d(40, 40, kernel_size=(63, 1), stride=(1, 1))
    (5): BatchNorm2d(40, eps=1e-05, momentum=0.1, affine=True, track_running_stats=True)
    (6): ELU(alpha=1.0)
    (7): Dropout(p=0.5, inplace=False)
  )
  (projection): Conv2d(40, 40, kernel_size=(1, 1), stride=(1, 1))
  (proj_eeg): Sequential(
    (0): Linear(in_features=1440, out_features=1024, bias=True)
    (1): ResidualAdd(
      (f): Sequential(
        (0): GELU(approximate='none')
        (1): Linear(in_features=1024, out_features=1024, bias=True)
        (2): Dropout(p=0.5, inplace=False)
      )
    )
    (2): LayerNorm((1024,), eps=1e-05, elementwise_affine=True)
  )
)
2026-07-29 15:40:09 - INFO - Projector trainable parameters: 1.57M
2026-07-29 15:40:09 - INFO - ContrastiveLoss(
  (criterion_cls): CrossEntropyLoss()
  (criterion_mse): MSELoss()
  (softplus): Softplus(beta=1.0, threshold=20.0)
)
2026-07-29 15:40:35 - INFO - Epoch [1/50] Train Loss: 6.4889
2026-07-29 15:40:35 - INFO - top5 acc 28.00%	top1 acc 7.00%	Test Loss: 4.1345
2026-07-29 15:41:01 - INFO - Epoch [2/50] Train Loss: 5.8774
2026-07-29 15:41:01 - INFO - top5 acc 33.00%	top1 acc 10.00%	Test Loss: 3.8582
2026-07-29 15:41:25 - INFO - Epoch [3/50] Train Loss: 5.6724
2026-07-29 15:41:25 - INFO - top5 acc 29.00%	top1 acc 10.00%	Test Loss: 3.8157
2026-07-29 15:41:50 - INFO - Epoch [4/50] Train Loss: 5.5357
2026-07-29 15:41:50 - INFO - top5 acc 31.00%	top1 acc 10.00%	Test Loss: 3.7555
2026-07-29 15:42:16 - INFO - Epoch [5/50] Train Loss: 5.4386
2026-07-29 15:42:16 - INFO - top5 acc 36.00%	top1 acc 8.00%	Test Loss: 3.7280
2026-07-29 15:42:42 - INFO - Epoch [6/50] Train Loss: 5.3527
2026-07-29 15:42:42 - INFO - top5 acc 35.50%	top1 acc 7.00%	Test Loss: 3.6888
2026-07-29 15:43:07 - INFO - Epoch [7/50] Train Loss: 5.2856
2026-07-29 15:43:07 - INFO - top5 acc 33.00%	top1 acc 5.50%	Test Loss: 3.7039
2026-07-29 15:43:33 - INFO - Epoch [8/50] Train Loss: 5.2225
2026-07-29 15:43:33 - INFO - top5 acc 36.00%	top1 acc 8.00%	Test Loss: 3.6013
2026-07-29 15:43:59 - INFO - Epoch [9/50] Train Loss: 5.1644
2026-07-29 15:43:59 - INFO - top5 acc 39.00%	top1 acc 11.00%	Test Loss: 3.6244
2026-07-29 15:44:25 - INFO - Epoch [10/50] Train Loss: 5.1143
2026-07-29 15:44:25 - INFO - top5 acc 37.50%	top1 acc 9.50%	Test Loss: 3.6016
2026-07-29 15:44:50 - INFO - Epoch [11/50] Train Loss: 5.0601
2026-07-29 15:44:51 - INFO - top5 acc 37.50%	top1 acc 8.50%	Test Loss: 3.5785
2026-07-29 15:45:16 - INFO - Epoch [12/50] Train Loss: 5.0115
2026-07-29 15:45:16 - INFO - top5 acc 37.50%	top1 acc 10.50%	Test Loss: 3.5509
2026-07-29 15:45:41 - INFO - Epoch [13/50] Train Loss: 4.9704
2026-07-29 15:45:41 - INFO - top5 acc 39.50%	top1 acc 10.50%	Test Loss: 3.5114
2026-07-29 15:46:07 - INFO - Epoch [14/50] Train Loss: 4.9204
2026-07-29 15:46:07 - INFO - top5 acc 37.00%	top1 acc 12.00%	Test Loss: 3.5174
2026-07-29 15:46:33 - INFO - Epoch [15/50] Train Loss: 4.8822
2026-07-29 15:46:33 - INFO - top5 acc 38.00%	top1 acc 13.50%	Test Loss: 3.5142
2026-07-29 15:46:58 - INFO - Epoch [16/50] Train Loss: 4.8392
2026-07-29 15:46:59 - INFO - top5 acc 34.50%	top1 acc 12.00%	Test Loss: 3.5367
2026-07-29 15:47:24 - INFO - Epoch [17/50] Train Loss: 4.7938
2026-07-29 15:47:24 - INFO - top5 acc 36.00%	top1 acc 11.50%	Test Loss: 3.5474
2026-07-29 15:47:49 - INFO - Epoch [18/50] Train Loss: 4.7551
2026-07-29 15:47:49 - INFO - top5 acc 35.50%	top1 acc 10.00%	Test Loss: 3.5404
2026-07-29 15:48:14 - INFO - Epoch [19/50] Train Loss: 4.7110
2026-07-29 15:48:14 - INFO - top5 acc 34.00%	top1 acc 11.50%	Test Loss: 3.4993
2026-07-29 15:48:39 - INFO - Epoch [20/50] Train Loss: 4.6749
2026-07-29 15:48:40 - INFO - top5 acc 38.50%	top1 acc 10.50%	Test Loss: 3.5240
2026-07-29 15:49:04 - INFO - Epoch [21/50] Train Loss: 4.6319
2026-07-29 15:49:04 - INFO - top5 acc 39.00%	top1 acc 11.00%	Test Loss: 3.5745
2026-07-29 15:49:30 - INFO - Epoch [22/50] Train Loss: 4.5928
2026-07-29 15:49:30 - INFO - top5 acc 37.50%	top1 acc 12.00%	Test Loss: 3.5620
2026-07-29 15:49:56 - INFO - Epoch [23/50] Train Loss: 4.5533
2026-07-29 15:49:56 - INFO - top5 acc 34.50%	top1 acc 9.00%	Test Loss: 3.6183
2026-07-29 15:50:22 - INFO - Epoch [24/50] Train Loss: 4.5168
2026-07-29 15:50:22 - INFO - top5 acc 35.50%	top1 acc 14.00%	Test Loss: 3.5972
2026-07-29 15:50:47 - INFO - Epoch [25/50] Train Loss: 4.4765
2026-07-29 15:50:47 - INFO - top5 acc 35.00%	top1 acc 12.50%	Test Loss: 3.6565
2026-07-29 15:51:12 - INFO - Epoch [26/50] Train Loss: 4.4439
2026-07-29 15:51:12 - INFO - top5 acc 37.00%	top1 acc 10.50%	Test Loss: 3.6493
2026-07-29 15:51:38 - INFO - Epoch [27/50] Train Loss: 4.4052
2026-07-29 15:51:38 - INFO - top5 acc 35.50%	top1 acc 10.50%	Test Loss: 3.6332
2026-07-29 15:52:03 - INFO - Epoch [28/50] Train Loss: 4.3704
2026-07-29 15:52:03 - INFO - top5 acc 41.00%	top1 acc 11.50%	Test Loss: 3.6162
2026-07-29 15:52:28 - INFO - Epoch [29/50] Train Loss: 4.3350
2026-07-29 15:52:28 - INFO - top5 acc 39.00%	top1 acc 11.50%	Test Loss: 3.5930
2026-07-29 15:52:54 - INFO - Epoch [30/50] Train Loss: 4.2964
2026-07-29 15:52:54 - INFO - top5 acc 37.00%	top1 acc 12.50%	Test Loss: 3.6800
2026-07-29 15:53:19 - INFO - Epoch [31/50] Train Loss: 4.2622
2026-07-29 15:53:19 - INFO - top5 acc 40.50%	top1 acc 14.00%	Test Loss: 3.5397
2026-07-29 15:53:45 - INFO - Epoch [32/50] Train Loss: 4.2326
2026-07-29 15:53:45 - INFO - top5 acc 39.00%	top1 acc 12.00%	Test Loss: 3.6519
2026-07-29 15:54:11 - INFO - Epoch [33/50] Train Loss: 4.1952
2026-07-29 15:54:11 - INFO - top5 acc 40.00%	top1 acc 14.50%	Test Loss: 3.5862
2026-07-29 15:54:37 - INFO - Epoch [34/50] Train Loss: 4.1692
2026-07-29 15:54:37 - INFO - top5 acc 37.50%	top1 acc 13.00%	Test Loss: 3.6769
2026-07-29 15:55:02 - INFO - Epoch [35/50] Train Loss: 4.1428
2026-07-29 15:55:02 - INFO - top5 acc 37.00%	top1 acc 12.50%	Test Loss: 3.6386
2026-07-29 15:55:27 - INFO - Epoch [36/50] Train Loss: 4.1081
2026-07-29 15:55:27 - INFO - top5 acc 37.50%	top1 acc 12.00%	Test Loss: 3.6834
2026-07-29 15:55:52 - INFO - Epoch [37/50] Train Loss: 4.0863
2026-07-29 15:55:53 - INFO - top5 acc 39.50%	top1 acc 13.50%	Test Loss: 3.6500
2026-07-29 15:56:18 - INFO - Epoch [38/50] Train Loss: 4.0565
2026-07-29 15:56:18 - INFO - top5 acc 38.00%	top1 acc 13.00%	Test Loss: 3.6173
2026-07-29 15:56:43 - INFO - Epoch [39/50] Train Loss: 4.0306
2026-07-29 15:56:44 - INFO - top5 acc 38.00%	top1 acc 14.00%	Test Loss: 3.6627
2026-07-29 15:57:08 - INFO - Epoch [40/50] Train Loss: 4.0009
2026-07-29 15:57:08 - INFO - top5 acc 38.00%	top1 acc 13.50%	Test Loss: 3.5984
2026-07-29 15:57:33 - INFO - Epoch [41/50] Train Loss: 3.9731
2026-07-29 15:57:33 - INFO - top5 acc 38.00%	top1 acc 15.50%	Test Loss: 3.6288
2026-07-29 15:57:59 - INFO - Epoch [42/50] Train Loss: 3.9476
2026-07-29 15:57:59 - INFO - top5 acc 36.00%	top1 acc 14.00%	Test Loss: 3.6936
2026-07-29 15:58:25 - INFO - Epoch [43/50] Train Loss: 3.9297
2026-07-29 15:58:25 - INFO - top5 acc 37.50%	top1 acc 14.50%	Test Loss: 3.6529
2026-07-29 15:58:51 - INFO - Epoch [44/50] Train Loss: 3.8964
2026-07-29 15:58:51 - INFO - top5 acc 37.00%	top1 acc 13.50%	Test Loss: 3.6776
2026-07-29 15:59:16 - INFO - Epoch [45/50] Train Loss: 3.8798
2026-07-29 15:59:16 - INFO - top5 acc 36.50%	top1 acc 14.50%	Test Loss: 3.6542
2026-07-29 15:59:42 - INFO - Epoch [46/50] Train Loss: 3.8511
2026-07-29 15:59:43 - INFO - top5 acc 34.50%	top1 acc 14.00%	Test Loss: 3.7033
2026-07-29 16:00:09 - INFO - Epoch [47/50] Train Loss: 3.8303
2026-07-29 16:00:09 - INFO - top5 acc 36.50%	top1 acc 14.50%	Test Loss: 3.6461
2026-07-29 16:00:34 - INFO - Epoch [48/50] Train Loss: 3.8034
2026-07-29 16:00:34 - INFO - top5 acc 37.00%	top1 acc 13.00%	Test Loss: 3.6515
2026-07-29 16:00:59 - INFO - Epoch [49/50] Train Loss: 3.7858
2026-07-29 16:01:00 - INFO - top5 acc 37.50%	top1 acc 14.50%	Test Loss: 3.6655
2026-07-29 16:01:25 - INFO - Epoch [50/50] Train Loss: 3.7600
2026-07-29 16:01:26 - INFO - top5 acc 37.00%	top1 acc 14.00%	Test Loss: 3.6550
2026-07-29 16:01:26 - INFO - best test loss: 3.4993 top5 acc: 34.00 top1 acc: 11.50 at epoch 19
