2026-07-29 03:51:53 - INFO - Input arguments:
2026-07-29 03:51:53 - INFO - device                 cuda:0
2026-07-29 03:51:53 - INFO - num_epochs             50
2026-07-29 03:51:53 - INFO - batch_size             1024
2026-07-29 03:51:53 - INFO - learning_rate          0.0001
2026-07-29 03:51:53 - INFO - output_dir             ./autodl-tmp/results/things_eeg/inter-subjects
2026-07-29 03:51:53 - INFO - output_name            sub-06
2026-07-29 03:51:53 - INFO - train_subject_ids      [1, 2, 3, 4, 5, 7, 8, 9, 10]
2026-07-29 03:51:53 - INFO - test_subject_ids       [6]
2026-07-29 03:51:53 - INFO - data_average           True
2026-07-29 03:51:53 - INFO - data_random            False
2026-07-29 03:51:53 - INFO - init_temperature       0.07
2026-07-29 03:51:53 - INFO - t_learnable            False
2026-07-29 03:51:53 - INFO - softplus               True
2026-07-29 03:51:53 - INFO - alpha                  1.0
2026-07-29 03:51:53 - INFO - beta                   1.0
2026-07-29 03:51:53 - INFO - img_l2norm             True
2026-07-29 03:51:53 - INFO - text_l2norm            False
2026-07-29 03:51:53 - INFO - eeg_l2norm             False
2026-07-29 03:51:53 - INFO - eeg_data_dir           /root/autodl-tmp/data/things_eeg/preprocessed_eeg
2026-07-29 03:51:53 - INFO - selected_channels      []
2026-07-29 03:51:53 - INFO - time_window            [0, 250]
2026-07-29 03:51:53 - INFO - eeg_aug                True
2026-07-29 03:51:53 - INFO - eeg_aug_type           smooth
2026-07-29 03:51:53 - INFO - eeg_encoder_type       TSConv
2026-07-29 03:51:53 - INFO - image_aug              True
2026-07-29 03:51:53 - INFO - image_test_aug         True
2026-07-29 03:51:53 - INFO - eeg_test_aug           False
2026-07-29 03:51:53 - INFO - frozen_eeg_prior       True
2026-07-29 03:51:53 - INFO - projector              linear
2026-07-29 03:51:53 - INFO - feature_dim            512
2026-07-29 03:51:53 - INFO - image_feature_dir      /root/autodl-tmp/data/things_eeg/image_feature/RN50
2026-07-29 03:51:53 - INFO - aug_image_feature_dirs ['/root/autodl-tmp/data/things_eeg/image_feature/RN50/GaussianBlur-GaussianNoise-LowResolution-Mosaic']
2026-07-29 03:51:53 - INFO - text_feature_dir       
2026-07-29 03:51:53 - INFO - save_weights           True
2026-07-29 03:51:53 - INFO - seed                   9999
2026-07-29 03:51:53 - INFO - Using device: cuda:0
2026-07-29 05:02:45 - INFO - EEG sample points: 250
2026-07-29 05:02:45 - INFO - feature dimension: 1024
2026-07-29 05:02:45 - INFO - data length: 148860
2026-07-29 05:02:45 - INFO - number of channels: 63
2026-07-29 05:02:46 - INFO - EEG Encoder trainable parameters: 2.63M
2026-07-29 05:02:46 - INFO - TSConv(
  (tsconv): Sequential(
    (0): Conv2d(1, 40, kernel_size=(1, 25), stride=(1, 1))
    (1): AvgPool2d(kernel_size=(1, 51), stride=(1, 5), padding=0)
    (2): BatchNorm2d(40, eps=1e-05, momentum=0.1, affine=True, track_running_stats=True)
    (3): ELU(alpha=1.0)
    (4): Conv2d(40, 40, kernel_size=(63, 1), stride=(1, 1))
    (5): BatchNorm2d(40, eps=1e-05, momentum=0.1, affine=True, track_running_stats=True)
    (6): ELU(alpha=1.0)
    (7): Dropout(p=0.5, inplace=False)
  )
  (projection): Conv2d(40, 40, kernel_size=(1, 1), stride=(1, 1))
  (proj_eeg): Sequential(
    (0): Linear(in_features=1440, out_features=1024, bias=True)
    (1): ResidualAdd(
      (f): Sequential(
        (0): GELU(approximate='none')
        (1): Linear(in_features=1024, out_features=1024, bias=True)
        (2): Dropout(p=0.5, inplace=False)
      )
    )
    (2): LayerNorm((1024,), eps=1e-05, elementwise_affine=True)
  )
)
2026-07-29 05:02:46 - INFO - Projector trainable parameters: 1.57M
2026-07-29 05:02:46 - INFO - ContrastiveLoss(
  (criterion_cls): CrossEntropyLoss()
  (criterion_mse): MSELoss()
  (softplus): Softplus(beta=1.0, threshold=20.0)
)
2026-07-29 05:03:11 - INFO - Epoch [1/50] Train Loss: 6.5113
2026-07-29 05:03:11 - INFO - top5 acc 29.00%	top1 acc 6.50%	Test Loss: 3.9345
2026-07-29 05:03:35 - INFO - Epoch [2/50] Train Loss: 5.8783
2026-07-29 05:03:35 - INFO - top5 acc 37.50%	top1 acc 14.50%	Test Loss: 3.5631
2026-07-29 05:04:00 - INFO - Epoch [3/50] Train Loss: 5.6581
2026-07-29 05:04:00 - INFO - top5 acc 44.50%	top1 acc 17.50%	Test Loss: 3.3744
2026-07-29 05:04:24 - INFO - Epoch [4/50] Train Loss: 5.5193
2026-07-29 05:04:24 - INFO - top5 acc 52.00%	top1 acc 19.00%	Test Loss: 3.2753
2026-07-29 05:04:48 - INFO - Epoch [5/50] Train Loss: 5.4145
2026-07-29 05:04:48 - INFO - top5 acc 49.50%	top1 acc 19.00%	Test Loss: 3.2533
2026-07-29 05:05:13 - INFO - Epoch [6/50] Train Loss: 5.3426
2026-07-29 05:05:13 - INFO - top5 acc 50.50%	top1 acc 20.00%	Test Loss: 3.1764
2026-07-29 05:05:37 - INFO - Epoch [7/50] Train Loss: 5.2806
2026-07-29 05:05:37 - INFO - top5 acc 51.50%	top1 acc 22.00%	Test Loss: 3.1368
2026-07-29 05:06:02 - INFO - Epoch [8/50] Train Loss: 5.2236
2026-07-29 05:06:02 - INFO - top5 acc 53.00%	top1 acc 22.50%	Test Loss: 3.1419
2026-07-29 05:06:26 - INFO - Epoch [9/50] Train Loss: 5.1702
2026-07-29 05:06:26 - INFO - top5 acc 51.00%	top1 acc 24.00%	Test Loss: 3.1350
2026-07-29 05:06:51 - INFO - Epoch [10/50] Train Loss: 5.1191
2026-07-29 05:06:51 - INFO - top5 acc 56.00%	top1 acc 25.00%	Test Loss: 3.0217
2026-07-29 05:07:15 - INFO - Epoch [11/50] Train Loss: 5.0689
2026-07-29 05:07:16 - INFO - top5 acc 52.50%	top1 acc 25.00%	Test Loss: 3.0277
2026-07-29 05:07:40 - INFO - Epoch [12/50] Train Loss: 5.0215
2026-07-29 05:07:40 - INFO - top5 acc 57.50%	top1 acc 26.00%	Test Loss: 3.0196
2026-07-29 05:08:04 - INFO - Epoch [13/50] Train Loss: 4.9781
2026-07-29 05:08:04 - INFO - top5 acc 56.00%	top1 acc 26.50%	Test Loss: 3.0196
2026-07-29 05:08:29 - INFO - Epoch [14/50] Train Loss: 4.9354
2026-07-29 05:08:29 - INFO - top5 acc 55.50%	top1 acc 24.00%	Test Loss: 2.9868
2026-07-29 05:08:53 - INFO - Epoch [15/50] Train Loss: 4.8917
2026-07-29 05:08:53 - INFO - top5 acc 55.50%	top1 acc 25.50%	Test Loss: 3.0020
2026-07-29 05:09:18 - INFO - Epoch [16/50] Train Loss: 4.8443
2026-07-29 05:09:18 - INFO - top5 acc 52.00%	top1 acc 26.00%	Test Loss: 3.0291
2026-07-29 05:09:43 - INFO - Epoch [17/50] Train Loss: 4.8075
2026-07-29 05:09:43 - INFO - top5 acc 55.00%	top1 acc 29.50%	Test Loss: 2.9801
2026-07-29 05:10:08 - INFO - Epoch [18/50] Train Loss: 4.7645
2026-07-29 05:10:08 - INFO - top5 acc 56.50%	top1 acc 26.00%	Test Loss: 3.0027
2026-07-29 05:10:33 - INFO - Epoch [19/50] Train Loss: 4.7260
2026-07-29 05:10:33 - INFO - top5 acc 57.50%	top1 acc 27.50%	Test Loss: 2.9119
2026-07-29 05:10:57 - INFO - Epoch [20/50] Train Loss: 4.6817
2026-07-29 05:10:57 - INFO - top5 acc 54.00%	top1 acc 26.50%	Test Loss: 2.9831
2026-07-29 05:11:22 - INFO - Epoch [21/50] Train Loss: 4.6442
2026-07-29 05:11:22 - INFO - top5 acc 56.00%	top1 acc 24.50%	Test Loss: 2.9961
2026-07-29 05:11:46 - INFO - Epoch [22/50] Train Loss: 4.6023
2026-07-29 05:11:46 - INFO - top5 acc 56.00%	top1 acc 24.00%	Test Loss: 2.9724
2026-07-29 05:12:11 - INFO - Epoch [23/50] Train Loss: 4.5680
2026-07-29 05:12:11 - INFO - top5 acc 60.00%	top1 acc 25.50%	Test Loss: 2.9624
2026-07-29 05:12:36 - INFO - Epoch [24/50] Train Loss: 4.5272
2026-07-29 05:12:36 - INFO - top5 acc 56.00%	top1 acc 22.00%	Test Loss: 2.9948
2026-07-29 05:13:00 - INFO - Epoch [25/50] Train Loss: 4.4921
2026-07-29 05:13:00 - INFO - top5 acc 56.50%	top1 acc 26.00%	Test Loss: 3.0114
2026-07-29 05:13:25 - INFO - Epoch [26/50] Train Loss: 4.4609
2026-07-29 05:13:25 - INFO - top5 acc 61.00%	top1 acc 26.50%	Test Loss: 2.9865
2026-07-29 05:13:50 - INFO - Epoch [27/50] Train Loss: 4.4209
2026-07-29 05:13:50 - INFO - top5 acc 56.00%	top1 acc 26.00%	Test Loss: 2.9855
2026-07-29 05:14:14 - INFO - Epoch [28/50] Train Loss: 4.3831
2026-07-29 05:14:14 - INFO - top5 acc 57.50%	top1 acc 22.00%	Test Loss: 3.0397
2026-07-29 05:14:39 - INFO - Epoch [29/50] Train Loss: 4.3565
2026-07-29 05:14:39 - INFO - top5 acc 57.00%	top1 acc 23.00%	Test Loss: 3.0225
2026-07-29 05:15:04 - INFO - Epoch [30/50] Train Loss: 4.3210
2026-07-29 05:15:04 - INFO - top5 acc 57.50%	top1 acc 23.50%	Test Loss: 2.9833
2026-07-29 05:15:28 - INFO - Epoch [31/50] Train Loss: 4.2900
2026-07-29 05:15:28 - INFO - top5 acc 57.50%	top1 acc 25.00%	Test Loss: 3.0532
2026-07-29 05:15:53 - INFO - Epoch [32/50] Train Loss: 4.2525
2026-07-29 05:15:53 - INFO - top5 acc 55.50%	top1 acc 21.00%	Test Loss: 3.1020
2026-07-29 05:16:17 - INFO - Epoch [33/50] Train Loss: 4.2237
2026-07-29 05:16:18 - INFO - top5 acc 56.50%	top1 acc 22.00%	Test Loss: 3.0470
2026-07-29 05:16:42 - INFO - Epoch [34/50] Train Loss: 4.1917
2026-07-29 05:16:42 - INFO - top5 acc 57.50%	top1 acc 22.00%	Test Loss: 3.0449
2026-07-29 05:17:06 - INFO - Epoch [35/50] Train Loss: 4.1665
2026-07-29 05:17:07 - INFO - top5 acc 53.50%	top1 acc 20.50%	Test Loss: 3.0497
2026-07-29 05:17:30 - INFO - Epoch [36/50] Train Loss: 4.1341
2026-07-29 05:17:31 - INFO - top5 acc 58.50%	top1 acc 22.50%	Test Loss: 3.0246
2026-07-29 05:17:55 - INFO - Epoch [37/50] Train Loss: 4.1072
2026-07-29 05:17:55 - INFO - top5 acc 53.50%	top1 acc 22.50%	Test Loss: 3.0882
2026-07-29 05:18:20 - INFO - Epoch [38/50] Train Loss: 4.0835
2026-07-29 05:18:20 - INFO - top5 acc 55.50%	top1 acc 22.00%	Test Loss: 3.0548
2026-07-29 05:18:45 - INFO - Epoch [39/50] Train Loss: 4.0540
2026-07-29 05:18:45 - INFO - top5 acc 55.50%	top1 acc 25.00%	Test Loss: 3.0898
2026-07-29 05:19:09 - INFO - Epoch [40/50] Train Loss: 4.0266
2026-07-29 05:19:09 - INFO - top5 acc 56.00%	top1 acc 20.50%	Test Loss: 3.0837
2026-07-29 05:19:33 - INFO - Epoch [41/50] Train Loss: 4.0020
2026-07-29 05:19:33 - INFO - top5 acc 55.50%	top1 acc 26.50%	Test Loss: 3.0759
2026-07-29 05:19:58 - INFO - Epoch [42/50] Train Loss: 3.9751
2026-07-29 05:19:58 - INFO - top5 acc 54.00%	top1 acc 24.50%	Test Loss: 3.0844
2026-07-29 05:20:23 - INFO - Epoch [43/50] Train Loss: 3.9552
2026-07-29 05:20:23 - INFO - top5 acc 53.00%	top1 acc 21.00%	Test Loss: 3.1076
2026-07-29 05:20:47 - INFO - Epoch [44/50] Train Loss: 3.9276
2026-07-29 05:20:47 - INFO - top5 acc 54.00%	top1 acc 21.50%	Test Loss: 3.0814
2026-07-29 05:21:12 - INFO - Epoch [45/50] Train Loss: 3.9005
2026-07-29 05:21:12 - INFO - top5 acc 56.50%	top1 acc 23.50%	Test Loss: 3.1437
2026-07-29 05:21:36 - INFO - Epoch [46/50] Train Loss: 3.8825
2026-07-29 05:21:36 - INFO - top5 acc 55.50%	top1 acc 22.00%	Test Loss: 3.1024
2026-07-29 05:22:01 - INFO - Epoch [47/50] Train Loss: 3.8563
2026-07-29 05:22:01 - INFO - top5 acc 53.00%	top1 acc 21.50%	Test Loss: 3.1324
2026-07-29 05:22:25 - INFO - Epoch [48/50] Train Loss: 3.8353
2026-07-29 05:22:25 - INFO - top5 acc 55.00%	top1 acc 19.00%	Test Loss: 3.1695
2026-07-29 05:22:50 - INFO - Epoch [49/50] Train Loss: 3.8143
2026-07-29 05:22:50 - INFO - top5 acc 52.00%	top1 acc 18.00%	Test Loss: 3.2198
2026-07-29 05:23:15 - INFO - Epoch [50/50] Train Loss: 3.7934
2026-07-29 05:23:15 - INFO - top5 acc 54.50%	top1 acc 17.50%	Test Loss: 3.2132
2026-07-29 05:23:15 - INFO - best test loss: 2.9119 top5 acc: 57.50 top1 acc: 27.50 at epoch 19
