2026-07-28 19:41:45 - INFO - Input arguments:
2026-07-28 19:41:45 - INFO - device                 cuda:0
2026-07-28 19:41:45 - INFO - num_epochs             50
2026-07-28 19:41:45 - INFO - batch_size             1024
2026-07-28 19:41:45 - INFO - learning_rate          0.0001
2026-07-28 19:41:45 - INFO - output_dir             root/autodl-tmp/results/things_eeg/intra-subjects
2026-07-28 19:41:45 - INFO - output_name            sub-10
2026-07-28 19:41:45 - INFO - train_subject_ids      [10]
2026-07-28 19:41:45 - INFO - test_subject_ids       [10]
2026-07-28 19:41:45 - INFO - data_average           True
2026-07-28 19:41:45 - INFO - data_random            False
2026-07-28 19:41:45 - INFO - init_temperature       0.07
2026-07-28 19:41:45 - INFO - t_learnable            False
2026-07-28 19:41:45 - INFO - softplus               True
2026-07-28 19:41:45 - INFO - alpha                  1.0
2026-07-28 19:41:45 - INFO - beta                   1.0
2026-07-28 19:41:45 - INFO - img_l2norm             True
2026-07-28 19:41:45 - INFO - text_l2norm            False
2026-07-28 19:41:45 - INFO - eeg_l2norm             False
2026-07-28 19:41:45 - INFO - eeg_data_dir           /root/autodl-tmp/data/things_eeg/preprocessed_eeg
2026-07-28 19:41:45 - INFO - selected_channels      ['P7', 'P5', 'P3', 'P1', 'Pz', 'P2', 'P4', 'P6', 'P8', 'PO7', 'PO3', 'POz', 'PO4', 'PO8', 'O1', 'Oz', 'O2']
2026-07-28 19:41:45 - INFO - time_window            [0, 250]
2026-07-28 19:41:45 - INFO - eeg_aug                True
2026-07-28 19:41:45 - INFO - eeg_aug_type           smooth
2026-07-28 19:41:45 - INFO - eeg_encoder_type       EEGProject
2026-07-28 19:41:45 - INFO - image_aug              True
2026-07-28 19:41:45 - INFO - image_test_aug         True
2026-07-28 19:41:45 - INFO - eeg_test_aug           False
2026-07-28 19:41:45 - INFO - frozen_eeg_prior       True
2026-07-28 19:41:45 - INFO - projector              linear
2026-07-28 19:41:45 - INFO - feature_dim            512
2026-07-28 19:41:45 - INFO - image_feature_dir      /root/autodl-tmp/data/things_eeg/image_feature/RN50
2026-07-28 19:41:45 - INFO - aug_image_feature_dirs ['/root/autodl-tmp/data/things_eeg/image_feature/RN50/GaussianBlur-GaussianNoise-LowResolution-Mosaic']
2026-07-28 19:41:45 - INFO - text_feature_dir       
2026-07-28 19:41:45 - INFO - save_weights           True
2026-07-28 19:41:45 - INFO - seed                   9999
2026-07-28 19:41:45 - INFO - Using device: cuda:0
2026-07-28 19:44:07 - INFO - EEG sample points: 250
2026-07-28 19:44:07 - INFO - feature dimension: 1024
2026-07-28 19:44:07 - INFO - data length: 16540
2026-07-28 19:44:07 - INFO - number of channels: 17
2026-07-28 19:44:09 - INFO - EEG Encoder trainable parameters: 5.40M
2026-07-28 19:44:09 - INFO - EEGProject(
  (model): Sequential(
    (0): Linear(in_features=4250, out_features=1024, bias=True)
    (1): ResidualAdd(
      (f): Sequential(
        (0): GELU(approximate='none')
        (1): Linear(in_features=1024, out_features=1024, bias=True)
        (2): Dropout(p=0.3, inplace=False)
      )
    )
    (2): LayerNorm((1024,), eps=1e-05, elementwise_affine=True)
  )
)
2026-07-28 19:44:09 - INFO - Projector trainable parameters: 1.57M
2026-07-28 19:44:09 - INFO - ContrastiveLoss(
  (criterion_cls): CrossEntropyLoss()
  (criterion_mse): MSELoss()
  (softplus): Softplus(beta=1.0, threshold=20.0)
)
2026-07-28 19:44:10 - INFO - Epoch [1/50] Train Loss: 7.1505
2026-07-28 19:44:10 - INFO - top5 acc 24.00%	top1 acc 8.00%	Test Loss: 4.4588
2026-07-28 19:44:11 - INFO - Epoch [2/50] Train Loss: 5.9671
2026-07-28 19:44:11 - INFO - top5 acc 40.50%	top1 acc 14.50%	Test Loss: 3.7633
2026-07-28 19:44:12 - INFO - Epoch [3/50] Train Loss: 5.3488
2026-07-28 19:44:12 - INFO - top5 acc 57.50%	top1 acc 22.50%	Test Loss: 3.0818
2026-07-28 19:44:13 - INFO - Epoch [4/50] Train Loss: 4.7724
2026-07-28 19:44:13 - INFO - top5 acc 73.50%	top1 acc 33.50%	Test Loss: 2.3818
2026-07-28 19:44:14 - INFO - Epoch [5/50] Train Loss: 4.2105
2026-07-28 19:44:14 - INFO - top5 acc 81.00%	top1 acc 44.50%	Test Loss: 1.8454
2026-07-28 19:44:15 - INFO - Epoch [6/50] Train Loss: 3.6618
2026-07-28 19:44:15 - INFO - top5 acc 87.00%	top1 acc 53.00%	Test Loss: 1.5309
2026-07-28 19:44:16 - INFO - Epoch [7/50] Train Loss: 3.1676
2026-07-28 19:44:16 - INFO - top5 acc 91.00%	top1 acc 57.50%	Test Loss: 1.3076
2026-07-28 19:44:17 - INFO - Epoch [8/50] Train Loss: 2.7389
2026-07-28 19:44:17 - INFO - top5 acc 91.50%	top1 acc 62.00%	Test Loss: 1.2274
2026-07-28 19:44:18 - INFO - Epoch [9/50] Train Loss: 2.3753
2026-07-28 19:44:18 - INFO - top5 acc 92.00%	top1 acc 61.00%	Test Loss: 1.1420
2026-07-28 19:44:19 - INFO - Epoch [10/50] Train Loss: 2.0613
2026-07-28 19:44:19 - INFO - top5 acc 92.00%	top1 acc 66.50%	Test Loss: 1.1074
2026-07-28 19:44:20 - INFO - Epoch [11/50] Train Loss: 1.7939
2026-07-28 19:44:20 - INFO - top5 acc 93.50%	top1 acc 67.00%	Test Loss: 1.0438
2026-07-28 19:44:21 - INFO - Epoch [12/50] Train Loss: 1.5674
2026-07-28 19:44:21 - INFO - top5 acc 93.50%	top1 acc 68.00%	Test Loss: 0.9930
2026-07-28 19:44:22 - INFO - Epoch [13/50] Train Loss: 1.3672
2026-07-28 19:44:22 - INFO - top5 acc 95.50%	top1 acc 65.50%	Test Loss: 1.0372
2026-07-28 19:44:23 - INFO - Epoch [14/50] Train Loss: 1.1767
2026-07-28 19:44:23 - INFO - top5 acc 94.50%	top1 acc 68.50%	Test Loss: 0.9317
2026-07-28 19:44:24 - INFO - Epoch [15/50] Train Loss: 1.0182
2026-07-28 19:44:24 - INFO - top5 acc 95.00%	top1 acc 68.00%	Test Loss: 0.9455
2026-07-28 19:44:25 - INFO - Epoch [16/50] Train Loss: 0.8831
2026-07-28 19:44:25 - INFO - top5 acc 95.50%	top1 acc 71.00%	Test Loss: 0.9216
2026-07-28 19:44:26 - INFO - Epoch [17/50] Train Loss: 0.7635
2026-07-28 19:44:26 - INFO - top5 acc 96.50%	top1 acc 67.00%	Test Loss: 0.9349
2026-07-28 19:44:26 - INFO - Epoch [18/50] Train Loss: 0.6590
2026-07-28 19:44:27 - INFO - top5 acc 95.50%	top1 acc 71.00%	Test Loss: 0.9317
2026-07-28 19:44:27 - INFO - Epoch [19/50] Train Loss: 0.5702
2026-07-28 19:44:27 - INFO - top5 acc 96.00%	top1 acc 69.00%	Test Loss: 0.9133
2026-07-28 19:44:28 - INFO - Epoch [20/50] Train Loss: 0.4961
2026-07-28 19:44:28 - INFO - top5 acc 95.00%	top1 acc 68.50%	Test Loss: 0.8954
2026-07-28 19:44:29 - INFO - Epoch [21/50] Train Loss: 0.4293
2026-07-28 19:44:29 - INFO - top5 acc 96.00%	top1 acc 67.00%	Test Loss: 0.9053
2026-07-28 19:44:30 - INFO - Epoch [22/50] Train Loss: 0.3780
2026-07-28 19:44:30 - INFO - top5 acc 95.50%	top1 acc 70.50%	Test Loss: 0.8552
2026-07-28 19:44:31 - INFO - Epoch [23/50] Train Loss: 0.3299
2026-07-28 19:44:31 - INFO - top5 acc 96.50%	top1 acc 71.00%	Test Loss: 0.8714
2026-07-28 19:44:32 - INFO - Epoch [24/50] Train Loss: 0.2910
2026-07-28 19:44:32 - INFO - top5 acc 96.00%	top1 acc 71.50%	Test Loss: 0.8212
2026-07-28 19:44:33 - INFO - Epoch [25/50] Train Loss: 0.2564
2026-07-28 19:44:33 - INFO - top5 acc 96.00%	top1 acc 73.50%	Test Loss: 0.8288
2026-07-28 19:44:34 - INFO - Epoch [26/50] Train Loss: 0.2293
2026-07-28 19:44:34 - INFO - top5 acc 97.00%	top1 acc 71.00%	Test Loss: 0.8724
2026-07-28 19:44:34 - INFO - Epoch [27/50] Train Loss: 0.2067
2026-07-28 19:44:34 - INFO - top5 acc 97.50%	top1 acc 72.00%	Test Loss: 0.8596
2026-07-28 19:44:35 - INFO - Epoch [28/50] Train Loss: 0.1881
2026-07-28 19:44:35 - INFO - top5 acc 96.50%	top1 acc 70.00%	Test Loss: 0.8639
2026-07-28 19:44:36 - INFO - Epoch [29/50] Train Loss: 0.1711
2026-07-28 19:44:36 - INFO - top5 acc 96.50%	top1 acc 70.50%	Test Loss: 0.8443
2026-07-28 19:44:37 - INFO - Epoch [30/50] Train Loss: 0.1542
2026-07-28 19:44:37 - INFO - top5 acc 96.50%	top1 acc 71.50%	Test Loss: 0.8314
2026-07-28 19:44:38 - INFO - Epoch [31/50] Train Loss: 0.1398
2026-07-28 19:44:38 - INFO - top5 acc 96.00%	top1 acc 71.00%	Test Loss: 0.8276
2026-07-28 19:44:39 - INFO - Epoch [32/50] Train Loss: 0.1285
2026-07-28 19:44:39 - INFO - top5 acc 97.00%	top1 acc 70.50%	Test Loss: 0.8558
2026-07-28 19:44:39 - INFO - Epoch [33/50] Train Loss: 0.1218
2026-07-28 19:44:40 - INFO - top5 acc 96.50%	top1 acc 71.00%	Test Loss: 0.8498
2026-07-28 19:44:40 - INFO - Epoch [34/50] Train Loss: 0.1132
2026-07-28 19:44:40 - INFO - top5 acc 96.00%	top1 acc 71.50%	Test Loss: 0.8189
2026-07-28 19:44:41 - INFO - Epoch [35/50] Train Loss: 0.1058
2026-07-28 19:44:41 - INFO - top5 acc 97.50%	top1 acc 70.50%	Test Loss: 0.8536
2026-07-28 19:44:42 - INFO - Epoch [36/50] Train Loss: 0.0971
2026-07-28 19:44:42 - INFO - top5 acc 96.00%	top1 acc 71.00%	Test Loss: 0.8649
2026-07-28 19:44:43 - INFO - Epoch [37/50] Train Loss: 0.0923
2026-07-28 19:44:43 - INFO - top5 acc 95.50%	top1 acc 69.50%	Test Loss: 0.8451
2026-07-28 19:44:44 - INFO - Epoch [38/50] Train Loss: 0.0892
2026-07-28 19:44:44 - INFO - top5 acc 97.00%	top1 acc 71.00%	Test Loss: 0.8364
2026-07-28 19:44:44 - INFO - Epoch [39/50] Train Loss: 0.0818
2026-07-28 19:44:44 - INFO - top5 acc 96.50%	top1 acc 71.00%	Test Loss: 0.8577
2026-07-28 19:44:45 - INFO - Epoch [40/50] Train Loss: 0.0770
2026-07-28 19:44:45 - INFO - top5 acc 96.50%	top1 acc 70.00%	Test Loss: 0.8671
2026-07-28 19:44:46 - INFO - Epoch [41/50] Train Loss: 0.0733
2026-07-28 19:44:46 - INFO - top5 acc 97.00%	top1 acc 69.50%	Test Loss: 0.8486
2026-07-28 19:44:47 - INFO - Epoch [42/50] Train Loss: 0.0685
2026-07-28 19:44:47 - INFO - top5 acc 97.00%	top1 acc 72.50%	Test Loss: 0.8426
2026-07-28 19:44:48 - INFO - Epoch [43/50] Train Loss: 0.0638
2026-07-28 19:44:48 - INFO - top5 acc 97.00%	top1 acc 72.00%	Test Loss: 0.8113
2026-07-28 19:44:49 - INFO - Epoch [44/50] Train Loss: 0.0615
2026-07-28 19:44:49 - INFO - top5 acc 97.00%	top1 acc 75.00%	Test Loss: 0.8194
2026-07-28 19:44:49 - INFO - Epoch [45/50] Train Loss: 0.0582
2026-07-28 19:44:50 - INFO - top5 acc 97.00%	top1 acc 75.00%	Test Loss: 0.8314
2026-07-28 19:44:50 - INFO - Epoch [46/50] Train Loss: 0.0567
2026-07-28 19:44:50 - INFO - top5 acc 97.00%	top1 acc 73.50%	Test Loss: 0.8071
2026-07-28 19:44:51 - INFO - Epoch [47/50] Train Loss: 0.0542
2026-07-28 19:44:51 - INFO - top5 acc 95.50%	top1 acc 73.50%	Test Loss: 0.8239
2026-07-28 19:44:52 - INFO - Epoch [48/50] Train Loss: 0.0491
2026-07-28 19:44:52 - INFO - top5 acc 96.00%	top1 acc 72.50%	Test Loss: 0.8428
2026-07-28 19:44:53 - INFO - Epoch [49/50] Train Loss: 0.0487
2026-07-28 19:44:53 - INFO - top5 acc 96.50%	top1 acc 74.00%	Test Loss: 0.8167
2026-07-28 19:44:54 - INFO - Epoch [50/50] Train Loss: 0.0455
2026-07-28 19:44:54 - INFO - top5 acc 96.50%	top1 acc 73.50%	Test Loss: 0.8418
2026-07-28 19:44:54 - INFO - best test loss: 0.8071 top5 acc: 97.00 top1 acc: 73.50 at epoch 46
