2026-07-30 09:30:16 - INFO - Input arguments:
2026-07-30 09:30:16 - INFO - device                 cuda:0
2026-07-30 09:30:16 - INFO - num_epochs             50
2026-07-30 09:30:16 - INFO - batch_size             1024
2026-07-30 09:30:16 - INFO - learning_rate          0.0001
2026-07-30 09:30:16 - INFO - output_dir             ./autodl-tmp/results/things_eeg/inter-subjects
2026-07-30 09:30:16 - INFO - output_name            sub-07
2026-07-30 09:30:16 - INFO - train_subject_ids      [1, 2, 3, 4, 5, 6, 8, 9, 10]
2026-07-30 09:30:16 - INFO - test_subject_ids       [7]
2026-07-30 09:30:16 - INFO - data_average           True
2026-07-30 09:30:16 - INFO - data_random            False
2026-07-30 09:30:16 - INFO - init_temperature       0.07
2026-07-30 09:30:16 - INFO - t_learnable            False
2026-07-30 09:30:16 - INFO - softplus               True
2026-07-30 09:30:16 - INFO - alpha                  1.0
2026-07-30 09:30:16 - INFO - beta                   1.0
2026-07-30 09:30:16 - INFO - img_l2norm             True
2026-07-30 09:30:16 - INFO - text_l2norm            False
2026-07-30 09:30:16 - INFO - eeg_l2norm             False
2026-07-30 09:30:16 - INFO - eeg_data_dir           /root/autodl-tmp/data/things_eeg/preprocessed_eeg
2026-07-30 09:30:16 - INFO - selected_channels      []
2026-07-30 09:30:16 - INFO - time_window            [0, 250]
2026-07-30 09:30:16 - INFO - eeg_aug                True
2026-07-30 09:30:16 - INFO - eeg_aug_type           smooth
2026-07-30 09:30:16 - INFO - eeg_encoder_type       TSConv
2026-07-30 09:30:16 - INFO - image_aug              True
2026-07-30 09:30:16 - INFO - image_test_aug         True
2026-07-30 09:30:16 - INFO - eeg_test_aug           False
2026-07-30 09:30:16 - INFO - frozen_eeg_prior       True
2026-07-30 09:30:16 - INFO - projector              linear
2026-07-30 09:30:16 - INFO - feature_dim            512
2026-07-30 09:30:16 - INFO - image_feature_dir      /root/autodl-tmp/data/things_eeg/image_feature/RN50
2026-07-30 09:30:16 - INFO - aug_image_feature_dirs ['/root/autodl-tmp/data/things_eeg/image_feature/RN50/GaussianBlur-GaussianNoise-LowResolution-Mosaic']
2026-07-30 09:30:16 - INFO - text_feature_dir       
2026-07-30 09:30:16 - INFO - save_weights           True
2026-07-30 09:30:16 - INFO - seed                   1234
2026-07-30 09:30:16 - INFO - Using device: cuda:0
2026-07-30 10:40:46 - INFO - EEG sample points: 250
2026-07-30 10:40:46 - INFO - feature dimension: 1024
2026-07-30 10:40:46 - INFO - data length: 148860
2026-07-30 10:40:46 - INFO - number of channels: 63
2026-07-30 10:40:47 - INFO - EEG Encoder trainable parameters: 2.63M
2026-07-30 10:40:47 - INFO - TSConv(
  (tsconv): Sequential(
    (0): Conv2d(1, 40, kernel_size=(1, 25), stride=(1, 1))
    (1): AvgPool2d(kernel_size=(1, 51), stride=(1, 5), padding=0)
    (2): BatchNorm2d(40, eps=1e-05, momentum=0.1, affine=True, track_running_stats=True)
    (3): ELU(alpha=1.0)
    (4): Conv2d(40, 40, kernel_size=(63, 1), stride=(1, 1))
    (5): BatchNorm2d(40, eps=1e-05, momentum=0.1, affine=True, track_running_stats=True)
    (6): ELU(alpha=1.0)
    (7): Dropout(p=0.5, inplace=False)
  )
  (projection): Conv2d(40, 40, kernel_size=(1, 1), stride=(1, 1))
  (proj_eeg): Sequential(
    (0): Linear(in_features=1440, out_features=1024, bias=True)
    (1): ResidualAdd(
      (f): Sequential(
        (0): GELU(approximate='none')
        (1): Linear(in_features=1024, out_features=1024, bias=True)
        (2): Dropout(p=0.5, inplace=False)
      )
    )
    (2): LayerNorm((1024,), eps=1e-05, elementwise_affine=True)
  )
)
2026-07-30 10:40:47 - INFO - Projector trainable parameters: 1.57M
2026-07-30 10:40:47 - INFO - ContrastiveLoss(
  (criterion_cls): CrossEntropyLoss()
  (criterion_mse): MSELoss()
  (softplus): Softplus(beta=1.0, threshold=20.0)
)
2026-07-30 10:41:13 - INFO - Epoch [1/50] Train Loss: 6.4824
2026-07-30 10:41:13 - INFO - top5 acc 20.50%	top1 acc 5.00%	Test Loss: 4.2465
2026-07-30 10:41:37 - INFO - Epoch [2/50] Train Loss: 5.8703
2026-07-30 10:41:37 - INFO - top5 acc 30.00%	top1 acc 7.00%	Test Loss: 3.9522
2026-07-30 10:42:03 - INFO - Epoch [3/50] Train Loss: 5.6640
2026-07-30 10:42:03 - INFO - top5 acc 32.50%	top1 acc 9.00%	Test Loss: 3.7158
2026-07-30 10:42:27 - INFO - Epoch [4/50] Train Loss: 5.5218
2026-07-30 10:42:27 - INFO - top5 acc 38.50%	top1 acc 10.00%	Test Loss: 3.6332
2026-07-30 10:42:52 - INFO - Epoch [5/50] Train Loss: 5.4170
2026-07-30 10:42:52 - INFO - top5 acc 39.00%	top1 acc 12.50%	Test Loss: 3.5549
2026-07-30 10:43:17 - INFO - Epoch [6/50] Train Loss: 5.3384
2026-07-30 10:43:17 - INFO - top5 acc 40.00%	top1 acc 13.50%	Test Loss: 3.4804
2026-07-30 10:43:42 - INFO - Epoch [7/50] Train Loss: 5.2754
2026-07-30 10:43:42 - INFO - top5 acc 43.00%	top1 acc 12.00%	Test Loss: 3.4537
2026-07-30 10:44:08 - INFO - Epoch [8/50] Train Loss: 5.2156
2026-07-30 10:44:08 - INFO - top5 acc 41.00%	top1 acc 14.00%	Test Loss: 3.3524
2026-07-30 10:44:32 - INFO - Epoch [9/50] Train Loss: 5.1656
2026-07-30 10:44:32 - INFO - top5 acc 45.50%	top1 acc 15.50%	Test Loss: 3.3924
2026-07-30 10:44:57 - INFO - Epoch [10/50] Train Loss: 5.1116
2026-07-30 10:44:57 - INFO - top5 acc 48.00%	top1 acc 15.50%	Test Loss: 3.3496
2026-07-30 10:45:22 - INFO - Epoch [11/50] Train Loss: 5.0589
2026-07-30 10:45:22 - INFO - top5 acc 49.50%	top1 acc 17.50%	Test Loss: 3.3335
2026-07-30 10:45:46 - INFO - Epoch [12/50] Train Loss: 5.0088
2026-07-30 10:45:46 - INFO - top5 acc 48.00%	top1 acc 18.00%	Test Loss: 3.3349
2026-07-30 10:46:10 - INFO - Epoch [13/50] Train Loss: 4.9639
2026-07-30 10:46:11 - INFO - top5 acc 49.00%	top1 acc 17.00%	Test Loss: 3.3171
2026-07-30 10:46:35 - INFO - Epoch [14/50] Train Loss: 4.9196
2026-07-30 10:46:36 - INFO - top5 acc 47.50%	top1 acc 14.50%	Test Loss: 3.3807
2026-07-30 10:47:01 - INFO - Epoch [15/50] Train Loss: 4.8732
2026-07-30 10:47:01 - INFO - top5 acc 47.50%	top1 acc 17.50%	Test Loss: 3.3452
2026-07-30 10:47:26 - INFO - Epoch [16/50] Train Loss: 4.8286
2026-07-30 10:47:26 - INFO - top5 acc 46.00%	top1 acc 18.00%	Test Loss: 3.3486
2026-07-30 10:47:51 - INFO - Epoch [17/50] Train Loss: 4.7903
2026-07-30 10:47:51 - INFO - top5 acc 45.00%	top1 acc 17.00%	Test Loss: 3.3998
2026-07-30 10:48:15 - INFO - Epoch [18/50] Train Loss: 4.7461
2026-07-30 10:48:15 - INFO - top5 acc 49.50%	top1 acc 15.50%	Test Loss: 3.3763
2026-07-30 10:48:40 - INFO - Epoch [19/50] Train Loss: 4.7102
2026-07-30 10:48:40 - INFO - top5 acc 49.00%	top1 acc 15.50%	Test Loss: 3.3789
2026-07-30 10:49:04 - INFO - Epoch [20/50] Train Loss: 4.6717
2026-07-30 10:49:04 - INFO - top5 acc 46.00%	top1 acc 18.50%	Test Loss: 3.3277
2026-07-30 10:49:30 - INFO - Epoch [21/50] Train Loss: 4.6284
2026-07-30 10:49:30 - INFO - top5 acc 47.00%	top1 acc 15.00%	Test Loss: 3.3293
2026-07-30 10:49:56 - INFO - Epoch [22/50] Train Loss: 4.5908
2026-07-30 10:49:56 - INFO - top5 acc 47.50%	top1 acc 18.00%	Test Loss: 3.3739
2026-07-30 10:50:21 - INFO - Epoch [23/50] Train Loss: 4.5598
2026-07-30 10:50:21 - INFO - top5 acc 46.00%	top1 acc 18.00%	Test Loss: 3.3205
2026-07-30 10:50:46 - INFO - Epoch [24/50] Train Loss: 4.5175
2026-07-30 10:50:46 - INFO - top5 acc 47.00%	top1 acc 16.00%	Test Loss: 3.3294
2026-07-30 10:51:10 - INFO - Epoch [25/50] Train Loss: 4.4842
2026-07-30 10:51:10 - INFO - top5 acc 43.50%	top1 acc 16.50%	Test Loss: 3.3491
2026-07-30 10:51:35 - INFO - Epoch [26/50] Train Loss: 4.4483
2026-07-30 10:51:35 - INFO - top5 acc 47.00%	top1 acc 15.50%	Test Loss: 3.3590
2026-07-30 10:52:00 - INFO - Epoch [27/50] Train Loss: 4.4096
2026-07-30 10:52:00 - INFO - top5 acc 46.50%	top1 acc 16.50%	Test Loss: 3.3871
2026-07-30 10:52:25 - INFO - Epoch [28/50] Train Loss: 4.3759
2026-07-30 10:52:25 - INFO - top5 acc 49.00%	top1 acc 19.50%	Test Loss: 3.3534
2026-07-30 10:52:50 - INFO - Epoch [29/50] Train Loss: 4.3442
2026-07-30 10:52:50 - INFO - top5 acc 48.00%	top1 acc 17.00%	Test Loss: 3.3608
2026-07-30 10:53:15 - INFO - Epoch [30/50] Train Loss: 4.3130
2026-07-30 10:53:15 - INFO - top5 acc 46.50%	top1 acc 17.50%	Test Loss: 3.4052
2026-07-30 10:53:40 - INFO - Epoch [31/50] Train Loss: 4.2808
2026-07-30 10:53:40 - INFO - top5 acc 48.00%	top1 acc 18.50%	Test Loss: 3.3718
2026-07-30 10:54:05 - INFO - Epoch [32/50] Train Loss: 4.2506
2026-07-30 10:54:05 - INFO - top5 acc 47.50%	top1 acc 17.00%	Test Loss: 3.3342
2026-07-30 10:54:29 - INFO - Epoch [33/50] Train Loss: 4.2104
2026-07-30 10:54:29 - INFO - top5 acc 48.50%	top1 acc 17.50%	Test Loss: 3.3279
2026-07-30 10:54:54 - INFO - Epoch [34/50] Train Loss: 4.1882
2026-07-30 10:54:54 - INFO - top5 acc 50.50%	top1 acc 19.00%	Test Loss: 3.3581
2026-07-30 10:55:19 - INFO - Epoch [35/50] Train Loss: 4.1522
2026-07-30 10:55:19 - INFO - top5 acc 46.50%	top1 acc 19.00%	Test Loss: 3.3653
2026-07-30 10:55:44 - INFO - Epoch [36/50] Train Loss: 4.1261
2026-07-30 10:55:44 - INFO - top5 acc 50.50%	top1 acc 22.50%	Test Loss: 3.3465
2026-07-30 10:56:09 - INFO - Epoch [37/50] Train Loss: 4.0940
2026-07-30 10:56:09 - INFO - top5 acc 50.00%	top1 acc 15.50%	Test Loss: 3.3802
2026-07-30 10:56:33 - INFO - Epoch [38/50] Train Loss: 4.0738
2026-07-30 10:56:34 - INFO - top5 acc 50.50%	top1 acc 19.00%	Test Loss: 3.3922
2026-07-30 10:56:58 - INFO - Epoch [39/50] Train Loss: 4.0413
2026-07-30 10:56:58 - INFO - top5 acc 47.50%	top1 acc 19.00%	Test Loss: 3.3776
2026-07-30 10:57:23 - INFO - Epoch [40/50] Train Loss: 4.0142
2026-07-30 10:57:23 - INFO - top5 acc 48.50%	top1 acc 20.50%	Test Loss: 3.3230
2026-07-30 10:57:49 - INFO - Epoch [41/50] Train Loss: 3.9894
2026-07-30 10:57:49 - INFO - top5 acc 45.50%	top1 acc 18.00%	Test Loss: 3.4205
2026-07-30 10:58:14 - INFO - Epoch [42/50] Train Loss: 3.9624
2026-07-30 10:58:14 - INFO - top5 acc 46.50%	top1 acc 19.50%	Test Loss: 3.3964
2026-07-30 10:58:39 - INFO - Epoch [43/50] Train Loss: 3.9416
2026-07-30 10:58:39 - INFO - top5 acc 48.50%	top1 acc 17.50%	Test Loss: 3.3701
2026-07-30 10:59:04 - INFO - Epoch [44/50] Train Loss: 3.9129
2026-07-30 10:59:04 - INFO - top5 acc 46.50%	top1 acc 20.00%	Test Loss: 3.4016
2026-07-30 10:59:28 - INFO - Epoch [45/50] Train Loss: 3.8946
2026-07-30 10:59:28 - INFO - top5 acc 45.00%	top1 acc 13.00%	Test Loss: 3.5020
2026-07-30 10:59:54 - INFO - Epoch [46/50] Train Loss: 3.8665
2026-07-30 10:59:54 - INFO - top5 acc 47.50%	top1 acc 18.50%	Test Loss: 3.4604
2026-07-30 11:00:18 - INFO - Epoch [47/50] Train Loss: 3.8453
2026-07-30 11:00:19 - INFO - top5 acc 46.50%	top1 acc 15.50%	Test Loss: 3.4922
2026-07-30 11:00:43 - INFO - Epoch [48/50] Train Loss: 3.8272
2026-07-30 11:00:44 - INFO - top5 acc 45.50%	top1 acc 18.50%	Test Loss: 3.5003
2026-07-30 11:01:08 - INFO - Epoch [49/50] Train Loss: 3.8014
2026-07-30 11:01:08 - INFO - top5 acc 44.50%	top1 acc 18.50%	Test Loss: 3.4741
2026-07-30 11:01:33 - INFO - Epoch [50/50] Train Loss: 3.7833
2026-07-30 11:01:33 - INFO - top5 acc 46.50%	top1 acc 19.00%	Test Loss: 3.5159
2026-07-30 11:01:33 - INFO - best test loss: 3.3171 top5 acc: 49.00 top1 acc: 17.00 at epoch 13
