2026-07-29 08:25:05 - INFO - Input arguments:
2026-07-29 08:25:05 - INFO - device                 cuda:0
2026-07-29 08:25:05 - INFO - num_epochs             50
2026-07-29 08:25:05 - INFO - batch_size             1024
2026-07-29 08:25:05 - INFO - learning_rate          0.0001
2026-07-29 08:25:05 - INFO - output_dir             ./autodl-tmp/results/things_eeg/inter-subjects
2026-07-29 08:25:05 - INFO - output_name            sub-09
2026-07-29 08:25:05 - INFO - train_subject_ids      [1, 2, 3, 4, 5, 6, 7, 8, 10]
2026-07-29 08:25:05 - INFO - test_subject_ids       [9]
2026-07-29 08:25:05 - INFO - data_average           True
2026-07-29 08:25:05 - INFO - data_random            False
2026-07-29 08:25:05 - INFO - init_temperature       0.07
2026-07-29 08:25:05 - INFO - t_learnable            False
2026-07-29 08:25:05 - INFO - softplus               True
2026-07-29 08:25:05 - INFO - alpha                  1.0
2026-07-29 08:25:05 - INFO - beta                   1.0
2026-07-29 08:25:05 - INFO - img_l2norm             True
2026-07-29 08:25:05 - INFO - text_l2norm            False
2026-07-29 08:25:05 - INFO - eeg_l2norm             False
2026-07-29 08:25:05 - INFO - eeg_data_dir           /root/autodl-tmp/data/things_eeg/preprocessed_eeg
2026-07-29 08:25:05 - INFO - selected_channels      []
2026-07-29 08:25:05 - INFO - time_window            [0, 250]
2026-07-29 08:25:05 - INFO - eeg_aug                True
2026-07-29 08:25:05 - INFO - eeg_aug_type           smooth
2026-07-29 08:25:05 - INFO - eeg_encoder_type       TSConv
2026-07-29 08:25:05 - INFO - image_aug              True
2026-07-29 08:25:05 - INFO - image_test_aug         True
2026-07-29 08:25:05 - INFO - eeg_test_aug           False
2026-07-29 08:25:05 - INFO - frozen_eeg_prior       True
2026-07-29 08:25:05 - INFO - projector              linear
2026-07-29 08:25:05 - INFO - feature_dim            512
2026-07-29 08:25:05 - INFO - image_feature_dir      /root/autodl-tmp/data/things_eeg/image_feature/RN50
2026-07-29 08:25:05 - INFO - aug_image_feature_dirs ['/root/autodl-tmp/data/things_eeg/image_feature/RN50/GaussianBlur-GaussianNoise-LowResolution-Mosaic']
2026-07-29 08:25:05 - INFO - text_feature_dir       
2026-07-29 08:25:05 - INFO - save_weights           True
2026-07-29 08:25:05 - INFO - seed                   9999
2026-07-29 08:25:05 - INFO - Using device: cuda:0
2026-07-29 09:33:41 - INFO - EEG sample points: 250
2026-07-29 09:33:41 - INFO - feature dimension: 1024
2026-07-29 09:33:41 - INFO - data length: 148860
2026-07-29 09:33:41 - INFO - number of channels: 63
2026-07-29 09:33:42 - INFO - EEG Encoder trainable parameters: 2.63M
2026-07-29 09:33:42 - INFO - TSConv(
  (tsconv): Sequential(
    (0): Conv2d(1, 40, kernel_size=(1, 25), stride=(1, 1))
    (1): AvgPool2d(kernel_size=(1, 51), stride=(1, 5), padding=0)
    (2): BatchNorm2d(40, eps=1e-05, momentum=0.1, affine=True, track_running_stats=True)
    (3): ELU(alpha=1.0)
    (4): Conv2d(40, 40, kernel_size=(63, 1), stride=(1, 1))
    (5): BatchNorm2d(40, eps=1e-05, momentum=0.1, affine=True, track_running_stats=True)
    (6): ELU(alpha=1.0)
    (7): Dropout(p=0.5, inplace=False)
  )
  (projection): Conv2d(40, 40, kernel_size=(1, 1), stride=(1, 1))
  (proj_eeg): Sequential(
    (0): Linear(in_features=1440, out_features=1024, bias=True)
    (1): ResidualAdd(
      (f): Sequential(
        (0): GELU(approximate='none')
        (1): Linear(in_features=1024, out_features=1024, bias=True)
        (2): Dropout(p=0.5, inplace=False)
      )
    )
    (2): LayerNorm((1024,), eps=1e-05, elementwise_affine=True)
  )
)
2026-07-29 09:33:42 - INFO - Projector trainable parameters: 1.57M
2026-07-29 09:33:42 - INFO - ContrastiveLoss(
  (criterion_cls): CrossEntropyLoss()
  (criterion_mse): MSELoss()
  (softplus): Softplus(beta=1.0, threshold=20.0)
)
2026-07-29 09:34:08 - INFO - Epoch [1/50] Train Loss: 6.5027
2026-07-29 09:34:08 - INFO - top5 acc 24.00%	top1 acc 4.00%	Test Loss: 4.1637
2026-07-29 09:34:33 - INFO - Epoch [2/50] Train Loss: 5.8504
2026-07-29 09:34:33 - INFO - top5 acc 33.50%	top1 acc 12.50%	Test Loss: 3.7940
2026-07-29 09:34:58 - INFO - Epoch [3/50] Train Loss: 5.6218
2026-07-29 09:34:58 - INFO - top5 acc 39.50%	top1 acc 18.50%	Test Loss: 3.6138
2026-07-29 09:35:23 - INFO - Epoch [4/50] Train Loss: 5.4782
2026-07-29 09:35:23 - INFO - top5 acc 41.00%	top1 acc 17.00%	Test Loss: 3.4927
2026-07-29 09:35:47 - INFO - Epoch [5/50] Train Loss: 5.3721
2026-07-29 09:35:47 - INFO - top5 acc 43.00%	top1 acc 17.00%	Test Loss: 3.4776
2026-07-29 09:36:13 - INFO - Epoch [6/50] Train Loss: 5.2971
2026-07-29 09:36:13 - INFO - top5 acc 44.00%	top1 acc 21.00%	Test Loss: 3.3878
2026-07-29 09:36:37 - INFO - Epoch [7/50] Train Loss: 5.2304
2026-07-29 09:36:37 - INFO - top5 acc 47.00%	top1 acc 18.50%	Test Loss: 3.3989
2026-07-29 09:37:02 - INFO - Epoch [8/50] Train Loss: 5.1719
2026-07-29 09:37:02 - INFO - top5 acc 47.00%	top1 acc 20.50%	Test Loss: 3.3301
2026-07-29 09:37:26 - INFO - Epoch [9/50] Train Loss: 5.1132
2026-07-29 09:37:26 - INFO - top5 acc 47.00%	top1 acc 19.00%	Test Loss: 3.3735
2026-07-29 09:37:51 - INFO - Epoch [10/50] Train Loss: 5.0624
2026-07-29 09:37:52 - INFO - top5 acc 46.50%	top1 acc 19.00%	Test Loss: 3.3149
2026-07-29 09:38:16 - INFO - Epoch [11/50] Train Loss: 5.0097
2026-07-29 09:38:16 - INFO - top5 acc 51.00%	top1 acc 20.00%	Test Loss: 3.2473
2026-07-29 09:38:41 - INFO - Epoch [12/50] Train Loss: 4.9638
2026-07-29 09:38:41 - INFO - top5 acc 48.50%	top1 acc 19.50%	Test Loss: 3.3291
2026-07-29 09:39:06 - INFO - Epoch [13/50] Train Loss: 4.9178
2026-07-29 09:39:07 - INFO - top5 acc 45.00%	top1 acc 19.00%	Test Loss: 3.3273
2026-07-29 09:39:31 - INFO - Epoch [14/50] Train Loss: 4.8703
2026-07-29 09:39:31 - INFO - top5 acc 47.00%	top1 acc 19.00%	Test Loss: 3.3008
2026-07-29 09:39:56 - INFO - Epoch [15/50] Train Loss: 4.8278
2026-07-29 09:39:56 - INFO - top5 acc 47.50%	top1 acc 19.50%	Test Loss: 3.2870
2026-07-29 09:40:21 - INFO - Epoch [16/50] Train Loss: 4.7796
2026-07-29 09:40:21 - INFO - top5 acc 47.50%	top1 acc 17.00%	Test Loss: 3.3037
2026-07-29 09:40:46 - INFO - Epoch [17/50] Train Loss: 4.7415
2026-07-29 09:40:46 - INFO - top5 acc 46.50%	top1 acc 17.50%	Test Loss: 3.2433
2026-07-29 09:41:11 - INFO - Epoch [18/50] Train Loss: 4.6984
2026-07-29 09:41:11 - INFO - top5 acc 49.50%	top1 acc 22.00%	Test Loss: 3.1970
2026-07-29 09:41:36 - INFO - Epoch [19/50] Train Loss: 4.6544
2026-07-29 09:41:36 - INFO - top5 acc 48.50%	top1 acc 19.50%	Test Loss: 3.2228
2026-07-29 09:42:01 - INFO - Epoch [20/50] Train Loss: 4.6134
2026-07-29 09:42:01 - INFO - top5 acc 47.00%	top1 acc 18.00%	Test Loss: 3.3144
2026-07-29 09:42:26 - INFO - Epoch [21/50] Train Loss: 4.5706
2026-07-29 09:42:26 - INFO - top5 acc 48.50%	top1 acc 18.50%	Test Loss: 3.2463
2026-07-29 09:42:51 - INFO - Epoch [22/50] Train Loss: 4.5300
2026-07-29 09:42:51 - INFO - top5 acc 51.00%	top1 acc 17.00%	Test Loss: 3.2494
2026-07-29 09:43:16 - INFO - Epoch [23/50] Train Loss: 4.4954
2026-07-29 09:43:16 - INFO - top5 acc 47.00%	top1 acc 16.50%	Test Loss: 3.2542
2026-07-29 09:43:40 - INFO - Epoch [24/50] Train Loss: 4.4561
2026-07-29 09:43:41 - INFO - top5 acc 46.00%	top1 acc 16.00%	Test Loss: 3.2947
2026-07-29 09:44:05 - INFO - Epoch [25/50] Train Loss: 4.4212
2026-07-29 09:44:06 - INFO - top5 acc 45.00%	top1 acc 19.50%	Test Loss: 3.3658
2026-07-29 09:44:30 - INFO - Epoch [26/50] Train Loss: 4.3847
2026-07-29 09:44:30 - INFO - top5 acc 48.00%	top1 acc 20.00%	Test Loss: 3.2881
2026-07-29 09:44:55 - INFO - Epoch [27/50] Train Loss: 4.3443
2026-07-29 09:44:55 - INFO - top5 acc 44.50%	top1 acc 17.50%	Test Loss: 3.3474
2026-07-29 09:45:20 - INFO - Epoch [28/50] Train Loss: 4.3089
2026-07-29 09:45:20 - INFO - top5 acc 45.00%	top1 acc 16.50%	Test Loss: 3.4270
2026-07-29 09:45:45 - INFO - Epoch [29/50] Train Loss: 4.2800
2026-07-29 09:45:45 - INFO - top5 acc 45.00%	top1 acc 15.00%	Test Loss: 3.4125
2026-07-29 09:46:10 - INFO - Epoch [30/50] Train Loss: 4.2479
2026-07-29 09:46:10 - INFO - top5 acc 42.00%	top1 acc 17.00%	Test Loss: 3.4660
2026-07-29 09:46:34 - INFO - Epoch [31/50] Train Loss: 4.2112
2026-07-29 09:46:35 - INFO - top5 acc 43.50%	top1 acc 16.50%	Test Loss: 3.5067
2026-07-29 09:47:00 - INFO - Epoch [32/50] Train Loss: 4.1779
2026-07-29 09:47:00 - INFO - top5 acc 42.50%	top1 acc 15.00%	Test Loss: 3.4986
2026-07-29 09:47:25 - INFO - Epoch [33/50] Train Loss: 4.1470
2026-07-29 09:47:25 - INFO - top5 acc 42.50%	top1 acc 17.00%	Test Loss: 3.5337
2026-07-29 09:47:49 - INFO - Epoch [34/50] Train Loss: 4.1168
2026-07-29 09:47:49 - INFO - top5 acc 42.00%	top1 acc 17.50%	Test Loss: 3.5268
2026-07-29 09:48:14 - INFO - Epoch [35/50] Train Loss: 4.0914
2026-07-29 09:48:14 - INFO - top5 acc 43.00%	top1 acc 15.00%	Test Loss: 3.5619
2026-07-29 09:48:39 - INFO - Epoch [36/50] Train Loss: 4.0602
2026-07-29 09:48:39 - INFO - top5 acc 46.00%	top1 acc 18.50%	Test Loss: 3.5748
2026-07-29 09:49:04 - INFO - Epoch [37/50] Train Loss: 4.0356
2026-07-29 09:49:04 - INFO - top5 acc 41.50%	top1 acc 17.00%	Test Loss: 3.5538
2026-07-29 09:49:29 - INFO - Epoch [38/50] Train Loss: 4.0062
2026-07-29 09:49:29 - INFO - top5 acc 41.50%	top1 acc 13.50%	Test Loss: 3.5312
2026-07-29 09:49:54 - INFO - Epoch [39/50] Train Loss: 3.9824
2026-07-29 09:49:54 - INFO - top5 acc 41.00%	top1 acc 14.00%	Test Loss: 3.5851
2026-07-29 09:50:19 - INFO - Epoch [40/50] Train Loss: 3.9550
2026-07-29 09:50:19 - INFO - top5 acc 42.50%	top1 acc 15.00%	Test Loss: 3.6049
2026-07-29 09:50:44 - INFO - Epoch [41/50] Train Loss: 3.9309
2026-07-29 09:50:44 - INFO - top5 acc 41.50%	top1 acc 14.00%	Test Loss: 3.6153
2026-07-29 09:51:08 - INFO - Epoch [42/50] Train Loss: 3.9045
2026-07-29 09:51:08 - INFO - top5 acc 40.00%	top1 acc 15.50%	Test Loss: 3.6851
2026-07-29 09:51:33 - INFO - Epoch [43/50] Train Loss: 3.8778
2026-07-29 09:51:33 - INFO - top5 acc 41.00%	top1 acc 14.50%	Test Loss: 3.6594
2026-07-29 09:51:58 - INFO - Epoch [44/50] Train Loss: 3.8550
2026-07-29 09:51:58 - INFO - top5 acc 40.50%	top1 acc 14.00%	Test Loss: 3.6773
2026-07-29 09:52:24 - INFO - Epoch [45/50] Train Loss: 3.8324
2026-07-29 09:52:24 - INFO - top5 acc 41.00%	top1 acc 14.50%	Test Loss: 3.6789
2026-07-29 09:52:49 - INFO - Epoch [46/50] Train Loss: 3.8050
2026-07-29 09:52:49 - INFO - top5 acc 42.00%	top1 acc 18.00%	Test Loss: 3.6010
2026-07-29 09:53:14 - INFO - Epoch [47/50] Train Loss: 3.7894
2026-07-29 09:53:14 - INFO - top5 acc 41.00%	top1 acc 15.50%	Test Loss: 3.6842
2026-07-29 09:53:39 - INFO - Epoch [48/50] Train Loss: 3.7665
2026-07-29 09:53:39 - INFO - top5 acc 40.00%	top1 acc 15.50%	Test Loss: 3.6926
2026-07-29 09:54:03 - INFO - Epoch [49/50] Train Loss: 3.7469
2026-07-29 09:54:03 - INFO - top5 acc 37.00%	top1 acc 15.50%	Test Loss: 3.7307
2026-07-29 09:54:28 - INFO - Epoch [50/50] Train Loss: 3.7238
2026-07-29 09:54:28 - INFO - top5 acc 39.50%	top1 acc 14.50%	Test Loss: 3.7921
2026-07-29 09:54:28 - INFO - best test loss: 3.1970 top5 acc: 49.50 top1 acc: 22.00 at epoch 18
