2026-07-26 18:35:48 - INFO - Input arguments:
2026-07-26 18:35:48 - INFO - device                 cuda:0
2026-07-26 18:35:48 - INFO - num_epochs             50
2026-07-26 18:35:48 - INFO - batch_size             1024
2026-07-26 18:35:48 - INFO - learning_rate          0.0001
2026-07-26 18:35:48 - INFO - output_dir             root/autodl-tmp/results/things_eeg/intra-subjects
2026-07-26 18:35:48 - INFO - output_name            sub-08
2026-07-26 18:35:48 - INFO - train_subject_ids      [8]
2026-07-26 18:35:48 - INFO - test_subject_ids       [8]
2026-07-26 18:35:48 - INFO - data_average           True
2026-07-26 18:35:48 - INFO - data_random            False
2026-07-26 18:35:48 - INFO - init_temperature       0.07
2026-07-26 18:35:48 - INFO - t_learnable            False
2026-07-26 18:35:48 - INFO - softplus               True
2026-07-26 18:35:48 - INFO - alpha                  1.0
2026-07-26 18:35:48 - INFO - beta                   1.0
2026-07-26 18:35:48 - INFO - img_l2norm             True
2026-07-26 18:35:48 - INFO - text_l2norm            False
2026-07-26 18:35:48 - INFO - eeg_l2norm             False
2026-07-26 18:35:48 - INFO - eeg_data_dir           /root/autodl-tmp/data/things_eeg/preprocessed_eeg
2026-07-26 18:35:48 - INFO - selected_channels      ['P7', 'P5', 'P3', 'P1', 'Pz', 'P2', 'P4', 'P6', 'P8', 'PO7', 'PO3', 'POz', 'PO4', 'PO8', 'O1', 'Oz', 'O2']
2026-07-26 18:35:48 - INFO - time_window            [0, 250]
2026-07-26 18:35:48 - INFO - eeg_aug                True
2026-07-26 18:35:48 - INFO - eeg_aug_type           smooth
2026-07-26 18:35:48 - INFO - eeg_encoder_type       EEGProject
2026-07-26 18:35:48 - INFO - image_aug              True
2026-07-26 18:35:48 - INFO - image_test_aug         True
2026-07-26 18:35:48 - INFO - eeg_test_aug           False
2026-07-26 18:35:48 - INFO - frozen_eeg_prior       True
2026-07-26 18:35:48 - INFO - projector              linear
2026-07-26 18:35:48 - INFO - feature_dim            512
2026-07-26 18:35:48 - INFO - image_feature_dir      /root/autodl-tmp/data/things_eeg/image_feature/RN50
2026-07-26 18:35:48 - INFO - aug_image_feature_dirs ['/root/autodl-tmp/data/things_eeg/image_feature/RN50/GaussianBlur-GaussianNoise-LowResolution-Mosaic']
2026-07-26 18:35:48 - INFO - text_feature_dir       
2026-07-26 18:35:48 - INFO - save_weights           True
2026-07-26 18:35:48 - INFO - seed                   2025
2026-07-26 18:35:48 - INFO - Using device: cuda:0
2026-07-26 18:38:16 - INFO - EEG sample points: 250
2026-07-26 18:38:16 - INFO - feature dimension: 1024
2026-07-26 18:38:16 - INFO - data length: 16540
2026-07-26 18:38:16 - INFO - number of channels: 17
2026-07-26 18:38:17 - INFO - EEG Encoder trainable parameters: 5.40M
2026-07-26 18:38:17 - INFO - EEGProject(
  (model): Sequential(
    (0): Linear(in_features=4250, out_features=1024, bias=True)
    (1): ResidualAdd(
      (f): Sequential(
        (0): GELU(approximate='none')
        (1): Linear(in_features=1024, out_features=1024, bias=True)
        (2): Dropout(p=0.3, inplace=False)
      )
    )
    (2): LayerNorm((1024,), eps=1e-05, elementwise_affine=True)
  )
)
2026-07-26 18:38:17 - INFO - Projector trainable parameters: 1.57M
2026-07-26 18:38:17 - INFO - ContrastiveLoss(
  (criterion_cls): CrossEntropyLoss()
  (criterion_mse): MSELoss()
  (softplus): Softplus(beta=1.0, threshold=20.0)
)
2026-07-26 18:38:18 - INFO - Epoch [1/50] Train Loss: 6.9051
2026-07-26 18:38:18 - INFO - top5 acc 22.50%	top1 acc 9.50%	Test Loss: 4.4061
2026-07-26 18:38:19 - INFO - Epoch [2/50] Train Loss: 5.8391
2026-07-26 18:38:19 - INFO - top5 acc 44.00%	top1 acc 17.50%	Test Loss: 3.6204
2026-07-26 18:38:20 - INFO - Epoch [3/50] Train Loss: 5.0826
2026-07-26 18:38:20 - INFO - top5 acc 62.00%	top1 acc 30.00%	Test Loss: 2.6773
2026-07-26 18:38:21 - INFO - Epoch [4/50] Train Loss: 4.3232
2026-07-26 18:38:21 - INFO - top5 acc 78.00%	top1 acc 41.00%	Test Loss: 1.9937
2026-07-26 18:38:22 - INFO - Epoch [5/50] Train Loss: 3.6397
2026-07-26 18:38:22 - INFO - top5 acc 82.50%	top1 acc 47.50%	Test Loss: 1.6517
2026-07-26 18:38:23 - INFO - Epoch [6/50] Train Loss: 3.0581
2026-07-26 18:38:23 - INFO - top5 acc 86.00%	top1 acc 52.50%	Test Loss: 1.4830
2026-07-26 18:38:24 - INFO - Epoch [7/50] Train Loss: 2.5694
2026-07-26 18:38:24 - INFO - top5 acc 89.00%	top1 acc 57.00%	Test Loss: 1.3504
2026-07-26 18:38:25 - INFO - Epoch [8/50] Train Loss: 2.1474
2026-07-26 18:38:25 - INFO - top5 acc 88.50%	top1 acc 56.50%	Test Loss: 1.2813
2026-07-26 18:38:26 - INFO - Epoch [9/50] Train Loss: 1.8189
2026-07-26 18:38:26 - INFO - top5 acc 93.00%	top1 acc 63.00%	Test Loss: 1.1228
2026-07-26 18:38:27 - INFO - Epoch [10/50] Train Loss: 1.5327
2026-07-26 18:38:27 - INFO - top5 acc 92.00%	top1 acc 61.50%	Test Loss: 1.1229
2026-07-26 18:38:28 - INFO - Epoch [11/50] Train Loss: 1.2867
2026-07-26 18:38:28 - INFO - top5 acc 93.50%	top1 acc 64.50%	Test Loss: 1.0275
2026-07-26 18:38:29 - INFO - Epoch [12/50] Train Loss: 1.0824
2026-07-26 18:38:29 - INFO - top5 acc 95.00%	top1 acc 66.50%	Test Loss: 0.9894
2026-07-26 18:38:30 - INFO - Epoch [13/50] Train Loss: 0.9031
2026-07-26 18:38:30 - INFO - top5 acc 92.50%	top1 acc 67.50%	Test Loss: 0.9932
2026-07-26 18:38:30 - INFO - Epoch [14/50] Train Loss: 0.7589
2026-07-26 18:38:31 - INFO - top5 acc 93.00%	top1 acc 66.50%	Test Loss: 1.0188
2026-07-26 18:38:31 - INFO - Epoch [15/50] Train Loss: 0.6315
2026-07-26 18:38:31 - INFO - top5 acc 94.00%	top1 acc 67.00%	Test Loss: 1.0029
2026-07-26 18:38:32 - INFO - Epoch [16/50] Train Loss: 0.5248
2026-07-26 18:38:32 - INFO - top5 acc 93.50%	top1 acc 66.50%	Test Loss: 0.9800
2026-07-26 18:38:33 - INFO - Epoch [17/50] Train Loss: 0.4432
2026-07-26 18:38:33 - INFO - top5 acc 94.50%	top1 acc 68.50%	Test Loss: 0.9723
2026-07-26 18:38:34 - INFO - Epoch [18/50] Train Loss: 0.3721
2026-07-26 18:38:34 - INFO - top5 acc 94.00%	top1 acc 69.00%	Test Loss: 1.0093
2026-07-26 18:38:35 - INFO - Epoch [19/50] Train Loss: 0.3161
2026-07-26 18:38:35 - INFO - top5 acc 95.00%	top1 acc 69.50%	Test Loss: 0.9775
2026-07-26 18:38:36 - INFO - Epoch [20/50] Train Loss: 0.2733
2026-07-26 18:38:36 - INFO - top5 acc 92.50%	top1 acc 72.00%	Test Loss: 0.9488
2026-07-26 18:38:37 - INFO - Epoch [21/50] Train Loss: 0.2379
2026-07-26 18:38:37 - INFO - top5 acc 95.00%	top1 acc 68.50%	Test Loss: 0.9404
2026-07-26 18:38:38 - INFO - Epoch [22/50] Train Loss: 0.2093
2026-07-26 18:38:38 - INFO - top5 acc 93.50%	top1 acc 69.00%	Test Loss: 1.0014
2026-07-26 18:38:39 - INFO - Epoch [23/50] Train Loss: 0.1827
2026-07-26 18:38:39 - INFO - top5 acc 94.00%	top1 acc 69.00%	Test Loss: 0.9533
2026-07-26 18:38:40 - INFO - Epoch [24/50] Train Loss: 0.1648
2026-07-26 18:38:40 - INFO - top5 acc 95.00%	top1 acc 72.50%	Test Loss: 0.9451
2026-07-26 18:38:40 - INFO - Epoch [25/50] Train Loss: 0.1464
2026-07-26 18:38:41 - INFO - top5 acc 94.50%	top1 acc 68.50%	Test Loss: 0.9464
2026-07-26 18:38:41 - INFO - Epoch [26/50] Train Loss: 0.1339
2026-07-26 18:38:41 - INFO - top5 acc 94.00%	top1 acc 71.00%	Test Loss: 0.9687
2026-07-26 18:38:42 - INFO - Epoch [27/50] Train Loss: 0.1237
2026-07-26 18:38:42 - INFO - top5 acc 94.00%	top1 acc 71.00%	Test Loss: 0.9148
2026-07-26 18:38:43 - INFO - Epoch [28/50] Train Loss: 0.1112
2026-07-26 18:38:43 - INFO - top5 acc 94.00%	top1 acc 69.00%	Test Loss: 0.9655
2026-07-26 18:38:44 - INFO - Epoch [29/50] Train Loss: 0.1067
2026-07-26 18:38:44 - INFO - top5 acc 92.50%	top1 acc 69.50%	Test Loss: 0.9975
2026-07-26 18:38:45 - INFO - Epoch [30/50] Train Loss: 0.0962
2026-07-26 18:38:45 - INFO - top5 acc 94.50%	top1 acc 68.50%	Test Loss: 1.0021
2026-07-26 18:38:46 - INFO - Epoch [31/50] Train Loss: 0.0874
2026-07-26 18:38:46 - INFO - top5 acc 95.00%	top1 acc 70.00%	Test Loss: 0.9483
2026-07-26 18:38:47 - INFO - Epoch [32/50] Train Loss: 0.0804
2026-07-26 18:38:47 - INFO - top5 acc 96.00%	top1 acc 71.00%	Test Loss: 0.9585
2026-07-26 18:38:48 - INFO - Epoch [33/50] Train Loss: 0.0777
2026-07-26 18:38:48 - INFO - top5 acc 94.50%	top1 acc 71.50%	Test Loss: 0.9639
2026-07-26 18:38:48 - INFO - Epoch [34/50] Train Loss: 0.0725
2026-07-26 18:38:49 - INFO - top5 acc 96.00%	top1 acc 70.00%	Test Loss: 1.0105
2026-07-26 18:38:49 - INFO - Epoch [35/50] Train Loss: 0.0656
2026-07-26 18:38:49 - INFO - top5 acc 96.00%	top1 acc 69.50%	Test Loss: 0.9612
2026-07-26 18:38:50 - INFO - Epoch [36/50] Train Loss: 0.0640
2026-07-26 18:38:50 - INFO - top5 acc 94.50%	top1 acc 68.50%	Test Loss: 1.0146
2026-07-26 18:38:51 - INFO - Epoch [37/50] Train Loss: 0.0601
2026-07-26 18:38:51 - INFO - top5 acc 95.50%	top1 acc 70.00%	Test Loss: 0.9811
2026-07-26 18:38:52 - INFO - Epoch [38/50] Train Loss: 0.0556
2026-07-26 18:38:52 - INFO - top5 acc 95.00%	top1 acc 69.50%	Test Loss: 0.9705
2026-07-26 18:38:52 - INFO - Epoch [39/50] Train Loss: 0.0541
2026-07-26 18:38:53 - INFO - top5 acc 95.50%	top1 acc 68.50%	Test Loss: 0.9723
2026-07-26 18:38:53 - INFO - Epoch [40/50] Train Loss: 0.0510
2026-07-26 18:38:53 - INFO - top5 acc 94.00%	top1 acc 71.00%	Test Loss: 0.9838
2026-07-26 18:38:54 - INFO - Epoch [41/50] Train Loss: 0.0465
2026-07-26 18:38:54 - INFO - top5 acc 95.50%	top1 acc 69.50%	Test Loss: 0.9809
2026-07-26 18:38:55 - INFO - Epoch [42/50] Train Loss: 0.0446
2026-07-26 18:38:55 - INFO - top5 acc 94.50%	top1 acc 69.00%	Test Loss: 0.9978
2026-07-26 18:38:56 - INFO - Epoch [43/50] Train Loss: 0.0416
2026-07-26 18:38:56 - INFO - top5 acc 94.50%	top1 acc 70.50%	Test Loss: 0.9974
2026-07-26 18:38:57 - INFO - Epoch [44/50] Train Loss: 0.0401
2026-07-26 18:38:57 - INFO - top5 acc 96.00%	top1 acc 70.00%	Test Loss: 0.9657
2026-07-26 18:38:58 - INFO - Epoch [45/50] Train Loss: 0.0384
2026-07-26 18:38:58 - INFO - top5 acc 96.00%	top1 acc 69.50%	Test Loss: 0.9756
2026-07-26 18:38:58 - INFO - Epoch [46/50] Train Loss: 0.0363
2026-07-26 18:38:59 - INFO - top5 acc 94.50%	top1 acc 68.50%	Test Loss: 1.0138
2026-07-26 18:38:59 - INFO - Epoch [47/50] Train Loss: 0.0354
2026-07-26 18:38:59 - INFO - top5 acc 94.50%	top1 acc 69.50%	Test Loss: 1.0243
2026-07-26 18:39:00 - INFO - Epoch [48/50] Train Loss: 0.0330
2026-07-26 18:39:00 - INFO - top5 acc 94.50%	top1 acc 68.50%	Test Loss: 1.0168
2026-07-26 18:39:01 - INFO - Epoch [49/50] Train Loss: 0.0320
2026-07-26 18:39:01 - INFO - top5 acc 94.00%	top1 acc 69.50%	Test Loss: 1.0244
2026-07-26 18:39:02 - INFO - Epoch [50/50] Train Loss: 0.0307
2026-07-26 18:39:02 - INFO - top5 acc 94.50%	top1 acc 70.00%	Test Loss: 1.0180
2026-07-26 18:39:02 - INFO - best test loss: 0.9148 top5 acc: 94.00 top1 acc: 71.00 at epoch 27
