2026-07-30 00:26:58 - INFO - Input arguments:
2026-07-30 00:26:58 - INFO - device                 cuda:0
2026-07-30 00:26:58 - INFO - num_epochs             50
2026-07-30 00:26:58 - INFO - batch_size             1024
2026-07-30 00:26:58 - INFO - learning_rate          0.0001
2026-07-30 00:26:58 - INFO - output_dir             ./autodl-tmp/results/things_eeg/inter-subjects
2026-07-30 00:26:58 - INFO - output_name            sub-01
2026-07-30 00:26:58 - INFO - train_subject_ids      [2, 3, 4, 5, 6, 7, 8, 9, 10]
2026-07-30 00:26:58 - INFO - test_subject_ids       [1]
2026-07-30 00:26:58 - INFO - data_average           True
2026-07-30 00:26:58 - INFO - data_random            False
2026-07-30 00:26:58 - INFO - init_temperature       0.07
2026-07-30 00:26:58 - INFO - t_learnable            False
2026-07-30 00:26:58 - INFO - softplus               True
2026-07-30 00:26:58 - INFO - alpha                  1.0
2026-07-30 00:26:58 - INFO - beta                   1.0
2026-07-30 00:26:58 - INFO - img_l2norm             True
2026-07-30 00:26:58 - INFO - text_l2norm            False
2026-07-30 00:26:58 - INFO - eeg_l2norm             False
2026-07-30 00:26:58 - INFO - eeg_data_dir           /root/autodl-tmp/data/things_eeg/preprocessed_eeg
2026-07-30 00:26:58 - INFO - selected_channels      []
2026-07-30 00:26:58 - INFO - time_window            [0, 250]
2026-07-30 00:26:58 - INFO - eeg_aug                True
2026-07-30 00:26:58 - INFO - eeg_aug_type           smooth
2026-07-30 00:26:58 - INFO - eeg_encoder_type       TSConv
2026-07-30 00:26:58 - INFO - image_aug              True
2026-07-30 00:26:58 - INFO - image_test_aug         True
2026-07-30 00:26:58 - INFO - eeg_test_aug           False
2026-07-30 00:26:58 - INFO - frozen_eeg_prior       True
2026-07-30 00:26:58 - INFO - projector              linear
2026-07-30 00:26:58 - INFO - feature_dim            512
2026-07-30 00:26:58 - INFO - image_feature_dir      /root/autodl-tmp/data/things_eeg/image_feature/RN50
2026-07-30 00:26:58 - INFO - aug_image_feature_dirs ['/root/autodl-tmp/data/things_eeg/image_feature/RN50/GaussianBlur-GaussianNoise-LowResolution-Mosaic']
2026-07-30 00:26:58 - INFO - text_feature_dir       
2026-07-30 00:26:58 - INFO - save_weights           True
2026-07-30 00:26:58 - INFO - seed                   1234
2026-07-30 00:26:58 - INFO - Using device: cuda:0
2026-07-30 01:36:48 - INFO - EEG sample points: 250
2026-07-30 01:36:48 - INFO - feature dimension: 1024
2026-07-30 01:36:48 - INFO - data length: 148860
2026-07-30 01:36:48 - INFO - number of channels: 63
2026-07-30 01:36:49 - INFO - EEG Encoder trainable parameters: 2.63M
2026-07-30 01:36:49 - INFO - TSConv(
  (tsconv): Sequential(
    (0): Conv2d(1, 40, kernel_size=(1, 25), stride=(1, 1))
    (1): AvgPool2d(kernel_size=(1, 51), stride=(1, 5), padding=0)
    (2): BatchNorm2d(40, eps=1e-05, momentum=0.1, affine=True, track_running_stats=True)
    (3): ELU(alpha=1.0)
    (4): Conv2d(40, 40, kernel_size=(63, 1), stride=(1, 1))
    (5): BatchNorm2d(40, eps=1e-05, momentum=0.1, affine=True, track_running_stats=True)
    (6): ELU(alpha=1.0)
    (7): Dropout(p=0.5, inplace=False)
  )
  (projection): Conv2d(40, 40, kernel_size=(1, 1), stride=(1, 1))
  (proj_eeg): Sequential(
    (0): Linear(in_features=1440, out_features=1024, bias=True)
    (1): ResidualAdd(
      (f): Sequential(
        (0): GELU(approximate='none')
        (1): Linear(in_features=1024, out_features=1024, bias=True)
        (2): Dropout(p=0.5, inplace=False)
      )
    )
    (2): LayerNorm((1024,), eps=1e-05, elementwise_affine=True)
  )
)
2026-07-30 01:36:49 - INFO - Projector trainable parameters: 1.57M
2026-07-30 01:36:49 - INFO - ContrastiveLoss(
  (criterion_cls): CrossEntropyLoss()
  (criterion_mse): MSELoss()
  (softplus): Softplus(beta=1.0, threshold=20.0)
)
2026-07-30 01:37:23 - INFO - Epoch [1/50] Train Loss: 6.4719
2026-07-30 01:37:23 - INFO - top5 acc 25.00%	top1 acc 8.50%	Test Loss: 4.0082
2026-07-30 01:37:56 - INFO - Epoch [2/50] Train Loss: 5.8718
2026-07-30 01:37:56 - INFO - top5 acc 34.00%	top1 acc 11.00%	Test Loss: 3.6965
2026-07-30 01:38:29 - INFO - Epoch [3/50] Train Loss: 5.6629
2026-07-30 01:38:29 - INFO - top5 acc 38.50%	top1 acc 14.00%	Test Loss: 3.5382
2026-07-30 01:39:03 - INFO - Epoch [4/50] Train Loss: 5.5214
2026-07-30 01:39:03 - INFO - top5 acc 42.50%	top1 acc 15.00%	Test Loss: 3.4470
2026-07-30 01:39:31 - INFO - Epoch [5/50] Train Loss: 5.4107
2026-07-30 01:39:31 - INFO - top5 acc 42.00%	top1 acc 19.50%	Test Loss: 3.3579
2026-07-30 01:39:56 - INFO - Epoch [6/50] Train Loss: 5.3329
2026-07-30 01:39:56 - INFO - top5 acc 44.00%	top1 acc 17.00%	Test Loss: 3.3479
2026-07-30 01:40:21 - INFO - Epoch [7/50] Train Loss: 5.2641
2026-07-30 01:40:21 - INFO - top5 acc 45.50%	top1 acc 17.50%	Test Loss: 3.3283
2026-07-30 01:40:46 - INFO - Epoch [8/50] Train Loss: 5.2029
2026-07-30 01:40:46 - INFO - top5 acc 45.50%	top1 acc 17.50%	Test Loss: 3.2584
2026-07-30 01:41:11 - INFO - Epoch [9/50] Train Loss: 5.1491
2026-07-30 01:41:11 - INFO - top5 acc 47.50%	top1 acc 17.00%	Test Loss: 3.2338
2026-07-30 01:41:36 - INFO - Epoch [10/50] Train Loss: 5.0948
2026-07-30 01:41:36 - INFO - top5 acc 53.00%	top1 acc 16.50%	Test Loss: 3.2420
2026-07-30 01:42:01 - INFO - Epoch [11/50] Train Loss: 5.0383
2026-07-30 01:42:01 - INFO - top5 acc 50.50%	top1 acc 15.50%	Test Loss: 3.2441
2026-07-30 01:42:26 - INFO - Epoch [12/50] Train Loss: 4.9878
2026-07-30 01:42:26 - INFO - top5 acc 46.00%	top1 acc 15.50%	Test Loss: 3.2956
2026-07-30 01:42:51 - INFO - Epoch [13/50] Train Loss: 4.9427
2026-07-30 01:42:51 - INFO - top5 acc 52.00%	top1 acc 16.50%	Test Loss: 3.1951
2026-07-30 01:43:16 - INFO - Epoch [14/50] Train Loss: 4.8962
2026-07-30 01:43:16 - INFO - top5 acc 47.00%	top1 acc 16.00%	Test Loss: 3.2737
2026-07-30 01:43:42 - INFO - Epoch [15/50] Train Loss: 4.8538
2026-07-30 01:43:42 - INFO - top5 acc 52.50%	top1 acc 19.50%	Test Loss: 3.1848
2026-07-30 01:44:07 - INFO - Epoch [16/50] Train Loss: 4.8095
2026-07-30 01:44:07 - INFO - top5 acc 54.00%	top1 acc 19.00%	Test Loss: 3.1832
2026-07-30 01:44:32 - INFO - Epoch [17/50] Train Loss: 4.7624
2026-07-30 01:44:32 - INFO - top5 acc 49.50%	top1 acc 21.00%	Test Loss: 3.1987
2026-07-30 01:44:57 - INFO - Epoch [18/50] Train Loss: 4.7237
2026-07-30 01:44:57 - INFO - top5 acc 49.00%	top1 acc 20.50%	Test Loss: 3.2009
2026-07-30 01:45:22 - INFO - Epoch [19/50] Train Loss: 4.6827
2026-07-30 01:45:22 - INFO - top5 acc 53.50%	top1 acc 22.50%	Test Loss: 3.1484
2026-07-30 01:45:46 - INFO - Epoch [20/50] Train Loss: 4.6417
2026-07-30 01:45:47 - INFO - top5 acc 50.00%	top1 acc 20.00%	Test Loss: 3.1849
2026-07-30 01:46:11 - INFO - Epoch [21/50] Train Loss: 4.6009
2026-07-30 01:46:11 - INFO - top5 acc 50.50%	top1 acc 19.50%	Test Loss: 3.2560
2026-07-30 01:46:37 - INFO - Epoch [22/50] Train Loss: 4.5621
2026-07-30 01:46:37 - INFO - top5 acc 46.50%	top1 acc 16.50%	Test Loss: 3.2844
2026-07-30 01:47:02 - INFO - Epoch [23/50] Train Loss: 4.5280
2026-07-30 01:47:02 - INFO - top5 acc 50.50%	top1 acc 21.50%	Test Loss: 3.1883
2026-07-30 01:47:27 - INFO - Epoch [24/50] Train Loss: 4.4850
2026-07-30 01:47:27 - INFO - top5 acc 50.00%	top1 acc 25.00%	Test Loss: 3.1316
2026-07-30 01:47:52 - INFO - Epoch [25/50] Train Loss: 4.4493
2026-07-30 01:47:52 - INFO - top5 acc 49.50%	top1 acc 20.00%	Test Loss: 3.1900
2026-07-30 01:48:16 - INFO - Epoch [26/50] Train Loss: 4.4110
2026-07-30 01:48:16 - INFO - top5 acc 52.50%	top1 acc 22.00%	Test Loss: 3.1645
2026-07-30 01:48:41 - INFO - Epoch [27/50] Train Loss: 4.3826
2026-07-30 01:48:41 - INFO - top5 acc 48.00%	top1 acc 20.00%	Test Loss: 3.1640
2026-07-30 01:49:06 - INFO - Epoch [28/50] Train Loss: 4.3398
2026-07-30 01:49:06 - INFO - top5 acc 49.00%	top1 acc 22.00%	Test Loss: 3.2268
2026-07-30 01:49:31 - INFO - Epoch [29/50] Train Loss: 4.3074
2026-07-30 01:49:31 - INFO - top5 acc 49.00%	top1 acc 21.50%	Test Loss: 3.1871
2026-07-30 01:49:56 - INFO - Epoch [30/50] Train Loss: 4.2762
2026-07-30 01:49:56 - INFO - top5 acc 42.00%	top1 acc 17.50%	Test Loss: 3.2894
2026-07-30 01:50:21 - INFO - Epoch [31/50] Train Loss: 4.2462
2026-07-30 01:50:21 - INFO - top5 acc 48.00%	top1 acc 20.00%	Test Loss: 3.2136
2026-07-30 01:50:45 - INFO - Epoch [32/50] Train Loss: 4.2093
2026-07-30 01:50:46 - INFO - top5 acc 49.00%	top1 acc 18.50%	Test Loss: 3.2408
2026-07-30 01:51:11 - INFO - Epoch [33/50] Train Loss: 4.1785
2026-07-30 01:51:11 - INFO - top5 acc 43.50%	top1 acc 19.50%	Test Loss: 3.2411
2026-07-30 01:51:35 - INFO - Epoch [34/50] Train Loss: 4.1511
2026-07-30 01:51:35 - INFO - top5 acc 47.00%	top1 acc 19.50%	Test Loss: 3.2234
2026-07-30 01:52:00 - INFO - Epoch [35/50] Train Loss: 4.1182
2026-07-30 01:52:00 - INFO - top5 acc 46.50%	top1 acc 18.50%	Test Loss: 3.2171
2026-07-30 01:52:25 - INFO - Epoch [36/50] Train Loss: 4.0902
2026-07-30 01:52:25 - INFO - top5 acc 48.00%	top1 acc 22.00%	Test Loss: 3.1520
2026-07-30 01:52:50 - INFO - Epoch [37/50] Train Loss: 4.0586
2026-07-30 01:52:51 - INFO - top5 acc 47.00%	top1 acc 19.00%	Test Loss: 3.2237
2026-07-30 01:53:16 - INFO - Epoch [38/50] Train Loss: 4.0331
2026-07-30 01:53:16 - INFO - top5 acc 46.50%	top1 acc 20.00%	Test Loss: 3.2190
2026-07-30 01:53:40 - INFO - Epoch [39/50] Train Loss: 4.0088
2026-07-30 01:53:41 - INFO - top5 acc 45.00%	top1 acc 18.50%	Test Loss: 3.2389
2026-07-30 01:54:06 - INFO - Epoch [40/50] Train Loss: 3.9805
2026-07-30 01:54:06 - INFO - top5 acc 46.50%	top1 acc 19.50%	Test Loss: 3.2042
2026-07-30 01:54:30 - INFO - Epoch [41/50] Train Loss: 3.9515
2026-07-30 01:54:30 - INFO - top5 acc 46.50%	top1 acc 18.50%	Test Loss: 3.2447
2026-07-30 01:54:55 - INFO - Epoch [42/50] Train Loss: 3.9261
2026-07-30 01:54:55 - INFO - top5 acc 45.50%	top1 acc 18.00%	Test Loss: 3.2294
2026-07-30 01:55:20 - INFO - Epoch [43/50] Train Loss: 3.9071
2026-07-30 01:55:20 - INFO - top5 acc 49.00%	top1 acc 20.00%	Test Loss: 3.2044
2026-07-30 01:55:45 - INFO - Epoch [44/50] Train Loss: 3.8783
2026-07-30 01:55:45 - INFO - top5 acc 48.00%	top1 acc 18.50%	Test Loss: 3.3019
2026-07-30 01:56:10 - INFO - Epoch [45/50] Train Loss: 3.8591
2026-07-30 01:56:10 - INFO - top5 acc 46.50%	top1 acc 20.00%	Test Loss: 3.2162
2026-07-30 01:56:35 - INFO - Epoch [46/50] Train Loss: 3.8285
2026-07-30 01:56:35 - INFO - top5 acc 52.50%	top1 acc 22.00%	Test Loss: 3.1276
2026-07-30 01:57:00 - INFO - Epoch [47/50] Train Loss: 3.8114
2026-07-30 01:57:00 - INFO - top5 acc 47.00%	top1 acc 22.00%	Test Loss: 3.2010
2026-07-30 01:57:25 - INFO - Epoch [48/50] Train Loss: 3.7881
2026-07-30 01:57:25 - INFO - top5 acc 48.00%	top1 acc 21.50%	Test Loss: 3.2865
2026-07-30 01:57:51 - INFO - Epoch [49/50] Train Loss: 3.7650
2026-07-30 01:57:51 - INFO - top5 acc 51.50%	top1 acc 17.00%	Test Loss: 3.2499
2026-07-30 01:58:16 - INFO - Epoch [50/50] Train Loss: 3.7454
2026-07-30 01:58:16 - INFO - top5 acc 49.50%	top1 acc 20.00%	Test Loss: 3.2527
2026-07-30 01:58:16 - INFO - best test loss: 3.1276 top5 acc: 52.50 top1 acc: 22.00 at epoch 46
