2026-07-26 18:51:18 - INFO - Input arguments:
2026-07-26 18:51:18 - INFO - device                 cuda:0
2026-07-26 18:51:18 - INFO - num_epochs             50
2026-07-26 18:51:18 - INFO - batch_size             1024
2026-07-26 18:51:18 - INFO - learning_rate          0.0001
2026-07-26 18:51:18 - INFO - output_dir             ./autodl-tmp/results/things_eeg/inter-subjects
2026-07-26 18:51:18 - INFO - output_name            sub-01
2026-07-26 18:51:18 - INFO - train_subject_ids      [2, 3, 4, 5, 6, 7, 8, 9, 10]
2026-07-26 18:51:18 - INFO - test_subject_ids       [1]
2026-07-26 18:51:18 - INFO - data_average           True
2026-07-26 18:51:18 - INFO - data_random            False
2026-07-26 18:51:18 - INFO - init_temperature       0.07
2026-07-26 18:51:18 - INFO - t_learnable            False
2026-07-26 18:51:18 - INFO - softplus               True
2026-07-26 18:51:18 - INFO - alpha                  1.0
2026-07-26 18:51:18 - INFO - beta                   1.0
2026-07-26 18:51:18 - INFO - img_l2norm             True
2026-07-26 18:51:18 - INFO - text_l2norm            False
2026-07-26 18:51:18 - INFO - eeg_l2norm             False
2026-07-26 18:51:18 - INFO - eeg_data_dir           /root/autodl-tmp/data/things_eeg/preprocessed_eeg
2026-07-26 18:51:18 - INFO - selected_channels      []
2026-07-26 18:51:18 - INFO - time_window            [0, 250]
2026-07-26 18:51:18 - INFO - eeg_aug                True
2026-07-26 18:51:18 - INFO - eeg_aug_type           smooth
2026-07-26 18:51:18 - INFO - eeg_encoder_type       TSConv
2026-07-26 18:51:18 - INFO - image_aug              True
2026-07-26 18:51:18 - INFO - image_test_aug         True
2026-07-26 18:51:18 - INFO - eeg_test_aug           False
2026-07-26 18:51:18 - INFO - frozen_eeg_prior       True
2026-07-26 18:51:18 - INFO - projector              linear
2026-07-26 18:51:18 - INFO - feature_dim            512
2026-07-26 18:51:18 - INFO - image_feature_dir      /root/autodl-tmp/data/things_eeg/image_feature/RN50
2026-07-26 18:51:18 - INFO - aug_image_feature_dirs ['/root/autodl-tmp/data/things_eeg/image_feature/RN50/GaussianBlur-GaussianNoise-LowResolution-Mosaic']
2026-07-26 18:51:18 - INFO - text_feature_dir       
2026-07-26 18:51:18 - INFO - save_weights           True
2026-07-26 18:51:18 - INFO - seed                   2025
2026-07-26 18:51:18 - INFO - Using device: cuda:0
2026-07-26 20:10:44 - INFO - EEG sample points: 250
2026-07-26 20:10:44 - INFO - feature dimension: 1024
2026-07-26 20:10:44 - INFO - data length: 148860
2026-07-26 20:10:44 - INFO - number of channels: 63
2026-07-26 20:10:45 - INFO - EEG Encoder trainable parameters: 2.63M
2026-07-26 20:10:45 - INFO - TSConv(
  (tsconv): Sequential(
    (0): Conv2d(1, 40, kernel_size=(1, 25), stride=(1, 1))
    (1): AvgPool2d(kernel_size=(1, 51), stride=(1, 5), padding=0)
    (2): BatchNorm2d(40, eps=1e-05, momentum=0.1, affine=True, track_running_stats=True)
    (3): ELU(alpha=1.0)
    (4): Conv2d(40, 40, kernel_size=(63, 1), stride=(1, 1))
    (5): BatchNorm2d(40, eps=1e-05, momentum=0.1, affine=True, track_running_stats=True)
    (6): ELU(alpha=1.0)
    (7): Dropout(p=0.5, inplace=False)
  )
  (projection): Conv2d(40, 40, kernel_size=(1, 1), stride=(1, 1))
  (proj_eeg): Sequential(
    (0): Linear(in_features=1440, out_features=1024, bias=True)
    (1): ResidualAdd(
      (f): Sequential(
        (0): GELU(approximate='none')
        (1): Linear(in_features=1024, out_features=1024, bias=True)
        (2): Dropout(p=0.5, inplace=False)
      )
    )
    (2): LayerNorm((1024,), eps=1e-05, elementwise_affine=True)
  )
)
2026-07-26 20:10:45 - INFO - Projector trainable parameters: 1.57M
2026-07-26 20:10:45 - INFO - ContrastiveLoss(
  (criterion_cls): CrossEntropyLoss()
  (criterion_mse): MSELoss()
  (softplus): Softplus(beta=1.0, threshold=20.0)
)
2026-07-26 20:11:14 - INFO - Epoch [1/50] Train Loss: 6.5571
2026-07-26 20:11:14 - INFO - top5 acc 25.50%	top1 acc 6.50%	Test Loss: 4.0861
2026-07-26 20:11:41 - INFO - Epoch [2/50] Train Loss: 5.9169
2026-07-26 20:11:41 - INFO - top5 acc 31.00%	top1 acc 11.00%	Test Loss: 3.7947
2026-07-26 20:12:09 - INFO - Epoch [3/50] Train Loss: 5.6729
2026-07-26 20:12:09 - INFO - top5 acc 39.00%	top1 acc 13.00%	Test Loss: 3.6202
2026-07-26 20:12:35 - INFO - Epoch [4/50] Train Loss: 5.5284
2026-07-26 20:12:35 - INFO - top5 acc 38.50%	top1 acc 12.50%	Test Loss: 3.5198
2026-07-26 20:13:01 - INFO - Epoch [5/50] Train Loss: 5.4144
2026-07-26 20:13:01 - INFO - top5 acc 40.00%	top1 acc 15.00%	Test Loss: 3.4704
2026-07-26 20:13:27 - INFO - Epoch [6/50] Train Loss: 5.3270
2026-07-26 20:13:27 - INFO - top5 acc 42.00%	top1 acc 16.50%	Test Loss: 3.4100
2026-07-26 20:13:54 - INFO - Epoch [7/50] Train Loss: 5.2555
2026-07-26 20:13:54 - INFO - top5 acc 46.00%	top1 acc 17.00%	Test Loss: 3.2960
2026-07-26 20:14:20 - INFO - Epoch [8/50] Train Loss: 5.1931
2026-07-26 20:14:20 - INFO - top5 acc 48.50%	top1 acc 19.00%	Test Loss: 3.2821
2026-07-26 20:14:48 - INFO - Epoch [9/50] Train Loss: 5.1361
2026-07-26 20:14:48 - INFO - top5 acc 47.50%	top1 acc 18.50%	Test Loss: 3.2515
2026-07-26 20:15:16 - INFO - Epoch [10/50] Train Loss: 5.0766
2026-07-26 20:15:16 - INFO - top5 acc 51.00%	top1 acc 19.00%	Test Loss: 3.1879
2026-07-26 20:15:44 - INFO - Epoch [11/50] Train Loss: 5.0248
2026-07-26 20:15:44 - INFO - top5 acc 53.50%	top1 acc 20.00%	Test Loss: 3.1770
2026-07-26 20:16:11 - INFO - Epoch [12/50] Train Loss: 4.9746
2026-07-26 20:16:11 - INFO - top5 acc 52.50%	top1 acc 20.50%	Test Loss: 3.1601
2026-07-26 20:16:37 - INFO - Epoch [13/50] Train Loss: 4.9260
2026-07-26 20:16:38 - INFO - top5 acc 50.50%	top1 acc 20.00%	Test Loss: 3.1425
2026-07-26 20:17:04 - INFO - Epoch [14/50] Train Loss: 4.8799
2026-07-26 20:17:04 - INFO - top5 acc 50.00%	top1 acc 20.00%	Test Loss: 3.2211
2026-07-26 20:17:30 - INFO - Epoch [15/50] Train Loss: 4.8335
2026-07-26 20:17:30 - INFO - top5 acc 50.00%	top1 acc 19.00%	Test Loss: 3.1486
2026-07-26 20:17:57 - INFO - Epoch [16/50] Train Loss: 4.7920
2026-07-26 20:17:57 - INFO - top5 acc 53.00%	top1 acc 19.00%	Test Loss: 3.1075
2026-07-26 20:18:23 - INFO - Epoch [17/50] Train Loss: 4.7482
2026-07-26 20:18:23 - INFO - top5 acc 52.50%	top1 acc 19.50%	Test Loss: 3.1416
2026-07-26 20:18:50 - INFO - Epoch [18/50] Train Loss: 4.7002
2026-07-26 20:18:50 - INFO - top5 acc 54.50%	top1 acc 18.00%	Test Loss: 3.1183
2026-07-26 20:19:17 - INFO - Epoch [19/50] Train Loss: 4.6589
2026-07-26 20:19:17 - INFO - top5 acc 51.50%	top1 acc 19.50%	Test Loss: 3.1150
2026-07-26 20:19:43 - INFO - Epoch [20/50] Train Loss: 4.6195
2026-07-26 20:19:43 - INFO - top5 acc 53.00%	top1 acc 23.00%	Test Loss: 3.0804
2026-07-26 20:20:09 - INFO - Epoch [21/50] Train Loss: 4.5794
2026-07-26 20:20:10 - INFO - top5 acc 52.50%	top1 acc 21.50%	Test Loss: 3.1016
2026-07-26 20:20:36 - INFO - Epoch [22/50] Train Loss: 4.5356
2026-07-26 20:20:36 - INFO - top5 acc 52.00%	top1 acc 20.50%	Test Loss: 3.0876
2026-07-26 20:21:02 - INFO - Epoch [23/50] Train Loss: 4.5025
2026-07-26 20:21:02 - INFO - top5 acc 51.50%	top1 acc 18.50%	Test Loss: 3.1099
2026-07-26 20:21:29 - INFO - Epoch [24/50] Train Loss: 4.4621
2026-07-26 20:21:29 - INFO - top5 acc 55.00%	top1 acc 23.00%	Test Loss: 3.0593
2026-07-26 20:21:55 - INFO - Epoch [25/50] Train Loss: 4.4241
2026-07-26 20:21:55 - INFO - top5 acc 52.50%	top1 acc 23.00%	Test Loss: 3.0616
2026-07-26 20:22:21 - INFO - Epoch [26/50] Train Loss: 4.3851
2026-07-26 20:22:21 - INFO - top5 acc 54.00%	top1 acc 22.00%	Test Loss: 3.0250
2026-07-26 20:22:48 - INFO - Epoch [27/50] Train Loss: 4.3527
2026-07-26 20:22:48 - INFO - top5 acc 54.00%	top1 acc 21.00%	Test Loss: 3.0477
2026-07-26 20:23:14 - INFO - Epoch [28/50] Train Loss: 4.3116
2026-07-26 20:23:14 - INFO - top5 acc 54.00%	top1 acc 23.50%	Test Loss: 3.0068
2026-07-26 20:23:41 - INFO - Epoch [29/50] Train Loss: 4.2845
2026-07-26 20:23:41 - INFO - top5 acc 53.00%	top1 acc 22.00%	Test Loss: 3.0800
2026-07-26 20:24:07 - INFO - Epoch [30/50] Train Loss: 4.2541
2026-07-26 20:24:07 - INFO - top5 acc 52.50%	top1 acc 22.00%	Test Loss: 3.0448
2026-07-26 20:24:34 - INFO - Epoch [31/50] Train Loss: 4.2189
2026-07-26 20:24:34 - INFO - top5 acc 52.00%	top1 acc 22.50%	Test Loss: 3.0001
2026-07-26 20:25:00 - INFO - Epoch [32/50] Train Loss: 4.1863
2026-07-26 20:25:00 - INFO - top5 acc 53.50%	top1 acc 23.50%	Test Loss: 3.0290
2026-07-26 20:25:26 - INFO - Epoch [33/50] Train Loss: 4.1564
2026-07-26 20:25:27 - INFO - top5 acc 52.50%	top1 acc 23.50%	Test Loss: 3.0658
2026-07-26 20:25:53 - INFO - Epoch [34/50] Train Loss: 4.1223
2026-07-26 20:25:53 - INFO - top5 acc 55.50%	top1 acc 21.00%	Test Loss: 3.0785
2026-07-26 20:26:20 - INFO - Epoch [35/50] Train Loss: 4.0944
2026-07-26 20:26:20 - INFO - top5 acc 52.50%	top1 acc 23.50%	Test Loss: 3.0043
2026-07-26 20:26:46 - INFO - Epoch [36/50] Train Loss: 4.0684
2026-07-26 20:26:46 - INFO - top5 acc 53.00%	top1 acc 21.00%	Test Loss: 3.0474
2026-07-26 20:27:13 - INFO - Epoch [37/50] Train Loss: 4.0357
2026-07-26 20:27:13 - INFO - top5 acc 55.50%	top1 acc 22.50%	Test Loss: 2.9883
2026-07-26 20:27:40 - INFO - Epoch [38/50] Train Loss: 4.0055
2026-07-26 20:27:41 - INFO - top5 acc 51.50%	top1 acc 25.50%	Test Loss: 3.0182
2026-07-26 20:28:07 - INFO - Epoch [39/50] Train Loss: 3.9853
2026-07-26 20:28:07 - INFO - top5 acc 55.00%	top1 acc 26.50%	Test Loss: 2.9979
2026-07-26 20:28:34 - INFO - Epoch [40/50] Train Loss: 3.9598
2026-07-26 20:28:34 - INFO - top5 acc 54.00%	top1 acc 25.00%	Test Loss: 3.0060
2026-07-26 20:29:01 - INFO - Epoch [41/50] Train Loss: 3.9340
2026-07-26 20:29:01 - INFO - top5 acc 53.00%	top1 acc 22.50%	Test Loss: 3.0268
2026-07-26 20:29:28 - INFO - Epoch [42/50] Train Loss: 3.9076
2026-07-26 20:29:28 - INFO - top5 acc 54.50%	top1 acc 26.00%	Test Loss: 3.0277
2026-07-26 20:29:55 - INFO - Epoch [43/50] Train Loss: 3.8840
2026-07-26 20:29:55 - INFO - top5 acc 52.00%	top1 acc 25.00%	Test Loss: 3.0678
2026-07-26 20:30:22 - INFO - Epoch [44/50] Train Loss: 3.8636
2026-07-26 20:30:22 - INFO - top5 acc 56.00%	top1 acc 23.50%	Test Loss: 3.0323
2026-07-26 20:30:49 - INFO - Epoch [45/50] Train Loss: 3.8379
2026-07-26 20:30:49 - INFO - top5 acc 55.00%	top1 acc 24.00%	Test Loss: 3.0251
2026-07-26 20:31:16 - INFO - Epoch [46/50] Train Loss: 3.8115
2026-07-26 20:31:16 - INFO - top5 acc 51.50%	top1 acc 23.00%	Test Loss: 3.0411
2026-07-26 20:31:42 - INFO - Epoch [47/50] Train Loss: 3.7868
2026-07-26 20:31:43 - INFO - top5 acc 52.50%	top1 acc 23.00%	Test Loss: 3.0982
2026-07-26 20:32:09 - INFO - Epoch [48/50] Train Loss: 3.7651
2026-07-26 20:32:09 - INFO - top5 acc 50.50%	top1 acc 22.50%	Test Loss: 3.1205
2026-07-26 20:32:36 - INFO - Epoch [49/50] Train Loss: 3.7417
2026-07-26 20:32:36 - INFO - top5 acc 52.50%	top1 acc 23.00%	Test Loss: 3.0712
2026-07-26 20:33:02 - INFO - Epoch [50/50] Train Loss: 3.7200
2026-07-26 20:33:02 - INFO - top5 acc 52.00%	top1 acc 21.00%	Test Loss: 3.0904
2026-07-26 20:33:02 - INFO - best test loss: 2.9883 top5 acc: 55.50 top1 acc: 22.50 at epoch 37
