2026-07-30 01:39:18 - INFO - Input arguments:
2026-07-30 01:39:18 - INFO - device                 cuda:0
2026-07-30 01:39:18 - INFO - num_epochs             50
2026-07-30 01:39:18 - INFO - batch_size             1024
2026-07-30 01:39:18 - INFO - learning_rate          0.0001
2026-07-30 01:39:18 - INFO - output_dir             ./autodl-tmp/results/things_eeg/inter-subjects
2026-07-30 01:39:18 - INFO - output_name            sub-10
2026-07-30 01:39:18 - INFO - train_subject_ids      [1, 2, 3, 4, 5, 6, 7, 8, 9]
2026-07-30 01:39:18 - INFO - test_subject_ids       [10]
2026-07-30 01:39:18 - INFO - data_average           True
2026-07-30 01:39:18 - INFO - data_random            False
2026-07-30 01:39:18 - INFO - init_temperature       0.07
2026-07-30 01:39:18 - INFO - t_learnable            False
2026-07-30 01:39:18 - INFO - softplus               True
2026-07-30 01:39:18 - INFO - alpha                  1.0
2026-07-30 01:39:18 - INFO - beta                   1.0
2026-07-30 01:39:18 - INFO - img_l2norm             True
2026-07-30 01:39:18 - INFO - text_l2norm            False
2026-07-30 01:39:18 - INFO - eeg_l2norm             False
2026-07-30 01:39:18 - INFO - eeg_data_dir           /root/autodl-tmp/data/things_eeg/preprocessed_eeg
2026-07-30 01:39:18 - INFO - selected_channels      []
2026-07-30 01:39:18 - INFO - time_window            [0, 250]
2026-07-30 01:39:18 - INFO - eeg_aug                True
2026-07-30 01:39:18 - INFO - eeg_aug_type           smooth
2026-07-30 01:39:18 - INFO - eeg_encoder_type       TSConv
2026-07-30 01:39:18 - INFO - image_aug              True
2026-07-30 01:39:18 - INFO - image_test_aug         True
2026-07-30 01:39:18 - INFO - eeg_test_aug           False
2026-07-30 01:39:18 - INFO - frozen_eeg_prior       True
2026-07-30 01:39:18 - INFO - projector              linear
2026-07-30 01:39:18 - INFO - feature_dim            512
2026-07-30 01:39:18 - INFO - image_feature_dir      /root/autodl-tmp/data/things_eeg/image_feature/RN50
2026-07-30 01:39:18 - INFO - aug_image_feature_dirs ['/root/autodl-tmp/data/things_eeg/image_feature/RN50/GaussianBlur-GaussianNoise-LowResolution-Mosaic']
2026-07-30 01:39:18 - INFO - text_feature_dir       
2026-07-30 01:39:18 - INFO - save_weights           True
2026-07-30 01:39:18 - INFO - seed                   42
2026-07-30 01:39:18 - INFO - Using device: cuda:0
2026-07-30 02:50:16 - INFO - EEG sample points: 250
2026-07-30 02:50:16 - INFO - feature dimension: 1024
2026-07-30 02:50:16 - INFO - data length: 148860
2026-07-30 02:50:16 - INFO - number of channels: 63
2026-07-30 02:50:17 - INFO - EEG Encoder trainable parameters: 2.63M
2026-07-30 02:50:17 - INFO - TSConv(
  (tsconv): Sequential(
    (0): Conv2d(1, 40, kernel_size=(1, 25), stride=(1, 1))
    (1): AvgPool2d(kernel_size=(1, 51), stride=(1, 5), padding=0)
    (2): BatchNorm2d(40, eps=1e-05, momentum=0.1, affine=True, track_running_stats=True)
    (3): ELU(alpha=1.0)
    (4): Conv2d(40, 40, kernel_size=(63, 1), stride=(1, 1))
    (5): BatchNorm2d(40, eps=1e-05, momentum=0.1, affine=True, track_running_stats=True)
    (6): ELU(alpha=1.0)
    (7): Dropout(p=0.5, inplace=False)
  )
  (projection): Conv2d(40, 40, kernel_size=(1, 1), stride=(1, 1))
  (proj_eeg): Sequential(
    (0): Linear(in_features=1440, out_features=1024, bias=True)
    (1): ResidualAdd(
      (f): Sequential(
        (0): GELU(approximate='none')
        (1): Linear(in_features=1024, out_features=1024, bias=True)
        (2): Dropout(p=0.5, inplace=False)
      )
    )
    (2): LayerNorm((1024,), eps=1e-05, elementwise_affine=True)
  )
)
2026-07-30 02:50:17 - INFO - Projector trainable parameters: 1.57M
2026-07-30 02:50:17 - INFO - ContrastiveLoss(
  (criterion_cls): CrossEntropyLoss()
  (criterion_mse): MSELoss()
  (softplus): Softplus(beta=1.0, threshold=20.0)
)
2026-07-30 02:50:43 - INFO - Epoch [1/50] Train Loss: 6.5132
2026-07-30 02:50:43 - INFO - top5 acc 36.50%	top1 acc 8.50%	Test Loss: 3.7056
2026-07-30 02:51:07 - INFO - Epoch [2/50] Train Loss: 5.9313
2026-07-30 02:51:07 - INFO - top5 acc 47.50%	top1 acc 16.00%	Test Loss: 3.3260
2026-07-30 02:51:32 - INFO - Epoch [3/50] Train Loss: 5.7347
2026-07-30 02:51:32 - INFO - top5 acc 52.00%	top1 acc 20.00%	Test Loss: 3.1161
2026-07-30 02:51:57 - INFO - Epoch [4/50] Train Loss: 5.6104
2026-07-30 02:51:57 - INFO - top5 acc 54.00%	top1 acc 22.50%	Test Loss: 3.0191
2026-07-30 02:52:21 - INFO - Epoch [5/50] Train Loss: 5.5178
2026-07-30 02:52:21 - INFO - top5 acc 55.00%	top1 acc 23.50%	Test Loss: 2.9828
2026-07-30 02:52:46 - INFO - Epoch [6/50] Train Loss: 5.4384
2026-07-30 02:52:46 - INFO - top5 acc 59.00%	top1 acc 26.50%	Test Loss: 2.8705
2026-07-30 02:53:10 - INFO - Epoch [7/50] Train Loss: 5.3709
2026-07-30 02:53:10 - INFO - top5 acc 61.50%	top1 acc 26.50%	Test Loss: 2.7942
2026-07-30 02:53:35 - INFO - Epoch [8/50] Train Loss: 5.3077
2026-07-30 02:53:35 - INFO - top5 acc 64.50%	top1 acc 28.00%	Test Loss: 2.7293
2026-07-30 02:54:00 - INFO - Epoch [9/50] Train Loss: 5.2540
2026-07-30 02:54:01 - INFO - top5 acc 62.00%	top1 acc 27.50%	Test Loss: 2.7450
2026-07-30 02:54:25 - INFO - Epoch [10/50] Train Loss: 5.2007
2026-07-30 02:54:25 - INFO - top5 acc 62.00%	top1 acc 31.50%	Test Loss: 2.6895
2026-07-30 02:54:50 - INFO - Epoch [11/50] Train Loss: 5.1509
2026-07-30 02:54:50 - INFO - top5 acc 65.00%	top1 acc 30.50%	Test Loss: 2.6695
2026-07-30 02:55:15 - INFO - Epoch [12/50] Train Loss: 5.1043
2026-07-30 02:55:15 - INFO - top5 acc 65.00%	top1 acc 30.00%	Test Loss: 2.6696
2026-07-30 02:55:39 - INFO - Epoch [13/50] Train Loss: 5.0560
2026-07-30 02:55:39 - INFO - top5 acc 65.50%	top1 acc 30.00%	Test Loss: 2.6272
2026-07-30 02:56:05 - INFO - Epoch [14/50] Train Loss: 5.0118
2026-07-30 02:56:05 - INFO - top5 acc 64.00%	top1 acc 32.00%	Test Loss: 2.5943
2026-07-30 02:56:30 - INFO - Epoch [15/50] Train Loss: 4.9669
2026-07-30 02:56:30 - INFO - top5 acc 65.50%	top1 acc 30.00%	Test Loss: 2.5576
2026-07-30 02:56:54 - INFO - Epoch [16/50] Train Loss: 4.9234
2026-07-30 02:56:55 - INFO - top5 acc 65.50%	top1 acc 34.50%	Test Loss: 2.5619
2026-07-30 02:57:19 - INFO - Epoch [17/50] Train Loss: 4.8772
2026-07-30 02:57:19 - INFO - top5 acc 70.00%	top1 acc 32.50%	Test Loss: 2.5915
2026-07-30 02:57:44 - INFO - Epoch [18/50] Train Loss: 4.8380
2026-07-30 02:57:44 - INFO - top5 acc 68.50%	top1 acc 34.50%	Test Loss: 2.5535
2026-07-30 02:58:08 - INFO - Epoch [19/50] Train Loss: 4.7969
2026-07-30 02:58:08 - INFO - top5 acc 66.50%	top1 acc 32.00%	Test Loss: 2.5658
2026-07-30 02:58:33 - INFO - Epoch [20/50] Train Loss: 4.7534
2026-07-30 02:58:33 - INFO - top5 acc 63.00%	top1 acc 31.00%	Test Loss: 2.5638
2026-07-30 02:58:57 - INFO - Epoch [21/50] Train Loss: 4.7150
2026-07-30 02:58:58 - INFO - top5 acc 68.50%	top1 acc 32.00%	Test Loss: 2.5677
2026-07-30 02:59:22 - INFO - Epoch [22/50] Train Loss: 4.6742
2026-07-30 02:59:22 - INFO - top5 acc 66.50%	top1 acc 30.50%	Test Loss: 2.5502
2026-07-30 02:59:47 - INFO - Epoch [23/50] Train Loss: 4.6352
2026-07-30 02:59:47 - INFO - top5 acc 67.00%	top1 acc 31.00%	Test Loss: 2.5691
2026-07-30 03:00:11 - INFO - Epoch [24/50] Train Loss: 4.6012
2026-07-30 03:00:11 - INFO - top5 acc 65.00%	top1 acc 31.00%	Test Loss: 2.5459
2026-07-30 03:00:36 - INFO - Epoch [25/50] Train Loss: 4.5581
2026-07-30 03:00:36 - INFO - top5 acc 62.50%	top1 acc 30.50%	Test Loss: 2.6058
2026-07-30 03:01:01 - INFO - Epoch [26/50] Train Loss: 4.5238
2026-07-30 03:01:01 - INFO - top5 acc 64.00%	top1 acc 27.50%	Test Loss: 2.5730
2026-07-30 03:01:26 - INFO - Epoch [27/50] Train Loss: 4.4872
2026-07-30 03:01:26 - INFO - top5 acc 62.00%	top1 acc 31.00%	Test Loss: 2.5569
2026-07-30 03:01:51 - INFO - Epoch [28/50] Train Loss: 4.4469
2026-07-30 03:01:52 - INFO - top5 acc 62.00%	top1 acc 31.50%	Test Loss: 2.6378
2026-07-30 03:02:16 - INFO - Epoch [29/50] Train Loss: 4.4124
2026-07-30 03:02:16 - INFO - top5 acc 62.50%	top1 acc 30.00%	Test Loss: 2.6070
2026-07-30 03:02:41 - INFO - Epoch [30/50] Train Loss: 4.3801
2026-07-30 03:02:41 - INFO - top5 acc 64.00%	top1 acc 30.50%	Test Loss: 2.5928
2026-07-30 03:03:05 - INFO - Epoch [31/50] Train Loss: 4.3448
2026-07-30 03:03:06 - INFO - top5 acc 59.00%	top1 acc 29.00%	Test Loss: 2.6376
2026-07-30 03:03:30 - INFO - Epoch [32/50] Train Loss: 4.3123
2026-07-30 03:03:30 - INFO - top5 acc 61.00%	top1 acc 31.00%	Test Loss: 2.6461
2026-07-30 03:03:54 - INFO - Epoch [33/50] Train Loss: 4.2852
2026-07-30 03:03:54 - INFO - top5 acc 60.00%	top1 acc 26.50%	Test Loss: 2.6669
2026-07-30 03:04:19 - INFO - Epoch [34/50] Train Loss: 4.2508
2026-07-30 03:04:19 - INFO - top5 acc 59.50%	top1 acc 29.00%	Test Loss: 2.6724
2026-07-30 03:04:43 - INFO - Epoch [35/50] Train Loss: 4.2191
2026-07-30 03:04:44 - INFO - top5 acc 60.00%	top1 acc 28.50%	Test Loss: 2.7040
2026-07-30 03:05:09 - INFO - Epoch [36/50] Train Loss: 4.1889
2026-07-30 03:05:09 - INFO - top5 acc 60.00%	top1 acc 26.00%	Test Loss: 2.7191
2026-07-30 03:05:33 - INFO - Epoch [37/50] Train Loss: 4.1616
2026-07-30 03:05:33 - INFO - top5 acc 57.50%	top1 acc 28.50%	Test Loss: 2.7096
2026-07-30 03:05:58 - INFO - Epoch [38/50] Train Loss: 4.1349
2026-07-30 03:05:58 - INFO - top5 acc 59.50%	top1 acc 25.50%	Test Loss: 2.7649
2026-07-30 03:06:23 - INFO - Epoch [39/50] Train Loss: 4.1069
2026-07-30 03:06:23 - INFO - top5 acc 59.00%	top1 acc 27.00%	Test Loss: 2.6683
2026-07-30 03:06:47 - INFO - Epoch [40/50] Train Loss: 4.0774
2026-07-30 03:06:47 - INFO - top5 acc 57.00%	top1 acc 26.00%	Test Loss: 2.7624
2026-07-30 03:07:12 - INFO - Epoch [41/50] Train Loss: 4.0491
2026-07-30 03:07:12 - INFO - top5 acc 58.50%	top1 acc 27.50%	Test Loss: 2.7439
2026-07-30 03:07:36 - INFO - Epoch [42/50] Train Loss: 4.0283
2026-07-30 03:07:36 - INFO - top5 acc 59.50%	top1 acc 28.50%	Test Loss: 2.7617
2026-07-30 03:08:01 - INFO - Epoch [43/50] Train Loss: 4.0058
2026-07-30 03:08:01 - INFO - top5 acc 58.50%	top1 acc 25.50%	Test Loss: 2.7851
2026-07-30 03:08:26 - INFO - Epoch [44/50] Train Loss: 3.9728
2026-07-30 03:08:26 - INFO - top5 acc 55.00%	top1 acc 25.50%	Test Loss: 2.7634
2026-07-30 03:08:51 - INFO - Epoch [45/50] Train Loss: 3.9575
2026-07-30 03:08:51 - INFO - top5 acc 58.50%	top1 acc 29.00%	Test Loss: 2.7667
2026-07-30 03:09:16 - INFO - Epoch [46/50] Train Loss: 3.9256
2026-07-30 03:09:16 - INFO - top5 acc 54.00%	top1 acc 25.00%	Test Loss: 2.7813
2026-07-30 03:09:43 - INFO - Epoch [47/50] Train Loss: 3.9065
2026-07-30 03:09:43 - INFO - top5 acc 58.00%	top1 acc 26.00%	Test Loss: 2.8243
2026-07-30 03:10:16 - INFO - Epoch [48/50] Train Loss: 3.8762
2026-07-30 03:10:16 - INFO - top5 acc 56.50%	top1 acc 27.50%	Test Loss: 2.7577
2026-07-30 03:10:47 - INFO - Epoch [49/50] Train Loss: 3.8571
2026-07-30 03:10:47 - INFO - top5 acc 53.50%	top1 acc 24.00%	Test Loss: 2.8745
2026-07-30 03:11:18 - INFO - Epoch [50/50] Train Loss: 3.8281
2026-07-30 03:11:18 - INFO - top5 acc 53.50%	top1 acc 24.50%	Test Loss: 2.8734
2026-07-30 03:11:18 - INFO - best test loss: 2.5459 top5 acc: 65.00 top1 acc: 31.00 at epoch 24
