2026-07-26 18:39:07 - INFO - Input arguments:
2026-07-26 18:39:07 - INFO - device                 cuda:0
2026-07-26 18:39:07 - INFO - num_epochs             50
2026-07-26 18:39:07 - INFO - batch_size             1024
2026-07-26 18:39:07 - INFO - learning_rate          0.0001
2026-07-26 18:39:07 - INFO - output_dir             root/autodl-tmp/results/things_eeg/intra-subjects
2026-07-26 18:39:07 - INFO - output_name            sub-09
2026-07-26 18:39:07 - INFO - train_subject_ids      [9]
2026-07-26 18:39:07 - INFO - test_subject_ids       [9]
2026-07-26 18:39:07 - INFO - data_average           True
2026-07-26 18:39:07 - INFO - data_random            False
2026-07-26 18:39:07 - INFO - init_temperature       0.07
2026-07-26 18:39:07 - INFO - t_learnable            False
2026-07-26 18:39:07 - INFO - softplus               True
2026-07-26 18:39:07 - INFO - alpha                  1.0
2026-07-26 18:39:07 - INFO - beta                   1.0
2026-07-26 18:39:07 - INFO - img_l2norm             True
2026-07-26 18:39:07 - INFO - text_l2norm            False
2026-07-26 18:39:07 - INFO - eeg_l2norm             False
2026-07-26 18:39:07 - INFO - eeg_data_dir           /root/autodl-tmp/data/things_eeg/preprocessed_eeg
2026-07-26 18:39:07 - INFO - selected_channels      ['P7', 'P5', 'P3', 'P1', 'Pz', 'P2', 'P4', 'P6', 'P8', 'PO7', 'PO3', 'POz', 'PO4', 'PO8', 'O1', 'Oz', 'O2']
2026-07-26 18:39:07 - INFO - time_window            [0, 250]
2026-07-26 18:39:07 - INFO - eeg_aug                True
2026-07-26 18:39:07 - INFO - eeg_aug_type           smooth
2026-07-26 18:39:07 - INFO - eeg_encoder_type       EEGProject
2026-07-26 18:39:07 - INFO - image_aug              True
2026-07-26 18:39:07 - INFO - image_test_aug         True
2026-07-26 18:39:07 - INFO - eeg_test_aug           False
2026-07-26 18:39:07 - INFO - frozen_eeg_prior       True
2026-07-26 18:39:07 - INFO - projector              linear
2026-07-26 18:39:07 - INFO - feature_dim            512
2026-07-26 18:39:07 - INFO - image_feature_dir      /root/autodl-tmp/data/things_eeg/image_feature/RN50
2026-07-26 18:39:07 - INFO - aug_image_feature_dirs ['/root/autodl-tmp/data/things_eeg/image_feature/RN50/GaussianBlur-GaussianNoise-LowResolution-Mosaic']
2026-07-26 18:39:07 - INFO - text_feature_dir       
2026-07-26 18:39:07 - INFO - save_weights           True
2026-07-26 18:39:07 - INFO - seed                   2025
2026-07-26 18:39:07 - INFO - Using device: cuda:0
2026-07-26 18:41:35 - INFO - EEG sample points: 250
2026-07-26 18:41:35 - INFO - feature dimension: 1024
2026-07-26 18:41:35 - INFO - data length: 16540
2026-07-26 18:41:35 - INFO - number of channels: 17
2026-07-26 18:41:36 - INFO - EEG Encoder trainable parameters: 5.40M
2026-07-26 18:41:36 - INFO - EEGProject(
  (model): Sequential(
    (0): Linear(in_features=4250, out_features=1024, bias=True)
    (1): ResidualAdd(
      (f): Sequential(
        (0): GELU(approximate='none')
        (1): Linear(in_features=1024, out_features=1024, bias=True)
        (2): Dropout(p=0.3, inplace=False)
      )
    )
    (2): LayerNorm((1024,), eps=1e-05, elementwise_affine=True)
  )
)
2026-07-26 18:41:36 - INFO - Projector trainable parameters: 1.57M
2026-07-26 18:41:36 - INFO - ContrastiveLoss(
  (criterion_cls): CrossEntropyLoss()
  (criterion_mse): MSELoss()
  (softplus): Softplus(beta=1.0, threshold=20.0)
)
2026-07-26 18:41:38 - INFO - Epoch [1/50] Train Loss: 7.2334
2026-07-26 18:41:38 - INFO - top5 acc 23.00%	top1 acc 5.50%	Test Loss: 4.6082
2026-07-26 18:41:38 - INFO - Epoch [2/50] Train Loss: 6.2456
2026-07-26 18:41:39 - INFO - top5 acc 37.50%	top1 acc 13.00%	Test Loss: 4.0192
2026-07-26 18:41:40 - INFO - Epoch [3/50] Train Loss: 5.6901
2026-07-26 18:41:40 - INFO - top5 acc 51.00%	top1 acc 20.50%	Test Loss: 3.3150
2026-07-26 18:41:41 - INFO - Epoch [4/50] Train Loss: 5.1316
2026-07-26 18:41:41 - INFO - top5 acc 59.50%	top1 acc 30.00%	Test Loss: 2.7707
2026-07-26 18:41:42 - INFO - Epoch [5/50] Train Loss: 4.5437
2026-07-26 18:41:42 - INFO - top5 acc 74.50%	top1 acc 35.00%	Test Loss: 2.3617
2026-07-26 18:41:42 - INFO - Epoch [6/50] Train Loss: 3.9630
2026-07-26 18:41:43 - INFO - top5 acc 79.50%	top1 acc 40.50%	Test Loss: 2.0357
2026-07-26 18:41:44 - INFO - Epoch [7/50] Train Loss: 3.3763
2026-07-26 18:41:44 - INFO - top5 acc 83.50%	top1 acc 46.50%	Test Loss: 1.8443
2026-07-26 18:41:45 - INFO - Epoch [8/50] Train Loss: 2.8438
2026-07-26 18:41:45 - INFO - top5 acc 87.00%	top1 acc 51.50%	Test Loss: 1.6740
2026-07-26 18:41:45 - INFO - Epoch [9/50] Train Loss: 2.3684
2026-07-26 18:41:46 - INFO - top5 acc 89.00%	top1 acc 51.00%	Test Loss: 1.5393
2026-07-26 18:41:46 - INFO - Epoch [10/50] Train Loss: 1.9787
2026-07-26 18:41:47 - INFO - top5 acc 89.50%	top1 acc 50.50%	Test Loss: 1.5153
2026-07-26 18:41:48 - INFO - Epoch [11/50] Train Loss: 1.6269
2026-07-26 18:41:48 - INFO - top5 acc 89.50%	top1 acc 60.00%	Test Loss: 1.3756
2026-07-26 18:41:49 - INFO - Epoch [12/50] Train Loss: 1.3281
2026-07-26 18:41:49 - INFO - top5 acc 92.00%	top1 acc 60.00%	Test Loss: 1.3435
2026-07-26 18:41:50 - INFO - Epoch [13/50] Train Loss: 1.0755
2026-07-26 18:41:50 - INFO - top5 acc 87.50%	top1 acc 56.50%	Test Loss: 1.3834
2026-07-26 18:41:50 - INFO - Epoch [14/50] Train Loss: 0.8622
2026-07-26 18:41:51 - INFO - top5 acc 91.50%	top1 acc 62.00%	Test Loss: 1.3722
2026-07-26 18:41:51 - INFO - Epoch [15/50] Train Loss: 0.6916
2026-07-26 18:41:51 - INFO - top5 acc 91.00%	top1 acc 60.50%	Test Loss: 1.3276
2026-07-26 18:41:52 - INFO - Epoch [16/50] Train Loss: 0.5498
2026-07-26 18:41:52 - INFO - top5 acc 91.00%	top1 acc 60.50%	Test Loss: 1.2962
2026-07-26 18:41:53 - INFO - Epoch [17/50] Train Loss: 0.4447
2026-07-26 18:41:54 - INFO - top5 acc 92.00%	top1 acc 57.50%	Test Loss: 1.3590
2026-07-26 18:41:54 - INFO - Epoch [18/50] Train Loss: 0.3559
2026-07-26 18:41:54 - INFO - top5 acc 92.50%	top1 acc 60.00%	Test Loss: 1.2834
2026-07-26 18:41:55 - INFO - Epoch [19/50] Train Loss: 0.2933
2026-07-26 18:41:55 - INFO - top5 acc 90.00%	top1 acc 60.50%	Test Loss: 1.3341
2026-07-26 18:41:56 - INFO - Epoch [20/50] Train Loss: 0.2515
2026-07-26 18:41:56 - INFO - top5 acc 90.00%	top1 acc 58.00%	Test Loss: 1.3368
2026-07-26 18:41:57 - INFO - Epoch [21/50] Train Loss: 0.2130
2026-07-26 18:41:57 - INFO - top5 acc 89.50%	top1 acc 59.00%	Test Loss: 1.3540
2026-07-26 18:41:58 - INFO - Epoch [22/50] Train Loss: 0.1834
2026-07-26 18:41:58 - INFO - top5 acc 92.00%	top1 acc 62.00%	Test Loss: 1.3084
2026-07-26 18:41:59 - INFO - Epoch [23/50] Train Loss: 0.1613
2026-07-26 18:41:59 - INFO - top5 acc 90.50%	top1 acc 58.00%	Test Loss: 1.3642
2026-07-26 18:42:00 - INFO - Epoch [24/50] Train Loss: 0.1429
2026-07-26 18:42:00 - INFO - top5 acc 91.00%	top1 acc 59.50%	Test Loss: 1.3099
2026-07-26 18:42:00 - INFO - Epoch [25/50] Train Loss: 0.1298
2026-07-26 18:42:01 - INFO - top5 acc 90.50%	top1 acc 61.50%	Test Loss: 1.3425
2026-07-26 18:42:01 - INFO - Epoch [26/50] Train Loss: 0.1163
2026-07-26 18:42:01 - INFO - top5 acc 90.00%	top1 acc 60.50%	Test Loss: 1.3127
2026-07-26 18:42:02 - INFO - Epoch [27/50] Train Loss: 0.1074
2026-07-26 18:42:02 - INFO - top5 acc 93.00%	top1 acc 59.00%	Test Loss: 1.3162
2026-07-26 18:42:03 - INFO - Epoch [28/50] Train Loss: 0.0975
2026-07-26 18:42:03 - INFO - top5 acc 91.50%	top1 acc 60.00%	Test Loss: 1.3426
2026-07-26 18:42:04 - INFO - Epoch [29/50] Train Loss: 0.0875
2026-07-26 18:42:04 - INFO - top5 acc 91.00%	top1 acc 61.00%	Test Loss: 1.3138
2026-07-26 18:42:05 - INFO - Epoch [30/50] Train Loss: 0.0816
2026-07-26 18:42:05 - INFO - top5 acc 92.50%	top1 acc 60.00%	Test Loss: 1.3118
2026-07-26 18:42:05 - INFO - Epoch [31/50] Train Loss: 0.0733
2026-07-26 18:42:06 - INFO - top5 acc 90.50%	top1 acc 61.50%	Test Loss: 1.3464
2026-07-26 18:42:06 - INFO - Epoch [32/50] Train Loss: 0.0695
2026-07-26 18:42:06 - INFO - top5 acc 91.00%	top1 acc 61.50%	Test Loss: 1.3234
2026-07-26 18:42:07 - INFO - Epoch [33/50] Train Loss: 0.0634
2026-07-26 18:42:07 - INFO - top5 acc 91.00%	top1 acc 64.00%	Test Loss: 1.3406
2026-07-26 18:42:08 - INFO - Epoch [34/50] Train Loss: 0.0589
2026-07-26 18:42:08 - INFO - top5 acc 91.50%	top1 acc 61.00%	Test Loss: 1.3332
2026-07-26 18:42:09 - INFO - Epoch [35/50] Train Loss: 0.0557
2026-07-26 18:42:09 - INFO - top5 acc 91.00%	top1 acc 63.00%	Test Loss: 1.3252
2026-07-26 18:42:10 - INFO - Epoch [36/50] Train Loss: 0.0532
2026-07-26 18:42:10 - INFO - top5 acc 90.00%	top1 acc 61.00%	Test Loss: 1.3508
2026-07-26 18:42:11 - INFO - Epoch [37/50] Train Loss: 0.0496
2026-07-26 18:42:11 - INFO - top5 acc 91.00%	top1 acc 62.00%	Test Loss: 1.3593
2026-07-26 18:42:11 - INFO - Epoch [38/50] Train Loss: 0.0469
2026-07-26 18:42:11 - INFO - top5 acc 90.50%	top1 acc 62.50%	Test Loss: 1.3605
2026-07-26 18:42:12 - INFO - Epoch [39/50] Train Loss: 0.0445
2026-07-26 18:42:12 - INFO - top5 acc 90.50%	top1 acc 61.00%	Test Loss: 1.3552
2026-07-26 18:42:13 - INFO - Epoch [40/50] Train Loss: 0.0418
2026-07-26 18:42:13 - INFO - top5 acc 91.00%	top1 acc 60.50%	Test Loss: 1.3565
2026-07-26 18:42:14 - INFO - Epoch [41/50] Train Loss: 0.0400
2026-07-26 18:42:14 - INFO - top5 acc 91.50%	top1 acc 61.00%	Test Loss: 1.3707
2026-07-26 18:42:15 - INFO - Epoch [42/50] Train Loss: 0.0383
2026-07-26 18:42:15 - INFO - top5 acc 90.50%	top1 acc 61.50%	Test Loss: 1.3703
2026-07-26 18:42:16 - INFO - Epoch [43/50] Train Loss: 0.0368
2026-07-26 18:42:16 - INFO - top5 acc 91.50%	top1 acc 63.00%	Test Loss: 1.3658
2026-07-26 18:42:16 - INFO - Epoch [44/50] Train Loss: 0.0338
2026-07-26 18:42:17 - INFO - top5 acc 91.00%	top1 acc 62.00%	Test Loss: 1.3928
2026-07-26 18:42:17 - INFO - Epoch [45/50] Train Loss: 0.0316
2026-07-26 18:42:18 - INFO - top5 acc 92.00%	top1 acc 62.00%	Test Loss: 1.3460
2026-07-26 18:42:18 - INFO - Epoch [46/50] Train Loss: 0.0307
2026-07-26 18:42:18 - INFO - top5 acc 92.00%	top1 acc 62.50%	Test Loss: 1.3851
2026-07-26 18:42:19 - INFO - Epoch [47/50] Train Loss: 0.0293
2026-07-26 18:42:19 - INFO - top5 acc 91.00%	top1 acc 62.00%	Test Loss: 1.3657
2026-07-26 18:42:20 - INFO - Epoch [48/50] Train Loss: 0.0278
2026-07-26 18:42:20 - INFO - top5 acc 91.50%	top1 acc 63.00%	Test Loss: 1.3702
2026-07-26 18:42:21 - INFO - Epoch [49/50] Train Loss: 0.0273
2026-07-26 18:42:21 - INFO - top5 acc 92.00%	top1 acc 61.00%	Test Loss: 1.3695
2026-07-26 18:42:22 - INFO - Epoch [50/50] Train Loss: 0.0257
2026-07-26 18:42:22 - INFO - top5 acc 92.00%	top1 acc 63.00%	Test Loss: 1.3520
2026-07-26 18:42:22 - INFO - best test loss: 1.2834 top5 acc: 92.50 top1 acc: 60.00 at epoch 18
