2026-07-28 19:25:22 - INFO - Input arguments:
2026-07-28 19:25:22 - INFO - device                 cuda:0
2026-07-28 19:25:22 - INFO - num_epochs             50
2026-07-28 19:25:22 - INFO - batch_size             1024
2026-07-28 19:25:22 - INFO - learning_rate          0.0001
2026-07-28 19:25:22 - INFO - output_dir             root/autodl-tmp/results/things_eeg/intra-subjects
2026-07-28 19:25:22 - INFO - output_name            sub-05
2026-07-28 19:25:22 - INFO - train_subject_ids      [5]
2026-07-28 19:25:22 - INFO - test_subject_ids       [5]
2026-07-28 19:25:22 - INFO - data_average           True
2026-07-28 19:25:22 - INFO - data_random            False
2026-07-28 19:25:22 - INFO - init_temperature       0.07
2026-07-28 19:25:22 - INFO - t_learnable            False
2026-07-28 19:25:22 - INFO - softplus               True
2026-07-28 19:25:22 - INFO - alpha                  1.0
2026-07-28 19:25:22 - INFO - beta                   1.0
2026-07-28 19:25:22 - INFO - img_l2norm             True
2026-07-28 19:25:22 - INFO - text_l2norm            False
2026-07-28 19:25:22 - INFO - eeg_l2norm             False
2026-07-28 19:25:22 - INFO - eeg_data_dir           /root/autodl-tmp/data/things_eeg/preprocessed_eeg
2026-07-28 19:25:22 - INFO - selected_channels      ['P7', 'P5', 'P3', 'P1', 'Pz', 'P2', 'P4', 'P6', 'P8', 'PO7', 'PO3', 'POz', 'PO4', 'PO8', 'O1', 'Oz', 'O2']
2026-07-28 19:25:22 - INFO - time_window            [0, 250]
2026-07-28 19:25:22 - INFO - eeg_aug                True
2026-07-28 19:25:22 - INFO - eeg_aug_type           smooth
2026-07-28 19:25:22 - INFO - eeg_encoder_type       EEGProject
2026-07-28 19:25:22 - INFO - image_aug              True
2026-07-28 19:25:22 - INFO - image_test_aug         True
2026-07-28 19:25:22 - INFO - eeg_test_aug           False
2026-07-28 19:25:22 - INFO - frozen_eeg_prior       True
2026-07-28 19:25:22 - INFO - projector              linear
2026-07-28 19:25:22 - INFO - feature_dim            512
2026-07-28 19:25:22 - INFO - image_feature_dir      /root/autodl-tmp/data/things_eeg/image_feature/RN50
2026-07-28 19:25:22 - INFO - aug_image_feature_dirs ['/root/autodl-tmp/data/things_eeg/image_feature/RN50/GaussianBlur-GaussianNoise-LowResolution-Mosaic']
2026-07-28 19:25:22 - INFO - text_feature_dir       
2026-07-28 19:25:22 - INFO - save_weights           True
2026-07-28 19:25:22 - INFO - seed                   9999
2026-07-28 19:25:22 - INFO - Using device: cuda:0
2026-07-28 19:27:39 - INFO - EEG sample points: 250
2026-07-28 19:27:39 - INFO - feature dimension: 1024
2026-07-28 19:27:39 - INFO - data length: 16540
2026-07-28 19:27:39 - INFO - number of channels: 17
2026-07-28 19:27:40 - INFO - EEG Encoder trainable parameters: 5.40M
2026-07-28 19:27:40 - INFO - EEGProject(
  (model): Sequential(
    (0): Linear(in_features=4250, out_features=1024, bias=True)
    (1): ResidualAdd(
      (f): Sequential(
        (0): GELU(approximate='none')
        (1): Linear(in_features=1024, out_features=1024, bias=True)
        (2): Dropout(p=0.3, inplace=False)
      )
    )
    (2): LayerNorm((1024,), eps=1e-05, elementwise_affine=True)
  )
)
2026-07-28 19:27:40 - INFO - Projector trainable parameters: 1.57M
2026-07-28 19:27:40 - INFO - ContrastiveLoss(
  (criterion_cls): CrossEntropyLoss()
  (criterion_mse): MSELoss()
  (softplus): Softplus(beta=1.0, threshold=20.0)
)
2026-07-28 19:27:42 - INFO - Epoch [1/50] Train Loss: 7.5152
2026-07-28 19:27:42 - INFO - top5 acc 10.00%	top1 acc 1.50%	Test Loss: 4.8155
2026-07-28 19:27:43 - INFO - Epoch [2/50] Train Loss: 6.5032
2026-07-28 19:27:43 - INFO - top5 acc 18.00%	top1 acc 3.50%	Test Loss: 4.4603
2026-07-28 19:27:44 - INFO - Epoch [3/50] Train Loss: 6.1323
2026-07-28 19:27:44 - INFO - top5 acc 30.00%	top1 acc 8.00%	Test Loss: 4.0703
2026-07-28 19:27:45 - INFO - Epoch [4/50] Train Loss: 5.7833
2026-07-28 19:27:45 - INFO - top5 acc 39.50%	top1 acc 12.50%	Test Loss: 3.6444
2026-07-28 19:27:46 - INFO - Epoch [5/50] Train Loss: 5.3939
2026-07-28 19:27:46 - INFO - top5 acc 48.00%	top1 acc 22.50%	Test Loss: 3.2207
2026-07-28 19:27:47 - INFO - Epoch [6/50] Train Loss: 4.9558
2026-07-28 19:27:47 - INFO - top5 acc 62.50%	top1 acc 25.50%	Test Loss: 2.7965
2026-07-28 19:27:48 - INFO - Epoch [7/50] Train Loss: 4.5310
2026-07-28 19:27:48 - INFO - top5 acc 70.00%	top1 acc 34.50%	Test Loss: 2.4393
2026-07-28 19:27:49 - INFO - Epoch [8/50] Train Loss: 4.0753
2026-07-28 19:27:49 - INFO - top5 acc 73.50%	top1 acc 40.00%	Test Loss: 2.2721
2026-07-28 19:27:50 - INFO - Epoch [9/50] Train Loss: 3.6525
2026-07-28 19:27:50 - INFO - top5 acc 77.50%	top1 acc 45.50%	Test Loss: 2.0784
2026-07-28 19:27:51 - INFO - Epoch [10/50] Train Loss: 3.2483
2026-07-28 19:27:51 - INFO - top5 acc 78.50%	top1 acc 45.50%	Test Loss: 1.9891
2026-07-28 19:27:52 - INFO - Epoch [11/50] Train Loss: 2.8522
2026-07-28 19:27:52 - INFO - top5 acc 80.50%	top1 acc 46.50%	Test Loss: 1.8974
2026-07-28 19:27:53 - INFO - Epoch [12/50] Train Loss: 2.4922
2026-07-28 19:27:53 - INFO - top5 acc 80.00%	top1 acc 48.00%	Test Loss: 1.8104
2026-07-28 19:27:53 - INFO - Epoch [13/50] Train Loss: 2.1787
2026-07-28 19:27:54 - INFO - top5 acc 80.00%	top1 acc 51.00%	Test Loss: 1.7968
2026-07-28 19:27:54 - INFO - Epoch [14/50] Train Loss: 1.9029
2026-07-28 19:27:55 - INFO - top5 acc 83.50%	top1 acc 47.50%	Test Loss: 1.7431
2026-07-28 19:27:55 - INFO - Epoch [15/50] Train Loss: 1.6500
2026-07-28 19:27:55 - INFO - top5 acc 83.50%	top1 acc 50.00%	Test Loss: 1.6841
2026-07-28 19:27:56 - INFO - Epoch [16/50] Train Loss: 1.4107
2026-07-28 19:27:56 - INFO - top5 acc 84.00%	top1 acc 53.50%	Test Loss: 1.6470
2026-07-28 19:27:57 - INFO - Epoch [17/50] Train Loss: 1.1913
2026-07-28 19:27:57 - INFO - top5 acc 86.00%	top1 acc 52.00%	Test Loss: 1.6071
2026-07-28 19:27:58 - INFO - Epoch [18/50] Train Loss: 1.0167
2026-07-28 19:27:58 - INFO - top5 acc 86.50%	top1 acc 55.50%	Test Loss: 1.5670
2026-07-28 19:27:59 - INFO - Epoch [19/50] Train Loss: 0.8575
2026-07-28 19:27:59 - INFO - top5 acc 85.50%	top1 acc 52.50%	Test Loss: 1.6220
2026-07-28 19:28:00 - INFO - Epoch [20/50] Train Loss: 0.7294
2026-07-28 19:28:00 - INFO - top5 acc 85.50%	top1 acc 51.50%	Test Loss: 1.6599
2026-07-28 19:28:01 - INFO - Epoch [21/50] Train Loss: 0.6133
2026-07-28 19:28:01 - INFO - top5 acc 86.00%	top1 acc 48.50%	Test Loss: 1.6308
2026-07-28 19:28:02 - INFO - Epoch [22/50] Train Loss: 0.5118
2026-07-28 19:28:02 - INFO - top5 acc 84.50%	top1 acc 52.50%	Test Loss: 1.6000
2026-07-28 19:28:03 - INFO - Epoch [23/50] Train Loss: 0.4306
2026-07-28 19:28:03 - INFO - top5 acc 86.50%	top1 acc 52.00%	Test Loss: 1.5807
2026-07-28 19:28:04 - INFO - Epoch [24/50] Train Loss: 0.3622
2026-07-28 19:28:04 - INFO - top5 acc 86.50%	top1 acc 53.50%	Test Loss: 1.6084
2026-07-28 19:28:05 - INFO - Epoch [25/50] Train Loss: 0.3090
2026-07-28 19:28:05 - INFO - top5 acc 87.50%	top1 acc 56.50%	Test Loss: 1.5547
2026-07-28 19:28:06 - INFO - Epoch [26/50] Train Loss: 0.2628
2026-07-28 19:28:06 - INFO - top5 acc 85.00%	top1 acc 57.00%	Test Loss: 1.6142
2026-07-28 19:28:07 - INFO - Epoch [27/50] Train Loss: 0.2324
2026-07-28 19:28:07 - INFO - top5 acc 85.50%	top1 acc 53.00%	Test Loss: 1.6255
2026-07-28 19:28:08 - INFO - Epoch [28/50] Train Loss: 0.2010
2026-07-28 19:28:08 - INFO - top5 acc 85.00%	top1 acc 51.00%	Test Loss: 1.6514
2026-07-28 19:28:09 - INFO - Epoch [29/50] Train Loss: 0.1806
2026-07-28 19:28:09 - INFO - top5 acc 85.00%	top1 acc 53.50%	Test Loss: 1.6094
2026-07-28 19:28:09 - INFO - Epoch [30/50] Train Loss: 0.1645
2026-07-28 19:28:09 - INFO - top5 acc 84.00%	top1 acc 51.00%	Test Loss: 1.6552
2026-07-28 19:28:10 - INFO - Epoch [31/50] Train Loss: 0.1478
2026-07-28 19:28:10 - INFO - top5 acc 85.00%	top1 acc 54.00%	Test Loss: 1.5886
2026-07-28 19:28:11 - INFO - Epoch [32/50] Train Loss: 0.1341
2026-07-28 19:28:11 - INFO - top5 acc 85.50%	top1 acc 54.00%	Test Loss: 1.5934
2026-07-28 19:28:12 - INFO - Epoch [33/50] Train Loss: 0.1176
2026-07-28 19:28:12 - INFO - top5 acc 86.00%	top1 acc 54.00%	Test Loss: 1.6176
2026-07-28 19:28:13 - INFO - Epoch [34/50] Train Loss: 0.1102
2026-07-28 19:28:13 - INFO - top5 acc 85.00%	top1 acc 54.50%	Test Loss: 1.6352
2026-07-28 19:28:14 - INFO - Epoch [35/50] Train Loss: 0.1020
2026-07-28 19:28:14 - INFO - top5 acc 85.50%	top1 acc 51.50%	Test Loss: 1.6231
2026-07-28 19:28:15 - INFO - Epoch [36/50] Train Loss: 0.0955
2026-07-28 19:28:15 - INFO - top5 acc 86.00%	top1 acc 54.00%	Test Loss: 1.6469
2026-07-28 19:28:16 - INFO - Epoch [37/50] Train Loss: 0.0870
2026-07-28 19:28:16 - INFO - top5 acc 84.00%	top1 acc 54.00%	Test Loss: 1.6293
2026-07-28 19:28:16 - INFO - Epoch [38/50] Train Loss: 0.0802
2026-07-28 19:28:17 - INFO - top5 acc 85.00%	top1 acc 51.00%	Test Loss: 1.6735
2026-07-28 19:28:17 - INFO - Epoch [39/50] Train Loss: 0.0752
2026-07-28 19:28:17 - INFO - top5 acc 86.00%	top1 acc 54.00%	Test Loss: 1.6192
2026-07-28 19:28:18 - INFO - Epoch [40/50] Train Loss: 0.0715
2026-07-28 19:28:18 - INFO - top5 acc 85.50%	top1 acc 53.00%	Test Loss: 1.6470
2026-07-28 19:28:19 - INFO - Epoch [41/50] Train Loss: 0.0679
2026-07-28 19:28:20 - INFO - top5 acc 86.00%	top1 acc 51.50%	Test Loss: 1.6704
2026-07-28 19:28:20 - INFO - Epoch [42/50] Train Loss: 0.0633
2026-07-28 19:28:21 - INFO - top5 acc 84.50%	top1 acc 53.00%	Test Loss: 1.6424
2026-07-28 19:28:21 - INFO - Epoch [43/50] Train Loss: 0.0603
2026-07-28 19:28:22 - INFO - top5 acc 84.00%	top1 acc 52.50%	Test Loss: 1.6579
2026-07-28 19:28:23 - INFO - Epoch [44/50] Train Loss: 0.0570
2026-07-28 19:28:23 - INFO - top5 acc 86.50%	top1 acc 56.00%	Test Loss: 1.6196
2026-07-28 19:28:24 - INFO - Epoch [45/50] Train Loss: 0.0535
2026-07-28 19:28:24 - INFO - top5 acc 84.50%	top1 acc 55.00%	Test Loss: 1.6394
2026-07-28 19:28:25 - INFO - Epoch [46/50] Train Loss: 0.0515
2026-07-28 19:28:25 - INFO - top5 acc 83.50%	top1 acc 53.50%	Test Loss: 1.6506
2026-07-28 19:28:26 - INFO - Epoch [47/50] Train Loss: 0.0492
2026-07-28 19:28:26 - INFO - top5 acc 85.00%	top1 acc 50.00%	Test Loss: 1.7002
2026-07-28 19:28:27 - INFO - Epoch [48/50] Train Loss: 0.0466
2026-07-28 19:28:27 - INFO - top5 acc 86.00%	top1 acc 53.00%	Test Loss: 1.6308
2026-07-28 19:28:28 - INFO - Epoch [49/50] Train Loss: 0.0446
2026-07-28 19:28:28 - INFO - top5 acc 85.00%	top1 acc 51.00%	Test Loss: 1.6605
2026-07-28 19:28:28 - INFO - Epoch [50/50] Train Loss: 0.0429
2026-07-28 19:28:29 - INFO - top5 acc 85.00%	top1 acc 52.00%	Test Loss: 1.6382
2026-07-28 19:28:29 - INFO - best test loss: 1.5547 top5 acc: 87.50 top1 acc: 56.50 at epoch 25
