2026-07-30 05:00:17 - INFO - Input arguments:
2026-07-30 05:00:17 - INFO - device                 cuda:0
2026-07-30 05:00:17 - INFO - num_epochs             50
2026-07-30 05:00:17 - INFO - batch_size             1024
2026-07-30 05:00:17 - INFO - learning_rate          0.0001
2026-07-30 05:00:17 - INFO - output_dir             ./autodl-tmp/results/things_eeg/inter-subjects
2026-07-30 05:00:17 - INFO - output_name            sub-04
2026-07-30 05:00:17 - INFO - train_subject_ids      [1, 2, 3, 5, 6, 7, 8, 9, 10]
2026-07-30 05:00:17 - INFO - test_subject_ids       [4]
2026-07-30 05:00:17 - INFO - data_average           True
2026-07-30 05:00:17 - INFO - data_random            False
2026-07-30 05:00:17 - INFO - init_temperature       0.07
2026-07-30 05:00:17 - INFO - t_learnable            False
2026-07-30 05:00:17 - INFO - softplus               True
2026-07-30 05:00:17 - INFO - alpha                  1.0
2026-07-30 05:00:17 - INFO - beta                   1.0
2026-07-30 05:00:17 - INFO - img_l2norm             True
2026-07-30 05:00:17 - INFO - text_l2norm            False
2026-07-30 05:00:17 - INFO - eeg_l2norm             False
2026-07-30 05:00:17 - INFO - eeg_data_dir           /root/autodl-tmp/data/things_eeg/preprocessed_eeg
2026-07-30 05:00:17 - INFO - selected_channels      []
2026-07-30 05:00:17 - INFO - time_window            [0, 250]
2026-07-30 05:00:17 - INFO - eeg_aug                True
2026-07-30 05:00:17 - INFO - eeg_aug_type           smooth
2026-07-30 05:00:17 - INFO - eeg_encoder_type       TSConv
2026-07-30 05:00:17 - INFO - image_aug              True
2026-07-30 05:00:17 - INFO - image_test_aug         True
2026-07-30 05:00:17 - INFO - eeg_test_aug           False
2026-07-30 05:00:17 - INFO - frozen_eeg_prior       True
2026-07-30 05:00:17 - INFO - projector              linear
2026-07-30 05:00:17 - INFO - feature_dim            512
2026-07-30 05:00:17 - INFO - image_feature_dir      /root/autodl-tmp/data/things_eeg/image_feature/RN50
2026-07-30 05:00:17 - INFO - aug_image_feature_dirs ['/root/autodl-tmp/data/things_eeg/image_feature/RN50/GaussianBlur-GaussianNoise-LowResolution-Mosaic']
2026-07-30 05:00:17 - INFO - text_feature_dir       
2026-07-30 05:00:17 - INFO - save_weights           True
2026-07-30 05:00:17 - INFO - seed                   1234
2026-07-30 05:00:17 - INFO - Using device: cuda:0
2026-07-30 06:09:40 - INFO - EEG sample points: 250
2026-07-30 06:09:40 - INFO - feature dimension: 1024
2026-07-30 06:09:40 - INFO - data length: 148860
2026-07-30 06:09:40 - INFO - number of channels: 63
2026-07-30 06:09:41 - INFO - EEG Encoder trainable parameters: 2.63M
2026-07-30 06:09:41 - INFO - TSConv(
  (tsconv): Sequential(
    (0): Conv2d(1, 40, kernel_size=(1, 25), stride=(1, 1))
    (1): AvgPool2d(kernel_size=(1, 51), stride=(1, 5), padding=0)
    (2): BatchNorm2d(40, eps=1e-05, momentum=0.1, affine=True, track_running_stats=True)
    (3): ELU(alpha=1.0)
    (4): Conv2d(40, 40, kernel_size=(63, 1), stride=(1, 1))
    (5): BatchNorm2d(40, eps=1e-05, momentum=0.1, affine=True, track_running_stats=True)
    (6): ELU(alpha=1.0)
    (7): Dropout(p=0.5, inplace=False)
  )
  (projection): Conv2d(40, 40, kernel_size=(1, 1), stride=(1, 1))
  (proj_eeg): Sequential(
    (0): Linear(in_features=1440, out_features=1024, bias=True)
    (1): ResidualAdd(
      (f): Sequential(
        (0): GELU(approximate='none')
        (1): Linear(in_features=1024, out_features=1024, bias=True)
        (2): Dropout(p=0.5, inplace=False)
      )
    )
    (2): LayerNorm((1024,), eps=1e-05, elementwise_affine=True)
  )
)
2026-07-30 06:09:41 - INFO - Projector trainable parameters: 1.57M
2026-07-30 06:09:41 - INFO - ContrastiveLoss(
  (criterion_cls): CrossEntropyLoss()
  (criterion_mse): MSELoss()
  (softplus): Softplus(beta=1.0, threshold=20.0)
)
2026-07-30 06:10:06 - INFO - Epoch [1/50] Train Loss: 6.4793
2026-07-30 06:10:06 - INFO - top5 acc 28.50%	top1 acc 5.50%	Test Loss: 3.9607
2026-07-30 06:10:31 - INFO - Epoch [2/50] Train Loss: 5.8911
2026-07-30 06:10:31 - INFO - top5 acc 34.50%	top1 acc 10.50%	Test Loss: 3.6489
2026-07-30 06:10:57 - INFO - Epoch [3/50] Train Loss: 5.6852
2026-07-30 06:10:57 - INFO - top5 acc 38.50%	top1 acc 13.50%	Test Loss: 3.5277
2026-07-30 06:11:23 - INFO - Epoch [4/50] Train Loss: 5.5390
2026-07-30 06:11:23 - INFO - top5 acc 40.00%	top1 acc 13.50%	Test Loss: 3.4531
2026-07-30 06:11:49 - INFO - Epoch [5/50] Train Loss: 5.4270
2026-07-30 06:11:49 - INFO - top5 acc 40.50%	top1 acc 16.50%	Test Loss: 3.4282
2026-07-30 06:12:14 - INFO - Epoch [6/50] Train Loss: 5.3452
2026-07-30 06:12:15 - INFO - top5 acc 42.50%	top1 acc 17.00%	Test Loss: 3.3867
2026-07-30 06:12:40 - INFO - Epoch [7/50] Train Loss: 5.2785
2026-07-30 06:12:40 - INFO - top5 acc 45.50%	top1 acc 19.50%	Test Loss: 3.3266
2026-07-30 06:13:05 - INFO - Epoch [8/50] Train Loss: 5.2131
2026-07-30 06:13:05 - INFO - top5 acc 46.00%	top1 acc 20.00%	Test Loss: 3.3015
2026-07-30 06:13:31 - INFO - Epoch [9/50] Train Loss: 5.1580
2026-07-30 06:13:31 - INFO - top5 acc 48.00%	top1 acc 21.00%	Test Loss: 3.2970
2026-07-30 06:13:56 - INFO - Epoch [10/50] Train Loss: 5.1040
2026-07-30 06:13:56 - INFO - top5 acc 47.00%	top1 acc 22.00%	Test Loss: 3.2389
2026-07-30 06:14:20 - INFO - Epoch [11/50] Train Loss: 5.0441
2026-07-30 06:14:20 - INFO - top5 acc 50.50%	top1 acc 21.50%	Test Loss: 3.2227
2026-07-30 06:14:45 - INFO - Epoch [12/50] Train Loss: 4.9900
2026-07-30 06:14:45 - INFO - top5 acc 47.00%	top1 acc 20.50%	Test Loss: 3.1968
2026-07-30 06:15:10 - INFO - Epoch [13/50] Train Loss: 4.9416
2026-07-30 06:15:10 - INFO - top5 acc 50.00%	top1 acc 20.50%	Test Loss: 3.1975
2026-07-30 06:15:35 - INFO - Epoch [14/50] Train Loss: 4.8941
2026-07-30 06:15:35 - INFO - top5 acc 50.50%	top1 acc 20.50%	Test Loss: 3.1977
2026-07-30 06:16:00 - INFO - Epoch [15/50] Train Loss: 4.8487
2026-07-30 06:16:00 - INFO - top5 acc 52.00%	top1 acc 20.00%	Test Loss: 3.2117
2026-07-30 06:16:24 - INFO - Epoch [16/50] Train Loss: 4.8042
2026-07-30 06:16:24 - INFO - top5 acc 52.00%	top1 acc 18.00%	Test Loss: 3.1703
2026-07-30 06:16:49 - INFO - Epoch [17/50] Train Loss: 4.7531
2026-07-30 06:16:49 - INFO - top5 acc 51.50%	top1 acc 19.50%	Test Loss: 3.1730
2026-07-30 06:17:13 - INFO - Epoch [18/50] Train Loss: 4.7130
2026-07-30 06:17:13 - INFO - top5 acc 51.50%	top1 acc 19.00%	Test Loss: 3.2213
2026-07-30 06:17:38 - INFO - Epoch [19/50] Train Loss: 4.6727
2026-07-30 06:17:38 - INFO - top5 acc 51.50%	top1 acc 19.50%	Test Loss: 3.2054
2026-07-30 06:18:03 - INFO - Epoch [20/50] Train Loss: 4.6324
2026-07-30 06:18:04 - INFO - top5 acc 47.00%	top1 acc 16.00%	Test Loss: 3.2909
2026-07-30 06:18:29 - INFO - Epoch [21/50] Train Loss: 4.5893
2026-07-30 06:18:29 - INFO - top5 acc 48.50%	top1 acc 17.00%	Test Loss: 3.2522
2026-07-30 06:18:53 - INFO - Epoch [22/50] Train Loss: 4.5509
2026-07-30 06:18:54 - INFO - top5 acc 51.00%	top1 acc 18.00%	Test Loss: 3.2310
2026-07-30 06:19:18 - INFO - Epoch [23/50] Train Loss: 4.5155
2026-07-30 06:19:18 - INFO - top5 acc 50.00%	top1 acc 16.50%	Test Loss: 3.2894
2026-07-30 06:19:43 - INFO - Epoch [24/50] Train Loss: 4.4743
2026-07-30 06:19:43 - INFO - top5 acc 50.50%	top1 acc 15.50%	Test Loss: 3.2886
2026-07-30 06:20:07 - INFO - Epoch [25/50] Train Loss: 4.4406
2026-07-30 06:20:07 - INFO - top5 acc 52.00%	top1 acc 17.50%	Test Loss: 3.2977
2026-07-30 06:20:32 - INFO - Epoch [26/50] Train Loss: 4.4008
2026-07-30 06:20:32 - INFO - top5 acc 49.50%	top1 acc 18.00%	Test Loss: 3.2969
2026-07-30 06:20:56 - INFO - Epoch [27/50] Train Loss: 4.3702
2026-07-30 06:20:56 - INFO - top5 acc 49.50%	top1 acc 17.00%	Test Loss: 3.3335
2026-07-30 06:21:21 - INFO - Epoch [28/50] Train Loss: 4.3360
2026-07-30 06:21:21 - INFO - top5 acc 49.50%	top1 acc 16.50%	Test Loss: 3.3405
2026-07-30 06:21:46 - INFO - Epoch [29/50] Train Loss: 4.2977
2026-07-30 06:21:46 - INFO - top5 acc 50.00%	top1 acc 20.50%	Test Loss: 3.3251
2026-07-30 06:22:11 - INFO - Epoch [30/50] Train Loss: 4.2665
2026-07-30 06:22:11 - INFO - top5 acc 52.50%	top1 acc 17.00%	Test Loss: 3.3419
2026-07-30 06:22:36 - INFO - Epoch [31/50] Train Loss: 4.2397
2026-07-30 06:22:36 - INFO - top5 acc 47.50%	top1 acc 19.00%	Test Loss: 3.3786
2026-07-30 06:23:01 - INFO - Epoch [32/50] Train Loss: 4.2043
2026-07-30 06:23:01 - INFO - top5 acc 49.00%	top1 acc 15.50%	Test Loss: 3.3720
2026-07-30 06:23:26 - INFO - Epoch [33/50] Train Loss: 4.1746
2026-07-30 06:23:26 - INFO - top5 acc 51.00%	top1 acc 17.00%	Test Loss: 3.4478
2026-07-30 06:23:51 - INFO - Epoch [34/50] Train Loss: 4.1458
2026-07-30 06:23:51 - INFO - top5 acc 50.00%	top1 acc 19.00%	Test Loss: 3.4055
2026-07-30 06:24:16 - INFO - Epoch [35/50] Train Loss: 4.1126
2026-07-30 06:24:16 - INFO - top5 acc 47.00%	top1 acc 16.50%	Test Loss: 3.4539
2026-07-30 06:24:41 - INFO - Epoch [36/50] Train Loss: 4.0904
2026-07-30 06:24:41 - INFO - top5 acc 43.50%	top1 acc 16.50%	Test Loss: 3.4672
2026-07-30 06:25:05 - INFO - Epoch [37/50] Train Loss: 4.0597
2026-07-30 06:25:05 - INFO - top5 acc 48.50%	top1 acc 16.50%	Test Loss: 3.4717
2026-07-30 06:25:30 - INFO - Epoch [38/50] Train Loss: 4.0319
2026-07-30 06:25:30 - INFO - top5 acc 49.00%	top1 acc 16.00%	Test Loss: 3.4589
2026-07-30 06:25:55 - INFO - Epoch [39/50] Train Loss: 4.0073
2026-07-30 06:25:55 - INFO - top5 acc 47.50%	top1 acc 16.50%	Test Loss: 3.3986
2026-07-30 06:26:20 - INFO - Epoch [40/50] Train Loss: 3.9820
2026-07-30 06:26:20 - INFO - top5 acc 45.50%	top1 acc 17.50%	Test Loss: 3.4648
2026-07-30 06:26:45 - INFO - Epoch [41/50] Train Loss: 3.9507
2026-07-30 06:26:45 - INFO - top5 acc 48.00%	top1 acc 18.50%	Test Loss: 3.4438
2026-07-30 06:27:09 - INFO - Epoch [42/50] Train Loss: 3.9301
2026-07-30 06:27:10 - INFO - top5 acc 44.50%	top1 acc 18.00%	Test Loss: 3.4551
2026-07-30 06:27:34 - INFO - Epoch [43/50] Train Loss: 3.9073
2026-07-30 06:27:34 - INFO - top5 acc 46.50%	top1 acc 19.50%	Test Loss: 3.4181
2026-07-30 06:27:59 - INFO - Epoch [44/50] Train Loss: 3.8797
2026-07-30 06:27:59 - INFO - top5 acc 45.50%	top1 acc 17.50%	Test Loss: 3.4919
2026-07-30 06:28:24 - INFO - Epoch [45/50] Train Loss: 3.8627
2026-07-30 06:28:24 - INFO - top5 acc 43.00%	top1 acc 16.50%	Test Loss: 3.5317
2026-07-30 06:28:48 - INFO - Epoch [46/50] Train Loss: 3.8345
2026-07-30 06:28:48 - INFO - top5 acc 46.50%	top1 acc 17.00%	Test Loss: 3.5177
2026-07-30 06:29:13 - INFO - Epoch [47/50] Train Loss: 3.8127
2026-07-30 06:29:13 - INFO - top5 acc 47.50%	top1 acc 17.00%	Test Loss: 3.4667
2026-07-30 06:29:38 - INFO - Epoch [48/50] Train Loss: 3.7920
2026-07-30 06:29:38 - INFO - top5 acc 46.00%	top1 acc 19.00%	Test Loss: 3.4518
2026-07-30 06:30:03 - INFO - Epoch [49/50] Train Loss: 3.7675
2026-07-30 06:30:04 - INFO - top5 acc 46.00%	top1 acc 20.00%	Test Loss: 3.4076
2026-07-30 06:30:28 - INFO - Epoch [50/50] Train Loss: 3.7495
2026-07-30 06:30:28 - INFO - top5 acc 49.00%	top1 acc 19.50%	Test Loss: 3.4386
2026-07-30 06:30:28 - INFO - best test loss: 3.1703 top5 acc: 52.00 top1 acc: 18.00 at epoch 16
