2026-07-30 01:40:24 - INFO - Input arguments:
2026-07-30 01:40:24 - INFO - device                 cuda:0
2026-07-30 01:40:24 - INFO - num_epochs             50
2026-07-30 01:40:24 - INFO - batch_size             1024
2026-07-30 01:40:24 - INFO - learning_rate          0.0001
2026-07-30 01:40:24 - INFO - output_dir             /root/autodl-tmp/NeuroBridge-main/results/things_eeg/inter-subjects
2026-07-30 01:40:24 - INFO - output_name            inter-leave-sub-05-seed3407
2026-07-30 01:40:24 - INFO - train_subject_ids      [1, 2, 3, 4, 6, 7, 8, 9, 10]
2026-07-30 01:40:24 - INFO - test_subject_ids       [5]
2026-07-30 01:40:24 - INFO - data_average           True
2026-07-30 01:40:24 - INFO - data_random            False
2026-07-30 01:40:24 - INFO - init_temperature       0.07
2026-07-30 01:40:24 - INFO - t_learnable            False
2026-07-30 01:40:24 - INFO - softplus               True
2026-07-30 01:40:24 - INFO - alpha                  1.0
2026-07-30 01:40:24 - INFO - beta                   1.0
2026-07-30 01:40:24 - INFO - img_l2norm             True
2026-07-30 01:40:24 - INFO - text_l2norm            False
2026-07-30 01:40:24 - INFO - eeg_l2norm             False
2026-07-30 01:40:24 - INFO - eeg_data_dir           /root/autodl-tmp/data/things_eeg/preprocessed_eeg
2026-07-30 01:40:24 - INFO - selected_channels      []
2026-07-30 01:40:24 - INFO - time_window            [0, 250]
2026-07-30 01:40:24 - INFO - eeg_aug                True
2026-07-30 01:40:24 - INFO - eeg_aug_type           smooth
2026-07-30 01:40:24 - INFO - eeg_encoder_type       TSConv
2026-07-30 01:40:24 - INFO - image_aug              True
2026-07-30 01:40:24 - INFO - image_test_aug         True
2026-07-30 01:40:24 - INFO - eeg_test_aug           False
2026-07-30 01:40:24 - INFO - frozen_eeg_prior       True
2026-07-30 01:40:24 - INFO - projector              linear
2026-07-30 01:40:24 - INFO - feature_dim            512
2026-07-30 01:40:24 - INFO - image_feature_dir      /root/autodl-tmp/data/things_eeg/image_feature/RN50
2026-07-30 01:40:24 - INFO - aug_image_feature_dirs ['/root/autodl-tmp/data/things_eeg/image_feature/RN50/GaussianBlur-GaussianNoise-LowResolution-Mosaic']
2026-07-30 01:40:24 - INFO - text_feature_dir       
2026-07-30 01:40:24 - INFO - save_weights           True
2026-07-30 01:40:24 - INFO - seed                   3407
2026-07-30 01:40:24 - INFO - Using device: cuda:0
2026-07-30 02:39:12 - INFO - EEG sample points: 250
2026-07-30 02:39:12 - INFO - feature dimension: 1024
2026-07-30 02:39:12 - INFO - data length: 148860
2026-07-30 02:39:12 - INFO - number of channels: 63
2026-07-30 02:39:13 - INFO - EEG Encoder trainable parameters: 2.63M
2026-07-30 02:39:13 - INFO - TSConv(
  (tsconv): Sequential(
    (0): Conv2d(1, 40, kernel_size=(1, 25), stride=(1, 1))
    (1): AvgPool2d(kernel_size=(1, 51), stride=(1, 5), padding=0)
    (2): BatchNorm2d(40, eps=1e-05, momentum=0.1, affine=True, track_running_stats=True)
    (3): ELU(alpha=1.0)
    (4): Conv2d(40, 40, kernel_size=(63, 1), stride=(1, 1))
    (5): BatchNorm2d(40, eps=1e-05, momentum=0.1, affine=True, track_running_stats=True)
    (6): ELU(alpha=1.0)
    (7): Dropout(p=0.5, inplace=False)
  )
  (projection): Conv2d(40, 40, kernel_size=(1, 1), stride=(1, 1))
  (proj_eeg): Sequential(
    (0): Linear(in_features=1440, out_features=1024, bias=True)
    (1): ResidualAdd(
      (f): Sequential(
        (0): GELU(approximate='none')
        (1): Linear(in_features=1024, out_features=1024, bias=True)
        (2): Dropout(p=0.5, inplace=False)
      )
    )
    (2): LayerNorm((1024,), eps=1e-05, elementwise_affine=True)
  )
)
2026-07-30 02:39:13 - INFO - Projector trainable parameters: 1.57M
2026-07-30 02:39:13 - INFO - ContrastiveLoss(
  (criterion_cls): CrossEntropyLoss()
  (criterion_mse): MSELoss()
  (softplus): Softplus(beta=1, threshold=20)
)
2026-07-30 02:39:35 - INFO - Epoch [1/50] Train Loss: 6.5085
2026-07-30 02:39:35 - INFO - top5 acc 20.50%	top1 acc 4.50%	Test Loss: 4.2859
2026-07-30 02:39:56 - INFO - Epoch [2/50] Train Loss: 5.8350
2026-07-30 02:39:56 - INFO - top5 acc 29.00%	top1 acc 8.00%	Test Loss: 3.8938
2026-07-30 02:40:17 - INFO - Epoch [3/50] Train Loss: 5.5960
2026-07-30 02:40:18 - INFO - top5 acc 33.50%	top1 acc 11.50%	Test Loss: 3.6728
2026-07-30 02:40:38 - INFO - Epoch [4/50] Train Loss: 5.4551
2026-07-30 02:40:38 - INFO - top5 acc 39.00%	top1 acc 13.50%	Test Loss: 3.5909
2026-07-30 02:40:59 - INFO - Epoch [5/50] Train Loss: 5.3602
2026-07-30 02:40:59 - INFO - top5 acc 38.00%	top1 acc 15.00%	Test Loss: 3.5388
2026-07-30 02:41:19 - INFO - Epoch [6/50] Train Loss: 5.2848
2026-07-30 02:41:19 - INFO - top5 acc 40.00%	top1 acc 16.00%	Test Loss: 3.4996
2026-07-30 02:41:40 - INFO - Epoch [7/50] Train Loss: 5.2222
2026-07-30 02:41:40 - INFO - top5 acc 42.00%	top1 acc 15.50%	Test Loss: 3.4693
2026-07-30 02:42:00 - INFO - Epoch [8/50] Train Loss: 5.1623
2026-07-30 02:42:00 - INFO - top5 acc 42.00%	top1 acc 15.00%	Test Loss: 3.4744
2026-07-30 02:42:21 - INFO - Epoch [9/50] Train Loss: 5.0996
2026-07-30 02:42:21 - INFO - top5 acc 45.00%	top1 acc 19.00%	Test Loss: 3.4108
2026-07-30 02:42:43 - INFO - Epoch [10/50] Train Loss: 5.0505
2026-07-30 02:42:43 - INFO - top5 acc 40.00%	top1 acc 19.00%	Test Loss: 3.4222
2026-07-30 02:43:04 - INFO - Epoch [11/50] Train Loss: 4.9983
2026-07-30 02:43:04 - INFO - top5 acc 47.00%	top1 acc 16.00%	Test Loss: 3.3947
2026-07-30 02:43:24 - INFO - Epoch [12/50] Train Loss: 4.9481
2026-07-30 02:43:24 - INFO - top5 acc 47.00%	top1 acc 17.00%	Test Loss: 3.3768
2026-07-30 02:43:45 - INFO - Epoch [13/50] Train Loss: 4.8962
2026-07-30 02:43:45 - INFO - top5 acc 45.50%	top1 acc 17.50%	Test Loss: 3.3874
2026-07-30 02:44:05 - INFO - Epoch [14/50] Train Loss: 4.8552
2026-07-30 02:44:05 - INFO - top5 acc 47.50%	top1 acc 21.50%	Test Loss: 3.3024
2026-07-30 02:44:26 - INFO - Epoch [15/50] Train Loss: 4.8094
2026-07-30 02:44:26 - INFO - top5 acc 48.50%	top1 acc 16.50%	Test Loss: 3.3521
2026-07-30 02:44:48 - INFO - Epoch [16/50] Train Loss: 4.7626
2026-07-30 02:44:48 - INFO - top5 acc 45.00%	top1 acc 14.00%	Test Loss: 3.3708
2026-07-30 02:45:09 - INFO - Epoch [17/50] Train Loss: 4.7231
2026-07-30 02:45:09 - INFO - top5 acc 46.50%	top1 acc 15.00%	Test Loss: 3.3301
2026-07-30 02:45:30 - INFO - Epoch [18/50] Train Loss: 4.6818
2026-07-30 02:45:30 - INFO - top5 acc 46.50%	top1 acc 15.50%	Test Loss: 3.3162
2026-07-30 02:45:51 - INFO - Epoch [19/50] Train Loss: 4.6374
2026-07-30 02:45:51 - INFO - top5 acc 44.50%	top1 acc 16.00%	Test Loss: 3.3869
2026-07-30 02:46:11 - INFO - Epoch [20/50] Train Loss: 4.5963
2026-07-30 02:46:11 - INFO - top5 acc 46.00%	top1 acc 18.00%	Test Loss: 3.2861
2026-07-30 02:46:31 - INFO - Epoch [21/50] Train Loss: 4.5570
2026-07-30 02:46:31 - INFO - top5 acc 43.50%	top1 acc 15.00%	Test Loss: 3.3598
2026-07-30 02:46:51 - INFO - Epoch [22/50] Train Loss: 4.5163
2026-07-30 02:46:51 - INFO - top5 acc 42.50%	top1 acc 15.00%	Test Loss: 3.3682
2026-07-30 02:47:13 - INFO - Epoch [23/50] Train Loss: 4.4724
2026-07-30 02:47:13 - INFO - top5 acc 40.50%	top1 acc 14.50%	Test Loss: 3.3335
2026-07-30 02:47:34 - INFO - Epoch [24/50] Train Loss: 4.4417
2026-07-30 02:47:34 - INFO - top5 acc 42.00%	top1 acc 16.00%	Test Loss: 3.4183
2026-07-30 02:47:56 - INFO - Epoch [25/50] Train Loss: 4.4028
2026-07-30 02:47:56 - INFO - top5 acc 42.50%	top1 acc 18.00%	Test Loss: 3.3728
2026-07-30 02:48:16 - INFO - Epoch [26/50] Train Loss: 4.3614
2026-07-30 02:48:16 - INFO - top5 acc 39.50%	top1 acc 18.00%	Test Loss: 3.4619
2026-07-30 02:48:36 - INFO - Epoch [27/50] Train Loss: 4.3325
2026-07-30 02:48:36 - INFO - top5 acc 37.00%	top1 acc 18.50%	Test Loss: 3.4249
2026-07-30 02:48:57 - INFO - Epoch [28/50] Train Loss: 4.2972
2026-07-30 02:48:57 - INFO - top5 acc 39.00%	top1 acc 16.50%	Test Loss: 3.3982
2026-07-30 02:49:17 - INFO - Epoch [29/50] Train Loss: 4.2610
2026-07-30 02:49:17 - INFO - top5 acc 41.50%	top1 acc 13.00%	Test Loss: 3.4632
2026-07-30 02:49:38 - INFO - Epoch [30/50] Train Loss: 4.2252
2026-07-30 02:49:38 - INFO - top5 acc 41.50%	top1 acc 14.00%	Test Loss: 3.5178
2026-07-30 02:50:00 - INFO - Epoch [31/50] Train Loss: 4.1957
2026-07-30 02:50:00 - INFO - top5 acc 38.00%	top1 acc 15.00%	Test Loss: 3.4778
2026-07-30 02:50:21 - INFO - Epoch [32/50] Train Loss: 4.1660
2026-07-30 02:50:21 - INFO - top5 acc 36.00%	top1 acc 15.00%	Test Loss: 3.4905
2026-07-30 02:50:42 - INFO - Epoch [33/50] Train Loss: 4.1333
2026-07-30 02:50:42 - INFO - top5 acc 35.00%	top1 acc 14.00%	Test Loss: 3.5652
2026-07-30 02:51:03 - INFO - Epoch [34/50] Train Loss: 4.1082
2026-07-30 02:51:03 - INFO - top5 acc 35.50%	top1 acc 17.00%	Test Loss: 3.4992
2026-07-30 02:51:23 - INFO - Epoch [35/50] Train Loss: 4.0764
2026-07-30 02:51:23 - INFO - top5 acc 37.50%	top1 acc 16.00%	Test Loss: 3.5410
2026-07-30 02:51:44 - INFO - Epoch [36/50] Train Loss: 4.0471
2026-07-30 02:51:44 - INFO - top5 acc 38.00%	top1 acc 18.00%	Test Loss: 3.5576
2026-07-30 02:52:04 - INFO - Epoch [37/50] Train Loss: 4.0122
2026-07-30 02:52:04 - INFO - top5 acc 39.00%	top1 acc 16.50%	Test Loss: 3.4883
2026-07-30 02:52:26 - INFO - Epoch [38/50] Train Loss: 3.9937
2026-07-30 02:52:26 - INFO - top5 acc 35.00%	top1 acc 13.50%	Test Loss: 3.6292
2026-07-30 02:52:46 - INFO - Epoch [39/50] Train Loss: 3.9671
2026-07-30 02:52:46 - INFO - top5 acc 35.50%	top1 acc 14.50%	Test Loss: 3.5640
2026-07-30 02:53:08 - INFO - Epoch [40/50] Train Loss: 3.9328
2026-07-30 02:53:08 - INFO - top5 acc 35.50%	top1 acc 12.50%	Test Loss: 3.6381
2026-07-30 02:53:29 - INFO - Epoch [41/50] Train Loss: 3.9151
2026-07-30 02:53:29 - INFO - top5 acc 34.50%	top1 acc 16.50%	Test Loss: 3.6514
2026-07-30 02:53:50 - INFO - Epoch [42/50] Train Loss: 3.8867
2026-07-30 02:53:50 - INFO - top5 acc 35.00%	top1 acc 12.50%	Test Loss: 3.6563
2026-07-30 02:54:10 - INFO - Epoch [43/50] Train Loss: 3.8653
2026-07-30 02:54:10 - INFO - top5 acc 38.50%	top1 acc 18.50%	Test Loss: 3.5952
2026-07-30 02:54:31 - INFO - Epoch [44/50] Train Loss: 3.8404
2026-07-30 02:54:31 - INFO - top5 acc 36.50%	top1 acc 14.50%	Test Loss: 3.5914
2026-07-30 02:54:52 - INFO - Epoch [45/50] Train Loss: 3.8159
2026-07-30 02:54:52 - INFO - top5 acc 35.00%	top1 acc 15.50%	Test Loss: 3.6502
2026-07-30 02:55:13 - INFO - Epoch [46/50] Train Loss: 3.7941
2026-07-30 02:55:13 - INFO - top5 acc 38.00%	top1 acc 15.50%	Test Loss: 3.6376
2026-07-30 02:55:33 - INFO - Epoch [47/50] Train Loss: 3.7720
2026-07-30 02:55:33 - INFO - top5 acc 37.50%	top1 acc 16.50%	Test Loss: 3.5876
2026-07-30 02:55:54 - INFO - Epoch [48/50] Train Loss: 3.7484
2026-07-30 02:55:54 - INFO - top5 acc 38.50%	top1 acc 17.00%	Test Loss: 3.6432
2026-07-30 02:56:14 - INFO - Epoch [49/50] Train Loss: 3.7310
2026-07-30 02:56:14 - INFO - top5 acc 34.50%	top1 acc 14.50%	Test Loss: 3.7641
2026-07-30 02:56:34 - INFO - Epoch [50/50] Train Loss: 3.7027
2026-07-30 02:56:34 - INFO - top5 acc 35.00%	top1 acc 17.00%	Test Loss: 3.6843
2026-07-30 02:56:34 - INFO - best test loss: 3.2861 top5 acc: 46.00 top1 acc: 18.00 at epoch 20
