2026-07-29 16:01:31 - INFO - Input arguments:
2026-07-29 16:01:31 - INFO - device                 cuda:0
2026-07-29 16:01:31 - INFO - num_epochs             50
2026-07-29 16:01:31 - INFO - batch_size             1024
2026-07-29 16:01:31 - INFO - learning_rate          0.0001
2026-07-29 16:01:31 - INFO - output_dir             ./autodl-tmp/results/things_eeg/inter-subjects
2026-07-29 16:01:31 - INFO - output_name            sub-04
2026-07-29 16:01:31 - INFO - train_subject_ids      [1, 2, 3, 5, 6, 7, 8, 9, 10]
2026-07-29 16:01:31 - INFO - test_subject_ids       [4]
2026-07-29 16:01:31 - INFO - data_average           True
2026-07-29 16:01:31 - INFO - data_random            False
2026-07-29 16:01:31 - INFO - init_temperature       0.07
2026-07-29 16:01:31 - INFO - t_learnable            False
2026-07-29 16:01:31 - INFO - softplus               True
2026-07-29 16:01:31 - INFO - alpha                  1.0
2026-07-29 16:01:31 - INFO - beta                   1.0
2026-07-29 16:01:31 - INFO - img_l2norm             True
2026-07-29 16:01:31 - INFO - text_l2norm            False
2026-07-29 16:01:31 - INFO - eeg_l2norm             False
2026-07-29 16:01:31 - INFO - eeg_data_dir           /root/autodl-tmp/data/things_eeg/preprocessed_eeg
2026-07-29 16:01:31 - INFO - selected_channels      []
2026-07-29 16:01:31 - INFO - time_window            [0, 250]
2026-07-29 16:01:31 - INFO - eeg_aug                True
2026-07-29 16:01:31 - INFO - eeg_aug_type           smooth
2026-07-29 16:01:31 - INFO - eeg_encoder_type       TSConv
2026-07-29 16:01:31 - INFO - image_aug              True
2026-07-29 16:01:31 - INFO - image_test_aug         True
2026-07-29 16:01:31 - INFO - eeg_test_aug           False
2026-07-29 16:01:31 - INFO - frozen_eeg_prior       True
2026-07-29 16:01:31 - INFO - projector              linear
2026-07-29 16:01:31 - INFO - feature_dim            512
2026-07-29 16:01:31 - INFO - image_feature_dir      /root/autodl-tmp/data/things_eeg/image_feature/RN50
2026-07-29 16:01:31 - INFO - aug_image_feature_dirs ['/root/autodl-tmp/data/things_eeg/image_feature/RN50/GaussianBlur-GaussianNoise-LowResolution-Mosaic']
2026-07-29 16:01:31 - INFO - text_feature_dir       
2026-07-29 16:01:31 - INFO - save_weights           True
2026-07-29 16:01:31 - INFO - seed                   42
2026-07-29 16:01:31 - INFO - Using device: cuda:0
2026-07-29 17:15:15 - INFO - EEG sample points: 250
2026-07-29 17:15:15 - INFO - feature dimension: 1024
2026-07-29 17:15:15 - INFO - data length: 148860
2026-07-29 17:15:15 - INFO - number of channels: 63
2026-07-29 17:15:16 - INFO - EEG Encoder trainable parameters: 2.63M
2026-07-29 17:15:16 - INFO - TSConv(
  (tsconv): Sequential(
    (0): Conv2d(1, 40, kernel_size=(1, 25), stride=(1, 1))
    (1): AvgPool2d(kernel_size=(1, 51), stride=(1, 5), padding=0)
    (2): BatchNorm2d(40, eps=1e-05, momentum=0.1, affine=True, track_running_stats=True)
    (3): ELU(alpha=1.0)
    (4): Conv2d(40, 40, kernel_size=(63, 1), stride=(1, 1))
    (5): BatchNorm2d(40, eps=1e-05, momentum=0.1, affine=True, track_running_stats=True)
    (6): ELU(alpha=1.0)
    (7): Dropout(p=0.5, inplace=False)
  )
  (projection): Conv2d(40, 40, kernel_size=(1, 1), stride=(1, 1))
  (proj_eeg): Sequential(
    (0): Linear(in_features=1440, out_features=1024, bias=True)
    (1): ResidualAdd(
      (f): Sequential(
        (0): GELU(approximate='none')
        (1): Linear(in_features=1024, out_features=1024, bias=True)
        (2): Dropout(p=0.5, inplace=False)
      )
    )
    (2): LayerNorm((1024,), eps=1e-05, elementwise_affine=True)
  )
)
2026-07-29 17:15:16 - INFO - Projector trainable parameters: 1.57M
2026-07-29 17:15:16 - INFO - ContrastiveLoss(
  (criterion_cls): CrossEntropyLoss()
  (criterion_mse): MSELoss()
  (softplus): Softplus(beta=1.0, threshold=20.0)
)
2026-07-29 17:15:42 - INFO - Epoch [1/50] Train Loss: 6.4902
2026-07-29 17:15:43 - INFO - top5 acc 25.50%	top1 acc 6.00%	Test Loss: 4.0141
2026-07-29 17:16:07 - INFO - Epoch [2/50] Train Loss: 5.8938
2026-07-29 17:16:07 - INFO - top5 acc 36.00%	top1 acc 12.00%	Test Loss: 3.6718
2026-07-29 17:16:33 - INFO - Epoch [3/50] Train Loss: 5.6973
2026-07-29 17:16:33 - INFO - top5 acc 35.50%	top1 acc 13.50%	Test Loss: 3.5588
2026-07-29 17:16:58 - INFO - Epoch [4/50] Train Loss: 5.5656
2026-07-29 17:16:58 - INFO - top5 acc 45.00%	top1 acc 15.00%	Test Loss: 3.4620
2026-07-29 17:17:23 - INFO - Epoch [5/50] Train Loss: 5.4687
2026-07-29 17:17:23 - INFO - top5 acc 43.50%	top1 acc 16.50%	Test Loss: 3.3853
2026-07-29 17:17:49 - INFO - Epoch [6/50] Train Loss: 5.3786
2026-07-29 17:17:49 - INFO - top5 acc 46.00%	top1 acc 18.00%	Test Loss: 3.3578
2026-07-29 17:18:15 - INFO - Epoch [7/50] Train Loss: 5.3118
2026-07-29 17:18:15 - INFO - top5 acc 45.00%	top1 acc 18.50%	Test Loss: 3.3190
2026-07-29 17:18:40 - INFO - Epoch [8/50] Train Loss: 5.2446
2026-07-29 17:18:40 - INFO - top5 acc 49.50%	top1 acc 19.50%	Test Loss: 3.2977
2026-07-29 17:19:06 - INFO - Epoch [9/50] Train Loss: 5.1860
2026-07-29 17:19:06 - INFO - top5 acc 47.50%	top1 acc 19.50%	Test Loss: 3.2783
2026-07-29 17:19:31 - INFO - Epoch [10/50] Train Loss: 5.1337
2026-07-29 17:19:31 - INFO - top5 acc 48.00%	top1 acc 18.00%	Test Loss: 3.2289
2026-07-29 17:19:56 - INFO - Epoch [11/50] Train Loss: 5.0754
2026-07-29 17:19:57 - INFO - top5 acc 46.50%	top1 acc 18.50%	Test Loss: 3.2316
2026-07-29 17:20:21 - INFO - Epoch [12/50] Train Loss: 5.0261
2026-07-29 17:20:21 - INFO - top5 acc 47.50%	top1 acc 17.50%	Test Loss: 3.1952
2026-07-29 17:20:46 - INFO - Epoch [13/50] Train Loss: 4.9796
2026-07-29 17:20:46 - INFO - top5 acc 53.00%	top1 acc 19.00%	Test Loss: 3.1443
2026-07-29 17:21:12 - INFO - Epoch [14/50] Train Loss: 4.9257
2026-07-29 17:21:12 - INFO - top5 acc 51.00%	top1 acc 20.50%	Test Loss: 3.1350
2026-07-29 17:21:37 - INFO - Epoch [15/50] Train Loss: 4.8808
2026-07-29 17:21:37 - INFO - top5 acc 52.00%	top1 acc 20.00%	Test Loss: 3.1728
2026-07-29 17:22:04 - INFO - Epoch [16/50] Train Loss: 4.8349
2026-07-29 17:22:04 - INFO - top5 acc 50.50%	top1 acc 21.00%	Test Loss: 3.1687
2026-07-29 17:22:30 - INFO - Epoch [17/50] Train Loss: 4.7843
2026-07-29 17:22:30 - INFO - top5 acc 51.00%	top1 acc 17.50%	Test Loss: 3.2085
2026-07-29 17:22:56 - INFO - Epoch [18/50] Train Loss: 4.7445
2026-07-29 17:22:56 - INFO - top5 acc 50.50%	top1 acc 18.00%	Test Loss: 3.2013
2026-07-29 17:23:22 - INFO - Epoch [19/50] Train Loss: 4.6953
2026-07-29 17:23:23 - INFO - top5 acc 51.50%	top1 acc 17.00%	Test Loss: 3.1978
2026-07-29 17:23:49 - INFO - Epoch [20/50] Train Loss: 4.6551
2026-07-29 17:23:49 - INFO - top5 acc 51.00%	top1 acc 14.00%	Test Loss: 3.1847
2026-07-29 17:24:15 - INFO - Epoch [21/50] Train Loss: 4.6122
2026-07-29 17:24:15 - INFO - top5 acc 50.50%	top1 acc 16.50%	Test Loss: 3.2317
2026-07-29 17:24:40 - INFO - Epoch [22/50] Train Loss: 4.5725
2026-07-29 17:24:40 - INFO - top5 acc 49.50%	top1 acc 15.50%	Test Loss: 3.2740
2026-07-29 17:25:05 - INFO - Epoch [23/50] Train Loss: 4.5331
2026-07-29 17:25:05 - INFO - top5 acc 52.00%	top1 acc 16.50%	Test Loss: 3.2345
2026-07-29 17:25:31 - INFO - Epoch [24/50] Train Loss: 4.4963
2026-07-29 17:25:31 - INFO - top5 acc 50.00%	top1 acc 17.00%	Test Loss: 3.2888
2026-07-29 17:25:57 - INFO - Epoch [25/50] Train Loss: 4.4570
2026-07-29 17:25:57 - INFO - top5 acc 50.00%	top1 acc 16.50%	Test Loss: 3.3280
2026-07-29 17:26:22 - INFO - Epoch [26/50] Train Loss: 4.4249
2026-07-29 17:26:22 - INFO - top5 acc 52.00%	top1 acc 16.00%	Test Loss: 3.2859
2026-07-29 17:26:47 - INFO - Epoch [27/50] Train Loss: 4.3863
2026-07-29 17:26:47 - INFO - top5 acc 49.50%	top1 acc 15.50%	Test Loss: 3.3213
2026-07-29 17:27:12 - INFO - Epoch [28/50] Train Loss: 4.3533
2026-07-29 17:27:12 - INFO - top5 acc 48.00%	top1 acc 16.00%	Test Loss: 3.3329
2026-07-29 17:27:37 - INFO - Epoch [29/50] Train Loss: 4.3158
2026-07-29 17:27:37 - INFO - top5 acc 48.50%	top1 acc 16.50%	Test Loss: 3.3026
2026-07-29 17:28:02 - INFO - Epoch [30/50] Train Loss: 4.2822
2026-07-29 17:28:02 - INFO - top5 acc 52.00%	top1 acc 17.00%	Test Loss: 3.3117
2026-07-29 17:28:28 - INFO - Epoch [31/50] Train Loss: 4.2476
2026-07-29 17:28:28 - INFO - top5 acc 49.50%	top1 acc 17.50%	Test Loss: 3.3211
2026-07-29 17:28:53 - INFO - Epoch [32/50] Train Loss: 4.2217
2026-07-29 17:28:53 - INFO - top5 acc 50.00%	top1 acc 17.00%	Test Loss: 3.3158
2026-07-29 17:29:19 - INFO - Epoch [33/50] Train Loss: 4.1842
2026-07-29 17:29:19 - INFO - top5 acc 49.00%	top1 acc 18.00%	Test Loss: 3.3829
2026-07-29 17:29:44 - INFO - Epoch [34/50] Train Loss: 4.1629
2026-07-29 17:29:44 - INFO - top5 acc 48.00%	top1 acc 17.50%	Test Loss: 3.3890
2026-07-29 17:30:09 - INFO - Epoch [35/50] Train Loss: 4.1305
2026-07-29 17:30:09 - INFO - top5 acc 49.00%	top1 acc 17.00%	Test Loss: 3.3637
2026-07-29 17:30:34 - INFO - Epoch [36/50] Train Loss: 4.0990
2026-07-29 17:30:34 - INFO - top5 acc 49.00%	top1 acc 16.50%	Test Loss: 3.4235
2026-07-29 17:30:59 - INFO - Epoch [37/50] Train Loss: 4.0773
2026-07-29 17:30:59 - INFO - top5 acc 49.50%	top1 acc 15.50%	Test Loss: 3.3767
2026-07-29 17:31:25 - INFO - Epoch [38/50] Train Loss: 4.0449
2026-07-29 17:31:25 - INFO - top5 acc 47.00%	top1 acc 19.00%	Test Loss: 3.4134
2026-07-29 17:31:51 - INFO - Epoch [39/50] Train Loss: 4.0225
2026-07-29 17:31:51 - INFO - top5 acc 49.00%	top1 acc 21.00%	Test Loss: 3.4233
2026-07-29 17:32:17 - INFO - Epoch [40/50] Train Loss: 3.9973
2026-07-29 17:32:17 - INFO - top5 acc 48.50%	top1 acc 17.00%	Test Loss: 3.4574
2026-07-29 17:32:42 - INFO - Epoch [41/50] Train Loss: 3.9659
2026-07-29 17:32:42 - INFO - top5 acc 48.50%	top1 acc 18.00%	Test Loss: 3.5005
2026-07-29 17:33:07 - INFO - Epoch [42/50] Train Loss: 3.9412
2026-07-29 17:33:07 - INFO - top5 acc 48.50%	top1 acc 18.50%	Test Loss: 3.4162
2026-07-29 17:33:32 - INFO - Epoch [43/50] Train Loss: 3.9240
2026-07-29 17:33:32 - INFO - top5 acc 47.50%	top1 acc 19.00%	Test Loss: 3.4215
2026-07-29 17:33:58 - INFO - Epoch [44/50] Train Loss: 3.8943
2026-07-29 17:33:58 - INFO - top5 acc 47.00%	top1 acc 20.00%	Test Loss: 3.3668
2026-07-29 17:34:24 - INFO - Epoch [45/50] Train Loss: 3.8726
2026-07-29 17:34:24 - INFO - top5 acc 48.00%	top1 acc 18.00%	Test Loss: 3.4821
2026-07-29 17:34:49 - INFO - Epoch [46/50] Train Loss: 3.8478
2026-07-29 17:34:49 - INFO - top5 acc 48.50%	top1 acc 18.00%	Test Loss: 3.4313
2026-07-29 17:35:15 - INFO - Epoch [47/50] Train Loss: 3.8270
2026-07-29 17:35:15 - INFO - top5 acc 44.50%	top1 acc 20.00%	Test Loss: 3.4444
2026-07-29 17:35:41 - INFO - Epoch [48/50] Train Loss: 3.8034
2026-07-29 17:35:41 - INFO - top5 acc 47.00%	top1 acc 21.00%	Test Loss: 3.3718
2026-07-29 17:36:06 - INFO - Epoch [49/50] Train Loss: 3.7825
2026-07-29 17:36:06 - INFO - top5 acc 48.00%	top1 acc 19.00%	Test Loss: 3.4687
2026-07-29 17:36:31 - INFO - Epoch [50/50] Train Loss: 3.7546
2026-07-29 17:36:31 - INFO - top5 acc 47.00%	top1 acc 18.50%	Test Loss: 3.5197
2026-07-29 17:36:31 - INFO - best test loss: 3.1350 top5 acc: 51.00 top1 acc: 20.50 at epoch 14
