2026-07-29 06:53:45 - INFO - Input arguments:
2026-07-29 06:53:45 - INFO - device                 cuda:0
2026-07-29 06:53:45 - INFO - num_epochs             50
2026-07-29 06:53:45 - INFO - batch_size             1024
2026-07-29 06:53:45 - INFO - learning_rate          0.0001
2026-07-29 06:53:45 - INFO - output_dir             ./autodl-tmp/results/things_eeg/inter-subjects
2026-07-29 06:53:45 - INFO - output_name            sub-08
2026-07-29 06:53:45 - INFO - train_subject_ids      [1, 2, 3, 4, 5, 6, 7, 9, 10]
2026-07-29 06:53:45 - INFO - test_subject_ids       [8]
2026-07-29 06:53:45 - INFO - data_average           True
2026-07-29 06:53:45 - INFO - data_random            False
2026-07-29 06:53:45 - INFO - init_temperature       0.07
2026-07-29 06:53:45 - INFO - t_learnable            False
2026-07-29 06:53:45 - INFO - softplus               True
2026-07-29 06:53:45 - INFO - alpha                  1.0
2026-07-29 06:53:45 - INFO - beta                   1.0
2026-07-29 06:53:45 - INFO - img_l2norm             True
2026-07-29 06:53:45 - INFO - text_l2norm            False
2026-07-29 06:53:45 - INFO - eeg_l2norm             False
2026-07-29 06:53:45 - INFO - eeg_data_dir           /root/autodl-tmp/data/things_eeg/preprocessed_eeg
2026-07-29 06:53:45 - INFO - selected_channels      []
2026-07-29 06:53:45 - INFO - time_window            [0, 250]
2026-07-29 06:53:45 - INFO - eeg_aug                True
2026-07-29 06:53:45 - INFO - eeg_aug_type           smooth
2026-07-29 06:53:45 - INFO - eeg_encoder_type       TSConv
2026-07-29 06:53:45 - INFO - image_aug              True
2026-07-29 06:53:45 - INFO - image_test_aug         True
2026-07-29 06:53:45 - INFO - eeg_test_aug           False
2026-07-29 06:53:45 - INFO - frozen_eeg_prior       True
2026-07-29 06:53:45 - INFO - projector              linear
2026-07-29 06:53:45 - INFO - feature_dim            512
2026-07-29 06:53:45 - INFO - image_feature_dir      /root/autodl-tmp/data/things_eeg/image_feature/RN50
2026-07-29 06:53:45 - INFO - aug_image_feature_dirs ['/root/autodl-tmp/data/things_eeg/image_feature/RN50/GaussianBlur-GaussianNoise-LowResolution-Mosaic']
2026-07-29 06:53:45 - INFO - text_feature_dir       
2026-07-29 06:53:45 - INFO - save_weights           True
2026-07-29 06:53:45 - INFO - seed                   9999
2026-07-29 06:53:46 - INFO - Using device: cuda:0
2026-07-29 08:04:17 - INFO - EEG sample points: 250
2026-07-29 08:04:17 - INFO - feature dimension: 1024
2026-07-29 08:04:17 - INFO - data length: 148860
2026-07-29 08:04:17 - INFO - number of channels: 63
2026-07-29 08:04:18 - INFO - EEG Encoder trainable parameters: 2.63M
2026-07-29 08:04:18 - INFO - TSConv(
  (tsconv): Sequential(
    (0): Conv2d(1, 40, kernel_size=(1, 25), stride=(1, 1))
    (1): AvgPool2d(kernel_size=(1, 51), stride=(1, 5), padding=0)
    (2): BatchNorm2d(40, eps=1e-05, momentum=0.1, affine=True, track_running_stats=True)
    (3): ELU(alpha=1.0)
    (4): Conv2d(40, 40, kernel_size=(63, 1), stride=(1, 1))
    (5): BatchNorm2d(40, eps=1e-05, momentum=0.1, affine=True, track_running_stats=True)
    (6): ELU(alpha=1.0)
    (7): Dropout(p=0.5, inplace=False)
  )
  (projection): Conv2d(40, 40, kernel_size=(1, 1), stride=(1, 1))
  (proj_eeg): Sequential(
    (0): Linear(in_features=1440, out_features=1024, bias=True)
    (1): ResidualAdd(
      (f): Sequential(
        (0): GELU(approximate='none')
        (1): Linear(in_features=1024, out_features=1024, bias=True)
        (2): Dropout(p=0.5, inplace=False)
      )
    )
    (2): LayerNorm((1024,), eps=1e-05, elementwise_affine=True)
  )
)
2026-07-29 08:04:18 - INFO - Projector trainable parameters: 1.57M
2026-07-29 08:04:18 - INFO - ContrastiveLoss(
  (criterion_cls): CrossEntropyLoss()
  (criterion_mse): MSELoss()
  (softplus): Softplus(beta=1.0, threshold=20.0)
)
2026-07-29 08:04:44 - INFO - Epoch [1/50] Train Loss: 6.5149
2026-07-29 08:04:44 - INFO - top5 acc 20.50%	top1 acc 6.50%	Test Loss: 4.3426
2026-07-29 08:05:08 - INFO - Epoch [2/50] Train Loss: 5.8780
2026-07-29 08:05:08 - INFO - top5 acc 32.00%	top1 acc 8.50%	Test Loss: 3.9093
2026-07-29 08:05:32 - INFO - Epoch [3/50] Train Loss: 5.6587
2026-07-29 08:05:32 - INFO - top5 acc 36.00%	top1 acc 11.00%	Test Loss: 3.6935
2026-07-29 08:05:56 - INFO - Epoch [4/50] Train Loss: 5.5180
2026-07-29 08:05:56 - INFO - top5 acc 38.50%	top1 acc 12.50%	Test Loss: 3.5517
2026-07-29 08:06:21 - INFO - Epoch [5/50] Train Loss: 5.4135
2026-07-29 08:06:21 - INFO - top5 acc 37.50%	top1 acc 11.50%	Test Loss: 3.5046
2026-07-29 08:06:46 - INFO - Epoch [6/50] Train Loss: 5.3415
2026-07-29 08:06:46 - INFO - top5 acc 38.50%	top1 acc 15.00%	Test Loss: 3.4324
2026-07-29 08:07:11 - INFO - Epoch [7/50] Train Loss: 5.2774
2026-07-29 08:07:11 - INFO - top5 acc 41.50%	top1 acc 18.00%	Test Loss: 3.3858
2026-07-29 08:07:36 - INFO - Epoch [8/50] Train Loss: 5.2187
2026-07-29 08:07:36 - INFO - top5 acc 43.50%	top1 acc 14.00%	Test Loss: 3.3595
2026-07-29 08:08:01 - INFO - Epoch [9/50] Train Loss: 5.1642
2026-07-29 08:08:01 - INFO - top5 acc 45.00%	top1 acc 17.50%	Test Loss: 3.3123
2026-07-29 08:08:26 - INFO - Epoch [10/50] Train Loss: 5.1104
2026-07-29 08:08:26 - INFO - top5 acc 46.00%	top1 acc 16.50%	Test Loss: 3.2570
2026-07-29 08:08:51 - INFO - Epoch [11/50] Train Loss: 5.0595
2026-07-29 08:08:51 - INFO - top5 acc 46.50%	top1 acc 18.00%	Test Loss: 3.3110
2026-07-29 08:09:16 - INFO - Epoch [12/50] Train Loss: 5.0080
2026-07-29 08:09:16 - INFO - top5 acc 48.00%	top1 acc 18.00%	Test Loss: 3.2947
2026-07-29 08:09:41 - INFO - Epoch [13/50] Train Loss: 4.9627
2026-07-29 08:09:41 - INFO - top5 acc 45.00%	top1 acc 19.50%	Test Loss: 3.2993
2026-07-29 08:10:06 - INFO - Epoch [14/50] Train Loss: 4.9159
2026-07-29 08:10:06 - INFO - top5 acc 49.50%	top1 acc 18.00%	Test Loss: 3.2667
2026-07-29 08:10:32 - INFO - Epoch [15/50] Train Loss: 4.8706
2026-07-29 08:10:32 - INFO - top5 acc 48.50%	top1 acc 20.50%	Test Loss: 3.2433
2026-07-29 08:10:57 - INFO - Epoch [16/50] Train Loss: 4.8225
2026-07-29 08:10:57 - INFO - top5 acc 45.50%	top1 acc 19.00%	Test Loss: 3.2910
2026-07-29 08:11:21 - INFO - Epoch [17/50] Train Loss: 4.7851
2026-07-29 08:11:21 - INFO - top5 acc 46.50%	top1 acc 20.50%	Test Loss: 3.2651
2026-07-29 08:11:46 - INFO - Epoch [18/50] Train Loss: 4.7427
2026-07-29 08:11:46 - INFO - top5 acc 49.50%	top1 acc 18.50%	Test Loss: 3.2774
2026-07-29 08:12:11 - INFO - Epoch [19/50] Train Loss: 4.7000
2026-07-29 08:12:11 - INFO - top5 acc 48.00%	top1 acc 20.50%	Test Loss: 3.3017
2026-07-29 08:12:36 - INFO - Epoch [20/50] Train Loss: 4.6563
2026-07-29 08:12:36 - INFO - top5 acc 49.00%	top1 acc 21.00%	Test Loss: 3.2627
2026-07-29 08:13:01 - INFO - Epoch [21/50] Train Loss: 4.6167
2026-07-29 08:13:01 - INFO - top5 acc 46.50%	top1 acc 20.00%	Test Loss: 3.3255
2026-07-29 08:13:25 - INFO - Epoch [22/50] Train Loss: 4.5783
2026-07-29 08:13:25 - INFO - top5 acc 46.50%	top1 acc 22.50%	Test Loss: 3.3187
2026-07-29 08:13:50 - INFO - Epoch [23/50] Train Loss: 4.5456
2026-07-29 08:13:51 - INFO - top5 acc 50.00%	top1 acc 22.50%	Test Loss: 3.2666
2026-07-29 08:14:15 - INFO - Epoch [24/50] Train Loss: 4.5040
2026-07-29 08:14:15 - INFO - top5 acc 49.50%	top1 acc 20.50%	Test Loss: 3.3356
2026-07-29 08:14:40 - INFO - Epoch [25/50] Train Loss: 4.4722
2026-07-29 08:14:40 - INFO - top5 acc 48.50%	top1 acc 22.00%	Test Loss: 3.2917
2026-07-29 08:15:05 - INFO - Epoch [26/50] Train Loss: 4.4375
2026-07-29 08:15:05 - INFO - top5 acc 49.50%	top1 acc 20.50%	Test Loss: 3.3498
2026-07-29 08:15:29 - INFO - Epoch [27/50] Train Loss: 4.4001
2026-07-29 08:15:29 - INFO - top5 acc 49.50%	top1 acc 24.00%	Test Loss: 3.3230
2026-07-29 08:15:54 - INFO - Epoch [28/50] Train Loss: 4.3633
2026-07-29 08:15:54 - INFO - top5 acc 47.50%	top1 acc 22.50%	Test Loss: 3.3593
2026-07-29 08:16:19 - INFO - Epoch [29/50] Train Loss: 4.3344
2026-07-29 08:16:19 - INFO - top5 acc 48.50%	top1 acc 21.50%	Test Loss: 3.3661
2026-07-29 08:16:44 - INFO - Epoch [30/50] Train Loss: 4.3057
2026-07-29 08:16:44 - INFO - top5 acc 48.50%	top1 acc 21.50%	Test Loss: 3.3883
2026-07-29 08:17:09 - INFO - Epoch [31/50] Train Loss: 4.2678
2026-07-29 08:17:09 - INFO - top5 acc 45.00%	top1 acc 22.50%	Test Loss: 3.3892
2026-07-29 08:17:33 - INFO - Epoch [32/50] Train Loss: 4.2376
2026-07-29 08:17:33 - INFO - top5 acc 45.50%	top1 acc 24.50%	Test Loss: 3.3968
2026-07-29 08:17:57 - INFO - Epoch [33/50] Train Loss: 4.2038
2026-07-29 08:17:57 - INFO - top5 acc 47.50%	top1 acc 20.50%	Test Loss: 3.3960
2026-07-29 08:18:22 - INFO - Epoch [34/50] Train Loss: 4.1769
2026-07-29 08:18:22 - INFO - top5 acc 49.50%	top1 acc 23.50%	Test Loss: 3.3923
2026-07-29 08:18:47 - INFO - Epoch [35/50] Train Loss: 4.1524
2026-07-29 08:18:47 - INFO - top5 acc 47.50%	top1 acc 19.50%	Test Loss: 3.4849
2026-07-29 08:19:12 - INFO - Epoch [36/50] Train Loss: 4.1234
2026-07-29 08:19:12 - INFO - top5 acc 46.50%	top1 acc 24.50%	Test Loss: 3.4521
2026-07-29 08:19:37 - INFO - Epoch [37/50] Train Loss: 4.0986
2026-07-29 08:19:37 - INFO - top5 acc 47.50%	top1 acc 21.00%	Test Loss: 3.5417
2026-07-29 08:20:01 - INFO - Epoch [38/50] Train Loss: 4.0737
2026-07-29 08:20:01 - INFO - top5 acc 47.00%	top1 acc 20.00%	Test Loss: 3.5459
2026-07-29 08:20:26 - INFO - Epoch [39/50] Train Loss: 4.0476
2026-07-29 08:20:26 - INFO - top5 acc 47.00%	top1 acc 19.50%	Test Loss: 3.5064
2026-07-29 08:20:51 - INFO - Epoch [40/50] Train Loss: 4.0182
2026-07-29 08:20:51 - INFO - top5 acc 43.50%	top1 acc 20.50%	Test Loss: 3.5706
2026-07-29 08:21:16 - INFO - Epoch [41/50] Train Loss: 3.9926
2026-07-29 08:21:16 - INFO - top5 acc 46.50%	top1 acc 19.50%	Test Loss: 3.5191
2026-07-29 08:21:41 - INFO - Epoch [42/50] Train Loss: 3.9697
2026-07-29 08:21:41 - INFO - top5 acc 45.50%	top1 acc 19.50%	Test Loss: 3.5811
2026-07-29 08:22:06 - INFO - Epoch [43/50] Train Loss: 3.9442
2026-07-29 08:22:06 - INFO - top5 acc 43.50%	top1 acc 19.00%	Test Loss: 3.5727
2026-07-29 08:22:30 - INFO - Epoch [44/50] Train Loss: 3.9161
2026-07-29 08:22:30 - INFO - top5 acc 48.00%	top1 acc 22.00%	Test Loss: 3.5774
2026-07-29 08:22:55 - INFO - Epoch [45/50] Train Loss: 3.8915
2026-07-29 08:22:55 - INFO - top5 acc 47.00%	top1 acc 20.50%	Test Loss: 3.6245
2026-07-29 08:23:20 - INFO - Epoch [46/50] Train Loss: 3.8743
2026-07-29 08:23:20 - INFO - top5 acc 48.00%	top1 acc 19.50%	Test Loss: 3.6109
2026-07-29 08:23:45 - INFO - Epoch [47/50] Train Loss: 3.8539
2026-07-29 08:23:45 - INFO - top5 acc 45.00%	top1 acc 22.00%	Test Loss: 3.5936
2026-07-29 08:24:10 - INFO - Epoch [48/50] Train Loss: 3.8308
2026-07-29 08:24:10 - INFO - top5 acc 45.50%	top1 acc 20.00%	Test Loss: 3.6439
2026-07-29 08:24:35 - INFO - Epoch [49/50] Train Loss: 3.8160
2026-07-29 08:24:35 - INFO - top5 acc 45.00%	top1 acc 21.00%	Test Loss: 3.6175
2026-07-29 08:25:00 - INFO - Epoch [50/50] Train Loss: 3.7917
2026-07-29 08:25:00 - INFO - top5 acc 43.50%	top1 acc 20.50%	Test Loss: 3.6055
2026-07-29 08:25:00 - INFO - best test loss: 3.2433 top5 acc: 48.50 top1 acc: 20.50 at epoch 15
