2026-07-30 07:59:01 - INFO - Input arguments:
2026-07-30 07:59:01 - INFO - device                 cuda:0
2026-07-30 07:59:01 - INFO - num_epochs             50
2026-07-30 07:59:01 - INFO - batch_size             1024
2026-07-30 07:59:01 - INFO - learning_rate          0.0001
2026-07-30 07:59:01 - INFO - output_dir             ./autodl-tmp/results/things_eeg/inter-subjects
2026-07-30 07:59:01 - INFO - output_name            sub-06
2026-07-30 07:59:01 - INFO - train_subject_ids      [1, 2, 3, 4, 5, 7, 8, 9, 10]
2026-07-30 07:59:01 - INFO - test_subject_ids       [6]
2026-07-30 07:59:01 - INFO - data_average           True
2026-07-30 07:59:01 - INFO - data_random            False
2026-07-30 07:59:01 - INFO - init_temperature       0.07
2026-07-30 07:59:01 - INFO - t_learnable            False
2026-07-30 07:59:01 - INFO - softplus               True
2026-07-30 07:59:01 - INFO - alpha                  1.0
2026-07-30 07:59:01 - INFO - beta                   1.0
2026-07-30 07:59:01 - INFO - img_l2norm             True
2026-07-30 07:59:01 - INFO - text_l2norm            False
2026-07-30 07:59:01 - INFO - eeg_l2norm             False
2026-07-30 07:59:01 - INFO - eeg_data_dir           /root/autodl-tmp/data/things_eeg/preprocessed_eeg
2026-07-30 07:59:01 - INFO - selected_channels      []
2026-07-30 07:59:01 - INFO - time_window            [0, 250]
2026-07-30 07:59:01 - INFO - eeg_aug                True
2026-07-30 07:59:01 - INFO - eeg_aug_type           smooth
2026-07-30 07:59:01 - INFO - eeg_encoder_type       TSConv
2026-07-30 07:59:01 - INFO - image_aug              True
2026-07-30 07:59:01 - INFO - image_test_aug         True
2026-07-30 07:59:01 - INFO - eeg_test_aug           False
2026-07-30 07:59:01 - INFO - frozen_eeg_prior       True
2026-07-30 07:59:01 - INFO - projector              linear
2026-07-30 07:59:01 - INFO - feature_dim            512
2026-07-30 07:59:01 - INFO - image_feature_dir      /root/autodl-tmp/data/things_eeg/image_feature/RN50
2026-07-30 07:59:01 - INFO - aug_image_feature_dirs ['/root/autodl-tmp/data/things_eeg/image_feature/RN50/GaussianBlur-GaussianNoise-LowResolution-Mosaic']
2026-07-30 07:59:01 - INFO - text_feature_dir       
2026-07-30 07:59:01 - INFO - save_weights           True
2026-07-30 07:59:01 - INFO - seed                   1234
2026-07-30 07:59:01 - INFO - Using device: cuda:0
2026-07-30 09:09:27 - INFO - EEG sample points: 250
2026-07-30 09:09:27 - INFO - feature dimension: 1024
2026-07-30 09:09:27 - INFO - data length: 148860
2026-07-30 09:09:27 - INFO - number of channels: 63
2026-07-30 09:09:28 - INFO - EEG Encoder trainable parameters: 2.63M
2026-07-30 09:09:28 - INFO - TSConv(
  (tsconv): Sequential(
    (0): Conv2d(1, 40, kernel_size=(1, 25), stride=(1, 1))
    (1): AvgPool2d(kernel_size=(1, 51), stride=(1, 5), padding=0)
    (2): BatchNorm2d(40, eps=1e-05, momentum=0.1, affine=True, track_running_stats=True)
    (3): ELU(alpha=1.0)
    (4): Conv2d(40, 40, kernel_size=(63, 1), stride=(1, 1))
    (5): BatchNorm2d(40, eps=1e-05, momentum=0.1, affine=True, track_running_stats=True)
    (6): ELU(alpha=1.0)
    (7): Dropout(p=0.5, inplace=False)
  )
  (projection): Conv2d(40, 40, kernel_size=(1, 1), stride=(1, 1))
  (proj_eeg): Sequential(
    (0): Linear(in_features=1440, out_features=1024, bias=True)
    (1): ResidualAdd(
      (f): Sequential(
        (0): GELU(approximate='none')
        (1): Linear(in_features=1024, out_features=1024, bias=True)
        (2): Dropout(p=0.5, inplace=False)
      )
    )
    (2): LayerNorm((1024,), eps=1e-05, elementwise_affine=True)
  )
)
2026-07-30 09:09:28 - INFO - Projector trainable parameters: 1.57M
2026-07-30 09:09:28 - INFO - ContrastiveLoss(
  (criterion_cls): CrossEntropyLoss()
  (criterion_mse): MSELoss()
  (softplus): Softplus(beta=1.0, threshold=20.0)
)
2026-07-30 09:09:54 - INFO - Epoch [1/50] Train Loss: 6.4876
2026-07-30 09:09:54 - INFO - top5 acc 28.50%	top1 acc 6.50%	Test Loss: 3.8804
2026-07-30 09:10:19 - INFO - Epoch [2/50] Train Loss: 5.8910
2026-07-30 09:10:19 - INFO - top5 acc 38.50%	top1 acc 11.50%	Test Loss: 3.5811
2026-07-30 09:10:44 - INFO - Epoch [3/50] Train Loss: 5.6872
2026-07-30 09:10:44 - INFO - top5 acc 40.50%	top1 acc 15.00%	Test Loss: 3.4462
2026-07-30 09:11:08 - INFO - Epoch [4/50] Train Loss: 5.5550
2026-07-30 09:11:09 - INFO - top5 acc 46.50%	top1 acc 18.00%	Test Loss: 3.3185
2026-07-30 09:11:34 - INFO - Epoch [5/50] Train Loss: 5.4472
2026-07-30 09:11:34 - INFO - top5 acc 52.00%	top1 acc 20.00%	Test Loss: 3.2349
2026-07-30 09:11:59 - INFO - Epoch [6/50] Train Loss: 5.3665
2026-07-30 09:11:59 - INFO - top5 acc 48.00%	top1 acc 20.00%	Test Loss: 3.2748
2026-07-30 09:12:23 - INFO - Epoch [7/50] Train Loss: 5.3024
2026-07-30 09:12:24 - INFO - top5 acc 50.50%	top1 acc 19.00%	Test Loss: 3.1712
2026-07-30 09:12:48 - INFO - Epoch [8/50] Train Loss: 5.2416
2026-07-30 09:12:48 - INFO - top5 acc 50.00%	top1 acc 22.00%	Test Loss: 3.1683
2026-07-30 09:13:13 - INFO - Epoch [9/50] Train Loss: 5.1896
2026-07-30 09:13:13 - INFO - top5 acc 53.50%	top1 acc 21.50%	Test Loss: 3.1663
2026-07-30 09:13:38 - INFO - Epoch [10/50] Train Loss: 5.1366
2026-07-30 09:13:38 - INFO - top5 acc 57.00%	top1 acc 21.50%	Test Loss: 3.1194
2026-07-30 09:14:03 - INFO - Epoch [11/50] Train Loss: 5.0852
2026-07-30 09:14:03 - INFO - top5 acc 55.00%	top1 acc 22.00%	Test Loss: 3.0804
2026-07-30 09:14:28 - INFO - Epoch [12/50] Train Loss: 5.0357
2026-07-30 09:14:28 - INFO - top5 acc 54.50%	top1 acc 23.50%	Test Loss: 3.0795
2026-07-30 09:14:53 - INFO - Epoch [13/50] Train Loss: 4.9925
2026-07-30 09:14:53 - INFO - top5 acc 53.50%	top1 acc 22.50%	Test Loss: 3.0489
2026-07-30 09:15:17 - INFO - Epoch [14/50] Train Loss: 4.9480
2026-07-30 09:15:17 - INFO - top5 acc 55.00%	top1 acc 23.00%	Test Loss: 3.0442
2026-07-30 09:15:42 - INFO - Epoch [15/50] Train Loss: 4.9048
2026-07-30 09:15:42 - INFO - top5 acc 54.00%	top1 acc 23.00%	Test Loss: 3.0168
2026-07-30 09:16:07 - INFO - Epoch [16/50] Train Loss: 4.8618
2026-07-30 09:16:07 - INFO - top5 acc 56.00%	top1 acc 22.50%	Test Loss: 3.0367
2026-07-30 09:16:32 - INFO - Epoch [17/50] Train Loss: 4.8202
2026-07-30 09:16:32 - INFO - top5 acc 55.00%	top1 acc 21.50%	Test Loss: 3.0659
2026-07-30 09:16:56 - INFO - Epoch [18/50] Train Loss: 4.7781
2026-07-30 09:16:56 - INFO - top5 acc 54.00%	top1 acc 23.00%	Test Loss: 3.0673
2026-07-30 09:17:20 - INFO - Epoch [19/50] Train Loss: 4.7441
2026-07-30 09:17:21 - INFO - top5 acc 54.00%	top1 acc 23.50%	Test Loss: 3.0117
2026-07-30 09:17:45 - INFO - Epoch [20/50] Train Loss: 4.7017
2026-07-30 09:17:45 - INFO - top5 acc 56.00%	top1 acc 23.50%	Test Loss: 2.9752
2026-07-30 09:18:10 - INFO - Epoch [21/50] Train Loss: 4.6574
2026-07-30 09:18:10 - INFO - top5 acc 56.50%	top1 acc 26.50%	Test Loss: 3.0158
2026-07-30 09:18:35 - INFO - Epoch [22/50] Train Loss: 4.6238
2026-07-30 09:18:35 - INFO - top5 acc 54.50%	top1 acc 23.50%	Test Loss: 3.0196
2026-07-30 09:19:00 - INFO - Epoch [23/50] Train Loss: 4.5896
2026-07-30 09:19:00 - INFO - top5 acc 58.00%	top1 acc 29.00%	Test Loss: 2.9359
2026-07-30 09:19:25 - INFO - Epoch [24/50] Train Loss: 4.5482
2026-07-30 09:19:25 - INFO - top5 acc 57.00%	top1 acc 26.00%	Test Loss: 2.9497
2026-07-30 09:19:50 - INFO - Epoch [25/50] Train Loss: 4.5139
2026-07-30 09:19:50 - INFO - top5 acc 57.50%	top1 acc 26.50%	Test Loss: 2.9715
2026-07-30 09:20:15 - INFO - Epoch [26/50] Train Loss: 4.4753
2026-07-30 09:20:15 - INFO - top5 acc 57.50%	top1 acc 25.50%	Test Loss: 2.9778
2026-07-30 09:20:39 - INFO - Epoch [27/50] Train Loss: 4.4404
2026-07-30 09:20:39 - INFO - top5 acc 56.50%	top1 acc 29.50%	Test Loss: 2.9073
2026-07-30 09:21:04 - INFO - Epoch [28/50] Train Loss: 4.4042
2026-07-30 09:21:04 - INFO - top5 acc 57.00%	top1 acc 25.50%	Test Loss: 2.9880
2026-07-30 09:21:30 - INFO - Epoch [29/50] Train Loss: 4.3681
2026-07-30 09:21:30 - INFO - top5 acc 54.50%	top1 acc 31.00%	Test Loss: 2.9282
2026-07-30 09:21:55 - INFO - Epoch [30/50] Train Loss: 4.3368
2026-07-30 09:21:55 - INFO - top5 acc 56.50%	top1 acc 27.00%	Test Loss: 2.9468
2026-07-30 09:22:20 - INFO - Epoch [31/50] Train Loss: 4.3105
2026-07-30 09:22:20 - INFO - top5 acc 55.50%	top1 acc 27.50%	Test Loss: 2.9345
2026-07-30 09:22:44 - INFO - Epoch [32/50] Train Loss: 4.2757
2026-07-30 09:22:44 - INFO - top5 acc 55.50%	top1 acc 26.00%	Test Loss: 2.9962
2026-07-30 09:23:09 - INFO - Epoch [33/50] Train Loss: 4.2394
2026-07-30 09:23:09 - INFO - top5 acc 57.50%	top1 acc 31.50%	Test Loss: 2.9349
2026-07-30 09:23:33 - INFO - Epoch [34/50] Train Loss: 4.2090
2026-07-30 09:23:33 - INFO - top5 acc 57.00%	top1 acc 28.00%	Test Loss: 2.9354
2026-07-30 09:23:58 - INFO - Epoch [35/50] Train Loss: 4.1755
2026-07-30 09:23:58 - INFO - top5 acc 55.50%	top1 acc 26.50%	Test Loss: 2.9876
2026-07-30 09:24:23 - INFO - Epoch [36/50] Train Loss: 4.1492
2026-07-30 09:24:23 - INFO - top5 acc 56.00%	top1 acc 25.50%	Test Loss: 3.0009
2026-07-30 09:24:48 - INFO - Epoch [37/50] Train Loss: 4.1220
2026-07-30 09:24:48 - INFO - top5 acc 52.00%	top1 acc 26.50%	Test Loss: 3.0605
2026-07-30 09:25:13 - INFO - Epoch [38/50] Train Loss: 4.0920
2026-07-30 09:25:13 - INFO - top5 acc 54.50%	top1 acc 26.50%	Test Loss: 3.0417
2026-07-30 09:25:38 - INFO - Epoch [39/50] Train Loss: 4.0644
2026-07-30 09:25:38 - INFO - top5 acc 52.50%	top1 acc 22.50%	Test Loss: 3.0272
2026-07-30 09:26:02 - INFO - Epoch [40/50] Train Loss: 4.0368
2026-07-30 09:26:03 - INFO - top5 acc 55.00%	top1 acc 28.50%	Test Loss: 2.9343
2026-07-30 09:26:27 - INFO - Epoch [41/50] Train Loss: 4.0111
2026-07-30 09:26:27 - INFO - top5 acc 56.00%	top1 acc 29.00%	Test Loss: 2.9698
2026-07-30 09:26:53 - INFO - Epoch [42/50] Train Loss: 3.9834
2026-07-30 09:26:53 - INFO - top5 acc 55.50%	top1 acc 30.50%	Test Loss: 3.0219
2026-07-30 09:27:17 - INFO - Epoch [43/50] Train Loss: 3.9627
2026-07-30 09:27:17 - INFO - top5 acc 53.50%	top1 acc 27.50%	Test Loss: 2.9913
2026-07-30 09:27:42 - INFO - Epoch [44/50] Train Loss: 3.9356
2026-07-30 09:27:42 - INFO - top5 acc 53.00%	top1 acc 24.00%	Test Loss: 3.0781
2026-07-30 09:28:07 - INFO - Epoch [45/50] Train Loss: 3.9142
2026-07-30 09:28:07 - INFO - top5 acc 56.00%	top1 acc 27.50%	Test Loss: 3.0395
2026-07-30 09:28:32 - INFO - Epoch [46/50] Train Loss: 3.8849
2026-07-30 09:28:32 - INFO - top5 acc 55.00%	top1 acc 22.50%	Test Loss: 2.9945
2026-07-30 09:28:57 - INFO - Epoch [47/50] Train Loss: 3.8625
2026-07-30 09:28:57 - INFO - top5 acc 54.00%	top1 acc 26.00%	Test Loss: 3.0761
2026-07-30 09:29:21 - INFO - Epoch [48/50] Train Loss: 3.8420
2026-07-30 09:29:21 - INFO - top5 acc 54.50%	top1 acc 22.50%	Test Loss: 3.0775
2026-07-30 09:29:46 - INFO - Epoch [49/50] Train Loss: 3.8206
2026-07-30 09:29:46 - INFO - top5 acc 54.50%	top1 acc 24.50%	Test Loss: 3.0521
2026-07-30 09:30:11 - INFO - Epoch [50/50] Train Loss: 3.8004
2026-07-30 09:30:11 - INFO - top5 acc 57.00%	top1 acc 25.00%	Test Loss: 3.0213
2026-07-30 09:30:11 - INFO - best test loss: 2.9073 top5 acc: 56.50 top1 acc: 29.50 at epoch 27
