2026-07-28 19:35:02 - INFO - Input arguments:
2026-07-28 19:35:02 - INFO - device                 cuda:0
2026-07-28 19:35:02 - INFO - num_epochs             50
2026-07-28 19:35:02 - INFO - batch_size             1024
2026-07-28 19:35:02 - INFO - learning_rate          0.0001
2026-07-28 19:35:02 - INFO - output_dir             root/autodl-tmp/results/things_eeg/intra-subjects
2026-07-28 19:35:02 - INFO - output_name            sub-08
2026-07-28 19:35:02 - INFO - train_subject_ids      [8]
2026-07-28 19:35:02 - INFO - test_subject_ids       [8]
2026-07-28 19:35:02 - INFO - data_average           True
2026-07-28 19:35:02 - INFO - data_random            False
2026-07-28 19:35:02 - INFO - init_temperature       0.07
2026-07-28 19:35:02 - INFO - t_learnable            False
2026-07-28 19:35:02 - INFO - softplus               True
2026-07-28 19:35:02 - INFO - alpha                  1.0
2026-07-28 19:35:02 - INFO - beta                   1.0
2026-07-28 19:35:02 - INFO - img_l2norm             True
2026-07-28 19:35:02 - INFO - text_l2norm            False
2026-07-28 19:35:02 - INFO - eeg_l2norm             False
2026-07-28 19:35:02 - INFO - eeg_data_dir           /root/autodl-tmp/data/things_eeg/preprocessed_eeg
2026-07-28 19:35:02 - INFO - selected_channels      ['P7', 'P5', 'P3', 'P1', 'Pz', 'P2', 'P4', 'P6', 'P8', 'PO7', 'PO3', 'POz', 'PO4', 'PO8', 'O1', 'Oz', 'O2']
2026-07-28 19:35:02 - INFO - time_window            [0, 250]
2026-07-28 19:35:02 - INFO - eeg_aug                True
2026-07-28 19:35:02 - INFO - eeg_aug_type           smooth
2026-07-28 19:35:02 - INFO - eeg_encoder_type       EEGProject
2026-07-28 19:35:02 - INFO - image_aug              True
2026-07-28 19:35:02 - INFO - image_test_aug         True
2026-07-28 19:35:02 - INFO - eeg_test_aug           False
2026-07-28 19:35:02 - INFO - frozen_eeg_prior       True
2026-07-28 19:35:02 - INFO - projector              linear
2026-07-28 19:35:02 - INFO - feature_dim            512
2026-07-28 19:35:02 - INFO - image_feature_dir      /root/autodl-tmp/data/things_eeg/image_feature/RN50
2026-07-28 19:35:02 - INFO - aug_image_feature_dirs ['/root/autodl-tmp/data/things_eeg/image_feature/RN50/GaussianBlur-GaussianNoise-LowResolution-Mosaic']
2026-07-28 19:35:02 - INFO - text_feature_dir       
2026-07-28 19:35:02 - INFO - save_weights           True
2026-07-28 19:35:02 - INFO - seed                   9999
2026-07-28 19:35:02 - INFO - Using device: cuda:0
2026-07-28 19:37:27 - INFO - EEG sample points: 250
2026-07-28 19:37:27 - INFO - feature dimension: 1024
2026-07-28 19:37:27 - INFO - data length: 16540
2026-07-28 19:37:27 - INFO - number of channels: 17
2026-07-28 19:37:28 - INFO - EEG Encoder trainable parameters: 5.40M
2026-07-28 19:37:28 - INFO - EEGProject(
  (model): Sequential(
    (0): Linear(in_features=4250, out_features=1024, bias=True)
    (1): ResidualAdd(
      (f): Sequential(
        (0): GELU(approximate='none')
        (1): Linear(in_features=1024, out_features=1024, bias=True)
        (2): Dropout(p=0.3, inplace=False)
      )
    )
    (2): LayerNorm((1024,), eps=1e-05, elementwise_affine=True)
  )
)
2026-07-28 19:37:28 - INFO - Projector trainable parameters: 1.57M
2026-07-28 19:37:28 - INFO - ContrastiveLoss(
  (criterion_cls): CrossEntropyLoss()
  (criterion_mse): MSELoss()
  (softplus): Softplus(beta=1.0, threshold=20.0)
)
2026-07-28 19:37:29 - INFO - Epoch [1/50] Train Loss: 7.0451
2026-07-28 19:37:30 - INFO - top5 acc 25.00%	top1 acc 5.50%	Test Loss: 4.5418
2026-07-28 19:37:30 - INFO - Epoch [2/50] Train Loss: 5.9799
2026-07-28 19:37:30 - INFO - top5 acc 42.00%	top1 acc 10.00%	Test Loss: 3.8024
2026-07-28 19:37:31 - INFO - Epoch [3/50] Train Loss: 5.2783
2026-07-28 19:37:32 - INFO - top5 acc 57.50%	top1 acc 24.50%	Test Loss: 2.9167
2026-07-28 19:37:32 - INFO - Epoch [4/50] Train Loss: 4.5600
2026-07-28 19:37:33 - INFO - top5 acc 75.50%	top1 acc 38.00%	Test Loss: 2.1506
2026-07-28 19:37:33 - INFO - Epoch [5/50] Train Loss: 3.8998
2026-07-28 19:37:33 - INFO - top5 acc 83.00%	top1 acc 48.00%	Test Loss: 1.6893
2026-07-28 19:37:34 - INFO - Epoch [6/50] Train Loss: 3.3102
2026-07-28 19:37:34 - INFO - top5 acc 88.00%	top1 acc 52.00%	Test Loss: 1.4638
2026-07-28 19:37:35 - INFO - Epoch [7/50] Train Loss: 2.8037
2026-07-28 19:37:35 - INFO - top5 acc 90.50%	top1 acc 57.00%	Test Loss: 1.3587
2026-07-28 19:37:36 - INFO - Epoch [8/50] Train Loss: 2.3770
2026-07-28 19:37:37 - INFO - top5 acc 91.00%	top1 acc 60.00%	Test Loss: 1.1955
2026-07-28 19:37:38 - INFO - Epoch [9/50] Train Loss: 2.0179
2026-07-28 19:37:38 - INFO - top5 acc 92.50%	top1 acc 62.50%	Test Loss: 1.1185
2026-07-28 19:37:39 - INFO - Epoch [10/50] Train Loss: 1.7137
2026-07-28 19:37:39 - INFO - top5 acc 94.00%	top1 acc 62.50%	Test Loss: 1.0704
2026-07-28 19:37:40 - INFO - Epoch [11/50] Train Loss: 1.4663
2026-07-28 19:37:40 - INFO - top5 acc 94.00%	top1 acc 64.50%	Test Loss: 1.0764
2026-07-28 19:37:41 - INFO - Epoch [12/50] Train Loss: 1.2487
2026-07-28 19:37:41 - INFO - top5 acc 94.50%	top1 acc 66.50%	Test Loss: 0.9824
2026-07-28 19:37:42 - INFO - Epoch [13/50] Train Loss: 1.0427
2026-07-28 19:37:42 - INFO - top5 acc 93.50%	top1 acc 70.50%	Test Loss: 0.9771
2026-07-28 19:37:43 - INFO - Epoch [14/50] Train Loss: 0.8729
2026-07-28 19:37:43 - INFO - top5 acc 95.50%	top1 acc 69.50%	Test Loss: 0.9784
2026-07-28 19:37:44 - INFO - Epoch [15/50] Train Loss: 0.7335
2026-07-28 19:37:44 - INFO - top5 acc 96.00%	top1 acc 71.00%	Test Loss: 0.8956
2026-07-28 19:37:46 - INFO - Epoch [16/50] Train Loss: 0.6192
2026-07-28 19:37:46 - INFO - top5 acc 94.00%	top1 acc 70.50%	Test Loss: 0.9488
2026-07-28 19:37:47 - INFO - Epoch [17/50] Train Loss: 0.5142
2026-07-28 19:37:47 - INFO - top5 acc 95.00%	top1 acc 72.50%	Test Loss: 0.8889
2026-07-28 19:37:48 - INFO - Epoch [18/50] Train Loss: 0.4371
2026-07-28 19:37:48 - INFO - top5 acc 96.00%	top1 acc 70.00%	Test Loss: 0.9043
2026-07-28 19:37:49 - INFO - Epoch [19/50] Train Loss: 0.3704
2026-07-28 19:37:49 - INFO - top5 acc 96.00%	top1 acc 69.50%	Test Loss: 0.9127
2026-07-28 19:37:50 - INFO - Epoch [20/50] Train Loss: 0.3175
2026-07-28 19:37:50 - INFO - top5 acc 94.50%	top1 acc 68.00%	Test Loss: 0.9706
2026-07-28 19:37:51 - INFO - Epoch [21/50] Train Loss: 0.2761
2026-07-28 19:37:51 - INFO - top5 acc 96.00%	top1 acc 71.50%	Test Loss: 0.9146
2026-07-28 19:37:52 - INFO - Epoch [22/50] Train Loss: 0.2436
2026-07-28 19:37:52 - INFO - top5 acc 95.50%	top1 acc 70.50%	Test Loss: 0.9180
2026-07-28 19:37:53 - INFO - Epoch [23/50] Train Loss: 0.2114
2026-07-28 19:37:53 - INFO - top5 acc 96.00%	top1 acc 69.50%	Test Loss: 0.9177
2026-07-28 19:37:54 - INFO - Epoch [24/50] Train Loss: 0.1893
2026-07-28 19:37:54 - INFO - top5 acc 95.00%	top1 acc 68.50%	Test Loss: 0.9269
2026-07-28 19:37:54 - INFO - Epoch [25/50] Train Loss: 0.1685
2026-07-28 19:37:54 - INFO - top5 acc 95.00%	top1 acc 70.00%	Test Loss: 0.9501
2026-07-28 19:37:55 - INFO - Epoch [26/50] Train Loss: 0.1516
2026-07-28 19:37:55 - INFO - top5 acc 95.50%	top1 acc 71.00%	Test Loss: 0.9186
2026-07-28 19:37:56 - INFO - Epoch [27/50] Train Loss: 0.1352
2026-07-28 19:37:56 - INFO - top5 acc 95.50%	top1 acc 68.00%	Test Loss: 0.9385
2026-07-28 19:37:57 - INFO - Epoch [28/50] Train Loss: 0.1250
2026-07-28 19:37:57 - INFO - top5 acc 96.50%	top1 acc 68.00%	Test Loss: 0.9420
2026-07-28 19:37:58 - INFO - Epoch [29/50] Train Loss: 0.1137
2026-07-28 19:37:58 - INFO - top5 acc 95.50%	top1 acc 66.50%	Test Loss: 0.9929
2026-07-28 19:37:59 - INFO - Epoch [30/50] Train Loss: 0.1063
2026-07-28 19:37:59 - INFO - top5 acc 96.00%	top1 acc 69.50%	Test Loss: 0.9540
2026-07-28 19:38:00 - INFO - Epoch [31/50] Train Loss: 0.1000
2026-07-28 19:38:00 - INFO - top5 acc 94.50%	top1 acc 66.00%	Test Loss: 0.9715
2026-07-28 19:38:01 - INFO - Epoch [32/50] Train Loss: 0.0929
2026-07-28 19:38:01 - INFO - top5 acc 96.50%	top1 acc 68.50%	Test Loss: 0.9652
2026-07-28 19:38:02 - INFO - Epoch [33/50] Train Loss: 0.0853
2026-07-28 19:38:02 - INFO - top5 acc 95.00%	top1 acc 69.00%	Test Loss: 0.9650
2026-07-28 19:38:03 - INFO - Epoch [34/50] Train Loss: 0.0785
2026-07-28 19:38:03 - INFO - top5 acc 96.00%	top1 acc 68.00%	Test Loss: 0.9800
2026-07-28 19:38:04 - INFO - Epoch [35/50] Train Loss: 0.0734
2026-07-28 19:38:04 - INFO - top5 acc 94.50%	top1 acc 67.00%	Test Loss: 0.9762
2026-07-28 19:38:05 - INFO - Epoch [36/50] Train Loss: 0.0680
2026-07-28 19:38:05 - INFO - top5 acc 95.50%	top1 acc 70.00%	Test Loss: 0.9603
2026-07-28 19:38:06 - INFO - Epoch [37/50] Train Loss: 0.0650
2026-07-28 19:38:06 - INFO - top5 acc 95.00%	top1 acc 67.00%	Test Loss: 0.9824
2026-07-28 19:38:07 - INFO - Epoch [38/50] Train Loss: 0.0612
2026-07-28 19:38:07 - INFO - top5 acc 95.50%	top1 acc 68.00%	Test Loss: 0.9555
2026-07-28 19:38:08 - INFO - Epoch [39/50] Train Loss: 0.0584
2026-07-28 19:38:08 - INFO - top5 acc 95.50%	top1 acc 68.00%	Test Loss: 0.9546
2026-07-28 19:38:09 - INFO - Epoch [40/50] Train Loss: 0.0558
2026-07-28 19:38:09 - INFO - top5 acc 95.50%	top1 acc 67.00%	Test Loss: 0.9583
2026-07-28 19:38:10 - INFO - Epoch [41/50] Train Loss: 0.0517
2026-07-28 19:38:10 - INFO - top5 acc 96.00%	top1 acc 69.00%	Test Loss: 0.9397
2026-07-28 19:38:10 - INFO - Epoch [42/50] Train Loss: 0.0494
2026-07-28 19:38:10 - INFO - top5 acc 95.50%	top1 acc 66.50%	Test Loss: 0.9798
2026-07-28 19:38:11 - INFO - Epoch [43/50] Train Loss: 0.0460
2026-07-28 19:38:11 - INFO - top5 acc 94.50%	top1 acc 67.00%	Test Loss: 0.9978
2026-07-28 19:38:12 - INFO - Epoch [44/50] Train Loss: 0.0442
2026-07-28 19:38:12 - INFO - top5 acc 95.00%	top1 acc 67.00%	Test Loss: 0.9893
2026-07-28 19:38:13 - INFO - Epoch [45/50] Train Loss: 0.0421
2026-07-28 19:38:13 - INFO - top5 acc 93.00%	top1 acc 66.00%	Test Loss: 0.9917
2026-07-28 19:38:14 - INFO - Epoch [46/50] Train Loss: 0.0421
2026-07-28 19:38:14 - INFO - top5 acc 95.00%	top1 acc 67.00%	Test Loss: 0.9708
2026-07-28 19:38:15 - INFO - Epoch [47/50] Train Loss: 0.0395
2026-07-28 19:38:15 - INFO - top5 acc 95.50%	top1 acc 66.50%	Test Loss: 0.9932
2026-07-28 19:38:16 - INFO - Epoch [48/50] Train Loss: 0.0367
2026-07-28 19:38:16 - INFO - top5 acc 95.00%	top1 acc 67.50%	Test Loss: 1.0108
2026-07-28 19:38:17 - INFO - Epoch [49/50] Train Loss: 0.0358
2026-07-28 19:38:17 - INFO - top5 acc 95.00%	top1 acc 66.50%	Test Loss: 0.9998
2026-07-28 19:38:18 - INFO - Epoch [50/50] Train Loss: 0.0344
2026-07-28 19:38:18 - INFO - top5 acc 95.50%	top1 acc 67.00%	Test Loss: 1.0211
2026-07-28 19:38:18 - INFO - best test loss: 0.8889 top5 acc: 95.00 top1 acc: 72.50 at epoch 17
