2026-07-28 19:38:23 - INFO - Input arguments:
2026-07-28 19:38:23 - INFO - device                 cuda:0
2026-07-28 19:38:23 - INFO - num_epochs             50
2026-07-28 19:38:23 - INFO - batch_size             1024
2026-07-28 19:38:23 - INFO - learning_rate          0.0001
2026-07-28 19:38:23 - INFO - output_dir             root/autodl-tmp/results/things_eeg/intra-subjects
2026-07-28 19:38:23 - INFO - output_name            sub-09
2026-07-28 19:38:23 - INFO - train_subject_ids      [9]
2026-07-28 19:38:23 - INFO - test_subject_ids       [9]
2026-07-28 19:38:23 - INFO - data_average           True
2026-07-28 19:38:23 - INFO - data_random            False
2026-07-28 19:38:23 - INFO - init_temperature       0.07
2026-07-28 19:38:23 - INFO - t_learnable            False
2026-07-28 19:38:23 - INFO - softplus               True
2026-07-28 19:38:23 - INFO - alpha                  1.0
2026-07-28 19:38:23 - INFO - beta                   1.0
2026-07-28 19:38:23 - INFO - img_l2norm             True
2026-07-28 19:38:23 - INFO - text_l2norm            False
2026-07-28 19:38:23 - INFO - eeg_l2norm             False
2026-07-28 19:38:23 - INFO - eeg_data_dir           /root/autodl-tmp/data/things_eeg/preprocessed_eeg
2026-07-28 19:38:23 - INFO - selected_channels      ['P7', 'P5', 'P3', 'P1', 'Pz', 'P2', 'P4', 'P6', 'P8', 'PO7', 'PO3', 'POz', 'PO4', 'PO8', 'O1', 'Oz', 'O2']
2026-07-28 19:38:23 - INFO - time_window            [0, 250]
2026-07-28 19:38:23 - INFO - eeg_aug                True
2026-07-28 19:38:23 - INFO - eeg_aug_type           smooth
2026-07-28 19:38:23 - INFO - eeg_encoder_type       EEGProject
2026-07-28 19:38:23 - INFO - image_aug              True
2026-07-28 19:38:23 - INFO - image_test_aug         True
2026-07-28 19:38:23 - INFO - eeg_test_aug           False
2026-07-28 19:38:23 - INFO - frozen_eeg_prior       True
2026-07-28 19:38:23 - INFO - projector              linear
2026-07-28 19:38:23 - INFO - feature_dim            512
2026-07-28 19:38:23 - INFO - image_feature_dir      /root/autodl-tmp/data/things_eeg/image_feature/RN50
2026-07-28 19:38:23 - INFO - aug_image_feature_dirs ['/root/autodl-tmp/data/things_eeg/image_feature/RN50/GaussianBlur-GaussianNoise-LowResolution-Mosaic']
2026-07-28 19:38:23 - INFO - text_feature_dir       
2026-07-28 19:38:23 - INFO - save_weights           True
2026-07-28 19:38:23 - INFO - seed                   9999
2026-07-28 19:38:23 - INFO - Using device: cuda:0
2026-07-28 19:40:49 - INFO - EEG sample points: 250
2026-07-28 19:40:49 - INFO - feature dimension: 1024
2026-07-28 19:40:49 - INFO - data length: 16540
2026-07-28 19:40:49 - INFO - number of channels: 17
2026-07-28 19:40:50 - INFO - EEG Encoder trainable parameters: 5.40M
2026-07-28 19:40:50 - INFO - EEGProject(
  (model): Sequential(
    (0): Linear(in_features=4250, out_features=1024, bias=True)
    (1): ResidualAdd(
      (f): Sequential(
        (0): GELU(approximate='none')
        (1): Linear(in_features=1024, out_features=1024, bias=True)
        (2): Dropout(p=0.3, inplace=False)
      )
    )
    (2): LayerNorm((1024,), eps=1e-05, elementwise_affine=True)
  )
)
2026-07-28 19:40:50 - INFO - Projector trainable parameters: 1.57M
2026-07-28 19:40:50 - INFO - ContrastiveLoss(
  (criterion_cls): CrossEntropyLoss()
  (criterion_mse): MSELoss()
  (softplus): Softplus(beta=1.0, threshold=20.0)
)
2026-07-28 19:40:51 - INFO - Epoch [1/50] Train Loss: 7.4313
2026-07-28 19:40:51 - INFO - top5 acc 18.50%	top1 acc 7.00%	Test Loss: 4.6526
2026-07-28 19:40:52 - INFO - Epoch [2/50] Train Loss: 6.3199
2026-07-28 19:40:52 - INFO - top5 acc 35.50%	top1 acc 10.50%	Test Loss: 4.1369
2026-07-28 19:40:53 - INFO - Epoch [3/50] Train Loss: 5.8007
2026-07-28 19:40:53 - INFO - top5 acc 48.50%	top1 acc 21.50%	Test Loss: 3.5021
2026-07-28 19:40:54 - INFO - Epoch [4/50] Train Loss: 5.3079
2026-07-28 19:40:54 - INFO - top5 acc 60.00%	top1 acc 26.50%	Test Loss: 2.9091
2026-07-28 19:40:55 - INFO - Epoch [5/50] Train Loss: 4.7730
2026-07-28 19:40:55 - INFO - top5 acc 69.00%	top1 acc 31.50%	Test Loss: 2.5065
2026-07-28 19:40:56 - INFO - Epoch [6/50] Train Loss: 4.2291
2026-07-28 19:40:56 - INFO - top5 acc 76.00%	top1 acc 37.00%	Test Loss: 2.1982
2026-07-28 19:40:57 - INFO - Epoch [7/50] Train Loss: 3.6838
2026-07-28 19:40:57 - INFO - top5 acc 79.50%	top1 acc 47.00%	Test Loss: 1.9501
2026-07-28 19:40:58 - INFO - Epoch [8/50] Train Loss: 3.1574
2026-07-28 19:40:58 - INFO - top5 acc 85.00%	top1 acc 48.00%	Test Loss: 1.7945
2026-07-28 19:40:59 - INFO - Epoch [9/50] Train Loss: 2.6775
2026-07-28 19:41:00 - INFO - top5 acc 88.50%	top1 acc 51.00%	Test Loss: 1.6259
2026-07-28 19:41:01 - INFO - Epoch [10/50] Train Loss: 2.2666
2026-07-28 19:41:01 - INFO - top5 acc 88.00%	top1 acc 51.00%	Test Loss: 1.5749
2026-07-28 19:41:02 - INFO - Epoch [11/50] Train Loss: 1.9054
2026-07-28 19:41:02 - INFO - top5 acc 92.50%	top1 acc 57.50%	Test Loss: 1.4672
2026-07-28 19:41:03 - INFO - Epoch [12/50] Train Loss: 1.5873
2026-07-28 19:41:03 - INFO - top5 acc 91.00%	top1 acc 57.00%	Test Loss: 1.4153
2026-07-28 19:41:04 - INFO - Epoch [13/50] Train Loss: 1.3209
2026-07-28 19:41:04 - INFO - top5 acc 93.00%	top1 acc 59.00%	Test Loss: 1.3686
2026-07-28 19:41:05 - INFO - Epoch [14/50] Train Loss: 1.0793
2026-07-28 19:41:05 - INFO - top5 acc 93.00%	top1 acc 57.50%	Test Loss: 1.3940
2026-07-28 19:41:06 - INFO - Epoch [15/50] Train Loss: 0.8750
2026-07-28 19:41:06 - INFO - top5 acc 92.50%	top1 acc 58.00%	Test Loss: 1.3665
2026-07-28 19:41:07 - INFO - Epoch [16/50] Train Loss: 0.7088
2026-07-28 19:41:08 - INFO - top5 acc 93.00%	top1 acc 59.00%	Test Loss: 1.3399
2026-07-28 19:41:09 - INFO - Epoch [17/50] Train Loss: 0.5669
2026-07-28 19:41:09 - INFO - top5 acc 93.50%	top1 acc 62.50%	Test Loss: 1.3062
2026-07-28 19:41:10 - INFO - Epoch [18/50] Train Loss: 0.4642
2026-07-28 19:41:10 - INFO - top5 acc 94.00%	top1 acc 59.00%	Test Loss: 1.3218
2026-07-28 19:41:11 - INFO - Epoch [19/50] Train Loss: 0.3773
2026-07-28 19:41:11 - INFO - top5 acc 93.00%	top1 acc 60.50%	Test Loss: 1.3400
2026-07-28 19:41:12 - INFO - Epoch [20/50] Train Loss: 0.3164
2026-07-28 19:41:12 - INFO - top5 acc 92.50%	top1 acc 61.00%	Test Loss: 1.3258
2026-07-28 19:41:13 - INFO - Epoch [21/50] Train Loss: 0.2650
2026-07-28 19:41:13 - INFO - top5 acc 92.50%	top1 acc 61.00%	Test Loss: 1.3053
2026-07-28 19:41:14 - INFO - Epoch [22/50] Train Loss: 0.2284
2026-07-28 19:41:14 - INFO - top5 acc 92.00%	top1 acc 61.50%	Test Loss: 1.2997
2026-07-28 19:41:15 - INFO - Epoch [23/50] Train Loss: 0.1952
2026-07-28 19:41:15 - INFO - top5 acc 93.00%	top1 acc 62.00%	Test Loss: 1.2880
2026-07-28 19:41:16 - INFO - Epoch [24/50] Train Loss: 0.1700
2026-07-28 19:41:17 - INFO - top5 acc 93.00%	top1 acc 62.50%	Test Loss: 1.2560
2026-07-28 19:41:18 - INFO - Epoch [25/50] Train Loss: 0.1524
2026-07-28 19:41:18 - INFO - top5 acc 91.50%	top1 acc 63.50%	Test Loss: 1.3076
2026-07-28 19:41:19 - INFO - Epoch [26/50] Train Loss: 0.1346
2026-07-28 19:41:19 - INFO - top5 acc 93.00%	top1 acc 64.50%	Test Loss: 1.2767
2026-07-28 19:41:19 - INFO - Epoch [27/50] Train Loss: 0.1222
2026-07-28 19:41:19 - INFO - top5 acc 91.00%	top1 acc 62.50%	Test Loss: 1.3038
2026-07-28 19:41:20 - INFO - Epoch [28/50] Train Loss: 0.1117
2026-07-28 19:41:20 - INFO - top5 acc 91.00%	top1 acc 63.00%	Test Loss: 1.3125
2026-07-28 19:41:21 - INFO - Epoch [29/50] Train Loss: 0.0999
2026-07-28 19:41:21 - INFO - top5 acc 92.00%	top1 acc 63.50%	Test Loss: 1.3211
2026-07-28 19:41:22 - INFO - Epoch [30/50] Train Loss: 0.0927
2026-07-28 19:41:22 - INFO - top5 acc 92.00%	top1 acc 61.00%	Test Loss: 1.3394
2026-07-28 19:41:23 - INFO - Epoch [31/50] Train Loss: 0.0869
2026-07-28 19:41:23 - INFO - top5 acc 92.50%	top1 acc 62.00%	Test Loss: 1.3225
2026-07-28 19:41:24 - INFO - Epoch [32/50] Train Loss: 0.0797
2026-07-28 19:41:24 - INFO - top5 acc 92.00%	top1 acc 63.00%	Test Loss: 1.2959
2026-07-28 19:41:25 - INFO - Epoch [33/50] Train Loss: 0.0736
2026-07-28 19:41:25 - INFO - top5 acc 91.00%	top1 acc 62.50%	Test Loss: 1.3232
2026-07-28 19:41:26 - INFO - Epoch [34/50] Train Loss: 0.0690
2026-07-28 19:41:26 - INFO - top5 acc 92.00%	top1 acc 66.00%	Test Loss: 1.3118
2026-07-28 19:41:26 - INFO - Epoch [35/50] Train Loss: 0.0651
2026-07-28 19:41:27 - INFO - top5 acc 92.00%	top1 acc 65.00%	Test Loss: 1.2989
2026-07-28 19:41:27 - INFO - Epoch [36/50] Train Loss: 0.0615
2026-07-28 19:41:28 - INFO - top5 acc 91.00%	top1 acc 63.50%	Test Loss: 1.3173
2026-07-28 19:41:29 - INFO - Epoch [37/50] Train Loss: 0.0566
2026-07-28 19:41:29 - INFO - top5 acc 90.00%	top1 acc 63.50%	Test Loss: 1.3110
2026-07-28 19:41:29 - INFO - Epoch [38/50] Train Loss: 0.0550
2026-07-28 19:41:30 - INFO - top5 acc 90.50%	top1 acc 62.50%	Test Loss: 1.3193
2026-07-28 19:41:30 - INFO - Epoch [39/50] Train Loss: 0.0505
2026-07-28 19:41:31 - INFO - top5 acc 90.00%	top1 acc 64.00%	Test Loss: 1.3244
2026-07-28 19:41:31 - INFO - Epoch [40/50] Train Loss: 0.0474
2026-07-28 19:41:31 - INFO - top5 acc 90.50%	top1 acc 64.50%	Test Loss: 1.3037
2026-07-28 19:41:32 - INFO - Epoch [41/50] Train Loss: 0.0447
2026-07-28 19:41:32 - INFO - top5 acc 92.00%	top1 acc 62.50%	Test Loss: 1.3131
2026-07-28 19:41:33 - INFO - Epoch [42/50] Train Loss: 0.0431
2026-07-28 19:41:33 - INFO - top5 acc 90.50%	top1 acc 65.00%	Test Loss: 1.3197
2026-07-28 19:41:34 - INFO - Epoch [43/50] Train Loss: 0.0410
2026-07-28 19:41:34 - INFO - top5 acc 89.50%	top1 acc 63.00%	Test Loss: 1.3339
2026-07-28 19:41:35 - INFO - Epoch [44/50] Train Loss: 0.0386
2026-07-28 19:41:35 - INFO - top5 acc 91.50%	top1 acc 62.00%	Test Loss: 1.3308
2026-07-28 19:41:36 - INFO - Epoch [45/50] Train Loss: 0.0369
2026-07-28 19:41:36 - INFO - top5 acc 91.50%	top1 acc 65.00%	Test Loss: 1.3335
2026-07-28 19:41:36 - INFO - Epoch [46/50] Train Loss: 0.0350
2026-07-28 19:41:37 - INFO - top5 acc 90.00%	top1 acc 65.50%	Test Loss: 1.3273
2026-07-28 19:41:37 - INFO - Epoch [47/50] Train Loss: 0.0330
2026-07-28 19:41:37 - INFO - top5 acc 91.50%	top1 acc 65.00%	Test Loss: 1.3336
2026-07-28 19:41:38 - INFO - Epoch [48/50] Train Loss: 0.0320
2026-07-28 19:41:38 - INFO - top5 acc 90.00%	top1 acc 64.00%	Test Loss: 1.3260
2026-07-28 19:41:39 - INFO - Epoch [49/50] Train Loss: 0.0307
2026-07-28 19:41:39 - INFO - top5 acc 91.50%	top1 acc 63.50%	Test Loss: 1.3106
2026-07-28 19:41:40 - INFO - Epoch [50/50] Train Loss: 0.0290
2026-07-28 19:41:40 - INFO - top5 acc 90.50%	top1 acc 65.00%	Test Loss: 1.3155
2026-07-28 19:41:40 - INFO - best test loss: 1.2560 top5 acc: 93.00 top1 acc: 62.50 at epoch 24
