2026-07-27 05:11:47 - INFO - Input arguments:
2026-07-27 05:11:47 - INFO - device                 cuda:0
2026-07-27 05:11:47 - INFO - num_epochs             50
2026-07-27 05:11:47 - INFO - batch_size             1024
2026-07-27 05:11:47 - INFO - learning_rate          0.0001
2026-07-27 05:11:47 - INFO - output_dir             ./autodl-tmp/results/things_eeg/inter-subjects
2026-07-27 05:11:47 - INFO - output_name            sub-07
2026-07-27 05:11:47 - INFO - train_subject_ids      [1, 2, 3, 4, 5, 6, 8, 9, 10]
2026-07-27 05:11:47 - INFO - test_subject_ids       [7]
2026-07-27 05:11:47 - INFO - data_average           True
2026-07-27 05:11:47 - INFO - data_random            False
2026-07-27 05:11:47 - INFO - init_temperature       0.07
2026-07-27 05:11:47 - INFO - t_learnable            False
2026-07-27 05:11:47 - INFO - softplus               True
2026-07-27 05:11:47 - INFO - alpha                  1.0
2026-07-27 05:11:47 - INFO - beta                   1.0
2026-07-27 05:11:47 - INFO - img_l2norm             True
2026-07-27 05:11:47 - INFO - text_l2norm            False
2026-07-27 05:11:47 - INFO - eeg_l2norm             False
2026-07-27 05:11:47 - INFO - eeg_data_dir           /root/autodl-tmp/data/things_eeg/preprocessed_eeg
2026-07-27 05:11:47 - INFO - selected_channels      []
2026-07-27 05:11:47 - INFO - time_window            [0, 250]
2026-07-27 05:11:47 - INFO - eeg_aug                True
2026-07-27 05:11:47 - INFO - eeg_aug_type           smooth
2026-07-27 05:11:47 - INFO - eeg_encoder_type       TSConv
2026-07-27 05:11:47 - INFO - image_aug              True
2026-07-27 05:11:47 - INFO - image_test_aug         True
2026-07-27 05:11:47 - INFO - eeg_test_aug           False
2026-07-27 05:11:47 - INFO - frozen_eeg_prior       True
2026-07-27 05:11:47 - INFO - projector              linear
2026-07-27 05:11:47 - INFO - feature_dim            512
2026-07-27 05:11:47 - INFO - image_feature_dir      /root/autodl-tmp/data/things_eeg/image_feature/RN50
2026-07-27 05:11:47 - INFO - aug_image_feature_dirs ['/root/autodl-tmp/data/things_eeg/image_feature/RN50/GaussianBlur-GaussianNoise-LowResolution-Mosaic']
2026-07-27 05:11:47 - INFO - text_feature_dir       
2026-07-27 05:11:47 - INFO - save_weights           True
2026-07-27 05:11:47 - INFO - seed                   2025
2026-07-27 05:11:47 - INFO - Using device: cuda:0
2026-07-27 06:32:16 - INFO - EEG sample points: 250
2026-07-27 06:32:16 - INFO - feature dimension: 1024
2026-07-27 06:32:16 - INFO - data length: 148860
2026-07-27 06:32:16 - INFO - number of channels: 63
2026-07-27 06:32:17 - INFO - EEG Encoder trainable parameters: 2.63M
2026-07-27 06:32:17 - INFO - TSConv(
  (tsconv): Sequential(
    (0): Conv2d(1, 40, kernel_size=(1, 25), stride=(1, 1))
    (1): AvgPool2d(kernel_size=(1, 51), stride=(1, 5), padding=0)
    (2): BatchNorm2d(40, eps=1e-05, momentum=0.1, affine=True, track_running_stats=True)
    (3): ELU(alpha=1.0)
    (4): Conv2d(40, 40, kernel_size=(63, 1), stride=(1, 1))
    (5): BatchNorm2d(40, eps=1e-05, momentum=0.1, affine=True, track_running_stats=True)
    (6): ELU(alpha=1.0)
    (7): Dropout(p=0.5, inplace=False)
  )
  (projection): Conv2d(40, 40, kernel_size=(1, 1), stride=(1, 1))
  (proj_eeg): Sequential(
    (0): Linear(in_features=1440, out_features=1024, bias=True)
    (1): ResidualAdd(
      (f): Sequential(
        (0): GELU(approximate='none')
        (1): Linear(in_features=1024, out_features=1024, bias=True)
        (2): Dropout(p=0.5, inplace=False)
      )
    )
    (2): LayerNorm((1024,), eps=1e-05, elementwise_affine=True)
  )
)
2026-07-27 06:32:17 - INFO - Projector trainable parameters: 1.57M
2026-07-27 06:32:17 - INFO - ContrastiveLoss(
  (criterion_cls): CrossEntropyLoss()
  (criterion_mse): MSELoss()
  (softplus): Softplus(beta=1.0, threshold=20.0)
)
2026-07-27 06:32:49 - INFO - Epoch [1/50] Train Loss: 6.5583
2026-07-27 06:32:49 - INFO - top5 acc 19.00%	top1 acc 5.00%	Test Loss: 4.2868
2026-07-27 06:33:18 - INFO - Epoch [2/50] Train Loss: 5.9294
2026-07-27 06:33:18 - INFO - top5 acc 29.50%	top1 acc 7.50%	Test Loss: 3.9556
2026-07-27 06:33:46 - INFO - Epoch [3/50] Train Loss: 5.6877
2026-07-27 06:33:46 - INFO - top5 acc 32.50%	top1 acc 10.50%	Test Loss: 3.7813
2026-07-27 06:34:14 - INFO - Epoch [4/50] Train Loss: 5.5328
2026-07-27 06:34:14 - INFO - top5 acc 37.50%	top1 acc 11.00%	Test Loss: 3.6486
2026-07-27 06:34:45 - INFO - Epoch [5/50] Train Loss: 5.4126
2026-07-27 06:34:45 - INFO - top5 acc 39.00%	top1 acc 12.50%	Test Loss: 3.5413
2026-07-27 06:35:16 - INFO - Epoch [6/50] Train Loss: 5.3266
2026-07-27 06:35:16 - INFO - top5 acc 42.00%	top1 acc 10.50%	Test Loss: 3.5132
2026-07-27 06:35:45 - INFO - Epoch [7/50] Train Loss: 5.2596
2026-07-27 06:35:45 - INFO - top5 acc 43.00%	top1 acc 12.50%	Test Loss: 3.4256
2026-07-27 06:36:14 - INFO - Epoch [8/50] Train Loss: 5.2009
2026-07-27 06:36:14 - INFO - top5 acc 43.50%	top1 acc 11.00%	Test Loss: 3.4249
2026-07-27 06:36:43 - INFO - Epoch [9/50] Train Loss: 5.1483
2026-07-27 06:36:43 - INFO - top5 acc 43.00%	top1 acc 12.50%	Test Loss: 3.3782
2026-07-27 06:37:13 - INFO - Epoch [10/50] Train Loss: 5.0894
2026-07-27 06:37:13 - INFO - top5 acc 46.50%	top1 acc 16.50%	Test Loss: 3.3518
2026-07-27 06:37:42 - INFO - Epoch [11/50] Train Loss: 5.0352
2026-07-27 06:37:42 - INFO - top5 acc 47.00%	top1 acc 17.50%	Test Loss: 3.3315
2026-07-27 06:38:12 - INFO - Epoch [12/50] Train Loss: 4.9843
2026-07-27 06:38:12 - INFO - top5 acc 47.00%	top1 acc 16.50%	Test Loss: 3.2937
2026-07-27 06:38:41 - INFO - Epoch [13/50] Train Loss: 4.9403
2026-07-27 06:38:41 - INFO - top5 acc 49.50%	top1 acc 15.00%	Test Loss: 3.3012
2026-07-27 06:39:11 - INFO - Epoch [14/50] Train Loss: 4.8945
2026-07-27 06:39:11 - INFO - top5 acc 49.00%	top1 acc 16.50%	Test Loss: 3.3101
2026-07-27 06:39:42 - INFO - Epoch [15/50] Train Loss: 4.8494
2026-07-27 06:39:42 - INFO - top5 acc 47.50%	top1 acc 16.00%	Test Loss: 3.3593
2026-07-27 06:40:12 - INFO - Epoch [16/50] Train Loss: 4.8054
2026-07-27 06:40:12 - INFO - top5 acc 48.50%	top1 acc 16.00%	Test Loss: 3.3198
2026-07-27 06:40:41 - INFO - Epoch [17/50] Train Loss: 4.7623
2026-07-27 06:40:41 - INFO - top5 acc 46.50%	top1 acc 16.50%	Test Loss: 3.3563
2026-07-27 06:41:09 - INFO - Epoch [18/50] Train Loss: 4.7195
2026-07-27 06:41:09 - INFO - top5 acc 47.50%	top1 acc 13.50%	Test Loss: 3.3487
2026-07-27 06:41:37 - INFO - Epoch [19/50] Train Loss: 4.6779
2026-07-27 06:41:37 - INFO - top5 acc 47.50%	top1 acc 15.00%	Test Loss: 3.3286
2026-07-27 06:42:05 - INFO - Epoch [20/50] Train Loss: 4.6332
2026-07-27 06:42:05 - INFO - top5 acc 51.00%	top1 acc 17.50%	Test Loss: 3.2833
2026-07-27 06:42:35 - INFO - Epoch [21/50] Train Loss: 4.5968
2026-07-27 06:42:35 - INFO - top5 acc 44.50%	top1 acc 13.50%	Test Loss: 3.3542
2026-07-27 06:43:05 - INFO - Epoch [22/50] Train Loss: 4.5573
2026-07-27 06:43:05 - INFO - top5 acc 47.00%	top1 acc 14.50%	Test Loss: 3.3247
2026-07-27 06:43:35 - INFO - Epoch [23/50] Train Loss: 4.5176
2026-07-27 06:43:35 - INFO - top5 acc 45.50%	top1 acc 14.50%	Test Loss: 3.3616
2026-07-27 06:44:03 - INFO - Epoch [24/50] Train Loss: 4.4813
2026-07-27 06:44:03 - INFO - top5 acc 44.50%	top1 acc 13.50%	Test Loss: 3.3908
2026-07-27 06:44:32 - INFO - Epoch [25/50] Train Loss: 4.4427
2026-07-27 06:44:32 - INFO - top5 acc 46.00%	top1 acc 17.50%	Test Loss: 3.3032
2026-07-27 06:45:01 - INFO - Epoch [26/50] Train Loss: 4.4050
2026-07-27 06:45:01 - INFO - top5 acc 48.50%	top1 acc 16.50%	Test Loss: 3.2683
2026-07-27 06:45:29 - INFO - Epoch [27/50] Train Loss: 4.3735
2026-07-27 06:45:29 - INFO - top5 acc 46.50%	top1 acc 15.00%	Test Loss: 3.3357
2026-07-27 06:45:58 - INFO - Epoch [28/50] Train Loss: 4.3367
2026-07-27 06:45:58 - INFO - top5 acc 46.50%	top1 acc 15.00%	Test Loss: 3.3298
2026-07-27 06:46:25 - INFO - Epoch [29/50] Train Loss: 4.3022
2026-07-27 06:46:26 - INFO - top5 acc 45.00%	top1 acc 14.50%	Test Loss: 3.3305
2026-07-27 06:46:54 - INFO - Epoch [30/50] Train Loss: 4.2729
2026-07-27 06:46:54 - INFO - top5 acc 44.50%	top1 acc 16.00%	Test Loss: 3.2847
2026-07-27 06:47:22 - INFO - Epoch [31/50] Train Loss: 4.2350
2026-07-27 06:47:22 - INFO - top5 acc 48.00%	top1 acc 15.00%	Test Loss: 3.3136
2026-07-27 06:47:50 - INFO - Epoch [32/50] Train Loss: 4.2054
2026-07-27 06:47:50 - INFO - top5 acc 47.50%	top1 acc 15.50%	Test Loss: 3.3395
2026-07-27 06:48:19 - INFO - Epoch [33/50] Train Loss: 4.1756
2026-07-27 06:48:19 - INFO - top5 acc 44.00%	top1 acc 15.00%	Test Loss: 3.3463
2026-07-27 06:48:48 - INFO - Epoch [34/50] Train Loss: 4.1463
2026-07-27 06:48:48 - INFO - top5 acc 44.50%	top1 acc 15.00%	Test Loss: 3.3764
2026-07-27 06:49:16 - INFO - Epoch [35/50] Train Loss: 4.1172
2026-07-27 06:49:16 - INFO - top5 acc 46.00%	top1 acc 16.00%	Test Loss: 3.3786
2026-07-27 06:49:45 - INFO - Epoch [36/50] Train Loss: 4.0885
2026-07-27 06:49:45 - INFO - top5 acc 46.50%	top1 acc 15.50%	Test Loss: 3.4066
2026-07-27 06:50:13 - INFO - Epoch [37/50] Train Loss: 4.0566
2026-07-27 06:50:13 - INFO - top5 acc 45.50%	top1 acc 17.00%	Test Loss: 3.3685
2026-07-27 06:50:42 - INFO - Epoch [38/50] Train Loss: 4.0292
2026-07-27 06:50:42 - INFO - top5 acc 43.00%	top1 acc 15.00%	Test Loss: 3.3699
2026-07-27 06:51:10 - INFO - Epoch [39/50] Train Loss: 4.0094
2026-07-27 06:51:10 - INFO - top5 acc 46.00%	top1 acc 15.50%	Test Loss: 3.3701
2026-07-27 06:51:39 - INFO - Epoch [40/50] Train Loss: 3.9802
2026-07-27 06:51:39 - INFO - top5 acc 47.50%	top1 acc 16.50%	Test Loss: 3.3812
2026-07-27 06:52:08 - INFO - Epoch [41/50] Train Loss: 3.9582
2026-07-27 06:52:08 - INFO - top5 acc 48.50%	top1 acc 16.00%	Test Loss: 3.3756
2026-07-27 06:52:39 - INFO - Epoch [42/50] Train Loss: 3.9276
2026-07-27 06:52:39 - INFO - top5 acc 48.00%	top1 acc 17.00%	Test Loss: 3.4179
2026-07-27 06:53:09 - INFO - Epoch [43/50] Train Loss: 3.9021
2026-07-27 06:53:09 - INFO - top5 acc 44.50%	top1 acc 16.00%	Test Loss: 3.4259
2026-07-27 06:53:38 - INFO - Epoch [44/50] Train Loss: 3.8803
2026-07-27 06:53:39 - INFO - top5 acc 44.50%	top1 acc 14.00%	Test Loss: 3.4826
2026-07-27 06:54:07 - INFO - Epoch [45/50] Train Loss: 3.8563
2026-07-27 06:54:07 - INFO - top5 acc 43.50%	top1 acc 17.00%	Test Loss: 3.4328
2026-07-27 06:54:36 - INFO - Epoch [46/50] Train Loss: 3.8305
2026-07-27 06:54:36 - INFO - top5 acc 47.00%	top1 acc 16.50%	Test Loss: 3.4441
2026-07-27 06:55:07 - INFO - Epoch [47/50] Train Loss: 3.8091
2026-07-27 06:55:07 - INFO - top5 acc 48.00%	top1 acc 15.00%	Test Loss: 3.4424
2026-07-27 06:55:37 - INFO - Epoch [48/50] Train Loss: 3.7881
2026-07-27 06:55:37 - INFO - top5 acc 43.00%	top1 acc 16.50%	Test Loss: 3.4945
2026-07-27 06:56:06 - INFO - Epoch [49/50] Train Loss: 3.7660
2026-07-27 06:56:06 - INFO - top5 acc 46.00%	top1 acc 14.50%	Test Loss: 3.4573
2026-07-27 06:56:34 - INFO - Epoch [50/50] Train Loss: 3.7437
2026-07-27 06:56:34 - INFO - top5 acc 44.00%	top1 acc 15.50%	Test Loss: 3.4970
2026-07-27 06:56:34 - INFO - best test loss: 3.2683 top5 acc: 48.50 top1 acc: 16.50 at epoch 26
