2026-07-30 01:58:22 - INFO - Input arguments:
2026-07-30 01:58:22 - INFO - device                 cuda:0
2026-07-30 01:58:22 - INFO - num_epochs             50
2026-07-30 01:58:22 - INFO - batch_size             1024
2026-07-30 01:58:22 - INFO - learning_rate          0.0001
2026-07-30 01:58:22 - INFO - output_dir             ./autodl-tmp/results/things_eeg/inter-subjects
2026-07-30 01:58:22 - INFO - output_name            sub-02
2026-07-30 01:58:22 - INFO - train_subject_ids      [1, 3, 4, 5, 6, 7, 8, 9, 10]
2026-07-30 01:58:22 - INFO - test_subject_ids       [2]
2026-07-30 01:58:22 - INFO - data_average           True
2026-07-30 01:58:22 - INFO - data_random            False
2026-07-30 01:58:22 - INFO - init_temperature       0.07
2026-07-30 01:58:22 - INFO - t_learnable            False
2026-07-30 01:58:22 - INFO - softplus               True
2026-07-30 01:58:22 - INFO - alpha                  1.0
2026-07-30 01:58:22 - INFO - beta                   1.0
2026-07-30 01:58:22 - INFO - img_l2norm             True
2026-07-30 01:58:22 - INFO - text_l2norm            False
2026-07-30 01:58:22 - INFO - eeg_l2norm             False
2026-07-30 01:58:22 - INFO - eeg_data_dir           /root/autodl-tmp/data/things_eeg/preprocessed_eeg
2026-07-30 01:58:22 - INFO - selected_channels      []
2026-07-30 01:58:22 - INFO - time_window            [0, 250]
2026-07-30 01:58:22 - INFO - eeg_aug                True
2026-07-30 01:58:22 - INFO - eeg_aug_type           smooth
2026-07-30 01:58:22 - INFO - eeg_encoder_type       TSConv
2026-07-30 01:58:22 - INFO - image_aug              True
2026-07-30 01:58:22 - INFO - image_test_aug         True
2026-07-30 01:58:22 - INFO - eeg_test_aug           False
2026-07-30 01:58:22 - INFO - frozen_eeg_prior       True
2026-07-30 01:58:22 - INFO - projector              linear
2026-07-30 01:58:22 - INFO - feature_dim            512
2026-07-30 01:58:22 - INFO - image_feature_dir      /root/autodl-tmp/data/things_eeg/image_feature/RN50
2026-07-30 01:58:22 - INFO - aug_image_feature_dirs ['/root/autodl-tmp/data/things_eeg/image_feature/RN50/GaussianBlur-GaussianNoise-LowResolution-Mosaic']
2026-07-30 01:58:22 - INFO - text_feature_dir       
2026-07-30 01:58:22 - INFO - save_weights           True
2026-07-30 01:58:22 - INFO - seed                   1234
2026-07-30 01:58:22 - INFO - Using device: cuda:0
2026-07-30 03:09:31 - INFO - EEG sample points: 250
2026-07-30 03:09:31 - INFO - feature dimension: 1024
2026-07-30 03:09:31 - INFO - data length: 148860
2026-07-30 03:09:31 - INFO - number of channels: 63
2026-07-30 03:09:32 - INFO - EEG Encoder trainable parameters: 2.63M
2026-07-30 03:09:32 - INFO - TSConv(
  (tsconv): Sequential(
    (0): Conv2d(1, 40, kernel_size=(1, 25), stride=(1, 1))
    (1): AvgPool2d(kernel_size=(1, 51), stride=(1, 5), padding=0)
    (2): BatchNorm2d(40, eps=1e-05, momentum=0.1, affine=True, track_running_stats=True)
    (3): ELU(alpha=1.0)
    (4): Conv2d(40, 40, kernel_size=(63, 1), stride=(1, 1))
    (5): BatchNorm2d(40, eps=1e-05, momentum=0.1, affine=True, track_running_stats=True)
    (6): ELU(alpha=1.0)
    (7): Dropout(p=0.5, inplace=False)
  )
  (projection): Conv2d(40, 40, kernel_size=(1, 1), stride=(1, 1))
  (proj_eeg): Sequential(
    (0): Linear(in_features=1440, out_features=1024, bias=True)
    (1): ResidualAdd(
      (f): Sequential(
        (0): GELU(approximate='none')
        (1): Linear(in_features=1024, out_features=1024, bias=True)
        (2): Dropout(p=0.5, inplace=False)
      )
    )
    (2): LayerNorm((1024,), eps=1e-05, elementwise_affine=True)
  )
)
2026-07-30 03:09:32 - INFO - Projector trainable parameters: 1.57M
2026-07-30 03:09:32 - INFO - ContrastiveLoss(
  (criterion_cls): CrossEntropyLoss()
  (criterion_mse): MSELoss()
  (softplus): Softplus(beta=1.0, threshold=20.0)
)
2026-07-30 03:10:07 - INFO - Epoch [1/50] Train Loss: 6.4784
2026-07-30 03:10:07 - INFO - top5 acc 27.50%	top1 acc 8.50%	Test Loss: 3.8685
2026-07-30 03:10:39 - INFO - Epoch [2/50] Train Loss: 5.8897
2026-07-30 03:10:39 - INFO - top5 acc 34.50%	top1 acc 15.00%	Test Loss: 3.5713
2026-07-30 03:11:10 - INFO - Epoch [3/50] Train Loss: 5.6812
2026-07-30 03:11:10 - INFO - top5 acc 42.00%	top1 acc 15.50%	Test Loss: 3.4185
2026-07-30 03:11:37 - INFO - Epoch [4/50] Train Loss: 5.5391
2026-07-30 03:11:37 - INFO - top5 acc 44.00%	top1 acc 17.00%	Test Loss: 3.3314
2026-07-30 03:12:01 - INFO - Epoch [5/50] Train Loss: 5.4308
2026-07-30 03:12:01 - INFO - top5 acc 43.50%	top1 acc 15.50%	Test Loss: 3.2785
2026-07-30 03:12:26 - INFO - Epoch [6/50] Train Loss: 5.3546
2026-07-30 03:12:26 - INFO - top5 acc 46.00%	top1 acc 16.00%	Test Loss: 3.2263
2026-07-30 03:12:51 - INFO - Epoch [7/50] Train Loss: 5.2882
2026-07-30 03:12:51 - INFO - top5 acc 47.50%	top1 acc 18.00%	Test Loss: 3.1758
2026-07-30 03:13:16 - INFO - Epoch [8/50] Train Loss: 5.2281
2026-07-30 03:13:16 - INFO - top5 acc 50.00%	top1 acc 18.50%	Test Loss: 3.1682
2026-07-30 03:13:41 - INFO - Epoch [9/50] Train Loss: 5.1766
2026-07-30 03:13:41 - INFO - top5 acc 51.50%	top1 acc 20.50%	Test Loss: 3.1557
2026-07-30 03:14:05 - INFO - Epoch [10/50] Train Loss: 5.1213
2026-07-30 03:14:05 - INFO - top5 acc 51.00%	top1 acc 21.50%	Test Loss: 3.0874
2026-07-30 03:14:30 - INFO - Epoch [11/50] Train Loss: 5.0642
2026-07-30 03:14:30 - INFO - top5 acc 48.50%	top1 acc 20.50%	Test Loss: 3.1675
2026-07-30 03:14:54 - INFO - Epoch [12/50] Train Loss: 5.0141
2026-07-30 03:14:54 - INFO - top5 acc 46.50%	top1 acc 21.00%	Test Loss: 3.1570
2026-07-30 03:15:19 - INFO - Epoch [13/50] Train Loss: 4.9673
2026-07-30 03:15:19 - INFO - top5 acc 51.00%	top1 acc 22.50%	Test Loss: 3.0803
2026-07-30 03:15:44 - INFO - Epoch [14/50] Train Loss: 4.9195
2026-07-30 03:15:44 - INFO - top5 acc 50.50%	top1 acc 21.50%	Test Loss: 3.1233
2026-07-30 03:16:09 - INFO - Epoch [15/50] Train Loss: 4.8776
2026-07-30 03:16:09 - INFO - top5 acc 50.50%	top1 acc 19.50%	Test Loss: 3.1203
2026-07-30 03:16:34 - INFO - Epoch [16/50] Train Loss: 4.8288
2026-07-30 03:16:34 - INFO - top5 acc 51.00%	top1 acc 22.50%	Test Loss: 3.0685
2026-07-30 03:16:58 - INFO - Epoch [17/50] Train Loss: 4.7826
2026-07-30 03:16:59 - INFO - top5 acc 45.50%	top1 acc 21.00%	Test Loss: 3.1220
2026-07-30 03:17:23 - INFO - Epoch [18/50] Train Loss: 4.7424
2026-07-30 03:17:23 - INFO - top5 acc 52.50%	top1 acc 24.50%	Test Loss: 3.0555
2026-07-30 03:17:48 - INFO - Epoch [19/50] Train Loss: 4.6996
2026-07-30 03:17:48 - INFO - top5 acc 52.50%	top1 acc 22.50%	Test Loss: 3.0687
2026-07-30 03:18:13 - INFO - Epoch [20/50] Train Loss: 4.6602
2026-07-30 03:18:13 - INFO - top5 acc 47.50%	top1 acc 20.50%	Test Loss: 3.0719
2026-07-30 03:18:37 - INFO - Epoch [21/50] Train Loss: 4.6169
2026-07-30 03:18:38 - INFO - top5 acc 47.00%	top1 acc 19.50%	Test Loss: 3.1187
2026-07-30 03:19:02 - INFO - Epoch [22/50] Train Loss: 4.5772
2026-07-30 03:19:02 - INFO - top5 acc 47.50%	top1 acc 20.50%	Test Loss: 3.1076
2026-07-30 03:19:27 - INFO - Epoch [23/50] Train Loss: 4.5420
2026-07-30 03:19:27 - INFO - top5 acc 49.50%	top1 acc 23.00%	Test Loss: 3.0711
2026-07-30 03:19:52 - INFO - Epoch [24/50] Train Loss: 4.5020
2026-07-30 03:19:52 - INFO - top5 acc 48.00%	top1 acc 20.50%	Test Loss: 3.0871
2026-07-30 03:20:16 - INFO - Epoch [25/50] Train Loss: 4.4663
2026-07-30 03:20:16 - INFO - top5 acc 50.00%	top1 acc 21.00%	Test Loss: 3.0744
2026-07-30 03:20:41 - INFO - Epoch [26/50] Train Loss: 4.4245
2026-07-30 03:20:41 - INFO - top5 acc 49.00%	top1 acc 20.50%	Test Loss: 3.0384
2026-07-30 03:21:06 - INFO - Epoch [27/50] Train Loss: 4.3947
2026-07-30 03:21:06 - INFO - top5 acc 46.50%	top1 acc 22.00%	Test Loss: 3.0598
2026-07-30 03:21:31 - INFO - Epoch [28/50] Train Loss: 4.3553
2026-07-30 03:21:31 - INFO - top5 acc 45.50%	top1 acc 22.50%	Test Loss: 3.0273
2026-07-30 03:21:56 - INFO - Epoch [29/50] Train Loss: 4.3176
2026-07-30 03:21:56 - INFO - top5 acc 49.00%	top1 acc 22.50%	Test Loss: 3.0656
2026-07-30 03:22:20 - INFO - Epoch [30/50] Train Loss: 4.2866
2026-07-30 03:22:20 - INFO - top5 acc 49.00%	top1 acc 22.00%	Test Loss: 3.0227
2026-07-30 03:22:46 - INFO - Epoch [31/50] Train Loss: 4.2578
2026-07-30 03:22:46 - INFO - top5 acc 45.50%	top1 acc 18.50%	Test Loss: 3.0943
2026-07-30 03:23:10 - INFO - Epoch [32/50] Train Loss: 4.2188
2026-07-30 03:23:10 - INFO - top5 acc 45.00%	top1 acc 20.00%	Test Loss: 3.1127
2026-07-30 03:23:35 - INFO - Epoch [33/50] Train Loss: 4.1889
2026-07-30 03:23:35 - INFO - top5 acc 50.00%	top1 acc 22.00%	Test Loss: 3.0186
2026-07-30 03:24:00 - INFO - Epoch [34/50] Train Loss: 4.1588
2026-07-30 03:24:00 - INFO - top5 acc 45.00%	top1 acc 20.50%	Test Loss: 3.1176
2026-07-30 03:24:25 - INFO - Epoch [35/50] Train Loss: 4.1239
2026-07-30 03:24:25 - INFO - top5 acc 46.50%	top1 acc 21.50%	Test Loss: 3.0724
2026-07-30 03:24:50 - INFO - Epoch [36/50] Train Loss: 4.0961
2026-07-30 03:24:50 - INFO - top5 acc 47.00%	top1 acc 21.00%	Test Loss: 3.0821
2026-07-30 03:25:14 - INFO - Epoch [37/50] Train Loss: 4.0679
2026-07-30 03:25:14 - INFO - top5 acc 47.00%	top1 acc 19.00%	Test Loss: 3.1976
2026-07-30 03:25:39 - INFO - Epoch [38/50] Train Loss: 4.0373
2026-07-30 03:25:39 - INFO - top5 acc 46.50%	top1 acc 20.00%	Test Loss: 3.1466
2026-07-30 03:26:04 - INFO - Epoch [39/50] Train Loss: 4.0130
2026-07-30 03:26:04 - INFO - top5 acc 49.00%	top1 acc 20.50%	Test Loss: 3.1260
2026-07-30 03:26:28 - INFO - Epoch [40/50] Train Loss: 3.9885
2026-07-30 03:26:28 - INFO - top5 acc 47.50%	top1 acc 18.50%	Test Loss: 3.1529
2026-07-30 03:26:53 - INFO - Epoch [41/50] Train Loss: 3.9536
2026-07-30 03:26:53 - INFO - top5 acc 49.00%	top1 acc 17.50%	Test Loss: 3.0832
2026-07-30 03:27:17 - INFO - Epoch [42/50] Train Loss: 3.9286
2026-07-30 03:27:17 - INFO - top5 acc 47.00%	top1 acc 17.50%	Test Loss: 3.1452
2026-07-30 03:27:42 - INFO - Epoch [43/50] Train Loss: 3.9079
2026-07-30 03:27:42 - INFO - top5 acc 48.50%	top1 acc 20.00%	Test Loss: 3.1532
2026-07-30 03:28:07 - INFO - Epoch [44/50] Train Loss: 3.8813
2026-07-30 03:28:07 - INFO - top5 acc 46.00%	top1 acc 18.50%	Test Loss: 3.2094
2026-07-30 03:28:31 - INFO - Epoch [45/50] Train Loss: 3.8567
2026-07-30 03:28:31 - INFO - top5 acc 45.50%	top1 acc 17.50%	Test Loss: 3.1421
2026-07-30 03:28:56 - INFO - Epoch [46/50] Train Loss: 3.8321
2026-07-30 03:28:56 - INFO - top5 acc 49.00%	top1 acc 16.50%	Test Loss: 3.1172
2026-07-30 03:29:21 - INFO - Epoch [47/50] Train Loss: 3.8111
2026-07-30 03:29:21 - INFO - top5 acc 47.50%	top1 acc 16.50%	Test Loss: 3.1664
2026-07-30 03:29:46 - INFO - Epoch [48/50] Train Loss: 3.7912
2026-07-30 03:29:46 - INFO - top5 acc 49.50%	top1 acc 17.50%	Test Loss: 3.1108
2026-07-30 03:30:11 - INFO - Epoch [49/50] Train Loss: 3.7662
2026-07-30 03:30:11 - INFO - top5 acc 48.00%	top1 acc 18.50%	Test Loss: 3.1394
2026-07-30 03:30:36 - INFO - Epoch [50/50] Train Loss: 3.7495
2026-07-30 03:30:36 - INFO - top5 acc 48.00%	top1 acc 18.00%	Test Loss: 3.1538
2026-07-30 03:30:36 - INFO - best test loss: 3.0186 top5 acc: 50.00 top1 acc: 22.00 at epoch 33
