2026-07-28 23:17:48 - INFO - Input arguments:
2026-07-28 23:17:48 - INFO - device                 cuda:0
2026-07-28 23:17:48 - INFO - num_epochs             50
2026-07-28 23:17:48 - INFO - batch_size             1024
2026-07-28 23:17:48 - INFO - learning_rate          0.0001
2026-07-28 23:17:48 - INFO - output_dir             ./autodl-tmp/results/things_eeg/inter-subjects
2026-07-28 23:17:48 - INFO - output_name            sub-03
2026-07-28 23:17:48 - INFO - train_subject_ids      [1, 2, 4, 5, 6, 7, 8, 9, 10]
2026-07-28 23:17:48 - INFO - test_subject_ids       [3]
2026-07-28 23:17:48 - INFO - data_average           True
2026-07-28 23:17:48 - INFO - data_random            False
2026-07-28 23:17:48 - INFO - init_temperature       0.07
2026-07-28 23:17:48 - INFO - t_learnable            False
2026-07-28 23:17:48 - INFO - softplus               True
2026-07-28 23:17:48 - INFO - alpha                  1.0
2026-07-28 23:17:48 - INFO - beta                   1.0
2026-07-28 23:17:48 - INFO - img_l2norm             True
2026-07-28 23:17:48 - INFO - text_l2norm            False
2026-07-28 23:17:48 - INFO - eeg_l2norm             False
2026-07-28 23:17:48 - INFO - eeg_data_dir           /root/autodl-tmp/data/things_eeg/preprocessed_eeg
2026-07-28 23:17:48 - INFO - selected_channels      []
2026-07-28 23:17:48 - INFO - time_window            [0, 250]
2026-07-28 23:17:48 - INFO - eeg_aug                True
2026-07-28 23:17:48 - INFO - eeg_aug_type           smooth
2026-07-28 23:17:48 - INFO - eeg_encoder_type       TSConv
2026-07-28 23:17:48 - INFO - image_aug              True
2026-07-28 23:17:48 - INFO - image_test_aug         True
2026-07-28 23:17:48 - INFO - eeg_test_aug           False
2026-07-28 23:17:48 - INFO - frozen_eeg_prior       True
2026-07-28 23:17:48 - INFO - projector              linear
2026-07-28 23:17:48 - INFO - feature_dim            512
2026-07-28 23:17:48 - INFO - image_feature_dir      /root/autodl-tmp/data/things_eeg/image_feature/RN50
2026-07-28 23:17:48 - INFO - aug_image_feature_dirs ['/root/autodl-tmp/data/things_eeg/image_feature/RN50/GaussianBlur-GaussianNoise-LowResolution-Mosaic']
2026-07-28 23:17:48 - INFO - text_feature_dir       
2026-07-28 23:17:48 - INFO - save_weights           True
2026-07-28 23:17:48 - INFO - seed                   9999
2026-07-28 23:17:48 - INFO - Using device: cuda:0
2026-07-29 00:29:48 - INFO - EEG sample points: 250
2026-07-29 00:29:48 - INFO - feature dimension: 1024
2026-07-29 00:29:48 - INFO - data length: 148860
2026-07-29 00:29:48 - INFO - number of channels: 63
2026-07-29 00:29:49 - INFO - EEG Encoder trainable parameters: 2.63M
2026-07-29 00:29:49 - INFO - TSConv(
  (tsconv): Sequential(
    (0): Conv2d(1, 40, kernel_size=(1, 25), stride=(1, 1))
    (1): AvgPool2d(kernel_size=(1, 51), stride=(1, 5), padding=0)
    (2): BatchNorm2d(40, eps=1e-05, momentum=0.1, affine=True, track_running_stats=True)
    (3): ELU(alpha=1.0)
    (4): Conv2d(40, 40, kernel_size=(63, 1), stride=(1, 1))
    (5): BatchNorm2d(40, eps=1e-05, momentum=0.1, affine=True, track_running_stats=True)
    (6): ELU(alpha=1.0)
    (7): Dropout(p=0.5, inplace=False)
  )
  (projection): Conv2d(40, 40, kernel_size=(1, 1), stride=(1, 1))
  (proj_eeg): Sequential(
    (0): Linear(in_features=1440, out_features=1024, bias=True)
    (1): ResidualAdd(
      (f): Sequential(
        (0): GELU(approximate='none')
        (1): Linear(in_features=1024, out_features=1024, bias=True)
        (2): Dropout(p=0.5, inplace=False)
      )
    )
    (2): LayerNorm((1024,), eps=1e-05, elementwise_affine=True)
  )
)
2026-07-29 00:29:49 - INFO - Projector trainable parameters: 1.57M
2026-07-29 00:29:49 - INFO - ContrastiveLoss(
  (criterion_cls): CrossEntropyLoss()
  (criterion_mse): MSELoss()
  (softplus): Softplus(beta=1.0, threshold=20.0)
)
2026-07-29 00:30:14 - INFO - Epoch [1/50] Train Loss: 6.5184
2026-07-29 00:30:14 - INFO - top5 acc 24.00%	top1 acc 6.00%	Test Loss: 4.1693
2026-07-29 00:30:38 - INFO - Epoch [2/50] Train Loss: 5.8663
2026-07-29 00:30:39 - INFO - top5 acc 30.50%	top1 acc 7.50%	Test Loss: 3.9296
2026-07-29 00:31:03 - INFO - Epoch [3/50] Train Loss: 5.6345
2026-07-29 00:31:03 - INFO - top5 acc 35.00%	top1 acc 11.00%	Test Loss: 3.7772
2026-07-29 00:31:28 - INFO - Epoch [4/50] Train Loss: 5.4896
2026-07-29 00:31:28 - INFO - top5 acc 32.50%	top1 acc 10.50%	Test Loss: 3.7607
2026-07-29 00:31:53 - INFO - Epoch [5/50] Train Loss: 5.3831
2026-07-29 00:31:53 - INFO - top5 acc 35.50%	top1 acc 12.00%	Test Loss: 3.6842
2026-07-29 00:32:18 - INFO - Epoch [6/50] Train Loss: 5.3098
2026-07-29 00:32:18 - INFO - top5 acc 37.50%	top1 acc 9.50%	Test Loss: 3.6121
2026-07-29 00:32:42 - INFO - Epoch [7/50] Train Loss: 5.2468
2026-07-29 00:32:42 - INFO - top5 acc 39.50%	top1 acc 10.00%	Test Loss: 3.5854
2026-07-29 00:33:07 - INFO - Epoch [8/50] Train Loss: 5.1909
2026-07-29 00:33:07 - INFO - top5 acc 37.50%	top1 acc 10.00%	Test Loss: 3.5393
2026-07-29 00:33:32 - INFO - Epoch [9/50] Train Loss: 5.1342
2026-07-29 00:33:32 - INFO - top5 acc 41.50%	top1 acc 14.50%	Test Loss: 3.5173
2026-07-29 00:33:57 - INFO - Epoch [10/50] Train Loss: 5.0833
2026-07-29 00:33:57 - INFO - top5 acc 43.00%	top1 acc 14.50%	Test Loss: 3.5619
2026-07-29 00:34:22 - INFO - Epoch [11/50] Train Loss: 5.0323
2026-07-29 00:34:22 - INFO - top5 acc 39.50%	top1 acc 12.00%	Test Loss: 3.5220
2026-07-29 00:34:47 - INFO - Epoch [12/50] Train Loss: 4.9835
2026-07-29 00:34:47 - INFO - top5 acc 36.00%	top1 acc 11.50%	Test Loss: 3.5744
2026-07-29 00:35:12 - INFO - Epoch [13/50] Train Loss: 4.9394
2026-07-29 00:35:12 - INFO - top5 acc 40.00%	top1 acc 13.50%	Test Loss: 3.5104
2026-07-29 00:35:37 - INFO - Epoch [14/50] Train Loss: 4.8949
2026-07-29 00:35:37 - INFO - top5 acc 41.50%	top1 acc 13.00%	Test Loss: 3.4925
2026-07-29 00:36:02 - INFO - Epoch [15/50] Train Loss: 4.8527
2026-07-29 00:36:02 - INFO - top5 acc 41.00%	top1 acc 13.50%	Test Loss: 3.5698
2026-07-29 00:36:27 - INFO - Epoch [16/50] Train Loss: 4.8072
2026-07-29 00:36:27 - INFO - top5 acc 39.00%	top1 acc 13.50%	Test Loss: 3.6269
2026-07-29 00:36:52 - INFO - Epoch [17/50] Train Loss: 4.7709
2026-07-29 00:36:52 - INFO - top5 acc 38.00%	top1 acc 11.50%	Test Loss: 3.6244
2026-07-29 00:37:17 - INFO - Epoch [18/50] Train Loss: 4.7240
2026-07-29 00:37:17 - INFO - top5 acc 32.50%	top1 acc 12.00%	Test Loss: 3.6431
2026-07-29 00:37:41 - INFO - Epoch [19/50] Train Loss: 4.6867
2026-07-29 00:37:42 - INFO - top5 acc 38.50%	top1 acc 13.00%	Test Loss: 3.5458
2026-07-29 00:38:06 - INFO - Epoch [20/50] Train Loss: 4.6445
2026-07-29 00:38:06 - INFO - top5 acc 36.50%	top1 acc 15.50%	Test Loss: 3.5620
2026-07-29 00:38:31 - INFO - Epoch [21/50] Train Loss: 4.6078
2026-07-29 00:38:31 - INFO - top5 acc 36.00%	top1 acc 14.50%	Test Loss: 3.5525
2026-07-29 00:38:56 - INFO - Epoch [22/50] Train Loss: 4.5637
2026-07-29 00:38:56 - INFO - top5 acc 35.00%	top1 acc 11.50%	Test Loss: 3.6135
2026-07-29 00:39:21 - INFO - Epoch [23/50] Train Loss: 4.5228
2026-07-29 00:39:21 - INFO - top5 acc 35.00%	top1 acc 11.00%	Test Loss: 3.6371
2026-07-29 00:39:46 - INFO - Epoch [24/50] Train Loss: 4.4853
2026-07-29 00:39:46 - INFO - top5 acc 35.50%	top1 acc 14.00%	Test Loss: 3.6127
2026-07-29 00:40:11 - INFO - Epoch [25/50] Train Loss: 4.4519
2026-07-29 00:40:11 - INFO - top5 acc 36.00%	top1 acc 16.00%	Test Loss: 3.5817
2026-07-29 00:40:35 - INFO - Epoch [26/50] Train Loss: 4.4172
2026-07-29 00:40:35 - INFO - top5 acc 36.50%	top1 acc 11.50%	Test Loss: 3.6381
2026-07-29 00:41:00 - INFO - Epoch [27/50] Train Loss: 4.3793
2026-07-29 00:41:00 - INFO - top5 acc 39.00%	top1 acc 14.50%	Test Loss: 3.5880
2026-07-29 00:41:25 - INFO - Epoch [28/50] Train Loss: 4.3397
2026-07-29 00:41:25 - INFO - top5 acc 37.50%	top1 acc 14.00%	Test Loss: 3.5602
2026-07-29 00:41:51 - INFO - Epoch [29/50] Train Loss: 4.3113
2026-07-29 00:41:51 - INFO - top5 acc 40.50%	top1 acc 15.00%	Test Loss: 3.5637
2026-07-29 00:42:15 - INFO - Epoch [30/50] Train Loss: 4.2765
2026-07-29 00:42:15 - INFO - top5 acc 38.50%	top1 acc 14.00%	Test Loss: 3.5831
2026-07-29 00:42:40 - INFO - Epoch [31/50] Train Loss: 4.2438
2026-07-29 00:42:40 - INFO - top5 acc 39.00%	top1 acc 14.00%	Test Loss: 3.5336
2026-07-29 00:43:05 - INFO - Epoch [32/50] Train Loss: 4.2112
2026-07-29 00:43:05 - INFO - top5 acc 38.00%	top1 acc 12.00%	Test Loss: 3.5592
2026-07-29 00:43:30 - INFO - Epoch [33/50] Train Loss: 4.1793
2026-07-29 00:43:30 - INFO - top5 acc 37.50%	top1 acc 14.50%	Test Loss: 3.5387
2026-07-29 00:43:55 - INFO - Epoch [34/50] Train Loss: 4.1482
2026-07-29 00:43:55 - INFO - top5 acc 37.50%	top1 acc 14.50%	Test Loss: 3.5314
2026-07-29 00:44:19 - INFO - Epoch [35/50] Train Loss: 4.1218
2026-07-29 00:44:19 - INFO - top5 acc 40.50%	top1 acc 16.50%	Test Loss: 3.4930
2026-07-29 00:44:44 - INFO - Epoch [36/50] Train Loss: 4.0878
2026-07-29 00:44:44 - INFO - top5 acc 36.00%	top1 acc 16.00%	Test Loss: 3.5673
2026-07-29 00:45:09 - INFO - Epoch [37/50] Train Loss: 4.0622
2026-07-29 00:45:09 - INFO - top5 acc 37.00%	top1 acc 16.50%	Test Loss: 3.6195
2026-07-29 00:45:33 - INFO - Epoch [38/50] Train Loss: 4.0446
2026-07-29 00:45:33 - INFO - top5 acc 35.00%	top1 acc 15.00%	Test Loss: 3.6036
2026-07-29 00:45:58 - INFO - Epoch [39/50] Train Loss: 4.0112
2026-07-29 00:45:58 - INFO - top5 acc 35.00%	top1 acc 15.00%	Test Loss: 3.5648
2026-07-29 00:46:22 - INFO - Epoch [40/50] Train Loss: 3.9819
2026-07-29 00:46:22 - INFO - top5 acc 36.50%	top1 acc 17.50%	Test Loss: 3.5176
2026-07-29 00:46:47 - INFO - Epoch [41/50] Train Loss: 3.9585
2026-07-29 00:46:47 - INFO - top5 acc 42.50%	top1 acc 16.50%	Test Loss: 3.5232
2026-07-29 00:47:12 - INFO - Epoch [42/50] Train Loss: 3.9339
2026-07-29 00:47:12 - INFO - top5 acc 39.00%	top1 acc 17.00%	Test Loss: 3.5826
2026-07-29 00:47:37 - INFO - Epoch [43/50] Train Loss: 3.9077
2026-07-29 00:47:37 - INFO - top5 acc 38.50%	top1 acc 17.00%	Test Loss: 3.5485
2026-07-29 00:48:02 - INFO - Epoch [44/50] Train Loss: 3.8837
2026-07-29 00:48:02 - INFO - top5 acc 39.00%	top1 acc 17.50%	Test Loss: 3.5471
2026-07-29 00:48:27 - INFO - Epoch [45/50] Train Loss: 3.8632
2026-07-29 00:48:27 - INFO - top5 acc 38.00%	top1 acc 16.00%	Test Loss: 3.5522
2026-07-29 00:48:52 - INFO - Epoch [46/50] Train Loss: 3.8356
2026-07-29 00:48:52 - INFO - top5 acc 37.50%	top1 acc 17.50%	Test Loss: 3.6267
2026-07-29 00:49:16 - INFO - Epoch [47/50] Train Loss: 3.8173
2026-07-29 00:49:16 - INFO - top5 acc 38.50%	top1 acc 17.00%	Test Loss: 3.6043
2026-07-29 00:49:41 - INFO - Epoch [48/50] Train Loss: 3.7959
2026-07-29 00:49:41 - INFO - top5 acc 38.00%	top1 acc 16.50%	Test Loss: 3.5195
2026-07-29 00:50:05 - INFO - Epoch [49/50] Train Loss: 3.7724
2026-07-29 00:50:05 - INFO - top5 acc 38.50%	top1 acc 16.50%	Test Loss: 3.6000
2026-07-29 00:50:30 - INFO - Epoch [50/50] Train Loss: 3.7485
2026-07-29 00:50:31 - INFO - top5 acc 39.00%	top1 acc 19.50%	Test Loss: 3.5481
2026-07-29 00:50:31 - INFO - best test loss: 3.4925 top5 acc: 41.50 top1 acc: 13.00 at epoch 14
