2026-07-27 03:27:56 - INFO - Input arguments:
2026-07-27 03:27:56 - INFO - device                 cuda:0
2026-07-27 03:27:56 - INFO - num_epochs             50
2026-07-27 03:27:56 - INFO - batch_size             1024
2026-07-27 03:27:56 - INFO - learning_rate          0.0001
2026-07-27 03:27:56 - INFO - output_dir             ./autodl-tmp/results/things_eeg/inter-subjects
2026-07-27 03:27:56 - INFO - output_name            sub-06
2026-07-27 03:27:56 - INFO - train_subject_ids      [1, 2, 3, 4, 5, 7, 8, 9, 10]
2026-07-27 03:27:56 - INFO - test_subject_ids       [6]
2026-07-27 03:27:56 - INFO - data_average           True
2026-07-27 03:27:56 - INFO - data_random            False
2026-07-27 03:27:56 - INFO - init_temperature       0.07
2026-07-27 03:27:56 - INFO - t_learnable            False
2026-07-27 03:27:56 - INFO - softplus               True
2026-07-27 03:27:56 - INFO - alpha                  1.0
2026-07-27 03:27:56 - INFO - beta                   1.0
2026-07-27 03:27:56 - INFO - img_l2norm             True
2026-07-27 03:27:56 - INFO - text_l2norm            False
2026-07-27 03:27:56 - INFO - eeg_l2norm             False
2026-07-27 03:27:56 - INFO - eeg_data_dir           /root/autodl-tmp/data/things_eeg/preprocessed_eeg
2026-07-27 03:27:56 - INFO - selected_channels      []
2026-07-27 03:27:56 - INFO - time_window            [0, 250]
2026-07-27 03:27:56 - INFO - eeg_aug                True
2026-07-27 03:27:56 - INFO - eeg_aug_type           smooth
2026-07-27 03:27:56 - INFO - eeg_encoder_type       TSConv
2026-07-27 03:27:56 - INFO - image_aug              True
2026-07-27 03:27:56 - INFO - image_test_aug         True
2026-07-27 03:27:56 - INFO - eeg_test_aug           False
2026-07-27 03:27:56 - INFO - frozen_eeg_prior       True
2026-07-27 03:27:56 - INFO - projector              linear
2026-07-27 03:27:56 - INFO - feature_dim            512
2026-07-27 03:27:56 - INFO - image_feature_dir      /root/autodl-tmp/data/things_eeg/image_feature/RN50
2026-07-27 03:27:56 - INFO - aug_image_feature_dirs ['/root/autodl-tmp/data/things_eeg/image_feature/RN50/GaussianBlur-GaussianNoise-LowResolution-Mosaic']
2026-07-27 03:27:56 - INFO - text_feature_dir       
2026-07-27 03:27:56 - INFO - save_weights           True
2026-07-27 03:27:56 - INFO - seed                   2025
2026-07-27 03:27:57 - INFO - Using device: cuda:0
2026-07-27 04:47:14 - INFO - EEG sample points: 250
2026-07-27 04:47:14 - INFO - feature dimension: 1024
2026-07-27 04:47:14 - INFO - data length: 148860
2026-07-27 04:47:14 - INFO - number of channels: 63
2026-07-27 04:47:16 - INFO - EEG Encoder trainable parameters: 2.63M
2026-07-27 04:47:16 - INFO - TSConv(
  (tsconv): Sequential(
    (0): Conv2d(1, 40, kernel_size=(1, 25), stride=(1, 1))
    (1): AvgPool2d(kernel_size=(1, 51), stride=(1, 5), padding=0)
    (2): BatchNorm2d(40, eps=1e-05, momentum=0.1, affine=True, track_running_stats=True)
    (3): ELU(alpha=1.0)
    (4): Conv2d(40, 40, kernel_size=(63, 1), stride=(1, 1))
    (5): BatchNorm2d(40, eps=1e-05, momentum=0.1, affine=True, track_running_stats=True)
    (6): ELU(alpha=1.0)
    (7): Dropout(p=0.5, inplace=False)
  )
  (projection): Conv2d(40, 40, kernel_size=(1, 1), stride=(1, 1))
  (proj_eeg): Sequential(
    (0): Linear(in_features=1440, out_features=1024, bias=True)
    (1): ResidualAdd(
      (f): Sequential(
        (0): GELU(approximate='none')
        (1): Linear(in_features=1024, out_features=1024, bias=True)
        (2): Dropout(p=0.5, inplace=False)
      )
    )
    (2): LayerNorm((1024,), eps=1e-05, elementwise_affine=True)
  )
)
2026-07-27 04:47:16 - INFO - Projector trainable parameters: 1.57M
2026-07-27 04:47:16 - INFO - ContrastiveLoss(
  (criterion_cls): CrossEntropyLoss()
  (criterion_mse): MSELoss()
  (softplus): Softplus(beta=1.0, threshold=20.0)
)
2026-07-27 04:47:47 - INFO - Epoch [1/50] Train Loss: 6.5606
2026-07-27 04:47:47 - INFO - top5 acc 29.00%	top1 acc 5.50%	Test Loss: 3.9972
2026-07-27 04:48:16 - INFO - Epoch [2/50] Train Loss: 5.9531
2026-07-27 04:48:16 - INFO - top5 acc 38.00%	top1 acc 11.50%	Test Loss: 3.6780
2026-07-27 04:48:45 - INFO - Epoch [3/50] Train Loss: 5.7111
2026-07-27 04:48:45 - INFO - top5 acc 43.50%	top1 acc 15.50%	Test Loss: 3.4665
2026-07-27 04:49:14 - INFO - Epoch [4/50] Train Loss: 5.5492
2026-07-27 04:49:14 - INFO - top5 acc 50.00%	top1 acc 18.50%	Test Loss: 3.3158
2026-07-27 04:49:43 - INFO - Epoch [5/50] Train Loss: 5.4264
2026-07-27 04:49:43 - INFO - top5 acc 53.00%	top1 acc 21.00%	Test Loss: 3.2421
2026-07-27 04:50:12 - INFO - Epoch [6/50] Train Loss: 5.3419
2026-07-27 04:50:12 - INFO - top5 acc 55.00%	top1 acc 17.50%	Test Loss: 3.2349
2026-07-27 04:50:40 - INFO - Epoch [7/50] Train Loss: 5.2759
2026-07-27 04:50:40 - INFO - top5 acc 54.00%	top1 acc 20.50%	Test Loss: 3.1339
2026-07-27 04:51:10 - INFO - Epoch [8/50] Train Loss: 5.2159
2026-07-27 04:51:10 - INFO - top5 acc 51.50%	top1 acc 20.50%	Test Loss: 3.1791
2026-07-27 04:51:38 - INFO - Epoch [9/50] Train Loss: 5.1622
2026-07-27 04:51:38 - INFO - top5 acc 54.50%	top1 acc 20.00%	Test Loss: 3.0999
2026-07-27 04:52:07 - INFO - Epoch [10/50] Train Loss: 5.1051
2026-07-27 04:52:08 - INFO - top5 acc 54.00%	top1 acc 20.50%	Test Loss: 3.1132
2026-07-27 04:52:37 - INFO - Epoch [11/50] Train Loss: 5.0527
2026-07-27 04:52:37 - INFO - top5 acc 56.50%	top1 acc 20.00%	Test Loss: 3.0435
2026-07-27 04:53:06 - INFO - Epoch [12/50] Train Loss: 5.0039
2026-07-27 04:53:06 - INFO - top5 acc 54.50%	top1 acc 19.50%	Test Loss: 3.0492
2026-07-27 04:53:35 - INFO - Epoch [13/50] Train Loss: 4.9600
2026-07-27 04:53:35 - INFO - top5 acc 56.50%	top1 acc 23.00%	Test Loss: 3.0077
2026-07-27 04:54:04 - INFO - Epoch [14/50] Train Loss: 4.9164
2026-07-27 04:54:04 - INFO - top5 acc 55.50%	top1 acc 25.50%	Test Loss: 2.9917
2026-07-27 04:54:33 - INFO - Epoch [15/50] Train Loss: 4.8731
2026-07-27 04:54:33 - INFO - top5 acc 59.00%	top1 acc 27.00%	Test Loss: 2.9468
2026-07-27 04:55:02 - INFO - Epoch [16/50] Train Loss: 4.8311
2026-07-27 04:55:02 - INFO - top5 acc 58.50%	top1 acc 22.00%	Test Loss: 2.9778
2026-07-27 04:55:30 - INFO - Epoch [17/50] Train Loss: 4.7846
2026-07-27 04:55:30 - INFO - top5 acc 55.50%	top1 acc 25.50%	Test Loss: 2.9766
2026-07-27 04:55:59 - INFO - Epoch [18/50] Train Loss: 4.7456
2026-07-27 04:55:59 - INFO - top5 acc 59.50%	top1 acc 26.00%	Test Loss: 2.9715
2026-07-27 04:56:28 - INFO - Epoch [19/50] Train Loss: 4.7031
2026-07-27 04:56:28 - INFO - top5 acc 59.00%	top1 acc 28.50%	Test Loss: 2.9262
2026-07-27 04:56:57 - INFO - Epoch [20/50] Train Loss: 4.6639
2026-07-27 04:56:57 - INFO - top5 acc 61.00%	top1 acc 26.50%	Test Loss: 2.8750
2026-07-27 04:57:26 - INFO - Epoch [21/50] Train Loss: 4.6231
2026-07-27 04:57:26 - INFO - top5 acc 59.00%	top1 acc 28.00%	Test Loss: 2.9150
2026-07-27 04:57:55 - INFO - Epoch [22/50] Train Loss: 4.5837
2026-07-27 04:57:55 - INFO - top5 acc 56.00%	top1 acc 26.00%	Test Loss: 2.9589
2026-07-27 04:58:24 - INFO - Epoch [23/50] Train Loss: 4.5470
2026-07-27 04:58:24 - INFO - top5 acc 59.00%	top1 acc 26.00%	Test Loss: 2.9130
2026-07-27 04:58:52 - INFO - Epoch [24/50] Train Loss: 4.5117
2026-07-27 04:58:52 - INFO - top5 acc 60.00%	top1 acc 29.50%	Test Loss: 2.8963
2026-07-27 04:59:22 - INFO - Epoch [25/50] Train Loss: 4.4720
2026-07-27 04:59:22 - INFO - top5 acc 59.00%	top1 acc 27.00%	Test Loss: 2.9205
2026-07-27 04:59:50 - INFO - Epoch [26/50] Train Loss: 4.4318
2026-07-27 04:59:50 - INFO - top5 acc 58.00%	top1 acc 28.50%	Test Loss: 2.8792
2026-07-27 05:00:19 - INFO - Epoch [27/50] Train Loss: 4.4044
2026-07-27 05:00:19 - INFO - top5 acc 57.00%	top1 acc 25.50%	Test Loss: 2.9128
2026-07-27 05:00:48 - INFO - Epoch [28/50] Train Loss: 4.3651
2026-07-27 05:00:48 - INFO - top5 acc 58.50%	top1 acc 27.00%	Test Loss: 2.9073
2026-07-27 05:01:17 - INFO - Epoch [29/50] Train Loss: 4.3338
2026-07-27 05:01:17 - INFO - top5 acc 56.50%	top1 acc 31.00%	Test Loss: 2.9490
2026-07-27 05:01:47 - INFO - Epoch [30/50] Train Loss: 4.3037
2026-07-27 05:01:47 - INFO - top5 acc 57.50%	top1 acc 29.00%	Test Loss: 2.9106
2026-07-27 05:02:18 - INFO - Epoch [31/50] Train Loss: 4.2617
2026-07-27 05:02:18 - INFO - top5 acc 56.00%	top1 acc 30.00%	Test Loss: 2.9374
2026-07-27 05:02:48 - INFO - Epoch [32/50] Train Loss: 4.2362
2026-07-27 05:02:49 - INFO - top5 acc 57.50%	top1 acc 25.50%	Test Loss: 2.9380
2026-07-27 05:03:19 - INFO - Epoch [33/50] Train Loss: 4.2076
2026-07-27 05:03:19 - INFO - top5 acc 59.50%	top1 acc 29.50%	Test Loss: 2.8654
2026-07-27 05:03:49 - INFO - Epoch [34/50] Train Loss: 4.1725
2026-07-27 05:03:49 - INFO - top5 acc 55.50%	top1 acc 27.50%	Test Loss: 2.9105
2026-07-27 05:04:19 - INFO - Epoch [35/50] Train Loss: 4.1483
2026-07-27 05:04:19 - INFO - top5 acc 56.50%	top1 acc 30.50%	Test Loss: 2.9264
2026-07-27 05:04:48 - INFO - Epoch [36/50] Train Loss: 4.1170
2026-07-27 05:04:48 - INFO - top5 acc 57.00%	top1 acc 29.50%	Test Loss: 2.8958
2026-07-27 05:05:17 - INFO - Epoch [37/50] Train Loss: 4.0900
2026-07-27 05:05:17 - INFO - top5 acc 58.50%	top1 acc 30.00%	Test Loss: 2.8636
2026-07-27 05:05:46 - INFO - Epoch [38/50] Train Loss: 4.0570
2026-07-27 05:05:46 - INFO - top5 acc 57.00%	top1 acc 29.50%	Test Loss: 2.8896
2026-07-27 05:06:15 - INFO - Epoch [39/50] Train Loss: 4.0358
2026-07-27 05:06:15 - INFO - top5 acc 57.50%	top1 acc 29.50%	Test Loss: 2.9188
2026-07-27 05:06:44 - INFO - Epoch [40/50] Train Loss: 4.0126
2026-07-27 05:06:44 - INFO - top5 acc 56.00%	top1 acc 31.00%	Test Loss: 2.9370
2026-07-27 05:07:13 - INFO - Epoch [41/50] Train Loss: 3.9868
2026-07-27 05:07:13 - INFO - top5 acc 58.50%	top1 acc 26.50%	Test Loss: 2.8858
2026-07-27 05:07:42 - INFO - Epoch [42/50] Train Loss: 3.9578
2026-07-27 05:07:42 - INFO - top5 acc 58.00%	top1 acc 29.50%	Test Loss: 2.9462
2026-07-27 05:08:13 - INFO - Epoch [43/50] Train Loss: 3.9323
2026-07-27 05:08:13 - INFO - top5 acc 61.50%	top1 acc 28.00%	Test Loss: 2.8946
2026-07-27 05:08:43 - INFO - Epoch [44/50] Train Loss: 3.9114
2026-07-27 05:08:43 - INFO - top5 acc 56.00%	top1 acc 28.00%	Test Loss: 2.9390
2026-07-27 05:09:13 - INFO - Epoch [45/50] Train Loss: 3.8904
2026-07-27 05:09:13 - INFO - top5 acc 54.50%	top1 acc 28.50%	Test Loss: 2.9576
2026-07-27 05:09:42 - INFO - Epoch [46/50] Train Loss: 3.8585
2026-07-27 05:09:42 - INFO - top5 acc 57.50%	top1 acc 30.00%	Test Loss: 2.8917
2026-07-27 05:10:12 - INFO - Epoch [47/50] Train Loss: 3.8373
2026-07-27 05:10:12 - INFO - top5 acc 55.00%	top1 acc 27.00%	Test Loss: 2.9741
2026-07-27 05:10:41 - INFO - Epoch [48/50] Train Loss: 3.8152
2026-07-27 05:10:41 - INFO - top5 acc 55.50%	top1 acc 26.50%	Test Loss: 2.9516
2026-07-27 05:11:10 - INFO - Epoch [49/50] Train Loss: 3.7915
2026-07-27 05:11:11 - INFO - top5 acc 57.50%	top1 acc 25.50%	Test Loss: 2.9585
2026-07-27 05:11:41 - INFO - Epoch [50/50] Train Loss: 3.7727
2026-07-27 05:11:41 - INFO - top5 acc 56.00%	top1 acc 28.00%	Test Loss: 2.9611
2026-07-27 05:11:41 - INFO - best test loss: 2.8636 top5 acc: 58.50 top1 acc: 30.00 at epoch 37
