2026-07-29 09:54:34 - INFO - Input arguments:
2026-07-29 09:54:34 - INFO - device                 cuda:0
2026-07-29 09:54:34 - INFO - num_epochs             50
2026-07-29 09:54:34 - INFO - batch_size             1024
2026-07-29 09:54:34 - INFO - learning_rate          0.0001
2026-07-29 09:54:34 - INFO - output_dir             ./autodl-tmp/results/things_eeg/inter-subjects
2026-07-29 09:54:34 - INFO - output_name            sub-10
2026-07-29 09:54:34 - INFO - train_subject_ids      [1, 2, 3, 4, 5, 6, 7, 8, 9]
2026-07-29 09:54:34 - INFO - test_subject_ids       [10]
2026-07-29 09:54:34 - INFO - data_average           True
2026-07-29 09:54:34 - INFO - data_random            False
2026-07-29 09:54:34 - INFO - init_temperature       0.07
2026-07-29 09:54:34 - INFO - t_learnable            False
2026-07-29 09:54:34 - INFO - softplus               True
2026-07-29 09:54:34 - INFO - alpha                  1.0
2026-07-29 09:54:34 - INFO - beta                   1.0
2026-07-29 09:54:34 - INFO - img_l2norm             True
2026-07-29 09:54:34 - INFO - text_l2norm            False
2026-07-29 09:54:34 - INFO - eeg_l2norm             False
2026-07-29 09:54:34 - INFO - eeg_data_dir           /root/autodl-tmp/data/things_eeg/preprocessed_eeg
2026-07-29 09:54:34 - INFO - selected_channels      []
2026-07-29 09:54:34 - INFO - time_window            [0, 250]
2026-07-29 09:54:34 - INFO - eeg_aug                True
2026-07-29 09:54:34 - INFO - eeg_aug_type           smooth
2026-07-29 09:54:34 - INFO - eeg_encoder_type       TSConv
2026-07-29 09:54:34 - INFO - image_aug              True
2026-07-29 09:54:34 - INFO - image_test_aug         True
2026-07-29 09:54:34 - INFO - eeg_test_aug           False
2026-07-29 09:54:34 - INFO - frozen_eeg_prior       True
2026-07-29 09:54:34 - INFO - projector              linear
2026-07-29 09:54:34 - INFO - feature_dim            512
2026-07-29 09:54:34 - INFO - image_feature_dir      /root/autodl-tmp/data/things_eeg/image_feature/RN50
2026-07-29 09:54:34 - INFO - aug_image_feature_dirs ['/root/autodl-tmp/data/things_eeg/image_feature/RN50/GaussianBlur-GaussianNoise-LowResolution-Mosaic']
2026-07-29 09:54:34 - INFO - text_feature_dir       
2026-07-29 09:54:34 - INFO - save_weights           True
2026-07-29 09:54:34 - INFO - seed                   9999
2026-07-29 09:54:34 - INFO - Using device: cuda:0
2026-07-29 11:05:08 - INFO - EEG sample points: 250
2026-07-29 11:05:08 - INFO - feature dimension: 1024
2026-07-29 11:05:08 - INFO - data length: 148860
2026-07-29 11:05:08 - INFO - number of channels: 63
2026-07-29 11:05:09 - INFO - EEG Encoder trainable parameters: 2.63M
2026-07-29 11:05:09 - INFO - TSConv(
  (tsconv): Sequential(
    (0): Conv2d(1, 40, kernel_size=(1, 25), stride=(1, 1))
    (1): AvgPool2d(kernel_size=(1, 51), stride=(1, 5), padding=0)
    (2): BatchNorm2d(40, eps=1e-05, momentum=0.1, affine=True, track_running_stats=True)
    (3): ELU(alpha=1.0)
    (4): Conv2d(40, 40, kernel_size=(63, 1), stride=(1, 1))
    (5): BatchNorm2d(40, eps=1e-05, momentum=0.1, affine=True, track_running_stats=True)
    (6): ELU(alpha=1.0)
    (7): Dropout(p=0.5, inplace=False)
  )
  (projection): Conv2d(40, 40, kernel_size=(1, 1), stride=(1, 1))
  (proj_eeg): Sequential(
    (0): Linear(in_features=1440, out_features=1024, bias=True)
    (1): ResidualAdd(
      (f): Sequential(
        (0): GELU(approximate='none')
        (1): Linear(in_features=1024, out_features=1024, bias=True)
        (2): Dropout(p=0.5, inplace=False)
      )
    )
    (2): LayerNorm((1024,), eps=1e-05, elementwise_affine=True)
  )
)
2026-07-29 11:05:09 - INFO - Projector trainable parameters: 1.57M
2026-07-29 11:05:09 - INFO - ContrastiveLoss(
  (criterion_cls): CrossEntropyLoss()
  (criterion_mse): MSELoss()
  (softplus): Softplus(beta=1.0, threshold=20.0)
)
2026-07-29 11:05:35 - INFO - Epoch [1/50] Train Loss: 6.5392
2026-07-29 11:05:35 - INFO - top5 acc 33.50%	top1 acc 7.50%	Test Loss: 3.7497
2026-07-29 11:06:00 - INFO - Epoch [2/50] Train Loss: 5.9186
2026-07-29 11:06:00 - INFO - top5 acc 43.50%	top1 acc 18.50%	Test Loss: 3.3338
2026-07-29 11:06:25 - INFO - Epoch [3/50] Train Loss: 5.7031
2026-07-29 11:06:25 - INFO - top5 acc 50.50%	top1 acc 21.00%	Test Loss: 3.1305
2026-07-29 11:06:50 - INFO - Epoch [4/50] Train Loss: 5.5657
2026-07-29 11:06:50 - INFO - top5 acc 56.50%	top1 acc 23.50%	Test Loss: 2.9761
2026-07-29 11:07:16 - INFO - Epoch [5/50] Train Loss: 5.4634
2026-07-29 11:07:16 - INFO - top5 acc 59.50%	top1 acc 26.50%	Test Loss: 2.8770
2026-07-29 11:07:41 - INFO - Epoch [6/50] Train Loss: 5.3915
2026-07-29 11:07:41 - INFO - top5 acc 59.00%	top1 acc 31.50%	Test Loss: 2.8139
2026-07-29 11:08:06 - INFO - Epoch [7/50] Train Loss: 5.3277
2026-07-29 11:08:06 - INFO - top5 acc 61.00%	top1 acc 27.00%	Test Loss: 2.7714
2026-07-29 11:08:31 - INFO - Epoch [8/50] Train Loss: 5.2723
2026-07-29 11:08:31 - INFO - top5 acc 64.00%	top1 acc 33.50%	Test Loss: 2.6833
2026-07-29 11:08:57 - INFO - Epoch [9/50] Train Loss: 5.2189
2026-07-29 11:08:57 - INFO - top5 acc 64.00%	top1 acc 31.00%	Test Loss: 2.6833
2026-07-29 11:09:22 - INFO - Epoch [10/50] Train Loss: 5.1664
2026-07-29 11:09:22 - INFO - top5 acc 65.00%	top1 acc 31.50%	Test Loss: 2.6320
2026-07-29 11:09:47 - INFO - Epoch [11/50] Train Loss: 5.1142
2026-07-29 11:09:47 - INFO - top5 acc 65.50%	top1 acc 33.50%	Test Loss: 2.6145
2026-07-29 11:10:12 - INFO - Epoch [12/50] Train Loss: 5.0679
2026-07-29 11:10:12 - INFO - top5 acc 66.50%	top1 acc 30.50%	Test Loss: 2.6106
2026-07-29 11:10:37 - INFO - Epoch [13/50] Train Loss: 5.0228
2026-07-29 11:10:37 - INFO - top5 acc 66.00%	top1 acc 32.50%	Test Loss: 2.5971
2026-07-29 11:11:02 - INFO - Epoch [14/50] Train Loss: 4.9748
2026-07-29 11:11:02 - INFO - top5 acc 68.00%	top1 acc 32.50%	Test Loss: 2.5381
2026-07-29 11:11:28 - INFO - Epoch [15/50] Train Loss: 4.9312
2026-07-29 11:11:28 - INFO - top5 acc 66.50%	top1 acc 32.50%	Test Loss: 2.5572
2026-07-29 11:11:54 - INFO - Epoch [16/50] Train Loss: 4.8787
2026-07-29 11:11:54 - INFO - top5 acc 66.50%	top1 acc 29.00%	Test Loss: 2.5567
2026-07-29 11:12:19 - INFO - Epoch [17/50] Train Loss: 4.8398
2026-07-29 11:12:19 - INFO - top5 acc 65.00%	top1 acc 32.50%	Test Loss: 2.5697
2026-07-29 11:12:44 - INFO - Epoch [18/50] Train Loss: 4.7977
2026-07-29 11:12:44 - INFO - top5 acc 66.00%	top1 acc 33.00%	Test Loss: 2.5475
