2026-07-30 00:26:06 - INFO - Input arguments:
2026-07-30 00:26:06 - INFO - device                 cuda:0
2026-07-30 00:26:06 - INFO - num_epochs             50
2026-07-30 00:26:06 - INFO - batch_size             1024
2026-07-30 00:26:06 - INFO - learning_rate          0.0001
2026-07-30 00:26:06 - INFO - output_dir             /root/autodl-tmp/NeuroBridge-main/results/things_eeg/inter-subjects
2026-07-30 00:26:06 - INFO - output_name            inter-leave-sub-04-seed3407
2026-07-30 00:26:06 - INFO - train_subject_ids      [1, 2, 3, 5, 6, 7, 8, 9, 10]
2026-07-30 00:26:06 - INFO - test_subject_ids       [4]
2026-07-30 00:26:06 - INFO - data_average           True
2026-07-30 00:26:06 - INFO - data_random            False
2026-07-30 00:26:06 - INFO - init_temperature       0.07
2026-07-30 00:26:06 - INFO - t_learnable            False
2026-07-30 00:26:06 - INFO - softplus               True
2026-07-30 00:26:06 - INFO - alpha                  1.0
2026-07-30 00:26:06 - INFO - beta                   1.0
2026-07-30 00:26:06 - INFO - img_l2norm             True
2026-07-30 00:26:06 - INFO - text_l2norm            False
2026-07-30 00:26:06 - INFO - eeg_l2norm             False
2026-07-30 00:26:06 - INFO - eeg_data_dir           /root/autodl-tmp/data/things_eeg/preprocessed_eeg
2026-07-30 00:26:06 - INFO - selected_channels      []
2026-07-30 00:26:06 - INFO - time_window            [0, 250]
2026-07-30 00:26:06 - INFO - eeg_aug                True
2026-07-30 00:26:06 - INFO - eeg_aug_type           smooth
2026-07-30 00:26:06 - INFO - eeg_encoder_type       TSConv
2026-07-30 00:26:06 - INFO - image_aug              True
2026-07-30 00:26:06 - INFO - image_test_aug         True
2026-07-30 00:26:06 - INFO - eeg_test_aug           False
2026-07-30 00:26:06 - INFO - frozen_eeg_prior       True
2026-07-30 00:26:06 - INFO - projector              linear
2026-07-30 00:26:06 - INFO - feature_dim            512
2026-07-30 00:26:06 - INFO - image_feature_dir      /root/autodl-tmp/data/things_eeg/image_feature/RN50
2026-07-30 00:26:06 - INFO - aug_image_feature_dirs ['/root/autodl-tmp/data/things_eeg/image_feature/RN50/GaussianBlur-GaussianNoise-LowResolution-Mosaic']
2026-07-30 00:26:06 - INFO - text_feature_dir       
2026-07-30 00:26:06 - INFO - save_weights           True
2026-07-30 00:26:06 - INFO - seed                   3407
2026-07-30 00:26:06 - INFO - Using device: cuda:0
2026-07-30 01:22:43 - INFO - EEG sample points: 250
2026-07-30 01:22:43 - INFO - feature dimension: 1024
2026-07-30 01:22:43 - INFO - data length: 148860
2026-07-30 01:22:43 - INFO - number of channels: 63
2026-07-30 01:22:44 - INFO - EEG Encoder trainable parameters: 2.63M
2026-07-30 01:22:44 - INFO - TSConv(
  (tsconv): Sequential(
    (0): Conv2d(1, 40, kernel_size=(1, 25), stride=(1, 1))
    (1): AvgPool2d(kernel_size=(1, 51), stride=(1, 5), padding=0)
    (2): BatchNorm2d(40, eps=1e-05, momentum=0.1, affine=True, track_running_stats=True)
    (3): ELU(alpha=1.0)
    (4): Conv2d(40, 40, kernel_size=(63, 1), stride=(1, 1))
    (5): BatchNorm2d(40, eps=1e-05, momentum=0.1, affine=True, track_running_stats=True)
    (6): ELU(alpha=1.0)
    (7): Dropout(p=0.5, inplace=False)
  )
  (projection): Conv2d(40, 40, kernel_size=(1, 1), stride=(1, 1))
  (proj_eeg): Sequential(
    (0): Linear(in_features=1440, out_features=1024, bias=True)
    (1): ResidualAdd(
      (f): Sequential(
        (0): GELU(approximate='none')
        (1): Linear(in_features=1024, out_features=1024, bias=True)
        (2): Dropout(p=0.5, inplace=False)
      )
    )
    (2): LayerNorm((1024,), eps=1e-05, elementwise_affine=True)
  )
)
2026-07-30 01:22:44 - INFO - Projector trainable parameters: 1.57M
2026-07-30 01:22:44 - INFO - ContrastiveLoss(
  (criterion_cls): CrossEntropyLoss()
  (criterion_mse): MSELoss()
  (softplus): Softplus(beta=1, threshold=20)
)
2026-07-30 01:23:04 - INFO - Epoch [1/50] Train Loss: 6.5274
2026-07-30 01:23:04 - INFO - top5 acc 26.00%	top1 acc 7.00%	Test Loss: 4.0071
2026-07-30 01:23:24 - INFO - Epoch [2/50] Train Loss: 5.8785
2026-07-30 01:23:24 - INFO - top5 acc 35.00%	top1 acc 10.50%	Test Loss: 3.6912
2026-07-30 01:23:44 - INFO - Epoch [3/50] Train Loss: 5.6380
2026-07-30 01:23:44 - INFO - top5 acc 40.00%	top1 acc 14.00%	Test Loss: 3.5665
2026-07-30 01:24:05 - INFO - Epoch [4/50] Train Loss: 5.4961
2026-07-30 01:24:05 - INFO - top5 acc 43.50%	top1 acc 14.00%	Test Loss: 3.4762
2026-07-30 01:24:26 - INFO - Epoch [5/50] Train Loss: 5.4021
2026-07-30 01:24:26 - INFO - top5 acc 44.00%	top1 acc 13.50%	Test Loss: 3.4751
2026-07-30 01:24:47 - INFO - Epoch [6/50] Train Loss: 5.3285
2026-07-30 01:24:47 - INFO - top5 acc 44.00%	top1 acc 16.00%	Test Loss: 3.4080
2026-07-30 01:25:08 - INFO - Epoch [7/50] Train Loss: 5.2675
2026-07-30 01:25:08 - INFO - top5 acc 45.00%	top1 acc 18.00%	Test Loss: 3.4041
2026-07-30 01:25:29 - INFO - Epoch [8/50] Train Loss: 5.2093
2026-07-30 01:25:29 - INFO - top5 acc 45.50%	top1 acc 17.00%	Test Loss: 3.3429
2026-07-30 01:25:49 - INFO - Epoch [9/50] Train Loss: 5.1473
2026-07-30 01:25:50 - INFO - top5 acc 44.50%	top1 acc 18.50%	Test Loss: 3.3104
2026-07-30 01:26:10 - INFO - Epoch [10/50] Train Loss: 5.0970
2026-07-30 01:26:10 - INFO - top5 acc 48.50%	top1 acc 18.50%	Test Loss: 3.2902
2026-07-30 01:26:31 - INFO - Epoch [11/50] Train Loss: 5.0434
2026-07-30 01:26:31 - INFO - top5 acc 50.50%	top1 acc 17.00%	Test Loss: 3.2520
2026-07-30 01:26:53 - INFO - Epoch [12/50] Train Loss: 4.9901
2026-07-30 01:26:53 - INFO - top5 acc 48.50%	top1 acc 19.00%	Test Loss: 3.2581
2026-07-30 01:27:13 - INFO - Epoch [13/50] Train Loss: 4.9380
2026-07-30 01:27:14 - INFO - top5 acc 50.50%	top1 acc 16.50%	Test Loss: 3.2143
2026-07-30 01:27:35 - INFO - Epoch [14/50] Train Loss: 4.8921
2026-07-30 01:27:35 - INFO - top5 acc 51.00%	top1 acc 15.50%	Test Loss: 3.2171
2026-07-30 01:27:56 - INFO - Epoch [15/50] Train Loss: 4.8453
2026-07-30 01:27:56 - INFO - top5 acc 54.50%	top1 acc 20.00%	Test Loss: 3.1930
2026-07-30 01:28:17 - INFO - Epoch [16/50] Train Loss: 4.7970
2026-07-30 01:28:17 - INFO - top5 acc 50.00%	top1 acc 16.00%	Test Loss: 3.2304
2026-07-30 01:28:38 - INFO - Epoch [17/50] Train Loss: 4.7526
2026-07-30 01:28:38 - INFO - top5 acc 51.50%	top1 acc 17.00%	Test Loss: 3.1832
2026-07-30 01:28:58 - INFO - Epoch [18/50] Train Loss: 4.7119
2026-07-30 01:28:59 - INFO - top5 acc 52.00%	top1 acc 18.50%	Test Loss: 3.1518
2026-07-30 01:29:19 - INFO - Epoch [19/50] Train Loss: 4.6645
2026-07-30 01:29:19 - INFO - top5 acc 48.50%	top1 acc 16.50%	Test Loss: 3.2280
2026-07-30 01:29:39 - INFO - Epoch [20/50] Train Loss: 4.6236
2026-07-30 01:29:39 - INFO - top5 acc 52.00%	top1 acc 16.50%	Test Loss: 3.1483
2026-07-30 01:30:00 - INFO - Epoch [21/50] Train Loss: 4.5801
2026-07-30 01:30:00 - INFO - top5 acc 49.00%	top1 acc 17.50%	Test Loss: 3.1728
2026-07-30 01:30:21 - INFO - Epoch [22/50] Train Loss: 4.5408
2026-07-30 01:30:21 - INFO - top5 acc 50.50%	top1 acc 19.00%	Test Loss: 3.1855
2026-07-30 01:30:43 - INFO - Epoch [23/50] Train Loss: 4.5003
2026-07-30 01:30:43 - INFO - top5 acc 51.00%	top1 acc 18.50%	Test Loss: 3.1438
2026-07-30 01:31:05 - INFO - Epoch [24/50] Train Loss: 4.4665
2026-07-30 01:31:05 - INFO - top5 acc 50.00%	top1 acc 14.50%	Test Loss: 3.2154
2026-07-30 01:31:26 - INFO - Epoch [25/50] Train Loss: 4.4285
2026-07-30 01:31:26 - INFO - top5 acc 51.50%	top1 acc 19.00%	Test Loss: 3.2042
2026-07-30 01:31:47 - INFO - Epoch [26/50] Train Loss: 4.3901
2026-07-30 01:31:47 - INFO - top5 acc 50.50%	top1 acc 18.50%	Test Loss: 3.1883
2026-07-30 01:32:08 - INFO - Epoch [27/50] Train Loss: 4.3577
2026-07-30 01:32:08 - INFO - top5 acc 50.00%	top1 acc 20.00%	Test Loss: 3.1830
2026-07-30 01:32:29 - INFO - Epoch [28/50] Train Loss: 4.3239
2026-07-30 01:32:29 - INFO - top5 acc 49.00%	top1 acc 18.50%	Test Loss: 3.2009
2026-07-30 01:32:51 - INFO - Epoch [29/50] Train Loss: 4.2884
2026-07-30 01:32:51 - INFO - top5 acc 48.50%	top1 acc 17.50%	Test Loss: 3.2158
2026-07-30 01:33:12 - INFO - Epoch [30/50] Train Loss: 4.2539
2026-07-30 01:33:12 - INFO - top5 acc 50.50%	top1 acc 20.00%	Test Loss: 3.2798
2026-07-30 01:33:33 - INFO - Epoch [31/50] Train Loss: 4.2288
2026-07-30 01:33:33 - INFO - top5 acc 48.50%	top1 acc 17.50%	Test Loss: 3.2386
2026-07-30 01:33:55 - INFO - Epoch [32/50] Train Loss: 4.1986
2026-07-30 01:33:55 - INFO - top5 acc 46.00%	top1 acc 20.50%	Test Loss: 3.2638
2026-07-30 01:34:18 - INFO - Epoch [33/50] Train Loss: 4.1685
2026-07-30 01:34:18 - INFO - top5 acc 46.50%	top1 acc 20.50%	Test Loss: 3.3231
2026-07-30 01:34:39 - INFO - Epoch [34/50] Train Loss: 4.1387
2026-07-30 01:34:39 - INFO - top5 acc 48.50%	top1 acc 19.00%	Test Loss: 3.2738
2026-07-30 01:35:00 - INFO - Epoch [35/50] Train Loss: 4.1082
2026-07-30 01:35:00 - INFO - top5 acc 46.50%	top1 acc 18.50%	Test Loss: 3.3622
2026-07-30 01:35:21 - INFO - Epoch [36/50] Train Loss: 4.0837
2026-07-30 01:35:21 - INFO - top5 acc 45.00%	top1 acc 21.00%	Test Loss: 3.2933
2026-07-30 01:35:41 - INFO - Epoch [37/50] Train Loss: 4.0484
2026-07-30 01:35:41 - INFO - top5 acc 49.00%	top1 acc 21.00%	Test Loss: 3.3131
2026-07-30 01:36:02 - INFO - Epoch [38/50] Train Loss: 4.0300
2026-07-30 01:36:02 - INFO - top5 acc 46.00%	top1 acc 20.50%	Test Loss: 3.3353
2026-07-30 01:36:23 - INFO - Epoch [39/50] Train Loss: 4.0011
2026-07-30 01:36:24 - INFO - top5 acc 44.00%	top1 acc 22.00%	Test Loss: 3.3834
2026-07-30 01:36:45 - INFO - Epoch [40/50] Train Loss: 3.9715
2026-07-30 01:36:46 - INFO - top5 acc 48.00%	top1 acc 21.00%	Test Loss: 3.3492
2026-07-30 01:37:07 - INFO - Epoch [41/50] Train Loss: 3.9552
2026-07-30 01:37:07 - INFO - top5 acc 47.50%	top1 acc 22.00%	Test Loss: 3.3651
2026-07-30 01:37:29 - INFO - Epoch [42/50] Train Loss: 3.9239
2026-07-30 01:37:29 - INFO - top5 acc 45.00%	top1 acc 20.00%	Test Loss: 3.4510
2026-07-30 01:37:50 - INFO - Epoch [43/50] Train Loss: 3.9044
2026-07-30 01:37:50 - INFO - top5 acc 42.00%	top1 acc 19.50%	Test Loss: 3.4021
2026-07-30 01:38:11 - INFO - Epoch [44/50] Train Loss: 3.8814
2026-07-30 01:38:11 - INFO - top5 acc 43.50%	top1 acc 20.00%	Test Loss: 3.4091
2026-07-30 01:38:33 - INFO - Epoch [45/50] Train Loss: 3.8562
2026-07-30 01:38:33 - INFO - top5 acc 44.00%	top1 acc 20.00%	Test Loss: 3.4171
2026-07-30 01:38:54 - INFO - Epoch [46/50] Train Loss: 3.8339
2026-07-30 01:38:54 - INFO - top5 acc 43.50%	top1 acc 16.00%	Test Loss: 3.4673
2026-07-30 01:39:15 - INFO - Epoch [47/50] Train Loss: 3.8159
2026-07-30 01:39:15 - INFO - top5 acc 45.00%	top1 acc 17.50%	Test Loss: 3.4357
2026-07-30 01:39:36 - INFO - Epoch [48/50] Train Loss: 3.7898
2026-07-30 01:39:36 - INFO - top5 acc 45.00%	top1 acc 19.50%	Test Loss: 3.4108
2026-07-30 01:39:58 - INFO - Epoch [49/50] Train Loss: 3.7717
2026-07-30 01:39:58 - INFO - top5 acc 45.00%	top1 acc 18.00%	Test Loss: 3.4739
2026-07-30 01:40:20 - INFO - Epoch [50/50] Train Loss: 3.7450
2026-07-30 01:40:20 - INFO - top5 acc 42.50%	top1 acc 20.50%	Test Loss: 3.4933
2026-07-30 01:40:20 - INFO - best test loss: 3.1438 top5 acc: 51.00 top1 acc: 18.50 at epoch 23
