2026-07-30 14:08:06 - INFO - Input arguments:
2026-07-30 14:08:06 - INFO - device                 cuda:0
2026-07-30 14:08:06 - INFO - num_epochs             50
2026-07-30 14:08:06 - INFO - batch_size             1024
2026-07-30 14:08:06 - INFO - learning_rate          0.0001
2026-07-30 14:08:06 - INFO - output_dir             ./autodl-tmp/results/things_eeg/inter-subjects
2026-07-30 14:08:06 - INFO - output_name            sub-10
2026-07-30 14:08:06 - INFO - train_subject_ids      [1, 2, 3, 4, 5, 6, 7, 8, 9]
2026-07-30 14:08:06 - INFO - test_subject_ids       [10]
2026-07-30 14:08:06 - INFO - data_average           True
2026-07-30 14:08:06 - INFO - data_random            False
2026-07-30 14:08:06 - INFO - init_temperature       0.07
2026-07-30 14:08:06 - INFO - t_learnable            False
2026-07-30 14:08:06 - INFO - softplus               True
2026-07-30 14:08:06 - INFO - alpha                  1.0
2026-07-30 14:08:06 - INFO - beta                   1.0
2026-07-30 14:08:06 - INFO - img_l2norm             True
2026-07-30 14:08:06 - INFO - text_l2norm            False
2026-07-30 14:08:06 - INFO - eeg_l2norm             False
2026-07-30 14:08:06 - INFO - eeg_data_dir           /root/autodl-tmp/data/things_eeg/preprocessed_eeg
2026-07-30 14:08:06 - INFO - selected_channels      []
2026-07-30 14:08:06 - INFO - time_window            [0, 250]
2026-07-30 14:08:06 - INFO - eeg_aug                True
2026-07-30 14:08:06 - INFO - eeg_aug_type           smooth
2026-07-30 14:08:06 - INFO - eeg_encoder_type       TSConv
2026-07-30 14:08:06 - INFO - image_aug              True
2026-07-30 14:08:06 - INFO - image_test_aug         True
2026-07-30 14:08:06 - INFO - eeg_test_aug           False
2026-07-30 14:08:06 - INFO - frozen_eeg_prior       True
2026-07-30 14:08:06 - INFO - projector              linear
2026-07-30 14:08:06 - INFO - feature_dim            512
2026-07-30 14:08:06 - INFO - image_feature_dir      /root/autodl-tmp/data/things_eeg/image_feature/RN50
2026-07-30 14:08:06 - INFO - aug_image_feature_dirs ['/root/autodl-tmp/data/things_eeg/image_feature/RN50/GaussianBlur-GaussianNoise-LowResolution-Mosaic']
2026-07-30 14:08:06 - INFO - text_feature_dir       
2026-07-30 14:08:06 - INFO - save_weights           True
2026-07-30 14:08:06 - INFO - seed                   1234
2026-07-30 14:08:06 - INFO - Using device: cuda:0
2026-07-30 15:25:04 - INFO - EEG sample points: 250
2026-07-30 15:25:04 - INFO - feature dimension: 1024
2026-07-30 15:25:04 - INFO - data length: 148860
2026-07-30 15:25:04 - INFO - number of channels: 63
2026-07-30 15:25:05 - INFO - EEG Encoder trainable parameters: 2.63M
2026-07-30 15:25:05 - INFO - TSConv(
  (tsconv): Sequential(
    (0): Conv2d(1, 40, kernel_size=(1, 25), stride=(1, 1))
    (1): AvgPool2d(kernel_size=(1, 51), stride=(1, 5), padding=0)
    (2): BatchNorm2d(40, eps=1e-05, momentum=0.1, affine=True, track_running_stats=True)
    (3): ELU(alpha=1.0)
    (4): Conv2d(40, 40, kernel_size=(63, 1), stride=(1, 1))
    (5): BatchNorm2d(40, eps=1e-05, momentum=0.1, affine=True, track_running_stats=True)
    (6): ELU(alpha=1.0)
    (7): Dropout(p=0.5, inplace=False)
  )
  (projection): Conv2d(40, 40, kernel_size=(1, 1), stride=(1, 1))
  (proj_eeg): Sequential(
    (0): Linear(in_features=1440, out_features=1024, bias=True)
    (1): ResidualAdd(
      (f): Sequential(
        (0): GELU(approximate='none')
        (1): Linear(in_features=1024, out_features=1024, bias=True)
        (2): Dropout(p=0.5, inplace=False)
      )
    )
    (2): LayerNorm((1024,), eps=1e-05, elementwise_affine=True)
  )
)
2026-07-30 15:25:05 - INFO - Projector trainable parameters: 1.57M
2026-07-30 15:25:05 - INFO - ContrastiveLoss(
  (criterion_cls): CrossEntropyLoss()
  (criterion_mse): MSELoss()
  (softplus): Softplus(beta=1.0, threshold=20.0)
)
2026-07-30 15:25:32 - INFO - Epoch [1/50] Train Loss: 6.5116
2026-07-30 15:25:32 - INFO - top5 acc 35.50%	top1 acc 8.50%	Test Loss: 3.7260
2026-07-30 15:25:58 - INFO - Epoch [2/50] Train Loss: 5.9297
2026-07-30 15:25:58 - INFO - top5 acc 44.00%	top1 acc 15.50%	Test Loss: 3.3617
2026-07-30 15:26:23 - INFO - Epoch [3/50] Train Loss: 5.7250
2026-07-30 15:26:24 - INFO - top5 acc 52.00%	top1 acc 18.00%	Test Loss: 3.1348
2026-07-30 15:26:49 - INFO - Epoch [4/50] Train Loss: 5.5844
2026-07-30 15:26:49 - INFO - top5 acc 56.50%	top1 acc 21.00%	Test Loss: 3.0097
2026-07-30 15:27:16 - INFO - Epoch [5/50] Train Loss: 5.4841
2026-07-30 15:27:16 - INFO - top5 acc 57.00%	top1 acc 24.00%	Test Loss: 2.9145
2026-07-30 15:27:42 - INFO - Epoch [6/50] Train Loss: 5.4061
2026-07-30 15:27:42 - INFO - top5 acc 57.50%	top1 acc 21.50%	Test Loss: 2.8550
2026-07-30 15:28:08 - INFO - Epoch [7/50] Train Loss: 5.3460
2026-07-30 15:28:08 - INFO - top5 acc 62.00%	top1 acc 22.50%	Test Loss: 2.8412
2026-07-30 15:28:35 - INFO - Epoch [8/50] Train Loss: 5.2848
2026-07-30 15:28:35 - INFO - top5 acc 61.00%	top1 acc 26.50%	Test Loss: 2.7333
2026-07-30 15:29:00 - INFO - Epoch [9/50] Train Loss: 5.2379
2026-07-30 15:29:00 - INFO - top5 acc 64.50%	top1 acc 26.00%	Test Loss: 2.7289
2026-07-30 15:29:26 - INFO - Epoch [10/50] Train Loss: 5.1820
2026-07-30 15:29:27 - INFO - top5 acc 65.00%	top1 acc 28.50%	Test Loss: 2.7092
2026-07-30 15:29:54 - INFO - Epoch [11/50] Train Loss: 5.1309
2026-07-30 15:29:54 - INFO - top5 acc 63.00%	top1 acc 27.00%	Test Loss: 2.6934
2026-07-30 15:30:19 - INFO - Epoch [12/50] Train Loss: 5.0811
2026-07-30 15:30:20 - INFO - top5 acc 64.00%	top1 acc 28.50%	Test Loss: 2.6605
2026-07-30 15:30:45 - INFO - Epoch [13/50] Train Loss: 5.0327
2026-07-30 15:30:46 - INFO - top5 acc 65.00%	top1 acc 30.00%	Test Loss: 2.6346
2026-07-30 15:31:11 - INFO - Epoch [14/50] Train Loss: 4.9868
2026-07-30 15:31:11 - INFO - top5 acc 65.00%	top1 acc 31.00%	Test Loss: 2.6056
2026-07-30 15:31:37 - INFO - Epoch [15/50] Train Loss: 4.9401
2026-07-30 15:31:37 - INFO - top5 acc 65.00%	top1 acc 29.50%	Test Loss: 2.5997
2026-07-30 15:32:03 - INFO - Epoch [16/50] Train Loss: 4.8980
2026-07-30 15:32:03 - INFO - top5 acc 66.00%	top1 acc 32.00%	Test Loss: 2.5825
2026-07-30 15:32:29 - INFO - Epoch [17/50] Train Loss: 4.8549
2026-07-30 15:32:29 - INFO - top5 acc 67.00%	top1 acc 30.50%	Test Loss: 2.5789
2026-07-30 15:32:55 - INFO - Epoch [18/50] Train Loss: 4.8087
2026-07-30 15:32:56 - INFO - top5 acc 67.50%	top1 acc 33.50%	Test Loss: 2.5277
2026-07-30 15:33:21 - INFO - Epoch [19/50] Train Loss: 4.7711
2026-07-30 15:33:21 - INFO - top5 acc 66.00%	top1 acc 33.00%	Test Loss: 2.5486
2026-07-30 15:33:47 - INFO - Epoch [20/50] Train Loss: 4.7324
2026-07-30 15:33:48 - INFO - top5 acc 64.50%	top1 acc 33.50%	Test Loss: 2.5778
2026-07-30 15:34:13 - INFO - Epoch [21/50] Train Loss: 4.6878
2026-07-30 15:34:13 - INFO - top5 acc 65.00%	top1 acc 33.50%	Test Loss: 2.5070
2026-07-30 15:34:40 - INFO - Epoch [22/50] Train Loss: 4.6518
2026-07-30 15:34:40 - INFO - top5 acc 64.00%	top1 acc 32.50%	Test Loss: 2.5655
2026-07-30 15:35:06 - INFO - Epoch [23/50] Train Loss: 4.6156
2026-07-30 15:35:06 - INFO - top5 acc 65.50%	top1 acc 32.00%	Test Loss: 2.5300
2026-07-30 15:35:32 - INFO - Epoch [24/50] Train Loss: 4.5788
2026-07-30 15:35:32 - INFO - top5 acc 63.00%	top1 acc 29.50%	Test Loss: 2.5430
2026-07-30 15:35:58 - INFO - Epoch [25/50] Train Loss: 4.5414
2026-07-30 15:35:58 - INFO - top5 acc 63.00%	top1 acc 32.50%	Test Loss: 2.5071
2026-07-30 15:36:24 - INFO - Epoch [26/50] Train Loss: 4.5016
2026-07-30 15:36:24 - INFO - top5 acc 62.50%	top1 acc 32.50%	Test Loss: 2.5273
2026-07-30 15:36:49 - INFO - Epoch [27/50] Train Loss: 4.4680
2026-07-30 15:36:49 - INFO - top5 acc 60.50%	top1 acc 32.00%	Test Loss: 2.5497
2026-07-30 15:37:14 - INFO - Epoch [28/50] Train Loss: 4.4325
2026-07-30 15:37:14 - INFO - top5 acc 63.00%	top1 acc 31.00%	Test Loss: 2.5570
2026-07-30 15:37:40 - INFO - Epoch [29/50] Train Loss: 4.3989
2026-07-30 15:37:40 - INFO - top5 acc 62.00%	top1 acc 29.50%	Test Loss: 2.5428
2026-07-30 15:38:05 - INFO - Epoch [30/50] Train Loss: 4.3684
2026-07-30 15:38:05 - INFO - top5 acc 63.00%	top1 acc 26.50%	Test Loss: 2.5455
2026-07-30 15:38:30 - INFO - Epoch [31/50] Train Loss: 4.3356
2026-07-30 15:38:30 - INFO - top5 acc 59.50%	top1 acc 25.50%	Test Loss: 2.5873
2026-07-30 15:38:56 - INFO - Epoch [32/50] Train Loss: 4.3054
2026-07-30 15:38:56 - INFO - top5 acc 60.00%	top1 acc 28.00%	Test Loss: 2.5750
2026-07-30 15:39:22 - INFO - Epoch [33/50] Train Loss: 4.2712
2026-07-30 15:39:22 - INFO - top5 acc 62.50%	top1 acc 29.50%	Test Loss: 2.5888
2026-07-30 15:39:48 - INFO - Epoch [34/50] Train Loss: 4.2462
2026-07-30 15:39:48 - INFO - top5 acc 59.50%	top1 acc 29.00%	Test Loss: 2.5547
2026-07-30 15:40:13 - INFO - Epoch [35/50] Train Loss: 4.2112
2026-07-30 15:40:13 - INFO - top5 acc 59.00%	top1 acc 29.50%	Test Loss: 2.6388
2026-07-30 15:40:39 - INFO - Epoch [36/50] Train Loss: 4.1821
2026-07-30 15:40:39 - INFO - top5 acc 58.50%	top1 acc 30.50%	Test Loss: 2.5619
2026-07-30 15:41:04 - INFO - Epoch [37/50] Train Loss: 4.1550
2026-07-30 15:41:05 - INFO - top5 acc 56.50%	top1 acc 29.00%	Test Loss: 2.6057
2026-07-30 15:41:30 - INFO - Epoch [38/50] Train Loss: 4.1282
2026-07-30 15:41:30 - INFO - top5 acc 60.00%	top1 acc 32.50%	Test Loss: 2.5373
2026-07-30 15:41:56 - INFO - Epoch [39/50] Train Loss: 4.0909
2026-07-30 15:41:56 - INFO - top5 acc 58.00%	top1 acc 27.00%	Test Loss: 2.6157
2026-07-30 15:42:22 - INFO - Epoch [40/50] Train Loss: 4.0682
2026-07-30 15:42:22 - INFO - top5 acc 55.00%	top1 acc 30.00%	Test Loss: 2.6164
2026-07-30 15:42:47 - INFO - Epoch [41/50] Train Loss: 4.0448
2026-07-30 15:42:47 - INFO - top5 acc 59.00%	top1 acc 27.50%	Test Loss: 2.6241
2026-07-30 15:43:13 - INFO - Epoch [42/50] Train Loss: 4.0164
2026-07-30 15:43:13 - INFO - top5 acc 57.00%	top1 acc 27.50%	Test Loss: 2.6281
2026-07-30 15:43:39 - INFO - Epoch [43/50] Train Loss: 3.9916
2026-07-30 15:43:39 - INFO - top5 acc 58.00%	top1 acc 27.00%	Test Loss: 2.6614
2026-07-30 15:44:05 - INFO - Epoch [44/50] Train Loss: 3.9637
2026-07-30 15:44:05 - INFO - top5 acc 58.00%	top1 acc 31.00%	Test Loss: 2.5788
2026-07-30 15:44:32 - INFO - Epoch [45/50] Train Loss: 3.9428
2026-07-30 15:44:32 - INFO - top5 acc 56.50%	top1 acc 27.50%	Test Loss: 2.6458
2026-07-30 15:44:57 - INFO - Epoch [46/50] Train Loss: 3.9196
2026-07-30 15:44:57 - INFO - top5 acc 57.00%	top1 acc 28.50%	Test Loss: 2.6937
2026-07-30 15:45:23 - INFO - Epoch [47/50] Train Loss: 3.8946
2026-07-30 15:45:23 - INFO - top5 acc 56.50%	top1 acc 26.50%	Test Loss: 2.6806
2026-07-30 15:45:49 - INFO - Epoch [48/50] Train Loss: 3.8731
2026-07-30 15:45:49 - INFO - top5 acc 56.00%	top1 acc 27.50%	Test Loss: 2.6572
2026-07-30 15:46:15 - INFO - Epoch [49/50] Train Loss: 3.8563
2026-07-30 15:46:15 - INFO - top5 acc 56.00%	top1 acc 25.50%	Test Loss: 2.7171
2026-07-30 15:46:41 - INFO - Epoch [50/50] Train Loss: 3.8298
2026-07-30 15:46:41 - INFO - top5 acc 54.50%	top1 acc 25.00%	Test Loss: 2.7209
2026-07-30 15:46:41 - INFO - best test loss: 2.5070 top5 acc: 65.00 top1 acc: 33.50 at epoch 21
