2026-07-26 18:29:09 - INFO - Input arguments:
2026-07-26 18:29:09 - INFO - device                 cuda:0
2026-07-26 18:29:09 - INFO - num_epochs             50
2026-07-26 18:29:09 - INFO - batch_size             1024
2026-07-26 18:29:09 - INFO - learning_rate          0.0001
2026-07-26 18:29:09 - INFO - output_dir             root/autodl-tmp/results/things_eeg/intra-subjects
2026-07-26 18:29:09 - INFO - output_name            sub-06
2026-07-26 18:29:09 - INFO - train_subject_ids      [6]
2026-07-26 18:29:09 - INFO - test_subject_ids       [6]
2026-07-26 18:29:09 - INFO - data_average           True
2026-07-26 18:29:09 - INFO - data_random            False
2026-07-26 18:29:09 - INFO - init_temperature       0.07
2026-07-26 18:29:09 - INFO - t_learnable            False
2026-07-26 18:29:09 - INFO - softplus               True
2026-07-26 18:29:09 - INFO - alpha                  1.0
2026-07-26 18:29:09 - INFO - beta                   1.0
2026-07-26 18:29:09 - INFO - img_l2norm             True
2026-07-26 18:29:09 - INFO - text_l2norm            False
2026-07-26 18:29:09 - INFO - eeg_l2norm             False
2026-07-26 18:29:09 - INFO - eeg_data_dir           /root/autodl-tmp/data/things_eeg/preprocessed_eeg
2026-07-26 18:29:09 - INFO - selected_channels      ['P7', 'P5', 'P3', 'P1', 'Pz', 'P2', 'P4', 'P6', 'P8', 'PO7', 'PO3', 'POz', 'PO4', 'PO8', 'O1', 'Oz', 'O2']
2026-07-26 18:29:09 - INFO - time_window            [0, 250]
2026-07-26 18:29:09 - INFO - eeg_aug                True
2026-07-26 18:29:09 - INFO - eeg_aug_type           smooth
2026-07-26 18:29:09 - INFO - eeg_encoder_type       EEGProject
2026-07-26 18:29:09 - INFO - image_aug              True
2026-07-26 18:29:09 - INFO - image_test_aug         True
2026-07-26 18:29:09 - INFO - eeg_test_aug           False
2026-07-26 18:29:09 - INFO - frozen_eeg_prior       True
2026-07-26 18:29:09 - INFO - projector              linear
2026-07-26 18:29:09 - INFO - feature_dim            512
2026-07-26 18:29:09 - INFO - image_feature_dir      /root/autodl-tmp/data/things_eeg/image_feature/RN50
2026-07-26 18:29:09 - INFO - aug_image_feature_dirs ['/root/autodl-tmp/data/things_eeg/image_feature/RN50/GaussianBlur-GaussianNoise-LowResolution-Mosaic']
2026-07-26 18:29:09 - INFO - text_feature_dir       
2026-07-26 18:29:09 - INFO - save_weights           True
2026-07-26 18:29:09 - INFO - seed                   2025
2026-07-26 18:29:09 - INFO - Using device: cuda:0
2026-07-26 18:31:36 - INFO - EEG sample points: 250
2026-07-26 18:31:36 - INFO - feature dimension: 1024
2026-07-26 18:31:36 - INFO - data length: 16540
2026-07-26 18:31:36 - INFO - number of channels: 17
2026-07-26 18:31:37 - INFO - EEG Encoder trainable parameters: 5.40M
2026-07-26 18:31:37 - INFO - EEGProject(
  (model): Sequential(
    (0): Linear(in_features=4250, out_features=1024, bias=True)
    (1): ResidualAdd(
      (f): Sequential(
        (0): GELU(approximate='none')
        (1): Linear(in_features=1024, out_features=1024, bias=True)
        (2): Dropout(p=0.3, inplace=False)
      )
    )
    (2): LayerNorm((1024,), eps=1e-05, elementwise_affine=True)
  )
)
2026-07-26 18:31:37 - INFO - Projector trainable parameters: 1.57M
2026-07-26 18:31:37 - INFO - ContrastiveLoss(
  (criterion_cls): CrossEntropyLoss()
  (criterion_mse): MSELoss()
  (softplus): Softplus(beta=1.0, threshold=20.0)
)
2026-07-26 18:31:38 - INFO - Epoch [1/50] Train Loss: 7.5161
2026-07-26 18:31:39 - INFO - top5 acc 15.50%	top1 acc 6.00%	Test Loss: 4.7593
2026-07-26 18:31:39 - INFO - Epoch [2/50] Train Loss: 6.4613
2026-07-26 18:31:40 - INFO - top5 acc 24.00%	top1 acc 9.00%	Test Loss: 4.3169
2026-07-26 18:31:40 - INFO - Epoch [3/50] Train Loss: 5.9991
2026-07-26 18:31:41 - INFO - top5 acc 39.50%	top1 acc 11.50%	Test Loss: 3.7289
2026-07-26 18:31:41 - INFO - Epoch [4/50] Train Loss: 5.5152
2026-07-26 18:31:42 - INFO - top5 acc 53.50%	top1 acc 26.00%	Test Loss: 3.1164
2026-07-26 18:31:42 - INFO - Epoch [5/50] Train Loss: 5.0110
2026-07-26 18:31:42 - INFO - top5 acc 64.00%	top1 acc 35.00%	Test Loss: 2.5422
2026-07-26 18:31:43 - INFO - Epoch [6/50] Train Loss: 4.4932
2026-07-26 18:31:43 - INFO - top5 acc 74.50%	top1 acc 41.00%	Test Loss: 2.1409
2026-07-26 18:31:44 - INFO - Epoch [7/50] Train Loss: 4.0097
2026-07-26 18:31:45 - INFO - top5 acc 82.00%	top1 acc 50.00%	Test Loss: 1.7794
2026-07-26 18:31:45 - INFO - Epoch [8/50] Train Loss: 3.5538
2026-07-26 18:31:45 - INFO - top5 acc 82.50%	top1 acc 55.50%	Test Loss: 1.5860
2026-07-26 18:31:46 - INFO - Epoch [9/50] Train Loss: 3.1524
2026-07-26 18:31:46 - INFO - top5 acc 85.50%	top1 acc 57.50%	Test Loss: 1.3873
2026-07-26 18:31:47 - INFO - Epoch [10/50] Train Loss: 2.7898
2026-07-26 18:31:47 - INFO - top5 acc 89.00%	top1 acc 59.50%	Test Loss: 1.3120
2026-07-26 18:31:48 - INFO - Epoch [11/50] Train Loss: 2.4276
2026-07-26 18:31:48 - INFO - top5 acc 91.00%	top1 acc 61.50%	Test Loss: 1.2216
2026-07-26 18:31:49 - INFO - Epoch [12/50] Train Loss: 2.1381
2026-07-26 18:31:49 - INFO - top5 acc 91.00%	top1 acc 63.50%	Test Loss: 1.1486
2026-07-26 18:31:50 - INFO - Epoch [13/50] Train Loss: 1.8550
2026-07-26 18:31:50 - INFO - top5 acc 90.50%	top1 acc 62.00%	Test Loss: 1.1293
2026-07-26 18:31:51 - INFO - Epoch [14/50] Train Loss: 1.6317
2026-07-26 18:31:51 - INFO - top5 acc 91.00%	top1 acc 64.50%	Test Loss: 1.1113
2026-07-26 18:31:52 - INFO - Epoch [15/50] Train Loss: 1.4118
2026-07-26 18:31:52 - INFO - top5 acc 90.50%	top1 acc 65.00%	Test Loss: 1.0583
2026-07-26 18:31:53 - INFO - Epoch [16/50] Train Loss: 1.2326
2026-07-26 18:31:53 - INFO - top5 acc 90.50%	top1 acc 67.00%	Test Loss: 1.0654
2026-07-26 18:31:54 - INFO - Epoch [17/50] Train Loss: 1.0599
2026-07-26 18:31:54 - INFO - top5 acc 92.50%	top1 acc 69.50%	Test Loss: 0.9999
2026-07-26 18:31:55 - INFO - Epoch [18/50] Train Loss: 0.9095
2026-07-26 18:31:55 - INFO - top5 acc 91.50%	top1 acc 67.00%	Test Loss: 1.0100
2026-07-26 18:31:56 - INFO - Epoch [19/50] Train Loss: 0.7876
2026-07-26 18:31:56 - INFO - top5 acc 92.50%	top1 acc 66.00%	Test Loss: 1.0117
2026-07-26 18:31:57 - INFO - Epoch [20/50] Train Loss: 0.6663
2026-07-26 18:31:57 - INFO - top5 acc 93.50%	top1 acc 68.00%	Test Loss: 0.9951
2026-07-26 18:31:58 - INFO - Epoch [21/50] Train Loss: 0.5699
2026-07-26 18:31:58 - INFO - top5 acc 93.00%	top1 acc 68.00%	Test Loss: 0.9761
2026-07-26 18:31:59 - INFO - Epoch [22/50] Train Loss: 0.4897
2026-07-26 18:31:59 - INFO - top5 acc 93.50%	top1 acc 69.00%	Test Loss: 0.9535
2026-07-26 18:32:00 - INFO - Epoch [23/50] Train Loss: 0.4195
2026-07-26 18:32:00 - INFO - top5 acc 92.50%	top1 acc 68.00%	Test Loss: 0.9667
2026-07-26 18:32:00 - INFO - Epoch [24/50] Train Loss: 0.3622
2026-07-26 18:32:01 - INFO - top5 acc 94.00%	top1 acc 68.50%	Test Loss: 0.9411
2026-07-26 18:32:01 - INFO - Epoch [25/50] Train Loss: 0.3185
2026-07-26 18:32:02 - INFO - top5 acc 94.50%	top1 acc 70.50%	Test Loss: 0.9206
2026-07-26 18:32:02 - INFO - Epoch [26/50] Train Loss: 0.2795
2026-07-26 18:32:02 - INFO - top5 acc 93.00%	top1 acc 67.00%	Test Loss: 0.9791
2026-07-26 18:32:03 - INFO - Epoch [27/50] Train Loss: 0.2454
2026-07-26 18:32:03 - INFO - top5 acc 93.50%	top1 acc 71.00%	Test Loss: 0.9616
2026-07-26 18:32:04 - INFO - Epoch [28/50] Train Loss: 0.2203
2026-07-26 18:32:04 - INFO - top5 acc 93.00%	top1 acc 70.50%	Test Loss: 0.9599
2026-07-26 18:32:05 - INFO - Epoch [29/50] Train Loss: 0.1954
2026-07-26 18:32:05 - INFO - top5 acc 94.00%	top1 acc 69.50%	Test Loss: 0.9145
2026-07-26 18:32:06 - INFO - Epoch [30/50] Train Loss: 0.1764
2026-07-26 18:32:06 - INFO - top5 acc 91.50%	top1 acc 68.50%	Test Loss: 0.9518
2026-07-26 18:32:07 - INFO - Epoch [31/50] Train Loss: 0.1581
2026-07-26 18:32:07 - INFO - top5 acc 93.00%	top1 acc 65.50%	Test Loss: 0.9648
2026-07-26 18:32:08 - INFO - Epoch [32/50] Train Loss: 0.1448
2026-07-26 18:32:08 - INFO - top5 acc 94.00%	top1 acc 71.50%	Test Loss: 0.9505
2026-07-26 18:32:08 - INFO - Epoch [33/50] Train Loss: 0.1323
2026-07-26 18:32:09 - INFO - top5 acc 94.50%	top1 acc 71.00%	Test Loss: 0.8997
2026-07-26 18:32:09 - INFO - Epoch [34/50] Train Loss: 0.1217
2026-07-26 18:32:10 - INFO - top5 acc 94.50%	top1 acc 69.00%	Test Loss: 0.9503
2026-07-26 18:32:10 - INFO - Epoch [35/50] Train Loss: 0.1109
2026-07-26 18:32:10 - INFO - top5 acc 92.00%	top1 acc 71.00%	Test Loss: 0.9370
2026-07-26 18:32:11 - INFO - Epoch [36/50] Train Loss: 0.1045
2026-07-26 18:32:11 - INFO - top5 acc 94.50%	top1 acc 69.50%	Test Loss: 0.9352
2026-07-26 18:32:12 - INFO - Epoch [37/50] Train Loss: 0.0980
2026-07-26 18:32:12 - INFO - top5 acc 93.00%	top1 acc 69.50%	Test Loss: 0.9285
2026-07-26 18:32:13 - INFO - Epoch [38/50] Train Loss: 0.0913
2026-07-26 18:32:13 - INFO - top5 acc 93.50%	top1 acc 70.00%	Test Loss: 0.9547
2026-07-26 18:32:13 - INFO - Epoch [39/50] Train Loss: 0.0851
2026-07-26 18:32:14 - INFO - top5 acc 94.50%	top1 acc 69.50%	Test Loss: 0.9392
2026-07-26 18:32:14 - INFO - Epoch [40/50] Train Loss: 0.0790
2026-07-26 18:32:14 - INFO - top5 acc 92.50%	top1 acc 72.00%	Test Loss: 0.9631
2026-07-26 18:32:15 - INFO - Epoch [41/50] Train Loss: 0.0743
2026-07-26 18:32:15 - INFO - top5 acc 94.00%	top1 acc 70.50%	Test Loss: 0.9510
2026-07-26 18:32:16 - INFO - Epoch [42/50] Train Loss: 0.0693
2026-07-26 18:32:16 - INFO - top5 acc 93.50%	top1 acc 69.50%	Test Loss: 0.9801
2026-07-26 18:32:17 - INFO - Epoch [43/50] Train Loss: 0.0657
2026-07-26 18:32:17 - INFO - top5 acc 93.00%	top1 acc 70.50%	Test Loss: 0.9737
2026-07-26 18:32:17 - INFO - Epoch [44/50] Train Loss: 0.0634
2026-07-26 18:32:18 - INFO - top5 acc 92.00%	top1 acc 70.00%	Test Loss: 0.9840
2026-07-26 18:32:18 - INFO - Epoch [45/50] Train Loss: 0.0589
2026-07-26 18:32:19 - INFO - top5 acc 91.00%	top1 acc 68.00%	Test Loss: 0.9674
2026-07-26 18:32:19 - INFO - Epoch [46/50] Train Loss: 0.0559
2026-07-26 18:32:19 - INFO - top5 acc 91.50%	top1 acc 71.00%	Test Loss: 0.9686
2026-07-26 18:32:20 - INFO - Epoch [47/50] Train Loss: 0.0538
2026-07-26 18:32:20 - INFO - top5 acc 92.50%	top1 acc 69.00%	Test Loss: 0.9723
2026-07-26 18:32:21 - INFO - Epoch [48/50] Train Loss: 0.0527
2026-07-26 18:32:21 - INFO - top5 acc 92.50%	top1 acc 67.00%	Test Loss: 0.9520
2026-07-26 18:32:22 - INFO - Epoch [49/50] Train Loss: 0.0497
2026-07-26 18:32:22 - INFO - top5 acc 93.50%	top1 acc 69.50%	Test Loss: 0.9572
2026-07-26 18:32:23 - INFO - Epoch [50/50] Train Loss: 0.0480
2026-07-26 18:32:23 - INFO - top5 acc 92.50%	top1 acc 70.00%	Test Loss: 0.9529
2026-07-26 18:32:23 - INFO - best test loss: 0.8997 top5 acc: 94.50 top1 acc: 71.00 at epoch 33
