2026-07-30 03:30:41 - INFO - Input arguments:
2026-07-30 03:30:41 - INFO - device                 cuda:0
2026-07-30 03:30:41 - INFO - num_epochs             50
2026-07-30 03:30:41 - INFO - batch_size             1024
2026-07-30 03:30:41 - INFO - learning_rate          0.0001
2026-07-30 03:30:41 - INFO - output_dir             ./autodl-tmp/results/things_eeg/inter-subjects
2026-07-30 03:30:41 - INFO - output_name            sub-03
2026-07-30 03:30:41 - INFO - train_subject_ids      [1, 2, 4, 5, 6, 7, 8, 9, 10]
2026-07-30 03:30:41 - INFO - test_subject_ids       [3]
2026-07-30 03:30:41 - INFO - data_average           True
2026-07-30 03:30:41 - INFO - data_random            False
2026-07-30 03:30:41 - INFO - init_temperature       0.07
2026-07-30 03:30:41 - INFO - t_learnable            False
2026-07-30 03:30:41 - INFO - softplus               True
2026-07-30 03:30:41 - INFO - alpha                  1.0
2026-07-30 03:30:41 - INFO - beta                   1.0
2026-07-30 03:30:41 - INFO - img_l2norm             True
2026-07-30 03:30:41 - INFO - text_l2norm            False
2026-07-30 03:30:41 - INFO - eeg_l2norm             False
2026-07-30 03:30:41 - INFO - eeg_data_dir           /root/autodl-tmp/data/things_eeg/preprocessed_eeg
2026-07-30 03:30:41 - INFO - selected_channels      []
2026-07-30 03:30:41 - INFO - time_window            [0, 250]
2026-07-30 03:30:41 - INFO - eeg_aug                True
2026-07-30 03:30:41 - INFO - eeg_aug_type           smooth
2026-07-30 03:30:41 - INFO - eeg_encoder_type       TSConv
2026-07-30 03:30:41 - INFO - image_aug              True
2026-07-30 03:30:41 - INFO - image_test_aug         True
2026-07-30 03:30:41 - INFO - eeg_test_aug           False
2026-07-30 03:30:41 - INFO - frozen_eeg_prior       True
2026-07-30 03:30:41 - INFO - projector              linear
2026-07-30 03:30:41 - INFO - feature_dim            512
2026-07-30 03:30:41 - INFO - image_feature_dir      /root/autodl-tmp/data/things_eeg/image_feature/RN50
2026-07-30 03:30:41 - INFO - aug_image_feature_dirs ['/root/autodl-tmp/data/things_eeg/image_feature/RN50/GaussianBlur-GaussianNoise-LowResolution-Mosaic']
2026-07-30 03:30:41 - INFO - text_feature_dir       
2026-07-30 03:30:41 - INFO - save_weights           True
2026-07-30 03:30:41 - INFO - seed                   1234
2026-07-30 03:30:41 - INFO - Using device: cuda:0
2026-07-30 04:39:35 - INFO - EEG sample points: 250
2026-07-30 04:39:35 - INFO - feature dimension: 1024
2026-07-30 04:39:35 - INFO - data length: 148860
2026-07-30 04:39:35 - INFO - number of channels: 63
2026-07-30 04:39:36 - INFO - EEG Encoder trainable parameters: 2.63M
2026-07-30 04:39:36 - INFO - TSConv(
  (tsconv): Sequential(
    (0): Conv2d(1, 40, kernel_size=(1, 25), stride=(1, 1))
    (1): AvgPool2d(kernel_size=(1, 51), stride=(1, 5), padding=0)
    (2): BatchNorm2d(40, eps=1e-05, momentum=0.1, affine=True, track_running_stats=True)
    (3): ELU(alpha=1.0)
    (4): Conv2d(40, 40, kernel_size=(63, 1), stride=(1, 1))
    (5): BatchNorm2d(40, eps=1e-05, momentum=0.1, affine=True, track_running_stats=True)
    (6): ELU(alpha=1.0)
    (7): Dropout(p=0.5, inplace=False)
  )
  (projection): Conv2d(40, 40, kernel_size=(1, 1), stride=(1, 1))
  (proj_eeg): Sequential(
    (0): Linear(in_features=1440, out_features=1024, bias=True)
    (1): ResidualAdd(
      (f): Sequential(
        (0): GELU(approximate='none')
        (1): Linear(in_features=1024, out_features=1024, bias=True)
        (2): Dropout(p=0.5, inplace=False)
      )
    )
    (2): LayerNorm((1024,), eps=1e-05, elementwise_affine=True)
  )
)
2026-07-30 04:39:36 - INFO - Projector trainable parameters: 1.57M
2026-07-30 04:39:36 - INFO - ContrastiveLoss(
  (criterion_cls): CrossEntropyLoss()
  (criterion_mse): MSELoss()
  (softplus): Softplus(beta=1.0, threshold=20.0)
)
2026-07-30 04:40:02 - INFO - Epoch [1/50] Train Loss: 6.4646
2026-07-30 04:40:02 - INFO - top5 acc 25.50%	top1 acc 7.00%	Test Loss: 4.1155
2026-07-30 04:40:26 - INFO - Epoch [2/50] Train Loss: 5.8664
2026-07-30 04:40:26 - INFO - top5 acc 27.50%	top1 acc 9.00%	Test Loss: 3.9208
2026-07-30 04:40:50 - INFO - Epoch [3/50] Train Loss: 5.6521
2026-07-30 04:40:50 - INFO - top5 acc 36.00%	top1 acc 11.00%	Test Loss: 3.7164
2026-07-30 04:41:15 - INFO - Epoch [4/50] Train Loss: 5.5062
2026-07-30 04:41:15 - INFO - top5 acc 34.00%	top1 acc 12.00%	Test Loss: 3.7171
2026-07-30 04:41:39 - INFO - Epoch [5/50] Train Loss: 5.3984
2026-07-30 04:41:39 - INFO - top5 acc 36.00%	top1 acc 9.50%	Test Loss: 3.6687
2026-07-30 04:42:04 - INFO - Epoch [6/50] Train Loss: 5.3204
2026-07-30 04:42:04 - INFO - top5 acc 35.00%	top1 acc 9.50%	Test Loss: 3.6402
2026-07-30 04:42:28 - INFO - Epoch [7/50] Train Loss: 5.2554
2026-07-30 04:42:28 - INFO - top5 acc 33.00%	top1 acc 10.00%	Test Loss: 3.6397
2026-07-30 04:42:52 - INFO - Epoch [8/50] Train Loss: 5.1926
2026-07-30 04:42:52 - INFO - top5 acc 32.00%	top1 acc 9.00%	Test Loss: 3.6266
2026-07-30 04:43:17 - INFO - Epoch [9/50] Train Loss: 5.1433
2026-07-30 04:43:17 - INFO - top5 acc 35.50%	top1 acc 8.50%	Test Loss: 3.5885
2026-07-30 04:43:41 - INFO - Epoch [10/50] Train Loss: 5.0918
2026-07-30 04:43:41 - INFO - top5 acc 36.50%	top1 acc 10.50%	Test Loss: 3.6221
2026-07-30 04:44:06 - INFO - Epoch [11/50] Train Loss: 5.0381
2026-07-30 04:44:06 - INFO - top5 acc 35.00%	top1 acc 9.50%	Test Loss: 3.5759
2026-07-30 04:44:31 - INFO - Epoch [12/50] Train Loss: 4.9882
2026-07-30 04:44:31 - INFO - top5 acc 33.00%	top1 acc 7.50%	Test Loss: 3.6379
2026-07-30 04:44:55 - INFO - Epoch [13/50] Train Loss: 4.9469
2026-07-30 04:44:55 - INFO - top5 acc 37.00%	top1 acc 10.50%	Test Loss: 3.5927
2026-07-30 04:45:20 - INFO - Epoch [14/50] Train Loss: 4.9025
2026-07-30 04:45:20 - INFO - top5 acc 36.00%	top1 acc 9.00%	Test Loss: 3.6571
2026-07-30 04:45:46 - INFO - Epoch [15/50] Train Loss: 4.8617
2026-07-30 04:45:46 - INFO - top5 acc 31.00%	top1 acc 9.50%	Test Loss: 3.6547
2026-07-30 04:46:11 - INFO - Epoch [16/50] Train Loss: 4.8183
2026-07-30 04:46:11 - INFO - top5 acc 37.00%	top1 acc 12.50%	Test Loss: 3.5651
2026-07-30 04:46:37 - INFO - Epoch [17/50] Train Loss: 4.7734
2026-07-30 04:46:37 - INFO - top5 acc 34.50%	top1 acc 11.50%	Test Loss: 3.5590
2026-07-30 04:47:02 - INFO - Epoch [18/50] Train Loss: 4.7320
2026-07-30 04:47:02 - INFO - top5 acc 35.50%	top1 acc 9.50%	Test Loss: 3.6678
2026-07-30 04:47:26 - INFO - Epoch [19/50] Train Loss: 4.6948
2026-07-30 04:47:26 - INFO - top5 acc 35.00%	top1 acc 10.00%	Test Loss: 3.6584
2026-07-30 04:47:51 - INFO - Epoch [20/50] Train Loss: 4.6543
2026-07-30 04:47:51 - INFO - top5 acc 35.50%	top1 acc 10.50%	Test Loss: 3.5963
2026-07-30 04:48:15 - INFO - Epoch [21/50] Train Loss: 4.6113
2026-07-30 04:48:15 - INFO - top5 acc 35.00%	top1 acc 10.00%	Test Loss: 3.7236
2026-07-30 04:48:40 - INFO - Epoch [22/50] Train Loss: 4.5708
2026-07-30 04:48:40 - INFO - top5 acc 35.50%	top1 acc 9.50%	Test Loss: 3.6659
2026-07-30 04:49:05 - INFO - Epoch [23/50] Train Loss: 4.5378
2026-07-30 04:49:05 - INFO - top5 acc 35.00%	top1 acc 11.50%	Test Loss: 3.6558
2026-07-30 04:49:30 - INFO - Epoch [24/50] Train Loss: 4.4979
2026-07-30 04:49:30 - INFO - top5 acc 36.00%	top1 acc 10.50%	Test Loss: 3.6617
2026-07-30 04:49:54 - INFO - Epoch [25/50] Train Loss: 4.4621
2026-07-30 04:49:54 - INFO - top5 acc 35.50%	top1 acc 10.50%	Test Loss: 3.6441
2026-07-30 04:50:18 - INFO - Epoch [26/50] Train Loss: 4.4270
2026-07-30 04:50:19 - INFO - top5 acc 33.50%	top1 acc 12.00%	Test Loss: 3.6254
2026-07-30 04:50:43 - INFO - Epoch [27/50] Train Loss: 4.3906
2026-07-30 04:50:43 - INFO - top5 acc 31.50%	top1 acc 11.50%	Test Loss: 3.7347
2026-07-30 04:51:08 - INFO - Epoch [28/50] Train Loss: 4.3525
2026-07-30 04:51:08 - INFO - top5 acc 35.00%	top1 acc 14.50%	Test Loss: 3.6425
2026-07-30 04:51:32 - INFO - Epoch [29/50] Train Loss: 4.3127
2026-07-30 04:51:32 - INFO - top5 acc 34.50%	top1 acc 12.50%	Test Loss: 3.6723
2026-07-30 04:51:58 - INFO - Epoch [30/50] Train Loss: 4.2845
2026-07-30 04:51:58 - INFO - top5 acc 35.50%	top1 acc 12.50%	Test Loss: 3.6835
2026-07-30 04:52:23 - INFO - Epoch [31/50] Train Loss: 4.2526
2026-07-30 04:52:23 - INFO - top5 acc 35.00%	top1 acc 13.50%	Test Loss: 3.6579
2026-07-30 04:52:47 - INFO - Epoch [32/50] Train Loss: 4.2157
2026-07-30 04:52:47 - INFO - top5 acc 34.00%	top1 acc 13.50%	Test Loss: 3.7222
2026-07-30 04:53:12 - INFO - Epoch [33/50] Train Loss: 4.1879
2026-07-30 04:53:12 - INFO - top5 acc 35.00%	top1 acc 13.50%	Test Loss: 3.6434
2026-07-30 04:53:37 - INFO - Epoch [34/50] Train Loss: 4.1573
2026-07-30 04:53:37 - INFO - top5 acc 35.00%	top1 acc 13.00%	Test Loss: 3.7214
2026-07-30 04:54:01 - INFO - Epoch [35/50] Train Loss: 4.1238
2026-07-30 04:54:01 - INFO - top5 acc 38.50%	top1 acc 15.00%	Test Loss: 3.6586
2026-07-30 04:54:26 - INFO - Epoch [36/50] Train Loss: 4.0986
2026-07-30 04:54:26 - INFO - top5 acc 35.50%	top1 acc 12.00%	Test Loss: 3.6725
2026-07-30 04:54:51 - INFO - Epoch [37/50] Train Loss: 4.0657
2026-07-30 04:54:51 - INFO - top5 acc 32.50%	top1 acc 12.50%	Test Loss: 3.6585
2026-07-30 04:55:16 - INFO - Epoch [38/50] Train Loss: 4.0395
2026-07-30 04:55:16 - INFO - top5 acc 36.00%	top1 acc 13.50%	Test Loss: 3.6057
2026-07-30 04:55:40 - INFO - Epoch [39/50] Train Loss: 4.0147
2026-07-30 04:55:40 - INFO - top5 acc 33.00%	top1 acc 15.00%	Test Loss: 3.7409
2026-07-30 04:56:05 - INFO - Epoch [40/50] Train Loss: 3.9858
2026-07-30 04:56:05 - INFO - top5 acc 31.00%	top1 acc 12.50%	Test Loss: 3.7822
2026-07-30 04:56:29 - INFO - Epoch [41/50] Train Loss: 3.9571
2026-07-30 04:56:29 - INFO - top5 acc 37.50%	top1 acc 13.50%	Test Loss: 3.6682
2026-07-30 04:56:54 - INFO - Epoch [42/50] Train Loss: 3.9331
2026-07-30 04:56:54 - INFO - top5 acc 35.50%	top1 acc 15.00%	Test Loss: 3.6461
2026-07-30 04:57:18 - INFO - Epoch [43/50] Train Loss: 3.9114
2026-07-30 04:57:18 - INFO - top5 acc 34.50%	top1 acc 13.50%	Test Loss: 3.7331
2026-07-30 04:57:43 - INFO - Epoch [44/50] Train Loss: 3.8807
2026-07-30 04:57:43 - INFO - top5 acc 36.50%	top1 acc 14.50%	Test Loss: 3.7068
2026-07-30 04:58:07 - INFO - Epoch [45/50] Train Loss: 3.8597
2026-07-30 04:58:07 - INFO - top5 acc 36.00%	top1 acc 13.00%	Test Loss: 3.6892
2026-07-30 04:58:32 - INFO - Epoch [46/50] Train Loss: 3.8328
2026-07-30 04:58:32 - INFO - top5 acc 38.50%	top1 acc 14.50%	Test Loss: 3.6220
2026-07-30 04:58:56 - INFO - Epoch [47/50] Train Loss: 3.8170
2026-07-30 04:58:56 - INFO - top5 acc 36.50%	top1 acc 13.00%	Test Loss: 3.6497
2026-07-30 04:59:21 - INFO - Epoch [48/50] Train Loss: 3.7913
2026-07-30 04:59:21 - INFO - top5 acc 37.00%	top1 acc 13.50%	Test Loss: 3.6767
2026-07-30 04:59:47 - INFO - Epoch [49/50] Train Loss: 3.7721
2026-07-30 04:59:47 - INFO - top5 acc 36.00%	top1 acc 13.50%	Test Loss: 3.6965
2026-07-30 05:00:12 - INFO - Epoch [50/50] Train Loss: 3.7481
2026-07-30 05:00:12 - INFO - top5 acc 38.50%	top1 acc 12.50%	Test Loss: 3.6976
2026-07-30 05:00:12 - INFO - best test loss: 3.5590 top5 acc: 34.50 top1 acc: 11.50 at epoch 17
