2026-07-28 19:19:13 - INFO - Input arguments:
2026-07-28 19:19:13 - INFO - device                 cuda:0
2026-07-28 19:19:13 - INFO - num_epochs             50
2026-07-28 19:19:13 - INFO - batch_size             1024
2026-07-28 19:19:13 - INFO - learning_rate          0.0001
2026-07-28 19:19:13 - INFO - output_dir             root/autodl-tmp/results/things_eeg/intra-subjects
2026-07-28 19:19:13 - INFO - output_name            sub-03
2026-07-28 19:19:13 - INFO - train_subject_ids      [3]
2026-07-28 19:19:13 - INFO - test_subject_ids       [3]
2026-07-28 19:19:13 - INFO - data_average           True
2026-07-28 19:19:13 - INFO - data_random            False
2026-07-28 19:19:13 - INFO - init_temperature       0.07
2026-07-28 19:19:13 - INFO - t_learnable            False
2026-07-28 19:19:13 - INFO - softplus               True
2026-07-28 19:19:13 - INFO - alpha                  1.0
2026-07-28 19:19:13 - INFO - beta                   1.0
2026-07-28 19:19:13 - INFO - img_l2norm             True
2026-07-28 19:19:13 - INFO - text_l2norm            False
2026-07-28 19:19:13 - INFO - eeg_l2norm             False
2026-07-28 19:19:13 - INFO - eeg_data_dir           /root/autodl-tmp/data/things_eeg/preprocessed_eeg
2026-07-28 19:19:13 - INFO - selected_channels      ['P7', 'P5', 'P3', 'P1', 'Pz', 'P2', 'P4', 'P6', 'P8', 'PO7', 'PO3', 'POz', 'PO4', 'PO8', 'O1', 'Oz', 'O2']
2026-07-28 19:19:13 - INFO - time_window            [0, 250]
2026-07-28 19:19:13 - INFO - eeg_aug                True
2026-07-28 19:19:13 - INFO - eeg_aug_type           smooth
2026-07-28 19:19:13 - INFO - eeg_encoder_type       EEGProject
2026-07-28 19:19:13 - INFO - image_aug              True
2026-07-28 19:19:13 - INFO - image_test_aug         True
2026-07-28 19:19:13 - INFO - eeg_test_aug           False
2026-07-28 19:19:13 - INFO - frozen_eeg_prior       True
2026-07-28 19:19:13 - INFO - projector              linear
2026-07-28 19:19:13 - INFO - feature_dim            512
2026-07-28 19:19:13 - INFO - image_feature_dir      /root/autodl-tmp/data/things_eeg/image_feature/RN50
2026-07-28 19:19:13 - INFO - aug_image_feature_dirs ['/root/autodl-tmp/data/things_eeg/image_feature/RN50/GaussianBlur-GaussianNoise-LowResolution-Mosaic']
2026-07-28 19:19:13 - INFO - text_feature_dir       
2026-07-28 19:19:13 - INFO - save_weights           True
2026-07-28 19:19:13 - INFO - seed                   9999
2026-07-28 19:19:13 - INFO - Using device: cuda:0
2026-07-28 19:21:29 - INFO - EEG sample points: 250
2026-07-28 19:21:29 - INFO - feature dimension: 1024
2026-07-28 19:21:29 - INFO - data length: 16540
2026-07-28 19:21:29 - INFO - number of channels: 17
2026-07-28 19:21:30 - INFO - EEG Encoder trainable parameters: 5.40M
2026-07-28 19:21:30 - INFO - EEGProject(
  (model): Sequential(
    (0): Linear(in_features=4250, out_features=1024, bias=True)
    (1): ResidualAdd(
      (f): Sequential(
        (0): GELU(approximate='none')
        (1): Linear(in_features=1024, out_features=1024, bias=True)
        (2): Dropout(p=0.3, inplace=False)
      )
    )
    (2): LayerNorm((1024,), eps=1e-05, elementwise_affine=True)
  )
)
2026-07-28 19:21:30 - INFO - Projector trainable parameters: 1.57M
2026-07-28 19:21:30 - INFO - ContrastiveLoss(
  (criterion_cls): CrossEntropyLoss()
  (criterion_mse): MSELoss()
  (softplus): Softplus(beta=1.0, threshold=20.0)
)
2026-07-28 19:21:31 - INFO - Epoch [1/50] Train Loss: 7.1564
2026-07-28 19:21:31 - INFO - top5 acc 24.00%	top1 acc 5.50%	Test Loss: 4.6938
2026-07-28 19:21:32 - INFO - Epoch [2/50] Train Loss: 6.2053
2026-07-28 19:21:32 - INFO - top5 acc 38.50%	top1 acc 10.00%	Test Loss: 4.0651
2026-07-28 19:21:33 - INFO - Epoch [3/50] Train Loss: 5.6084
2026-07-28 19:21:33 - INFO - top5 acc 56.00%	top1 acc 20.00%	Test Loss: 3.2480
2026-07-28 19:21:34 - INFO - Epoch [4/50] Train Loss: 5.0172
2026-07-28 19:21:34 - INFO - top5 acc 69.50%	top1 acc 32.50%	Test Loss: 2.5296
2026-07-28 19:21:34 - INFO - Epoch [5/50] Train Loss: 4.4547
2026-07-28 19:21:34 - INFO - top5 acc 77.50%	top1 acc 41.00%	Test Loss: 2.0750
2026-07-28 19:21:35 - INFO - Epoch [6/50] Train Loss: 3.9511
2026-07-28 19:21:35 - INFO - top5 acc 81.50%	top1 acc 46.00%	Test Loss: 1.7816
2026-07-28 19:21:36 - INFO - Epoch [7/50] Train Loss: 3.4765
2026-07-28 19:21:36 - INFO - top5 acc 89.50%	top1 acc 51.50%	Test Loss: 1.4978
2026-07-28 19:21:37 - INFO - Epoch [8/50] Train Loss: 3.0594
2026-07-28 19:21:37 - INFO - top5 acc 88.00%	top1 acc 55.50%	Test Loss: 1.4256
2026-07-28 19:21:38 - INFO - Epoch [9/50] Train Loss: 2.6820
2026-07-28 19:21:38 - INFO - top5 acc 86.00%	top1 acc 54.50%	Test Loss: 1.3895
2026-07-28 19:21:39 - INFO - Epoch [10/50] Train Loss: 2.3569
2026-07-28 19:21:39 - INFO - top5 acc 87.50%	top1 acc 56.50%	Test Loss: 1.3368
2026-07-28 19:21:40 - INFO - Epoch [11/50] Train Loss: 2.0690
2026-07-28 19:21:40 - INFO - top5 acc 91.50%	top1 acc 58.00%	Test Loss: 1.2244
2026-07-28 19:21:41 - INFO - Epoch [12/50] Train Loss: 1.8194
2026-07-28 19:21:41 - INFO - top5 acc 91.00%	top1 acc 58.50%	Test Loss: 1.2568
2026-07-28 19:21:41 - INFO - Epoch [13/50] Train Loss: 1.5854
2026-07-28 19:21:41 - INFO - top5 acc 91.50%	top1 acc 59.50%	Test Loss: 1.2360
2026-07-28 19:21:42 - INFO - Epoch [14/50] Train Loss: 1.3709
2026-07-28 19:21:42 - INFO - top5 acc 88.00%	top1 acc 63.50%	Test Loss: 1.2131
2026-07-28 19:21:43 - INFO - Epoch [15/50] Train Loss: 1.1900
2026-07-28 19:21:43 - INFO - top5 acc 91.00%	top1 acc 60.50%	Test Loss: 1.1701
2026-07-28 19:21:44 - INFO - Epoch [16/50] Train Loss: 1.0205
2026-07-28 19:21:44 - INFO - top5 acc 92.00%	top1 acc 58.50%	Test Loss: 1.2505
2026-07-28 19:21:45 - INFO - Epoch [17/50] Train Loss: 0.8775
2026-07-28 19:21:45 - INFO - top5 acc 91.00%	top1 acc 58.00%	Test Loss: 1.1836
2026-07-28 19:21:46 - INFO - Epoch [18/50] Train Loss: 0.7501
2026-07-28 19:21:46 - INFO - top5 acc 92.00%	top1 acc 61.50%	Test Loss: 1.1740
2026-07-28 19:21:47 - INFO - Epoch [19/50] Train Loss: 0.6348
2026-07-28 19:21:47 - INFO - top5 acc 92.00%	top1 acc 60.50%	Test Loss: 1.1669
2026-07-28 19:21:47 - INFO - Epoch [20/50] Train Loss: 0.5500
2026-07-28 19:21:48 - INFO - top5 acc 93.00%	top1 acc 59.50%	Test Loss: 1.1367
2026-07-28 19:21:49 - INFO - Epoch [21/50] Train Loss: 0.4701
2026-07-28 19:21:49 - INFO - top5 acc 93.00%	top1 acc 61.00%	Test Loss: 1.1625
2026-07-28 19:21:49 - INFO - Epoch [22/50] Train Loss: 0.4080
2026-07-28 19:21:49 - INFO - top5 acc 91.50%	top1 acc 57.50%	Test Loss: 1.1862
2026-07-28 19:21:50 - INFO - Epoch [23/50] Train Loss: 0.3500
2026-07-28 19:21:50 - INFO - top5 acc 93.00%	top1 acc 62.00%	Test Loss: 1.1196
2026-07-28 19:21:51 - INFO - Epoch [24/50] Train Loss: 0.3029
2026-07-28 19:21:51 - INFO - top5 acc 92.00%	top1 acc 60.00%	Test Loss: 1.1945
2026-07-28 19:21:52 - INFO - Epoch [25/50] Train Loss: 0.2666
2026-07-28 19:21:52 - INFO - top5 acc 94.00%	top1 acc 63.50%	Test Loss: 1.1323
2026-07-28 19:21:53 - INFO - Epoch [26/50] Train Loss: 0.2368
2026-07-28 19:21:53 - INFO - top5 acc 91.50%	top1 acc 60.50%	Test Loss: 1.2028
2026-07-28 19:21:53 - INFO - Epoch [27/50] Train Loss: 0.2123
2026-07-28 19:21:54 - INFO - top5 acc 91.00%	top1 acc 61.00%	Test Loss: 1.1862
2026-07-28 19:21:54 - INFO - Epoch [28/50] Train Loss: 0.1873
2026-07-28 19:21:54 - INFO - top5 acc 91.00%	top1 acc 61.50%	Test Loss: 1.1919
2026-07-28 19:21:55 - INFO - Epoch [29/50] Train Loss: 0.1685
2026-07-28 19:21:55 - INFO - top5 acc 92.00%	top1 acc 63.00%	Test Loss: 1.1515
2026-07-28 19:21:56 - INFO - Epoch [30/50] Train Loss: 0.1522
2026-07-28 19:21:56 - INFO - top5 acc 90.50%	top1 acc 61.00%	Test Loss: 1.2251
2026-07-28 19:21:57 - INFO - Epoch [31/50] Train Loss: 0.1408
2026-07-28 19:21:57 - INFO - top5 acc 90.50%	top1 acc 60.50%	Test Loss: 1.1852
2026-07-28 19:21:57 - INFO - Epoch [32/50] Train Loss: 0.1274
2026-07-28 19:21:58 - INFO - top5 acc 93.00%	top1 acc 62.00%	Test Loss: 1.1833
2026-07-28 19:21:58 - INFO - Epoch [33/50] Train Loss: 0.1179
2026-07-28 19:21:58 - INFO - top5 acc 91.50%	top1 acc 61.50%	Test Loss: 1.2278
2026-07-28 19:21:59 - INFO - Epoch [34/50] Train Loss: 0.1127
2026-07-28 19:21:59 - INFO - top5 acc 91.50%	top1 acc 60.00%	Test Loss: 1.2469
2026-07-28 19:22:00 - INFO - Epoch [35/50] Train Loss: 0.1034
2026-07-28 19:22:00 - INFO - top5 acc 91.00%	top1 acc 62.50%	Test Loss: 1.1653
2026-07-28 19:22:01 - INFO - Epoch [36/50] Train Loss: 0.0942
2026-07-28 19:22:01 - INFO - top5 acc 93.50%	top1 acc 61.50%	Test Loss: 1.2128
2026-07-28 19:22:01 - INFO - Epoch [37/50] Train Loss: 0.0865
2026-07-28 19:22:01 - INFO - top5 acc 92.50%	top1 acc 61.50%	Test Loss: 1.2170
2026-07-28 19:22:02 - INFO - Epoch [38/50] Train Loss: 0.0822
2026-07-28 19:22:02 - INFO - top5 acc 91.50%	top1 acc 62.50%	Test Loss: 1.2085
2026-07-28 19:22:03 - INFO - Epoch [39/50] Train Loss: 0.0793
2026-07-28 19:22:03 - INFO - top5 acc 91.00%	top1 acc 61.00%	Test Loss: 1.2330
2026-07-28 19:22:04 - INFO - Epoch [40/50] Train Loss: 0.0752
2026-07-28 19:22:04 - INFO - top5 acc 92.00%	top1 acc 59.00%	Test Loss: 1.2235
2026-07-28 19:22:05 - INFO - Epoch [41/50] Train Loss: 0.0713
2026-07-28 19:22:05 - INFO - top5 acc 91.50%	top1 acc 58.50%	Test Loss: 1.2261
2026-07-28 19:22:06 - INFO - Epoch [42/50] Train Loss: 0.0655
2026-07-28 19:22:06 - INFO - top5 acc 90.00%	top1 acc 63.50%	Test Loss: 1.2240
2026-07-28 19:22:07 - INFO - Epoch [43/50] Train Loss: 0.0622
2026-07-28 19:22:07 - INFO - top5 acc 92.00%	top1 acc 60.00%	Test Loss: 1.2218
2026-07-28 19:22:08 - INFO - Epoch [44/50] Train Loss: 0.0582
2026-07-28 19:22:08 - INFO - top5 acc 91.50%	top1 acc 60.00%	Test Loss: 1.1951
2026-07-28 19:22:09 - INFO - Epoch [45/50] Train Loss: 0.0553
2026-07-28 19:22:09 - INFO - top5 acc 92.00%	top1 acc 61.00%	Test Loss: 1.2048
2026-07-28 19:22:10 - INFO - Epoch [46/50] Train Loss: 0.0532
2026-07-28 19:22:10 - INFO - top5 acc 89.50%	top1 acc 61.50%	Test Loss: 1.2518
2026-07-28 19:22:11 - INFO - Epoch [47/50] Train Loss: 0.0494
2026-07-28 19:22:11 - INFO - top5 acc 92.00%	top1 acc 63.00%	Test Loss: 1.2278
2026-07-28 19:22:12 - INFO - Epoch [48/50] Train Loss: 0.0473
2026-07-28 19:22:12 - INFO - top5 acc 92.00%	top1 acc 60.50%	Test Loss: 1.2049
2026-07-28 19:22:13 - INFO - Epoch [49/50] Train Loss: 0.0440
2026-07-28 19:22:13 - INFO - top5 acc 91.00%	top1 acc 62.00%	Test Loss: 1.2296
2026-07-28 19:22:13 - INFO - Epoch [50/50] Train Loss: 0.0428
2026-07-28 19:22:14 - INFO - top5 acc 90.00%	top1 acc 60.50%	Test Loss: 1.2285
2026-07-28 19:22:14 - INFO - best test loss: 1.1196 top5 acc: 93.00 top1 acc: 62.00 at epoch 23
