2026-07-27 10:29:18 - INFO - Input arguments:
2026-07-27 10:29:18 - INFO - device                 cuda:0
2026-07-27 10:29:18 - INFO - num_epochs             50
2026-07-27 10:29:18 - INFO - batch_size             1024
2026-07-27 10:29:18 - INFO - learning_rate          0.0001
2026-07-27 10:29:18 - INFO - output_dir             ./autodl-tmp/results/things_eeg/inter-subjects
2026-07-27 10:29:18 - INFO - output_name            sub-10
2026-07-27 10:29:18 - INFO - train_subject_ids      [1, 2, 3, 4, 5, 6, 7, 8, 9]
2026-07-27 10:29:18 - INFO - test_subject_ids       [10]
2026-07-27 10:29:18 - INFO - data_average           True
2026-07-27 10:29:18 - INFO - data_random            False
2026-07-27 10:29:18 - INFO - init_temperature       0.07
2026-07-27 10:29:18 - INFO - t_learnable            False
2026-07-27 10:29:18 - INFO - softplus               True
2026-07-27 10:29:18 - INFO - alpha                  1.0
2026-07-27 10:29:18 - INFO - beta                   1.0
2026-07-27 10:29:18 - INFO - img_l2norm             True
2026-07-27 10:29:18 - INFO - text_l2norm            False
2026-07-27 10:29:18 - INFO - eeg_l2norm             False
2026-07-27 10:29:18 - INFO - eeg_data_dir           /root/autodl-tmp/data/things_eeg/preprocessed_eeg
2026-07-27 10:29:18 - INFO - selected_channels      []
2026-07-27 10:29:18 - INFO - time_window            [0, 250]
2026-07-27 10:29:18 - INFO - eeg_aug                True
2026-07-27 10:29:18 - INFO - eeg_aug_type           smooth
2026-07-27 10:29:18 - INFO - eeg_encoder_type       TSConv
2026-07-27 10:29:18 - INFO - image_aug              True
2026-07-27 10:29:18 - INFO - image_test_aug         True
2026-07-27 10:29:18 - INFO - eeg_test_aug           False
2026-07-27 10:29:18 - INFO - frozen_eeg_prior       True
2026-07-27 10:29:18 - INFO - projector              linear
2026-07-27 10:29:18 - INFO - feature_dim            512
2026-07-27 10:29:18 - INFO - image_feature_dir      /root/autodl-tmp/data/things_eeg/image_feature/RN50
2026-07-27 10:29:18 - INFO - aug_image_feature_dirs ['/root/autodl-tmp/data/things_eeg/image_feature/RN50/GaussianBlur-GaussianNoise-LowResolution-Mosaic']
2026-07-27 10:29:18 - INFO - text_feature_dir       
2026-07-27 10:29:18 - INFO - save_weights           True
2026-07-27 10:29:18 - INFO - seed                   2025
2026-07-27 10:29:18 - INFO - Using device: cuda:0
2026-07-27 11:49:20 - INFO - EEG sample points: 250
2026-07-27 11:49:20 - INFO - feature dimension: 1024
2026-07-27 11:49:20 - INFO - data length: 148860
2026-07-27 11:49:20 - INFO - number of channels: 63
2026-07-27 11:49:21 - INFO - EEG Encoder trainable parameters: 2.63M
2026-07-27 11:49:21 - INFO - TSConv(
  (tsconv): Sequential(
    (0): Conv2d(1, 40, kernel_size=(1, 25), stride=(1, 1))
    (1): AvgPool2d(kernel_size=(1, 51), stride=(1, 5), padding=0)
    (2): BatchNorm2d(40, eps=1e-05, momentum=0.1, affine=True, track_running_stats=True)
    (3): ELU(alpha=1.0)
    (4): Conv2d(40, 40, kernel_size=(63, 1), stride=(1, 1))
    (5): BatchNorm2d(40, eps=1e-05, momentum=0.1, affine=True, track_running_stats=True)
    (6): ELU(alpha=1.0)
    (7): Dropout(p=0.5, inplace=False)
  )
  (projection): Conv2d(40, 40, kernel_size=(1, 1), stride=(1, 1))
  (proj_eeg): Sequential(
    (0): Linear(in_features=1440, out_features=1024, bias=True)
    (1): ResidualAdd(
      (f): Sequential(
        (0): GELU(approximate='none')
        (1): Linear(in_features=1024, out_features=1024, bias=True)
        (2): Dropout(p=0.5, inplace=False)
      )
    )
    (2): LayerNorm((1024,), eps=1e-05, elementwise_affine=True)
  )
)
2026-07-27 11:49:22 - INFO - Projector trainable parameters: 1.57M
2026-07-27 11:49:22 - INFO - ContrastiveLoss(
  (criterion_cls): CrossEntropyLoss()
  (criterion_mse): MSELoss()
  (softplus): Softplus(beta=1.0, threshold=20.0)
)
2026-07-27 11:49:52 - INFO - Epoch [1/50] Train Loss: 6.5827
2026-07-27 11:49:53 - INFO - top5 acc 32.00%	top1 acc 9.00%	Test Loss: 3.8701
2026-07-27 11:50:21 - INFO - Epoch [2/50] Train Loss: 5.9842
2026-07-27 11:50:22 - INFO - top5 acc 41.50%	top1 acc 13.50%	Test Loss: 3.4752
2026-07-27 11:50:50 - INFO - Epoch [3/50] Train Loss: 5.7560
2026-07-27 11:50:50 - INFO - top5 acc 47.50%	top1 acc 19.00%	Test Loss: 3.2470
2026-07-27 11:51:19 - INFO - Epoch [4/50] Train Loss: 5.6069
2026-07-27 11:51:19 - INFO - top5 acc 55.00%	top1 acc 21.00%	Test Loss: 3.1003
2026-07-27 11:51:48 - INFO - Epoch [5/50] Train Loss: 5.4864
2026-07-27 11:51:48 - INFO - top5 acc 57.00%	top1 acc 25.00%	Test Loss: 2.9518
2026-07-27 11:52:16 - INFO - Epoch [6/50] Train Loss: 5.3958
2026-07-27 11:52:16 - INFO - top5 acc 57.00%	top1 acc 24.00%	Test Loss: 2.9365
2026-07-27 11:52:45 - INFO - Epoch [7/50] Train Loss: 5.3290
2026-07-27 11:52:45 - INFO - top5 acc 59.50%	top1 acc 26.50%	Test Loss: 2.8525
2026-07-27 11:53:14 - INFO - Epoch [8/50] Train Loss: 5.2725
2026-07-27 11:53:14 - INFO - top5 acc 60.50%	top1 acc 26.00%	Test Loss: 2.8216
2026-07-27 11:53:43 - INFO - Epoch [9/50] Train Loss: 5.2178
2026-07-27 11:53:43 - INFO - top5 acc 57.00%	top1 acc 27.50%	Test Loss: 2.7776
2026-07-27 11:54:12 - INFO - Epoch [10/50] Train Loss: 5.1626
2026-07-27 11:54:12 - INFO - top5 acc 62.00%	top1 acc 29.50%	Test Loss: 2.7164
2026-07-27 11:54:41 - INFO - Epoch [11/50] Train Loss: 5.1095
2026-07-27 11:54:41 - INFO - top5 acc 61.50%	top1 acc 29.50%	Test Loss: 2.6931
2026-07-27 11:55:11 - INFO - Epoch [12/50] Train Loss: 5.0571
2026-07-27 11:55:11 - INFO - top5 acc 64.00%	top1 acc 33.50%	Test Loss: 2.6345
2026-07-27 11:55:42 - INFO - Epoch [13/50] Train Loss: 5.0142
2026-07-27 11:55:42 - INFO - top5 acc 63.50%	top1 acc 32.50%	Test Loss: 2.6166
2026-07-27 11:56:12 - INFO - Epoch [14/50] Train Loss: 4.9659
2026-07-27 11:56:12 - INFO - top5 acc 62.00%	top1 acc 31.00%	Test Loss: 2.6222
2026-07-27 11:56:41 - INFO - Epoch [15/50] Train Loss: 4.9200
2026-07-27 11:56:42 - INFO - top5 acc 64.00%	top1 acc 33.00%	Test Loss: 2.5910
2026-07-27 11:57:11 - INFO - Epoch [16/50] Train Loss: 4.8732
2026-07-27 11:57:11 - INFO - top5 acc 64.50%	top1 acc 36.50%	Test Loss: 2.5397
2026-07-27 11:57:40 - INFO - Epoch [17/50] Train Loss: 4.8288
2026-07-27 11:57:40 - INFO - top5 acc 63.50%	top1 acc 32.00%	Test Loss: 2.5474
2026-07-27 11:58:08 - INFO - Epoch [18/50] Train Loss: 4.7858
2026-07-27 11:58:08 - INFO - top5 acc 65.00%	top1 acc 32.50%	Test Loss: 2.5846
2026-07-27 11:58:38 - INFO - Epoch [19/50] Train Loss: 4.7452
2026-07-27 11:58:38 - INFO - top5 acc 62.00%	top1 acc 35.50%	Test Loss: 2.5509
2026-07-27 11:59:09 - INFO - Epoch [20/50] Train Loss: 4.7009
2026-07-27 11:59:09 - INFO - top5 acc 64.50%	top1 acc 32.00%	Test Loss: 2.5181
2026-07-27 11:59:40 - INFO - Epoch [21/50] Train Loss: 4.6587
2026-07-27 11:59:40 - INFO - top5 acc 63.50%	top1 acc 36.50%	Test Loss: 2.4821
2026-07-27 12:00:11 - INFO - Epoch [22/50] Train Loss: 4.6190
2026-07-27 12:00:11 - INFO - top5 acc 63.00%	top1 acc 32.50%	Test Loss: 2.5467
2026-07-27 12:00:41 - INFO - Epoch [23/50] Train Loss: 4.5820
2026-07-27 12:00:41 - INFO - top5 acc 64.50%	top1 acc 30.50%	Test Loss: 2.4827
2026-07-27 12:01:11 - INFO - Epoch [24/50] Train Loss: 4.5454
2026-07-27 12:01:11 - INFO - top5 acc 61.50%	top1 acc 29.50%	Test Loss: 2.5529
2026-07-27 12:01:41 - INFO - Epoch [25/50] Train Loss: 4.5028
2026-07-27 12:01:42 - INFO - top5 acc 63.50%	top1 acc 32.50%	Test Loss: 2.5276
2026-07-27 12:02:13 - INFO - Epoch [26/50] Train Loss: 4.4628
2026-07-27 12:02:13 - INFO - top5 acc 62.00%	top1 acc 34.50%	Test Loss: 2.4589
2026-07-27 12:02:43 - INFO - Epoch [27/50] Train Loss: 4.4309
2026-07-27 12:02:43 - INFO - top5 acc 61.00%	top1 acc 28.50%	Test Loss: 2.5532
2026-07-27 12:03:13 - INFO - Epoch [28/50] Train Loss: 4.3964
2026-07-27 12:03:13 - INFO - top5 acc 62.00%	top1 acc 31.50%	Test Loss: 2.5477
2026-07-27 12:03:44 - INFO - Epoch [29/50] Train Loss: 4.3588
2026-07-27 12:03:44 - INFO - top5 acc 62.00%	top1 acc 31.00%	Test Loss: 2.5442
2026-07-27 12:04:14 - INFO - Epoch [30/50] Train Loss: 4.3285
2026-07-27 12:04:14 - INFO - top5 acc 60.50%	top1 acc 30.00%	Test Loss: 2.5342
2026-07-27 12:04:45 - INFO - Epoch [31/50] Train Loss: 4.2896
2026-07-27 12:04:45 - INFO - top5 acc 61.00%	top1 acc 31.00%	Test Loss: 2.5342
2026-07-27 12:05:15 - INFO - Epoch [32/50] Train Loss: 4.2630
2026-07-27 12:05:15 - INFO - top5 acc 62.00%	top1 acc 29.50%	Test Loss: 2.5241
2026-07-27 12:05:45 - INFO - Epoch [33/50] Train Loss: 4.2329
2026-07-27 12:05:46 - INFO - top5 acc 60.50%	top1 acc 26.00%	Test Loss: 2.6052
2026-07-27 12:06:16 - INFO - Epoch [34/50] Train Loss: 4.1992
2026-07-27 12:06:16 - INFO - top5 acc 57.00%	top1 acc 27.50%	Test Loss: 2.6094
2026-07-27 12:06:46 - INFO - Epoch [35/50] Train Loss: 4.1749
2026-07-27 12:06:47 - INFO - top5 acc 62.00%	top1 acc 32.00%	Test Loss: 2.5663
2026-07-27 12:07:17 - INFO - Epoch [36/50] Train Loss: 4.1435
2026-07-27 12:07:17 - INFO - top5 acc 59.50%	top1 acc 30.00%	Test Loss: 2.5689
2026-07-27 12:07:48 - INFO - Epoch [37/50] Train Loss: 4.1163
2026-07-27 12:07:48 - INFO - top5 acc 60.00%	top1 acc 30.00%	Test Loss: 2.5810
2026-07-27 12:08:17 - INFO - Epoch [38/50] Train Loss: 4.0857
2026-07-27 12:08:18 - INFO - top5 acc 57.50%	top1 acc 26.00%	Test Loss: 2.5995
2026-07-27 12:08:46 - INFO - Epoch [39/50] Train Loss: 4.0648
2026-07-27 12:08:46 - INFO - top5 acc 60.50%	top1 acc 31.00%	Test Loss: 2.5821
2026-07-27 12:09:17 - INFO - Epoch [40/50] Train Loss: 4.0332
2026-07-27 12:09:17 - INFO - top5 acc 60.00%	top1 acc 27.00%	Test Loss: 2.6184
2026-07-27 12:09:48 - INFO - Epoch [41/50] Train Loss: 4.0079
2026-07-27 12:09:48 - INFO - top5 acc 59.50%	top1 acc 28.50%	Test Loss: 2.6231
2026-07-27 12:10:19 - INFO - Epoch [42/50] Train Loss: 3.9853
2026-07-27 12:10:19 - INFO - top5 acc 58.50%	top1 acc 29.50%	Test Loss: 2.6367
2026-07-27 12:10:49 - INFO - Epoch [43/50] Train Loss: 3.9541
2026-07-27 12:10:49 - INFO - top5 acc 59.00%	top1 acc 29.50%	Test Loss: 2.6295
2026-07-27 12:11:20 - INFO - Epoch [44/50] Train Loss: 3.9311
2026-07-27 12:11:20 - INFO - top5 acc 58.50%	top1 acc 30.00%	Test Loss: 2.6602
2026-07-27 12:11:49 - INFO - Epoch [45/50] Train Loss: 3.9062
2026-07-27 12:11:49 - INFO - top5 acc 58.50%	top1 acc 29.50%	Test Loss: 2.6266
2026-07-27 12:12:18 - INFO - Epoch [46/50] Train Loss: 3.8868
2026-07-27 12:12:19 - INFO - top5 acc 58.00%	top1 acc 27.00%	Test Loss: 2.7152
2026-07-27 12:12:48 - INFO - Epoch [47/50] Train Loss: 3.8640
2026-07-27 12:12:48 - INFO - top5 acc 60.50%	top1 acc 31.00%	Test Loss: 2.6313
2026-07-27 12:13:19 - INFO - Epoch [48/50] Train Loss: 3.8400
2026-07-27 12:13:19 - INFO - top5 acc 56.00%	top1 acc 28.00%	Test Loss: 2.6260
2026-07-27 12:13:51 - INFO - Epoch [49/50] Train Loss: 3.8213
2026-07-27 12:13:51 - INFO - top5 acc 55.50%	top1 acc 31.50%	Test Loss: 2.6785
2026-07-27 12:14:22 - INFO - Epoch [50/50] Train Loss: 3.8018
2026-07-27 12:14:22 - INFO - top5 acc 56.00%	top1 acc 28.00%	Test Loss: 2.6748
2026-07-27 12:14:22 - INFO - best test loss: 2.4589 top5 acc: 62.00 top1 acc: 34.50 at epoch 26
