2026-07-30 05:28:26 - INFO - Input arguments:
2026-07-30 05:28:26 - INFO - device                 cuda:0
2026-07-30 05:28:26 - INFO - num_epochs             50
2026-07-30 05:28:26 - INFO - batch_size             1024
2026-07-30 05:28:26 - INFO - learning_rate          0.0001
2026-07-30 05:28:26 - INFO - output_dir             /root/autodl-tmp/NeuroBridge-main/results/things_eeg/inter-subjects
2026-07-30 05:28:26 - INFO - output_name            inter-leave-sub-08-seed3407
2026-07-30 05:28:26 - INFO - train_subject_ids      [1, 2, 3, 4, 5, 6, 7, 9, 10]
2026-07-30 05:28:26 - INFO - test_subject_ids       [8]
2026-07-30 05:28:26 - INFO - data_average           True
2026-07-30 05:28:26 - INFO - data_random            False
2026-07-30 05:28:26 - INFO - init_temperature       0.07
2026-07-30 05:28:26 - INFO - t_learnable            False
2026-07-30 05:28:26 - INFO - softplus               True
2026-07-30 05:28:26 - INFO - alpha                  1.0
2026-07-30 05:28:26 - INFO - beta                   1.0
2026-07-30 05:28:26 - INFO - img_l2norm             True
2026-07-30 05:28:26 - INFO - text_l2norm            False
2026-07-30 05:28:26 - INFO - eeg_l2norm             False
2026-07-30 05:28:26 - INFO - eeg_data_dir           /root/autodl-tmp/data/things_eeg/preprocessed_eeg
2026-07-30 05:28:26 - INFO - selected_channels      []
2026-07-30 05:28:26 - INFO - time_window            [0, 250]
2026-07-30 05:28:26 - INFO - eeg_aug                True
2026-07-30 05:28:26 - INFO - eeg_aug_type           smooth
2026-07-30 05:28:26 - INFO - eeg_encoder_type       TSConv
2026-07-30 05:28:26 - INFO - image_aug              True
2026-07-30 05:28:26 - INFO - image_test_aug         True
2026-07-30 05:28:26 - INFO - eeg_test_aug           False
2026-07-30 05:28:26 - INFO - frozen_eeg_prior       True
2026-07-30 05:28:26 - INFO - projector              linear
2026-07-30 05:28:26 - INFO - feature_dim            512
2026-07-30 05:28:26 - INFO - image_feature_dir      /root/autodl-tmp/data/things_eeg/image_feature/RN50
2026-07-30 05:28:26 - INFO - aug_image_feature_dirs ['/root/autodl-tmp/data/things_eeg/image_feature/RN50/GaussianBlur-GaussianNoise-LowResolution-Mosaic']
2026-07-30 05:28:26 - INFO - text_feature_dir       
2026-07-30 05:28:26 - INFO - save_weights           True
2026-07-30 05:28:26 - INFO - seed                   3407
2026-07-30 05:28:26 - INFO - Using device: cuda:0
2026-07-30 06:32:13 - INFO - EEG sample points: 250
2026-07-30 06:32:13 - INFO - feature dimension: 1024
2026-07-30 06:32:13 - INFO - data length: 148860
2026-07-30 06:32:13 - INFO - number of channels: 63
2026-07-30 06:32:14 - INFO - EEG Encoder trainable parameters: 2.63M
2026-07-30 06:32:14 - INFO - TSConv(
  (tsconv): Sequential(
    (0): Conv2d(1, 40, kernel_size=(1, 25), stride=(1, 1))
    (1): AvgPool2d(kernel_size=(1, 51), stride=(1, 5), padding=0)
    (2): BatchNorm2d(40, eps=1e-05, momentum=0.1, affine=True, track_running_stats=True)
    (3): ELU(alpha=1.0)
    (4): Conv2d(40, 40, kernel_size=(63, 1), stride=(1, 1))
    (5): BatchNorm2d(40, eps=1e-05, momentum=0.1, affine=True, track_running_stats=True)
    (6): ELU(alpha=1.0)
    (7): Dropout(p=0.5, inplace=False)
  )
  (projection): Conv2d(40, 40, kernel_size=(1, 1), stride=(1, 1))
  (proj_eeg): Sequential(
    (0): Linear(in_features=1440, out_features=1024, bias=True)
    (1): ResidualAdd(
      (f): Sequential(
        (0): GELU(approximate='none')
        (1): Linear(in_features=1024, out_features=1024, bias=True)
        (2): Dropout(p=0.5, inplace=False)
      )
    )
    (2): LayerNorm((1024,), eps=1e-05, elementwise_affine=True)
  )
)
2026-07-30 06:32:14 - INFO - Projector trainable parameters: 1.57M
2026-07-30 06:32:14 - INFO - ContrastiveLoss(
  (criterion_cls): CrossEntropyLoss()
  (criterion_mse): MSELoss()
  (softplus): Softplus(beta=1, threshold=20)
)
2026-07-30 06:32:35 - INFO - Epoch [1/50] Train Loss: 6.5412
2026-07-30 06:32:35 - INFO - top5 acc 19.00%	top1 acc 7.50%	Test Loss: 4.3424
2026-07-30 06:32:55 - INFO - Epoch [2/50] Train Loss: 5.8850
2026-07-30 06:32:55 - INFO - top5 acc 28.00%	top1 acc 7.00%	Test Loss: 3.9077
2026-07-30 06:33:15 - INFO - Epoch [3/50] Train Loss: 5.6469
2026-07-30 06:33:15 - INFO - top5 acc 35.00%	top1 acc 12.50%	Test Loss: 3.6803
2026-07-30 06:33:35 - INFO - Epoch [4/50] Train Loss: 5.5103
2026-07-30 06:33:35 - INFO - top5 acc 38.50%	top1 acc 10.00%	Test Loss: 3.5673
2026-07-30 06:33:54 - INFO - Epoch [5/50] Train Loss: 5.4205
2026-07-30 06:33:54 - INFO - top5 acc 43.00%	top1 acc 13.50%	Test Loss: 3.5104
2026-07-30 06:34:15 - INFO - Epoch [6/50] Train Loss: 5.3462
2026-07-30 06:34:15 - INFO - top5 acc 42.50%	top1 acc 15.50%	Test Loss: 3.4525
2026-07-30 06:34:34 - INFO - Epoch [7/50] Train Loss: 5.2853
2026-07-30 06:34:34 - INFO - top5 acc 43.00%	top1 acc 14.50%	Test Loss: 3.4295
2026-07-30 06:34:54 - INFO - Epoch [8/50] Train Loss: 5.2304
2026-07-30 06:34:54 - INFO - top5 acc 42.00%	top1 acc 15.50%	Test Loss: 3.4126
2026-07-30 06:35:13 - INFO - Epoch [9/50] Train Loss: 5.1730
2026-07-30 06:35:14 - INFO - top5 acc 44.50%	top1 acc 16.50%	Test Loss: 3.3735
2026-07-30 06:35:34 - INFO - Epoch [10/50] Train Loss: 5.1218
2026-07-30 06:35:34 - INFO - top5 acc 48.50%	top1 acc 15.50%	Test Loss: 3.3281
2026-07-30 06:35:54 - INFO - Epoch [11/50] Train Loss: 5.0703
2026-07-30 06:35:54 - INFO - top5 acc 46.50%	top1 acc 17.00%	Test Loss: 3.3498
2026-07-30 06:36:15 - INFO - Epoch [12/50] Train Loss: 5.0216
2026-07-30 06:36:15 - INFO - top5 acc 45.50%	top1 acc 17.00%	Test Loss: 3.3140
2026-07-30 06:36:35 - INFO - Epoch [13/50] Train Loss: 4.9709
2026-07-30 06:36:35 - INFO - top5 acc 47.50%	top1 acc 15.50%	Test Loss: 3.2877
2026-07-30 06:36:55 - INFO - Epoch [14/50] Train Loss: 4.9273
2026-07-30 06:36:55 - INFO - top5 acc 48.50%	top1 acc 17.00%	Test Loss: 3.2201
2026-07-30 06:37:15 - INFO - Epoch [15/50] Train Loss: 4.8792
2026-07-30 06:37:15 - INFO - top5 acc 46.50%	top1 acc 15.50%	Test Loss: 3.2777
2026-07-30 06:37:35 - INFO - Epoch [16/50] Train Loss: 4.8344
2026-07-30 06:37:35 - INFO - top5 acc 44.50%	top1 acc 18.00%	Test Loss: 3.3056
2026-07-30 06:37:55 - INFO - Epoch [17/50] Train Loss: 4.7893
2026-07-30 06:37:55 - INFO - top5 acc 46.00%	top1 acc 18.00%	Test Loss: 3.3190
2026-07-30 06:38:14 - INFO - Epoch [18/50] Train Loss: 4.7527
2026-07-30 06:38:14 - INFO - top5 acc 46.50%	top1 acc 18.50%	Test Loss: 3.2605
2026-07-30 06:38:34 - INFO - Epoch [19/50] Train Loss: 4.7120
2026-07-30 06:38:35 - INFO - top5 acc 48.00%	top1 acc 20.50%	Test Loss: 3.2507
2026-07-30 06:38:55 - INFO - Epoch [20/50] Train Loss: 4.6681
2026-07-30 06:38:55 - INFO - top5 acc 47.00%	top1 acc 19.00%	Test Loss: 3.2989
2026-07-30 06:39:15 - INFO - Epoch [21/50] Train Loss: 4.6269
2026-07-30 06:39:16 - INFO - top5 acc 48.00%	top1 acc 17.50%	Test Loss: 3.2769
2026-07-30 06:39:35 - INFO - Epoch [22/50] Train Loss: 4.5850
2026-07-30 06:39:35 - INFO - top5 acc 48.50%	top1 acc 18.50%	Test Loss: 3.2594
2026-07-30 06:39:55 - INFO - Epoch [23/50] Train Loss: 4.5448
2026-07-30 06:39:55 - INFO - top5 acc 48.00%	top1 acc 16.00%	Test Loss: 3.2927
2026-07-30 06:40:15 - INFO - Epoch [24/50] Train Loss: 4.5140
2026-07-30 06:40:15 - INFO - top5 acc 47.50%	top1 acc 18.50%	Test Loss: 3.3090
2026-07-30 06:40:34 - INFO - Epoch [25/50] Train Loss: 4.4761
2026-07-30 06:40:34 - INFO - top5 acc 47.00%	top1 acc 21.00%	Test Loss: 3.3006
2026-07-30 06:40:55 - INFO - Epoch [26/50] Train Loss: 4.4424
2026-07-30 06:40:55 - INFO - top5 acc 48.00%	top1 acc 19.50%	Test Loss: 3.2743
2026-07-30 06:41:16 - INFO - Epoch [27/50] Train Loss: 4.4077
2026-07-30 06:41:16 - INFO - top5 acc 43.50%	top1 acc 20.00%	Test Loss: 3.3528
2026-07-30 06:41:38 - INFO - Epoch [28/50] Train Loss: 4.3777
2026-07-30 06:41:38 - INFO - top5 acc 49.00%	top1 acc 19.00%	Test Loss: 3.2894
2026-07-30 06:41:59 - INFO - Epoch [29/50] Train Loss: 4.3384
2026-07-30 06:41:59 - INFO - top5 acc 50.00%	top1 acc 19.50%	Test Loss: 3.3025
2026-07-30 06:42:19 - INFO - Epoch [30/50] Train Loss: 4.3035
2026-07-30 06:42:19 - INFO - top5 acc 44.00%	top1 acc 20.00%	Test Loss: 3.4209
2026-07-30 06:42:38 - INFO - Epoch [31/50] Train Loss: 4.2748
2026-07-30 06:42:39 - INFO - top5 acc 45.00%	top1 acc 17.00%	Test Loss: 3.3128
2026-07-30 06:42:59 - INFO - Epoch [32/50] Train Loss: 4.2474
2026-07-30 06:42:59 - INFO - top5 acc 48.00%	top1 acc 17.00%	Test Loss: 3.3141
2026-07-30 06:43:21 - INFO - Epoch [33/50] Train Loss: 4.2190
2026-07-30 06:43:21 - INFO - top5 acc 46.50%	top1 acc 19.00%	Test Loss: 3.3576
2026-07-30 06:43:41 - INFO - Epoch [34/50] Train Loss: 4.1867
2026-07-30 06:43:42 - INFO - top5 acc 46.50%	top1 acc 17.50%	Test Loss: 3.4448
2026-07-30 06:44:02 - INFO - Epoch [35/50] Train Loss: 4.1555
2026-07-30 06:44:02 - INFO - top5 acc 45.50%	top1 acc 17.50%	Test Loss: 3.4304
2026-07-30 06:44:22 - INFO - Epoch [36/50] Train Loss: 4.1308
2026-07-30 06:44:22 - INFO - top5 acc 46.00%	top1 acc 17.50%	Test Loss: 3.4179
2026-07-30 06:44:42 - INFO - Epoch [37/50] Train Loss: 4.1015
2026-07-30 06:44:42 - INFO - top5 acc 45.50%	top1 acc 18.50%	Test Loss: 3.3880
2026-07-30 06:45:02 - INFO - Epoch [38/50] Train Loss: 4.0791
2026-07-30 06:45:02 - INFO - top5 acc 45.50%	top1 acc 18.00%	Test Loss: 3.4167
2026-07-30 06:45:22 - INFO - Epoch [39/50] Train Loss: 4.0476
2026-07-30 06:45:22 - INFO - top5 acc 47.00%	top1 acc 18.50%	Test Loss: 3.4244
2026-07-30 06:45:42 - INFO - Epoch [40/50] Train Loss: 4.0220
2026-07-30 06:45:42 - INFO - top5 acc 44.50%	top1 acc 21.00%	Test Loss: 3.4287
2026-07-30 06:46:02 - INFO - Epoch [41/50] Train Loss: 3.9985
2026-07-30 06:46:02 - INFO - top5 acc 48.00%	top1 acc 22.00%	Test Loss: 3.4643
2026-07-30 06:46:23 - INFO - Epoch [42/50] Train Loss: 3.9756
2026-07-30 06:46:23 - INFO - top5 acc 48.00%	top1 acc 20.50%	Test Loss: 3.4720
2026-07-30 06:46:45 - INFO - Epoch [43/50] Train Loss: 3.9467
2026-07-30 06:46:45 - INFO - top5 acc 46.50%	top1 acc 20.00%	Test Loss: 3.4330
2026-07-30 06:47:04 - INFO - Epoch [44/50] Train Loss: 3.9316
2026-07-30 06:47:04 - INFO - top5 acc 44.50%	top1 acc 19.50%	Test Loss: 3.4495
2026-07-30 06:47:24 - INFO - Epoch [45/50] Train Loss: 3.9040
2026-07-30 06:47:24 - INFO - top5 acc 45.50%	top1 acc 17.50%	Test Loss: 3.4706
2026-07-30 06:47:44 - INFO - Epoch [46/50] Train Loss: 3.8780
2026-07-30 06:47:44 - INFO - top5 acc 44.50%	top1 acc 19.50%	Test Loss: 3.4864
2026-07-30 06:48:04 - INFO - Epoch [47/50] Train Loss: 3.8556
2026-07-30 06:48:04 - INFO - top5 acc 44.50%	top1 acc 20.50%	Test Loss: 3.5040
2026-07-30 06:48:24 - INFO - Epoch [48/50] Train Loss: 3.8384
2026-07-30 06:48:24 - INFO - top5 acc 45.50%	top1 acc 20.50%	Test Loss: 3.4962
2026-07-30 06:48:45 - INFO - Epoch [49/50] Train Loss: 3.8197
2026-07-30 06:48:45 - INFO - top5 acc 44.50%	top1 acc 20.50%	Test Loss: 3.5288
2026-07-30 06:49:06 - INFO - Epoch [50/50] Train Loss: 3.7934
2026-07-30 06:49:06 - INFO - top5 acc 46.00%	top1 acc 20.50%	Test Loss: 3.5398
2026-07-30 06:49:06 - INFO - best test loss: 3.2201 top5 acc: 48.50 top1 acc: 17.00 at epoch 14
