2026-07-30 11:01:38 - INFO - Input arguments:
2026-07-30 11:01:38 - INFO - device                 cuda:0
2026-07-30 11:01:38 - INFO - num_epochs             50
2026-07-30 11:01:38 - INFO - batch_size             1024
2026-07-30 11:01:38 - INFO - learning_rate          0.0001
2026-07-30 11:01:38 - INFO - output_dir             ./autodl-tmp/results/things_eeg/inter-subjects
2026-07-30 11:01:38 - INFO - output_name            sub-08
2026-07-30 11:01:38 - INFO - train_subject_ids      [1, 2, 3, 4, 5, 6, 7, 9, 10]
2026-07-30 11:01:38 - INFO - test_subject_ids       [8]
2026-07-30 11:01:38 - INFO - data_average           True
2026-07-30 11:01:38 - INFO - data_random            False
2026-07-30 11:01:38 - INFO - init_temperature       0.07
2026-07-30 11:01:38 - INFO - t_learnable            False
2026-07-30 11:01:38 - INFO - softplus               True
2026-07-30 11:01:38 - INFO - alpha                  1.0
2026-07-30 11:01:38 - INFO - beta                   1.0
2026-07-30 11:01:38 - INFO - img_l2norm             True
2026-07-30 11:01:38 - INFO - text_l2norm            False
2026-07-30 11:01:38 - INFO - eeg_l2norm             False
2026-07-30 11:01:38 - INFO - eeg_data_dir           /root/autodl-tmp/data/things_eeg/preprocessed_eeg
2026-07-30 11:01:38 - INFO - selected_channels      []
2026-07-30 11:01:38 - INFO - time_window            [0, 250]
2026-07-30 11:01:38 - INFO - eeg_aug                True
2026-07-30 11:01:38 - INFO - eeg_aug_type           smooth
2026-07-30 11:01:38 - INFO - eeg_encoder_type       TSConv
2026-07-30 11:01:38 - INFO - image_aug              True
2026-07-30 11:01:38 - INFO - image_test_aug         True
2026-07-30 11:01:38 - INFO - eeg_test_aug           False
2026-07-30 11:01:38 - INFO - frozen_eeg_prior       True
2026-07-30 11:01:38 - INFO - projector              linear
2026-07-30 11:01:38 - INFO - feature_dim            512
2026-07-30 11:01:38 - INFO - image_feature_dir      /root/autodl-tmp/data/things_eeg/image_feature/RN50
2026-07-30 11:01:38 - INFO - aug_image_feature_dirs ['/root/autodl-tmp/data/things_eeg/image_feature/RN50/GaussianBlur-GaussianNoise-LowResolution-Mosaic']
2026-07-30 11:01:38 - INFO - text_feature_dir       
2026-07-30 11:01:38 - INFO - save_weights           True
2026-07-30 11:01:38 - INFO - seed                   1234
2026-07-30 11:01:39 - INFO - Using device: cuda:0
2026-07-30 12:14:35 - INFO - EEG sample points: 250
2026-07-30 12:14:35 - INFO - feature dimension: 1024
2026-07-30 12:14:35 - INFO - data length: 148860
2026-07-30 12:14:35 - INFO - number of channels: 63
2026-07-30 12:14:36 - INFO - EEG Encoder trainable parameters: 2.63M
2026-07-30 12:14:36 - INFO - TSConv(
  (tsconv): Sequential(
    (0): Conv2d(1, 40, kernel_size=(1, 25), stride=(1, 1))
    (1): AvgPool2d(kernel_size=(1, 51), stride=(1, 5), padding=0)
    (2): BatchNorm2d(40, eps=1e-05, momentum=0.1, affine=True, track_running_stats=True)
    (3): ELU(alpha=1.0)
    (4): Conv2d(40, 40, kernel_size=(63, 1), stride=(1, 1))
    (5): BatchNorm2d(40, eps=1e-05, momentum=0.1, affine=True, track_running_stats=True)
    (6): ELU(alpha=1.0)
    (7): Dropout(p=0.5, inplace=False)
  )
  (projection): Conv2d(40, 40, kernel_size=(1, 1), stride=(1, 1))
  (proj_eeg): Sequential(
    (0): Linear(in_features=1440, out_features=1024, bias=True)
    (1): ResidualAdd(
      (f): Sequential(
        (0): GELU(approximate='none')
        (1): Linear(in_features=1024, out_features=1024, bias=True)
        (2): Dropout(p=0.5, inplace=False)
      )
    )
    (2): LayerNorm((1024,), eps=1e-05, elementwise_affine=True)
  )
)
2026-07-30 12:14:36 - INFO - Projector trainable parameters: 1.57M
2026-07-30 12:14:36 - INFO - ContrastiveLoss(
  (criterion_cls): CrossEntropyLoss()
  (criterion_mse): MSELoss()
  (softplus): Softplus(beta=1.0, threshold=20.0)
)
2026-07-30 12:15:02 - INFO - Epoch [1/50] Train Loss: 6.4953
2026-07-30 12:15:02 - INFO - top5 acc 22.00%	top1 acc 5.50%	Test Loss: 4.2943
2026-07-30 12:15:27 - INFO - Epoch [2/50] Train Loss: 5.8911
2026-07-30 12:15:27 - INFO - top5 acc 29.00%	top1 acc 7.50%	Test Loss: 3.9984
2026-07-30 12:15:51 - INFO - Epoch [3/50] Train Loss: 5.6834
2026-07-30 12:15:51 - INFO - top5 acc 35.00%	top1 acc 10.50%	Test Loss: 3.7181
2026-07-30 12:16:17 - INFO - Epoch [4/50] Train Loss: 5.5414
2026-07-30 12:16:17 - INFO - top5 acc 34.00%	top1 acc 11.50%	Test Loss: 3.6474
2026-07-30 12:16:42 - INFO - Epoch [5/50] Train Loss: 5.4362
2026-07-30 12:16:42 - INFO - top5 acc 38.50%	top1 acc 13.00%	Test Loss: 3.5363
2026-07-30 12:17:07 - INFO - Epoch [6/50] Train Loss: 5.3560
2026-07-30 12:17:07 - INFO - top5 acc 39.00%	top1 acc 13.50%	Test Loss: 3.4839
2026-07-30 12:17:32 - INFO - Epoch [7/50] Train Loss: 5.2930
2026-07-30 12:17:32 - INFO - top5 acc 42.00%	top1 acc 15.50%	Test Loss: 3.4735
2026-07-30 12:17:57 - INFO - Epoch [8/50] Train Loss: 5.2305
2026-07-30 12:17:57 - INFO - top5 acc 41.00%	top1 acc 17.00%	Test Loss: 3.4187
2026-07-30 12:18:22 - INFO - Epoch [9/50] Train Loss: 5.1786
2026-07-30 12:18:22 - INFO - top5 acc 45.00%	top1 acc 19.00%	Test Loss: 3.3830
2026-07-30 12:18:47 - INFO - Epoch [10/50] Train Loss: 5.1238
2026-07-30 12:18:47 - INFO - top5 acc 42.50%	top1 acc 17.50%	Test Loss: 3.4007
2026-07-30 12:19:12 - INFO - Epoch [11/50] Train Loss: 5.0679
2026-07-30 12:19:12 - INFO - top5 acc 42.00%	top1 acc 15.50%	Test Loss: 3.3965
2026-07-30 12:19:37 - INFO - Epoch [12/50] Train Loss: 5.0187
2026-07-30 12:19:37 - INFO - top5 acc 45.00%	top1 acc 18.00%	Test Loss: 3.3365
2026-07-30 12:20:02 - INFO - Epoch [13/50] Train Loss: 4.9723
2026-07-30 12:20:02 - INFO - top5 acc 43.00%	top1 acc 18.00%	Test Loss: 3.3661
2026-07-30 12:20:27 - INFO - Epoch [14/50] Train Loss: 4.9252
2026-07-30 12:20:27 - INFO - top5 acc 42.00%	top1 acc 18.50%	Test Loss: 3.4017
2026-07-30 12:20:53 - INFO - Epoch [15/50] Train Loss: 4.8773
2026-07-30 12:20:53 - INFO - top5 acc 42.00%	top1 acc 20.50%	Test Loss: 3.3079
2026-07-30 12:21:17 - INFO - Epoch [16/50] Train Loss: 4.8368
2026-07-30 12:21:18 - INFO - top5 acc 42.50%	top1 acc 18.50%	Test Loss: 3.3604
2026-07-30 12:21:43 - INFO - Epoch [17/50] Train Loss: 4.7936
2026-07-30 12:21:43 - INFO - top5 acc 44.00%	top1 acc 18.50%	Test Loss: 3.4028
2026-07-30 12:22:07 - INFO - Epoch [18/50] Train Loss: 4.7524
2026-07-30 12:22:08 - INFO - top5 acc 43.00%	top1 acc 19.00%	Test Loss: 3.3693
2026-07-30 12:22:32 - INFO - Epoch [19/50] Train Loss: 4.7137
2026-07-30 12:22:32 - INFO - top5 acc 44.50%	top1 acc 19.50%	Test Loss: 3.3716
2026-07-30 12:22:57 - INFO - Epoch [20/50] Train Loss: 4.6754
2026-07-30 12:22:57 - INFO - top5 acc 45.00%	top1 acc 18.50%	Test Loss: 3.3952
2026-07-30 12:23:22 - INFO - Epoch [21/50] Train Loss: 4.6334
2026-07-30 12:23:22 - INFO - top5 acc 45.50%	top1 acc 18.00%	Test Loss: 3.3937
2026-07-30 12:23:47 - INFO - Epoch [22/50] Train Loss: 4.5963
2026-07-30 12:23:47 - INFO - top5 acc 44.50%	top1 acc 19.50%	Test Loss: 3.3912
2026-07-30 12:24:12 - INFO - Epoch [23/50] Train Loss: 4.5644
2026-07-30 12:24:12 - INFO - top5 acc 45.00%	top1 acc 18.50%	Test Loss: 3.3931
2026-07-30 12:24:37 - INFO - Epoch [24/50] Train Loss: 4.5232
2026-07-30 12:24:37 - INFO - top5 acc 45.50%	top1 acc 19.50%	Test Loss: 3.4175
2026-07-30 12:25:03 - INFO - Epoch [25/50] Train Loss: 4.4871
2026-07-30 12:25:03 - INFO - top5 acc 46.00%	top1 acc 18.50%	Test Loss: 3.3778
2026-07-30 12:25:28 - INFO - Epoch [26/50] Train Loss: 4.4516
2026-07-30 12:25:28 - INFO - top5 acc 48.00%	top1 acc 19.00%	Test Loss: 3.3588
2026-07-30 12:25:53 - INFO - Epoch [27/50] Train Loss: 4.4180
2026-07-30 12:25:53 - INFO - top5 acc 41.50%	top1 acc 18.00%	Test Loss: 3.4011
2026-07-30 12:26:17 - INFO - Epoch [28/50] Train Loss: 4.3842
2026-07-30 12:26:17 - INFO - top5 acc 46.00%	top1 acc 20.50%	Test Loss: 3.4208
2026-07-30 12:26:42 - INFO - Epoch [29/50] Train Loss: 4.3501
2026-07-30 12:26:42 - INFO - top5 acc 46.00%	top1 acc 20.00%	Test Loss: 3.3547
2026-07-30 12:27:07 - INFO - Epoch [30/50] Train Loss: 4.3214
2026-07-30 12:27:07 - INFO - top5 acc 46.50%	top1 acc 17.00%	Test Loss: 3.4190
2026-07-30 12:27:32 - INFO - Epoch [31/50] Train Loss: 4.2914
2026-07-30 12:27:32 - INFO - top5 acc 44.50%	top1 acc 19.50%	Test Loss: 3.4056
2026-07-30 12:27:56 - INFO - Epoch [32/50] Train Loss: 4.2601
2026-07-30 12:27:57 - INFO - top5 acc 47.50%	top1 acc 20.00%	Test Loss: 3.3829
2026-07-30 12:28:21 - INFO - Epoch [33/50] Train Loss: 4.2243
2026-07-30 12:28:22 - INFO - top5 acc 46.50%	top1 acc 20.00%	Test Loss: 3.4657
2026-07-30 12:28:46 - INFO - Epoch [34/50] Train Loss: 4.2035
2026-07-30 12:28:46 - INFO - top5 acc 47.00%	top1 acc 21.00%	Test Loss: 3.4597
2026-07-30 12:29:11 - INFO - Epoch [35/50] Train Loss: 4.1679
2026-07-30 12:29:11 - INFO - top5 acc 46.00%	top1 acc 24.00%	Test Loss: 3.4040
2026-07-30 12:29:37 - INFO - Epoch [36/50] Train Loss: 4.1407
2026-07-30 12:29:37 - INFO - top5 acc 45.50%	top1 acc 19.50%	Test Loss: 3.4585
2026-07-30 12:30:02 - INFO - Epoch [37/50] Train Loss: 4.1107
2026-07-30 12:30:02 - INFO - top5 acc 49.50%	top1 acc 21.00%	Test Loss: 3.4712
2026-07-30 12:30:28 - INFO - Epoch [38/50] Train Loss: 4.0889
2026-07-30 12:30:28 - INFO - top5 acc 47.00%	top1 acc 21.50%	Test Loss: 3.3960
2026-07-30 12:30:53 - INFO - Epoch [39/50] Train Loss: 4.0535
2026-07-30 12:30:53 - INFO - top5 acc 47.00%	top1 acc 20.00%	Test Loss: 3.4272
2026-07-30 12:31:19 - INFO - Epoch [40/50] Train Loss: 4.0266
2026-07-30 12:31:19 - INFO - top5 acc 45.00%	top1 acc 22.50%	Test Loss: 3.4616
2026-07-30 12:31:44 - INFO - Epoch [41/50] Train Loss: 4.0034
2026-07-30 12:31:44 - INFO - top5 acc 46.00%	top1 acc 20.50%	Test Loss: 3.4927
2026-07-30 12:32:10 - INFO - Epoch [42/50] Train Loss: 3.9778
2026-07-30 12:32:10 - INFO - top5 acc 48.00%	top1 acc 19.50%	Test Loss: 3.4859
2026-07-30 12:32:35 - INFO - Epoch [43/50] Train Loss: 3.9563
2026-07-30 12:32:35 - INFO - top5 acc 46.50%	top1 acc 21.50%	Test Loss: 3.4334
2026-07-30 12:33:00 - INFO - Epoch [44/50] Train Loss: 3.9279
2026-07-30 12:33:00 - INFO - top5 acc 46.50%	top1 acc 22.00%	Test Loss: 3.4719
2026-07-30 12:33:24 - INFO - Epoch [45/50] Train Loss: 3.9098
2026-07-30 12:33:24 - INFO - top5 acc 47.50%	top1 acc 22.50%	Test Loss: 3.5340
2026-07-30 12:33:49 - INFO - Epoch [46/50] Train Loss: 3.8867
2026-07-30 12:33:49 - INFO - top5 acc 46.50%	top1 acc 21.00%	Test Loss: 3.4816
2026-07-30 12:34:14 - INFO - Epoch [47/50] Train Loss: 3.8629
2026-07-30 12:34:14 - INFO - top5 acc 43.50%	top1 acc 18.50%	Test Loss: 3.5760
2026-07-30 12:34:38 - INFO - Epoch [48/50] Train Loss: 3.8412
2026-07-30 12:34:38 - INFO - top5 acc 45.00%	top1 acc 20.00%	Test Loss: 3.4972
2026-07-30 12:35:03 - INFO - Epoch [49/50] Train Loss: 3.8188
2026-07-30 12:35:03 - INFO - top5 acc 44.50%	top1 acc 19.50%	Test Loss: 3.5942
2026-07-30 12:35:28 - INFO - Epoch [50/50] Train Loss: 3.7947
2026-07-30 12:35:28 - INFO - top5 acc 45.50%	top1 acc 18.50%	Test Loss: 3.6466
2026-07-30 12:35:28 - INFO - best test loss: 3.3079 top5 acc: 42.00 top1 acc: 20.50 at epoch 15
