2026-07-26 18:19:11 - INFO - Input arguments:
2026-07-26 18:19:11 - INFO - device                 cuda:0
2026-07-26 18:19:11 - INFO - num_epochs             50
2026-07-26 18:19:11 - INFO - batch_size             1024
2026-07-26 18:19:11 - INFO - learning_rate          0.0001
2026-07-26 18:19:11 - INFO - output_dir             root/autodl-tmp/results/things_eeg/intra-subjects
2026-07-26 18:19:11 - INFO - output_name            sub-03
2026-07-26 18:19:11 - INFO - train_subject_ids      [3]
2026-07-26 18:19:11 - INFO - test_subject_ids       [3]
2026-07-26 18:19:11 - INFO - data_average           True
2026-07-26 18:19:11 - INFO - data_random            False
2026-07-26 18:19:11 - INFO - init_temperature       0.07
2026-07-26 18:19:11 - INFO - t_learnable            False
2026-07-26 18:19:11 - INFO - softplus               True
2026-07-26 18:19:11 - INFO - alpha                  1.0
2026-07-26 18:19:11 - INFO - beta                   1.0
2026-07-26 18:19:11 - INFO - img_l2norm             True
2026-07-26 18:19:11 - INFO - text_l2norm            False
2026-07-26 18:19:11 - INFO - eeg_l2norm             False
2026-07-26 18:19:11 - INFO - eeg_data_dir           /root/autodl-tmp/data/things_eeg/preprocessed_eeg
2026-07-26 18:19:11 - INFO - selected_channels      ['P7', 'P5', 'P3', 'P1', 'Pz', 'P2', 'P4', 'P6', 'P8', 'PO7', 'PO3', 'POz', 'PO4', 'PO8', 'O1', 'Oz', 'O2']
2026-07-26 18:19:11 - INFO - time_window            [0, 250]
2026-07-26 18:19:11 - INFO - eeg_aug                True
2026-07-26 18:19:11 - INFO - eeg_aug_type           smooth
2026-07-26 18:19:11 - INFO - eeg_encoder_type       EEGProject
2026-07-26 18:19:11 - INFO - image_aug              True
2026-07-26 18:19:11 - INFO - image_test_aug         True
2026-07-26 18:19:11 - INFO - eeg_test_aug           False
2026-07-26 18:19:11 - INFO - frozen_eeg_prior       True
2026-07-26 18:19:11 - INFO - projector              linear
2026-07-26 18:19:11 - INFO - feature_dim            512
2026-07-26 18:19:11 - INFO - image_feature_dir      /root/autodl-tmp/data/things_eeg/image_feature/RN50
2026-07-26 18:19:11 - INFO - aug_image_feature_dirs ['/root/autodl-tmp/data/things_eeg/image_feature/RN50/GaussianBlur-GaussianNoise-LowResolution-Mosaic']
2026-07-26 18:19:11 - INFO - text_feature_dir       
2026-07-26 18:19:11 - INFO - save_weights           True
2026-07-26 18:19:11 - INFO - seed                   2025
2026-07-26 18:19:11 - INFO - Using device: cuda:0
2026-07-26 18:21:40 - INFO - EEG sample points: 250
2026-07-26 18:21:40 - INFO - feature dimension: 1024
2026-07-26 18:21:40 - INFO - data length: 16540
2026-07-26 18:21:40 - INFO - number of channels: 17
2026-07-26 18:21:41 - INFO - EEG Encoder trainable parameters: 5.40M
2026-07-26 18:21:41 - INFO - EEGProject(
  (model): Sequential(
    (0): Linear(in_features=4250, out_features=1024, bias=True)
    (1): ResidualAdd(
      (f): Sequential(
        (0): GELU(approximate='none')
        (1): Linear(in_features=1024, out_features=1024, bias=True)
        (2): Dropout(p=0.3, inplace=False)
      )
    )
    (2): LayerNorm((1024,), eps=1e-05, elementwise_affine=True)
  )
)
2026-07-26 18:21:41 - INFO - Projector trainable parameters: 1.57M
2026-07-26 18:21:41 - INFO - ContrastiveLoss(
  (criterion_cls): CrossEntropyLoss()
  (criterion_mse): MSELoss()
  (softplus): Softplus(beta=1.0, threshold=20.0)
)
2026-07-26 18:21:42 - INFO - Epoch [1/50] Train Loss: 7.0994
2026-07-26 18:21:42 - INFO - top5 acc 20.00%	top1 acc 6.50%	Test Loss: 4.6834
2026-07-26 18:21:43 - INFO - Epoch [2/50] Train Loss: 6.1722
2026-07-26 18:21:43 - INFO - top5 acc 36.00%	top1 acc 13.00%	Test Loss: 3.9977
2026-07-26 18:21:44 - INFO - Epoch [3/50] Train Loss: 5.5402
2026-07-26 18:21:44 - INFO - top5 acc 54.50%	top1 acc 22.50%	Test Loss: 3.1512
2026-07-26 18:21:45 - INFO - Epoch [4/50] Train Loss: 4.9173
2026-07-26 18:21:45 - INFO - top5 acc 71.00%	top1 acc 37.50%	Test Loss: 2.4824
2026-07-26 18:21:46 - INFO - Epoch [5/50] Train Loss: 4.3449
2026-07-26 18:21:46 - INFO - top5 acc 75.50%	top1 acc 43.00%	Test Loss: 2.0773
2026-07-26 18:21:47 - INFO - Epoch [6/50] Train Loss: 3.8134
2026-07-26 18:21:47 - INFO - top5 acc 78.50%	top1 acc 45.00%	Test Loss: 1.8116
2026-07-26 18:21:48 - INFO - Epoch [7/50] Train Loss: 3.3337
2026-07-26 18:21:48 - INFO - top5 acc 82.00%	top1 acc 49.50%	Test Loss: 1.6508
2026-07-26 18:21:49 - INFO - Epoch [8/50] Train Loss: 2.9047
2026-07-26 18:21:49 - INFO - top5 acc 83.50%	top1 acc 51.00%	Test Loss: 1.5390
2026-07-26 18:21:50 - INFO - Epoch [9/50] Train Loss: 2.5330
2026-07-26 18:21:50 - INFO - top5 acc 84.00%	top1 acc 52.00%	Test Loss: 1.4877
2026-07-26 18:21:51 - INFO - Epoch [10/50] Train Loss: 2.2072
2026-07-26 18:21:51 - INFO - top5 acc 89.00%	top1 acc 57.00%	Test Loss: 1.3918
2026-07-26 18:21:52 - INFO - Epoch [11/50] Train Loss: 1.9369
2026-07-26 18:21:52 - INFO - top5 acc 86.00%	top1 acc 55.00%	Test Loss: 1.3536
2026-07-26 18:21:53 - INFO - Epoch [12/50] Train Loss: 1.6921
2026-07-26 18:21:53 - INFO - top5 acc 86.50%	top1 acc 56.50%	Test Loss: 1.3648
2026-07-26 18:21:54 - INFO - Epoch [13/50] Train Loss: 1.4563
2026-07-26 18:21:54 - INFO - top5 acc 86.50%	top1 acc 58.00%	Test Loss: 1.3297
2026-07-26 18:21:55 - INFO - Epoch [14/50] Train Loss: 1.2627
2026-07-26 18:21:55 - INFO - top5 acc 86.50%	top1 acc 54.50%	Test Loss: 1.3456
2026-07-26 18:21:56 - INFO - Epoch [15/50] Train Loss: 1.0795
2026-07-26 18:21:56 - INFO - top5 acc 88.50%	top1 acc 58.50%	Test Loss: 1.2861
2026-07-26 18:21:57 - INFO - Epoch [16/50] Train Loss: 0.9314
2026-07-26 18:21:57 - INFO - top5 acc 86.00%	top1 acc 57.00%	Test Loss: 1.3232
2026-07-26 18:21:58 - INFO - Epoch [17/50] Train Loss: 0.7999
2026-07-26 18:21:58 - INFO - top5 acc 87.50%	top1 acc 61.00%	Test Loss: 1.2335
2026-07-26 18:21:59 - INFO - Epoch [18/50] Train Loss: 0.6773
2026-07-26 18:21:59 - INFO - top5 acc 89.00%	top1 acc 58.50%	Test Loss: 1.2542
2026-07-26 18:22:00 - INFO - Epoch [19/50] Train Loss: 0.5702
2026-07-26 18:22:00 - INFO - top5 acc 87.00%	top1 acc 58.00%	Test Loss: 1.2860
2026-07-26 18:22:01 - INFO - Epoch [20/50] Train Loss: 0.4845
2026-07-26 18:22:01 - INFO - top5 acc 88.50%	top1 acc 57.00%	Test Loss: 1.2465
2026-07-26 18:22:02 - INFO - Epoch [21/50] Train Loss: 0.4128
2026-07-26 18:22:02 - INFO - top5 acc 88.00%	top1 acc 53.00%	Test Loss: 1.2758
2026-07-26 18:22:03 - INFO - Epoch [22/50] Train Loss: 0.3569
2026-07-26 18:22:03 - INFO - top5 acc 87.00%	top1 acc 58.00%	Test Loss: 1.2333
2026-07-26 18:22:04 - INFO - Epoch [23/50] Train Loss: 0.3105
2026-07-26 18:22:04 - INFO - top5 acc 89.00%	top1 acc 59.00%	Test Loss: 1.3012
2026-07-26 18:22:05 - INFO - Epoch [24/50] Train Loss: 0.2678
2026-07-26 18:22:05 - INFO - top5 acc 88.00%	top1 acc 58.00%	Test Loss: 1.2656
2026-07-26 18:22:06 - INFO - Epoch [25/50] Train Loss: 0.2389
2026-07-26 18:22:06 - INFO - top5 acc 91.00%	top1 acc 59.50%	Test Loss: 1.2416
2026-07-26 18:22:06 - INFO - Epoch [26/50] Train Loss: 0.2117
2026-07-26 18:22:07 - INFO - top5 acc 89.50%	top1 acc 58.50%	Test Loss: 1.2643
2026-07-26 18:22:07 - INFO - Epoch [27/50] Train Loss: 0.1892
2026-07-26 18:22:07 - INFO - top5 acc 87.00%	top1 acc 56.50%	Test Loss: 1.2911
2026-07-26 18:22:08 - INFO - Epoch [28/50] Train Loss: 0.1701
2026-07-26 18:22:08 - INFO - top5 acc 88.50%	top1 acc 58.50%	Test Loss: 1.2735
2026-07-26 18:22:09 - INFO - Epoch [29/50] Train Loss: 0.1559
2026-07-26 18:22:09 - INFO - top5 acc 87.50%	top1 acc 60.00%	Test Loss: 1.2730
2026-07-26 18:22:10 - INFO - Epoch [30/50] Train Loss: 0.1410
2026-07-26 18:22:10 - INFO - top5 acc 90.00%	top1 acc 58.00%	Test Loss: 1.2373
2026-07-26 18:22:11 - INFO - Epoch [31/50] Train Loss: 0.1288
2026-07-26 18:22:11 - INFO - top5 acc 90.50%	top1 acc 61.50%	Test Loss: 1.2762
2026-07-26 18:22:12 - INFO - Epoch [32/50] Train Loss: 0.1180
2026-07-26 18:22:12 - INFO - top5 acc 88.50%	top1 acc 60.50%	Test Loss: 1.2318
2026-07-26 18:22:13 - INFO - Epoch [33/50] Train Loss: 0.1078
2026-07-26 18:22:13 - INFO - top5 acc 89.50%	top1 acc 61.50%	Test Loss: 1.2383
2026-07-26 18:22:14 - INFO - Epoch [34/50] Train Loss: 0.0986
2026-07-26 18:22:14 - INFO - top5 acc 91.50%	top1 acc 56.50%	Test Loss: 1.2753
2026-07-26 18:22:15 - INFO - Epoch [35/50] Train Loss: 0.0929
2026-07-26 18:22:15 - INFO - top5 acc 89.50%	top1 acc 59.00%	Test Loss: 1.2573
2026-07-26 18:22:16 - INFO - Epoch [36/50] Train Loss: 0.0862
2026-07-26 18:22:16 - INFO - top5 acc 90.00%	top1 acc 60.00%	Test Loss: 1.2574
2026-07-26 18:22:17 - INFO - Epoch [37/50] Train Loss: 0.0811
2026-07-26 18:22:17 - INFO - top5 acc 89.50%	top1 acc 57.00%	Test Loss: 1.2593
2026-07-26 18:22:18 - INFO - Epoch [38/50] Train Loss: 0.0771
2026-07-26 18:22:18 - INFO - top5 acc 90.50%	top1 acc 58.00%	Test Loss: 1.2802
2026-07-26 18:22:19 - INFO - Epoch [39/50] Train Loss: 0.0723
2026-07-26 18:22:19 - INFO - top5 acc 89.00%	top1 acc 58.50%	Test Loss: 1.2913
2026-07-26 18:22:20 - INFO - Epoch [40/50] Train Loss: 0.0685
2026-07-26 18:22:20 - INFO - top5 acc 90.50%	top1 acc 57.50%	Test Loss: 1.2739
2026-07-26 18:22:21 - INFO - Epoch [41/50] Train Loss: 0.0651
2026-07-26 18:22:21 - INFO - top5 acc 90.00%	top1 acc 57.00%	Test Loss: 1.2513
2026-07-26 18:22:21 - INFO - Epoch [42/50] Train Loss: 0.0605
2026-07-26 18:22:22 - INFO - top5 acc 90.00%	top1 acc 59.00%	Test Loss: 1.2752
2026-07-26 18:22:22 - INFO - Epoch [43/50] Train Loss: 0.0574
2026-07-26 18:22:23 - INFO - top5 acc 89.50%	top1 acc 59.00%	Test Loss: 1.2771
2026-07-26 18:22:23 - INFO - Epoch [44/50] Train Loss: 0.0554
2026-07-26 18:22:23 - INFO - top5 acc 90.00%	top1 acc 59.50%	Test Loss: 1.2782
2026-07-26 18:22:24 - INFO - Epoch [45/50] Train Loss: 0.0513
2026-07-26 18:22:24 - INFO - top5 acc 89.50%	top1 acc 58.50%	Test Loss: 1.3294
2026-07-26 18:22:25 - INFO - Epoch [46/50] Train Loss: 0.0492
2026-07-26 18:22:25 - INFO - top5 acc 90.00%	top1 acc 56.50%	Test Loss: 1.2974
2026-07-26 18:22:26 - INFO - Epoch [47/50] Train Loss: 0.0468
2026-07-26 18:22:26 - INFO - top5 acc 90.50%	top1 acc 59.00%	Test Loss: 1.2645
2026-07-26 18:22:27 - INFO - Epoch [48/50] Train Loss: 0.0441
2026-07-26 18:22:27 - INFO - top5 acc 91.00%	top1 acc 60.50%	Test Loss: 1.2544
2026-07-26 18:22:28 - INFO - Epoch [49/50] Train Loss: 0.0433
2026-07-26 18:22:28 - INFO - top5 acc 88.50%	top1 acc 60.50%	Test Loss: 1.3070
2026-07-26 18:22:29 - INFO - Epoch [50/50] Train Loss: 0.0398
2026-07-26 18:22:29 - INFO - top5 acc 92.00%	top1 acc 57.00%	Test Loss: 1.2850
2026-07-26 18:22:29 - INFO - best test loss: 1.2318 top5 acc: 88.50 top1 acc: 60.50 at epoch 32
