2026-07-29 11:19:55 - INFO - Input arguments:
2026-07-29 11:19:55 - INFO - device                 cuda:0
2026-07-29 11:19:55 - INFO - num_epochs             50
2026-07-29 11:19:55 - INFO - batch_size             1024
2026-07-29 11:19:55 - INFO - learning_rate          0.0001
2026-07-29 11:19:55 - INFO - output_dir             ./autodl-tmp/results/things_eeg/inter-subjects
2026-07-29 11:19:55 - INFO - output_name            sub-01
2026-07-29 11:19:55 - INFO - train_subject_ids      [2, 3, 4, 5, 6, 7, 8, 9, 10]
2026-07-29 11:19:55 - INFO - test_subject_ids       [1]
2026-07-29 11:19:55 - INFO - data_average           True
2026-07-29 11:19:55 - INFO - data_random            False
2026-07-29 11:19:55 - INFO - init_temperature       0.07
2026-07-29 11:19:55 - INFO - t_learnable            False
2026-07-29 11:19:55 - INFO - softplus               True
2026-07-29 11:19:55 - INFO - alpha                  1.0
2026-07-29 11:19:55 - INFO - beta                   1.0
2026-07-29 11:19:55 - INFO - img_l2norm             True
2026-07-29 11:19:55 - INFO - text_l2norm            False
2026-07-29 11:19:55 - INFO - eeg_l2norm             False
2026-07-29 11:19:55 - INFO - eeg_data_dir           /root/autodl-tmp/data/things_eeg/preprocessed_eeg
2026-07-29 11:19:55 - INFO - selected_channels      []
2026-07-29 11:19:55 - INFO - time_window            [0, 250]
2026-07-29 11:19:55 - INFO - eeg_aug                True
2026-07-29 11:19:55 - INFO - eeg_aug_type           smooth
2026-07-29 11:19:55 - INFO - eeg_encoder_type       TSConv
2026-07-29 11:19:55 - INFO - image_aug              True
2026-07-29 11:19:55 - INFO - image_test_aug         True
2026-07-29 11:19:55 - INFO - eeg_test_aug           False
2026-07-29 11:19:55 - INFO - frozen_eeg_prior       True
2026-07-29 11:19:55 - INFO - projector              linear
2026-07-29 11:19:55 - INFO - feature_dim            512
2026-07-29 11:19:55 - INFO - image_feature_dir      /root/autodl-tmp/data/things_eeg/image_feature/RN50
2026-07-29 11:19:55 - INFO - aug_image_feature_dirs ['/root/autodl-tmp/data/things_eeg/image_feature/RN50/GaussianBlur-GaussianNoise-LowResolution-Mosaic']
2026-07-29 11:19:55 - INFO - text_feature_dir       
2026-07-29 11:19:55 - INFO - save_weights           True
2026-07-29 11:19:55 - INFO - seed                   42
2026-07-29 11:19:55 - INFO - Using device: cuda:0
2026-07-29 12:32:45 - INFO - EEG sample points: 250
2026-07-29 12:32:45 - INFO - feature dimension: 1024
2026-07-29 12:32:45 - INFO - data length: 148860
2026-07-29 12:32:45 - INFO - number of channels: 63
2026-07-29 12:32:46 - INFO - EEG Encoder trainable parameters: 2.63M
2026-07-29 12:32:46 - INFO - TSConv(
  (tsconv): Sequential(
    (0): Conv2d(1, 40, kernel_size=(1, 25), stride=(1, 1))
    (1): AvgPool2d(kernel_size=(1, 51), stride=(1, 5), padding=0)
    (2): BatchNorm2d(40, eps=1e-05, momentum=0.1, affine=True, track_running_stats=True)
    (3): ELU(alpha=1.0)
    (4): Conv2d(40, 40, kernel_size=(63, 1), stride=(1, 1))
    (5): BatchNorm2d(40, eps=1e-05, momentum=0.1, affine=True, track_running_stats=True)
    (6): ELU(alpha=1.0)
    (7): Dropout(p=0.5, inplace=False)
  )
  (projection): Conv2d(40, 40, kernel_size=(1, 1), stride=(1, 1))
  (proj_eeg): Sequential(
    (0): Linear(in_features=1440, out_features=1024, bias=True)
    (1): ResidualAdd(
      (f): Sequential(
        (0): GELU(approximate='none')
        (1): Linear(in_features=1024, out_features=1024, bias=True)
        (2): Dropout(p=0.5, inplace=False)
      )
    )
    (2): LayerNorm((1024,), eps=1e-05, elementwise_affine=True)
  )
)
2026-07-29 12:32:46 - INFO - Projector trainable parameters: 1.57M
2026-07-29 12:32:46 - INFO - ContrastiveLoss(
  (criterion_cls): CrossEntropyLoss()
  (criterion_mse): MSELoss()
  (softplus): Softplus(beta=1.0, threshold=20.0)
)
2026-07-29 12:33:12 - INFO - Epoch [1/50] Train Loss: 6.4837
2026-07-29 12:33:12 - INFO - top5 acc 24.50%	top1 acc 7.50%	Test Loss: 4.0689
2026-07-29 12:33:36 - INFO - Epoch [2/50] Train Loss: 5.8704
2026-07-29 12:33:36 - INFO - top5 acc 32.00%	top1 acc 11.50%	Test Loss: 3.7468
2026-07-29 12:34:02 - INFO - Epoch [3/50] Train Loss: 5.6765
2026-07-29 12:34:02 - INFO - top5 acc 38.50%	top1 acc 16.00%	Test Loss: 3.5995
2026-07-29 12:34:27 - INFO - Epoch [4/50] Train Loss: 5.5479
2026-07-29 12:34:27 - INFO - top5 acc 41.00%	top1 acc 12.50%	Test Loss: 3.4717
2026-07-29 12:34:52 - INFO - Epoch [5/50] Train Loss: 5.4482
2026-07-29 12:34:52 - INFO - top5 acc 42.50%	top1 acc 16.00%	Test Loss: 3.3637
2026-07-29 12:35:17 - INFO - Epoch [6/50] Train Loss: 5.3647
2026-07-29 12:35:18 - INFO - top5 acc 41.50%	top1 acc 18.00%	Test Loss: 3.3860
2026-07-29 12:35:42 - INFO - Epoch [7/50] Train Loss: 5.2972
2026-07-29 12:35:42 - INFO - top5 acc 47.50%	top1 acc 15.50%	Test Loss: 3.2864
2026-07-29 12:36:08 - INFO - Epoch [8/50] Train Loss: 5.2339
2026-07-29 12:36:08 - INFO - top5 acc 45.00%	top1 acc 18.00%	Test Loss: 3.2383
2026-07-29 12:36:32 - INFO - Epoch [9/50] Train Loss: 5.1753
2026-07-29 12:36:33 - INFO - top5 acc 45.50%	top1 acc 18.00%	Test Loss: 3.2061
2026-07-29 12:36:57 - INFO - Epoch [10/50] Train Loss: 5.1233
2026-07-29 12:36:58 - INFO - top5 acc 49.50%	top1 acc 17.00%	Test Loss: 3.1761
2026-07-29 12:37:22 - INFO - Epoch [11/50] Train Loss: 5.0687
2026-07-29 12:37:22 - INFO - top5 acc 50.50%	top1 acc 18.00%	Test Loss: 3.1883
2026-07-29 12:37:47 - INFO - Epoch [12/50] Train Loss: 5.0188
2026-07-29 12:37:47 - INFO - top5 acc 54.00%	top1 acc 20.00%	Test Loss: 3.1115
2026-07-29 12:38:12 - INFO - Epoch [13/50] Train Loss: 4.9741
2026-07-29 12:38:12 - INFO - top5 acc 55.50%	top1 acc 19.00%	Test Loss: 3.0831
2026-07-29 12:38:36 - INFO - Epoch [14/50] Train Loss: 4.9221
2026-07-29 12:38:37 - INFO - top5 acc 56.00%	top1 acc 19.50%	Test Loss: 3.0482
2026-07-29 12:39:02 - INFO - Epoch [15/50] Train Loss: 4.8834
2026-07-29 12:39:02 - INFO - top5 acc 50.50%	top1 acc 21.50%	Test Loss: 3.0822
2026-07-29 12:39:26 - INFO - Epoch [16/50] Train Loss: 4.8377
2026-07-29 12:39:26 - INFO - top5 acc 56.00%	top1 acc 21.00%	Test Loss: 3.0692
2026-07-29 12:39:51 - INFO - Epoch [17/50] Train Loss: 4.7903
2026-07-29 12:39:51 - INFO - top5 acc 55.00%	top1 acc 19.00%	Test Loss: 3.0541
2026-07-29 12:40:17 - INFO - Epoch [18/50] Train Loss: 4.7488
2026-07-29 12:40:17 - INFO - top5 acc 56.50%	top1 acc 21.00%	Test Loss: 3.0362
2026-07-29 12:40:42 - INFO - Epoch [19/50] Train Loss: 4.7053
2026-07-29 12:40:42 - INFO - top5 acc 53.00%	top1 acc 20.00%	Test Loss: 3.0863
2026-07-29 12:41:07 - INFO - Epoch [20/50] Train Loss: 4.6625
2026-07-29 12:41:07 - INFO - top5 acc 53.00%	top1 acc 23.00%	Test Loss: 3.0550
2026-07-29 12:41:32 - INFO - Epoch [21/50] Train Loss: 4.6252
2026-07-29 12:41:32 - INFO - top5 acc 51.00%	top1 acc 23.00%	Test Loss: 3.0805
2026-07-29 12:41:56 - INFO - Epoch [22/50] Train Loss: 4.5848
2026-07-29 12:41:56 - INFO - top5 acc 50.50%	top1 acc 20.50%	Test Loss: 3.0724
2026-07-29 12:42:21 - INFO - Epoch [23/50] Train Loss: 4.5468
2026-07-29 12:42:21 - INFO - top5 acc 50.50%	top1 acc 22.00%	Test Loss: 3.0730
2026-07-29 12:42:46 - INFO - Epoch [24/50] Train Loss: 4.5075
2026-07-29 12:42:46 - INFO - top5 acc 51.00%	top1 acc 21.00%	Test Loss: 3.0716
2026-07-29 12:43:10 - INFO - Epoch [25/50] Train Loss: 4.4670
2026-07-29 12:43:11 - INFO - top5 acc 54.00%	top1 acc 22.00%	Test Loss: 3.0048
2026-07-29 12:43:35 - INFO - Epoch [26/50] Train Loss: 4.4367
2026-07-29 12:43:35 - INFO - top5 acc 49.50%	top1 acc 22.50%	Test Loss: 3.0923
2026-07-29 12:44:00 - INFO - Epoch [27/50] Train Loss: 4.3968
2026-07-29 12:44:00 - INFO - top5 acc 50.50%	top1 acc 21.50%	Test Loss: 3.0656
2026-07-29 12:44:25 - INFO - Epoch [28/50] Train Loss: 4.3623
2026-07-29 12:44:25 - INFO - top5 acc 49.50%	top1 acc 23.50%	Test Loss: 3.0391
2026-07-29 12:44:49 - INFO - Epoch [29/50] Train Loss: 4.3282
2026-07-29 12:44:49 - INFO - top5 acc 53.50%	top1 acc 22.50%	Test Loss: 3.0374
2026-07-29 12:45:14 - INFO - Epoch [30/50] Train Loss: 4.2923
2026-07-29 12:45:14 - INFO - top5 acc 50.50%	top1 acc 22.50%	Test Loss: 3.0423
2026-07-29 12:45:39 - INFO - Epoch [31/50] Train Loss: 4.2592
2026-07-29 12:45:39 - INFO - top5 acc 54.50%	top1 acc 20.50%	Test Loss: 3.0358
2026-07-29 12:46:03 - INFO - Epoch [32/50] Train Loss: 4.2284
2026-07-29 12:46:03 - INFO - top5 acc 52.50%	top1 acc 24.00%	Test Loss: 2.9862
2026-07-29 12:46:28 - INFO - Epoch [33/50] Train Loss: 4.1949
2026-07-29 12:46:28 - INFO - top5 acc 48.50%	top1 acc 20.50%	Test Loss: 3.0494
2026-07-29 12:46:53 - INFO - Epoch [34/50] Train Loss: 4.1658
2026-07-29 12:46:53 - INFO - top5 acc 50.00%	top1 acc 21.00%	Test Loss: 3.0810
2026-07-29 12:47:18 - INFO - Epoch [35/50] Train Loss: 4.1387
2026-07-29 12:47:18 - INFO - top5 acc 48.50%	top1 acc 20.50%	Test Loss: 3.0643
2026-07-29 12:47:42 - INFO - Epoch [36/50] Train Loss: 4.1082
2026-07-29 12:47:43 - INFO - top5 acc 53.50%	top1 acc 21.50%	Test Loss: 3.0578
2026-07-29 12:48:07 - INFO - Epoch [37/50] Train Loss: 4.0825
2026-07-29 12:48:07 - INFO - top5 acc 50.00%	top1 acc 20.50%	Test Loss: 3.1070
2026-07-29 12:48:32 - INFO - Epoch [38/50] Train Loss: 4.0536
2026-07-29 12:48:32 - INFO - top5 acc 49.00%	top1 acc 20.50%	Test Loss: 3.1289
2026-07-29 12:48:57 - INFO - Epoch [39/50] Train Loss: 4.0236
2026-07-29 12:48:57 - INFO - top5 acc 51.50%	top1 acc 23.00%	Test Loss: 3.0698
2026-07-29 12:49:21 - INFO - Epoch [40/50] Train Loss: 3.9961
2026-07-29 12:49:22 - INFO - top5 acc 50.00%	top1 acc 21.00%	Test Loss: 3.0628
2026-07-29 12:49:46 - INFO - Epoch [41/50] Train Loss: 3.9694
2026-07-29 12:49:46 - INFO - top5 acc 53.00%	top1 acc 22.50%	Test Loss: 3.0324
2026-07-29 12:50:11 - INFO - Epoch [42/50] Train Loss: 3.9448
2026-07-29 12:50:11 - INFO - top5 acc 54.00%	top1 acc 22.50%	Test Loss: 3.0120
2026-07-29 12:50:35 - INFO - Epoch [43/50] Train Loss: 3.9237
2026-07-29 12:50:36 - INFO - top5 acc 54.00%	top1 acc 24.50%	Test Loss: 3.0707
2026-07-29 12:51:00 - INFO - Epoch [44/50] Train Loss: 3.8984
2026-07-29 12:51:00 - INFO - top5 acc 50.50%	top1 acc 22.00%	Test Loss: 3.0434
2026-07-29 12:51:25 - INFO - Epoch [45/50] Train Loss: 3.8741
2026-07-29 12:51:25 - INFO - top5 acc 48.50%	top1 acc 20.00%	Test Loss: 3.0999
2026-07-29 12:51:50 - INFO - Epoch [46/50] Train Loss: 3.8510
2026-07-29 12:51:50 - INFO - top5 acc 48.00%	top1 acc 21.50%	Test Loss: 3.1033
2026-07-29 12:52:16 - INFO - Epoch [47/50] Train Loss: 3.8240
2026-07-29 12:52:16 - INFO - top5 acc 48.00%	top1 acc 21.50%	Test Loss: 3.1095
2026-07-29 12:52:40 - INFO - Epoch [48/50] Train Loss: 3.8017
2026-07-29 12:52:41 - INFO - top5 acc 49.50%	top1 acc 20.50%	Test Loss: 3.0900
2026-07-29 12:53:06 - INFO - Epoch [49/50] Train Loss: 3.7786
2026-07-29 12:53:06 - INFO - top5 acc 49.50%	top1 acc 24.00%	Test Loss: 3.0519
2026-07-29 12:53:31 - INFO - Epoch [50/50] Train Loss: 3.7574
2026-07-29 12:53:31 - INFO - top5 acc 48.00%	top1 acc 21.00%	Test Loss: 3.0555
2026-07-29 12:53:31 - INFO - best test loss: 2.9862 top5 acc: 52.50 top1 acc: 24.00 at epoch 32
