2026-07-26 18:15:47 - INFO - Input arguments:
2026-07-26 18:15:47 - INFO - device                 cuda:0
2026-07-26 18:15:47 - INFO - num_epochs             50
2026-07-26 18:15:47 - INFO - batch_size             1024
2026-07-26 18:15:47 - INFO - learning_rate          0.0001
2026-07-26 18:15:47 - INFO - output_dir             root/autodl-tmp/results/things_eeg/intra-subjects
2026-07-26 18:15:47 - INFO - output_name            sub-02
2026-07-26 18:15:47 - INFO - train_subject_ids      [2]
2026-07-26 18:15:47 - INFO - test_subject_ids       [2]
2026-07-26 18:15:47 - INFO - data_average           True
2026-07-26 18:15:47 - INFO - data_random            False
2026-07-26 18:15:47 - INFO - init_temperature       0.07
2026-07-26 18:15:47 - INFO - t_learnable            False
2026-07-26 18:15:47 - INFO - softplus               True
2026-07-26 18:15:47 - INFO - alpha                  1.0
2026-07-26 18:15:47 - INFO - beta                   1.0
2026-07-26 18:15:47 - INFO - img_l2norm             True
2026-07-26 18:15:47 - INFO - text_l2norm            False
2026-07-26 18:15:47 - INFO - eeg_l2norm             False
2026-07-26 18:15:47 - INFO - eeg_data_dir           /root/autodl-tmp/data/things_eeg/preprocessed_eeg
2026-07-26 18:15:47 - INFO - selected_channels      ['P7', 'P5', 'P3', 'P1', 'Pz', 'P2', 'P4', 'P6', 'P8', 'PO7', 'PO3', 'POz', 'PO4', 'PO8', 'O1', 'Oz', 'O2']
2026-07-26 18:15:47 - INFO - time_window            [0, 250]
2026-07-26 18:15:47 - INFO - eeg_aug                True
2026-07-26 18:15:47 - INFO - eeg_aug_type           smooth
2026-07-26 18:15:47 - INFO - eeg_encoder_type       EEGProject
2026-07-26 18:15:47 - INFO - image_aug              True
2026-07-26 18:15:47 - INFO - image_test_aug         True
2026-07-26 18:15:47 - INFO - eeg_test_aug           False
2026-07-26 18:15:47 - INFO - frozen_eeg_prior       True
2026-07-26 18:15:47 - INFO - projector              linear
2026-07-26 18:15:47 - INFO - feature_dim            512
2026-07-26 18:15:47 - INFO - image_feature_dir      /root/autodl-tmp/data/things_eeg/image_feature/RN50
2026-07-26 18:15:47 - INFO - aug_image_feature_dirs ['/root/autodl-tmp/data/things_eeg/image_feature/RN50/GaussianBlur-GaussianNoise-LowResolution-Mosaic']
2026-07-26 18:15:47 - INFO - text_feature_dir       
2026-07-26 18:15:47 - INFO - save_weights           True
2026-07-26 18:15:47 - INFO - seed                   2025
2026-07-26 18:15:47 - INFO - Using device: cuda:0
2026-07-26 18:18:16 - INFO - EEG sample points: 250
2026-07-26 18:18:16 - INFO - feature dimension: 1024
2026-07-26 18:18:16 - INFO - data length: 16540
2026-07-26 18:18:16 - INFO - number of channels: 17
2026-07-26 18:18:17 - INFO - EEG Encoder trainable parameters: 5.40M
2026-07-26 18:18:17 - INFO - EEGProject(
  (model): Sequential(
    (0): Linear(in_features=4250, out_features=1024, bias=True)
    (1): ResidualAdd(
      (f): Sequential(
        (0): GELU(approximate='none')
        (1): Linear(in_features=1024, out_features=1024, bias=True)
        (2): Dropout(p=0.3, inplace=False)
      )
    )
    (2): LayerNorm((1024,), eps=1e-05, elementwise_affine=True)
  )
)
2026-07-26 18:18:17 - INFO - Projector trainable parameters: 1.57M
2026-07-26 18:18:17 - INFO - ContrastiveLoss(
  (criterion_cls): CrossEntropyLoss()
  (criterion_mse): MSELoss()
  (softplus): Softplus(beta=1.0, threshold=20.0)
)
2026-07-26 18:18:18 - INFO - Epoch [1/50] Train Loss: 7.5847
2026-07-26 18:18:18 - INFO - top5 acc 17.00%	top1 acc 2.50%	Test Loss: 4.7832
2026-07-26 18:18:19 - INFO - Epoch [2/50] Train Loss: 6.4438
2026-07-26 18:18:19 - INFO - top5 acc 29.50%	top1 acc 9.00%	Test Loss: 4.3595
2026-07-26 18:18:20 - INFO - Epoch [3/50] Train Loss: 5.9966
2026-07-26 18:18:21 - INFO - top5 acc 38.50%	top1 acc 14.50%	Test Loss: 3.8646
2026-07-26 18:18:21 - INFO - Epoch [4/50] Train Loss: 5.5933
2026-07-26 18:18:22 - INFO - top5 acc 50.00%	top1 acc 20.00%	Test Loss: 3.3235
2026-07-26 18:18:22 - INFO - Epoch [5/50] Train Loss: 5.1752
2026-07-26 18:18:23 - INFO - top5 acc 62.50%	top1 acc 27.00%	Test Loss: 2.8130
2026-07-26 18:18:23 - INFO - Epoch [6/50] Train Loss: 4.7450
2026-07-26 18:18:24 - INFO - top5 acc 66.50%	top1 acc 33.00%	Test Loss: 2.4428
2026-07-26 18:18:24 - INFO - Epoch [7/50] Train Loss: 4.3003
2026-07-26 18:18:25 - INFO - top5 acc 74.00%	top1 acc 37.50%	Test Loss: 2.1186
2026-07-26 18:18:25 - INFO - Epoch [8/50] Train Loss: 3.8707
2026-07-26 18:18:26 - INFO - top5 acc 79.00%	top1 acc 48.00%	Test Loss: 1.8278
2026-07-26 18:18:26 - INFO - Epoch [9/50] Train Loss: 3.4753
2026-07-26 18:18:27 - INFO - top5 acc 82.00%	top1 acc 47.50%	Test Loss: 1.7190
2026-07-26 18:18:27 - INFO - Epoch [10/50] Train Loss: 3.1071
2026-07-26 18:18:28 - INFO - top5 acc 85.00%	top1 acc 49.00%	Test Loss: 1.6099
2026-07-26 18:18:29 - INFO - Epoch [11/50] Train Loss: 2.7408
2026-07-26 18:18:29 - INFO - top5 acc 84.50%	top1 acc 55.00%	Test Loss: 1.5274
2026-07-26 18:18:30 - INFO - Epoch [12/50] Train Loss: 2.4270
2026-07-26 18:18:30 - INFO - top5 acc 87.00%	top1 acc 51.00%	Test Loss: 1.5101
2026-07-26 18:18:31 - INFO - Epoch [13/50] Train Loss: 2.1469
2026-07-26 18:18:31 - INFO - top5 acc 90.50%	top1 acc 57.50%	Test Loss: 1.3801
2026-07-26 18:18:32 - INFO - Epoch [14/50] Train Loss: 1.9018
2026-07-26 18:18:32 - INFO - top5 acc 90.50%	top1 acc 58.00%	Test Loss: 1.3029
2026-07-26 18:18:33 - INFO - Epoch [15/50] Train Loss: 1.6776
2026-07-26 18:18:33 - INFO - top5 acc 89.00%	top1 acc 55.50%	Test Loss: 1.3033
2026-07-26 18:18:34 - INFO - Epoch [16/50] Train Loss: 1.4585
2026-07-26 18:18:34 - INFO - top5 acc 87.00%	top1 acc 57.00%	Test Loss: 1.3138
2026-07-26 18:18:34 - INFO - Epoch [17/50] Train Loss: 1.2755
2026-07-26 18:18:35 - INFO - top5 acc 88.00%	top1 acc 58.50%	Test Loss: 1.2997
2026-07-26 18:18:35 - INFO - Epoch [18/50] Train Loss: 1.1102
2026-07-26 18:18:36 - INFO - top5 acc 90.00%	top1 acc 62.00%	Test Loss: 1.2246
2026-07-26 18:18:37 - INFO - Epoch [19/50] Train Loss: 0.9549
2026-07-26 18:18:37 - INFO - top5 acc 88.50%	top1 acc 58.00%	Test Loss: 1.2231
2026-07-26 18:18:38 - INFO - Epoch [20/50] Train Loss: 0.8266
2026-07-26 18:18:38 - INFO - top5 acc 89.00%	top1 acc 61.50%	Test Loss: 1.2280
2026-07-26 18:18:39 - INFO - Epoch [21/50] Train Loss: 0.7086
2026-07-26 18:18:39 - INFO - top5 acc 91.00%	top1 acc 62.00%	Test Loss: 1.1888
2026-07-26 18:18:40 - INFO - Epoch [22/50] Train Loss: 0.6092
2026-07-26 18:18:40 - INFO - top5 acc 92.00%	top1 acc 62.00%	Test Loss: 1.1883
2026-07-26 18:18:41 - INFO - Epoch [23/50] Train Loss: 0.5248
2026-07-26 18:18:41 - INFO - top5 acc 91.50%	top1 acc 62.00%	Test Loss: 1.1981
2026-07-26 18:18:42 - INFO - Epoch [24/50] Train Loss: 0.4472
2026-07-26 18:18:42 - INFO - top5 acc 91.50%	top1 acc 60.00%	Test Loss: 1.1451
2026-07-26 18:18:43 - INFO - Epoch [25/50] Train Loss: 0.3896
2026-07-26 18:18:43 - INFO - top5 acc 91.50%	top1 acc 61.50%	Test Loss: 1.1640
2026-07-26 18:18:44 - INFO - Epoch [26/50] Train Loss: 0.3343
2026-07-26 18:18:44 - INFO - top5 acc 93.00%	top1 acc 62.50%	Test Loss: 1.1830
2026-07-26 18:18:45 - INFO - Epoch [27/50] Train Loss: 0.2975
2026-07-26 18:18:45 - INFO - top5 acc 90.00%	top1 acc 60.00%	Test Loss: 1.2171
2026-07-26 18:18:46 - INFO - Epoch [28/50] Train Loss: 0.2616
2026-07-26 18:18:46 - INFO - top5 acc 92.00%	top1 acc 64.50%	Test Loss: 1.1154
2026-07-26 18:18:47 - INFO - Epoch [29/50] Train Loss: 0.2337
2026-07-26 18:18:47 - INFO - top5 acc 92.00%	top1 acc 61.50%	Test Loss: 1.1660
2026-07-26 18:18:48 - INFO - Epoch [30/50] Train Loss: 0.2121
2026-07-26 18:18:48 - INFO - top5 acc 93.00%	top1 acc 63.50%	Test Loss: 1.1162
2026-07-26 18:18:48 - INFO - Epoch [31/50] Train Loss: 0.1859
2026-07-26 18:18:49 - INFO - top5 acc 92.50%	top1 acc 65.50%	Test Loss: 1.1239
2026-07-26 18:18:50 - INFO - Epoch [32/50] Train Loss: 0.1668
2026-07-26 18:18:50 - INFO - top5 acc 92.50%	top1 acc 61.50%	Test Loss: 1.1494
2026-07-26 18:18:50 - INFO - Epoch [33/50] Train Loss: 0.1556
2026-07-26 18:18:51 - INFO - top5 acc 93.00%	top1 acc 63.00%	Test Loss: 1.1152
2026-07-26 18:18:52 - INFO - Epoch [34/50] Train Loss: 0.1424
2026-07-26 18:18:52 - INFO - top5 acc 92.50%	top1 acc 64.50%	Test Loss: 1.0937
2026-07-26 18:18:53 - INFO - Epoch [35/50] Train Loss: 0.1257
2026-07-26 18:18:53 - INFO - top5 acc 93.50%	top1 acc 63.50%	Test Loss: 1.1429
2026-07-26 18:18:54 - INFO - Epoch [36/50] Train Loss: 0.1181
2026-07-26 18:18:54 - INFO - top5 acc 92.50%	top1 acc 63.50%	Test Loss: 1.1237
2026-07-26 18:18:55 - INFO - Epoch [37/50] Train Loss: 0.1097
2026-07-26 18:18:55 - INFO - top5 acc 93.50%	top1 acc 64.00%	Test Loss: 1.1504
2026-07-26 18:18:55 - INFO - Epoch [38/50] Train Loss: 0.1035
2026-07-26 18:18:56 - INFO - top5 acc 94.00%	top1 acc 62.00%	Test Loss: 1.1494
2026-07-26 18:18:56 - INFO - Epoch [39/50] Train Loss: 0.0959
2026-07-26 18:18:56 - INFO - top5 acc 93.50%	top1 acc 62.50%	Test Loss: 1.1187
2026-07-26 18:18:57 - INFO - Epoch [40/50] Train Loss: 0.0913
2026-07-26 18:18:57 - INFO - top5 acc 91.00%	top1 acc 62.00%	Test Loss: 1.1660
2026-07-26 18:18:58 - INFO - Epoch [41/50] Train Loss: 0.0866
2026-07-26 18:18:58 - INFO - top5 acc 92.50%	top1 acc 63.50%	Test Loss: 1.1328
2026-07-26 18:18:59 - INFO - Epoch [42/50] Train Loss: 0.0785
2026-07-26 18:18:59 - INFO - top5 acc 91.00%	top1 acc 62.50%	Test Loss: 1.1636
2026-07-26 18:19:00 - INFO - Epoch [43/50] Train Loss: 0.0744
2026-07-26 18:19:00 - INFO - top5 acc 91.00%	top1 acc 63.50%	Test Loss: 1.1305
2026-07-26 18:19:01 - INFO - Epoch [44/50] Train Loss: 0.0694
2026-07-26 18:19:01 - INFO - top5 acc 93.00%	top1 acc 61.50%	Test Loss: 1.1200
2026-07-26 18:19:02 - INFO - Epoch [45/50] Train Loss: 0.0653
2026-07-26 18:19:02 - INFO - top5 acc 93.50%	top1 acc 61.00%	Test Loss: 1.1013
2026-07-26 18:19:03 - INFO - Epoch [46/50] Train Loss: 0.0613
2026-07-26 18:19:03 - INFO - top5 acc 91.00%	top1 acc 61.50%	Test Loss: 1.1212
2026-07-26 18:19:03 - INFO - Epoch [47/50] Train Loss: 0.0582
2026-07-26 18:19:04 - INFO - top5 acc 93.00%	top1 acc 64.00%	Test Loss: 1.1341
2026-07-26 18:19:04 - INFO - Epoch [48/50] Train Loss: 0.0552
2026-07-26 18:19:04 - INFO - top5 acc 93.00%	top1 acc 62.50%	Test Loss: 1.1220
2026-07-26 18:19:05 - INFO - Epoch [49/50] Train Loss: 0.0523
2026-07-26 18:19:05 - INFO - top5 acc 94.00%	top1 acc 60.50%	Test Loss: 1.1430
2026-07-26 18:19:06 - INFO - Epoch [50/50] Train Loss: 0.0506
2026-07-26 18:19:06 - INFO - top5 acc 93.00%	top1 acc 65.50%	Test Loss: 1.1059
2026-07-26 18:19:06 - INFO - best test loss: 1.0937 top5 acc: 92.50 top1 acc: 64.50 at epoch 34
