2026-07-26 18:32:28 - INFO - Input arguments:
2026-07-26 18:32:28 - INFO - device                 cuda:0
2026-07-26 18:32:28 - INFO - num_epochs             50
2026-07-26 18:32:28 - INFO - batch_size             1024
2026-07-26 18:32:28 - INFO - learning_rate          0.0001
2026-07-26 18:32:28 - INFO - output_dir             root/autodl-tmp/results/things_eeg/intra-subjects
2026-07-26 18:32:28 - INFO - output_name            sub-07
2026-07-26 18:32:28 - INFO - train_subject_ids      [7]
2026-07-26 18:32:28 - INFO - test_subject_ids       [7]
2026-07-26 18:32:28 - INFO - data_average           True
2026-07-26 18:32:28 - INFO - data_random            False
2026-07-26 18:32:28 - INFO - init_temperature       0.07
2026-07-26 18:32:28 - INFO - t_learnable            False
2026-07-26 18:32:28 - INFO - softplus               True
2026-07-26 18:32:28 - INFO - alpha                  1.0
2026-07-26 18:32:28 - INFO - beta                   1.0
2026-07-26 18:32:28 - INFO - img_l2norm             True
2026-07-26 18:32:28 - INFO - text_l2norm            False
2026-07-26 18:32:28 - INFO - eeg_l2norm             False
2026-07-26 18:32:28 - INFO - eeg_data_dir           /root/autodl-tmp/data/things_eeg/preprocessed_eeg
2026-07-26 18:32:28 - INFO - selected_channels      ['P7', 'P5', 'P3', 'P1', 'Pz', 'P2', 'P4', 'P6', 'P8', 'PO7', 'PO3', 'POz', 'PO4', 'PO8', 'O1', 'Oz', 'O2']
2026-07-26 18:32:28 - INFO - time_window            [0, 250]
2026-07-26 18:32:28 - INFO - eeg_aug                True
2026-07-26 18:32:28 - INFO - eeg_aug_type           smooth
2026-07-26 18:32:28 - INFO - eeg_encoder_type       EEGProject
2026-07-26 18:32:28 - INFO - image_aug              True
2026-07-26 18:32:28 - INFO - image_test_aug         True
2026-07-26 18:32:28 - INFO - eeg_test_aug           False
2026-07-26 18:32:28 - INFO - frozen_eeg_prior       True
2026-07-26 18:32:28 - INFO - projector              linear
2026-07-26 18:32:28 - INFO - feature_dim            512
2026-07-26 18:32:28 - INFO - image_feature_dir      /root/autodl-tmp/data/things_eeg/image_feature/RN50
2026-07-26 18:32:28 - INFO - aug_image_feature_dirs ['/root/autodl-tmp/data/things_eeg/image_feature/RN50/GaussianBlur-GaussianNoise-LowResolution-Mosaic']
2026-07-26 18:32:28 - INFO - text_feature_dir       
2026-07-26 18:32:28 - INFO - save_weights           True
2026-07-26 18:32:28 - INFO - seed                   2025
2026-07-26 18:32:28 - INFO - Using device: cuda:0
2026-07-26 18:34:56 - INFO - EEG sample points: 250
2026-07-26 18:34:56 - INFO - feature dimension: 1024
2026-07-26 18:34:56 - INFO - data length: 16540
2026-07-26 18:34:56 - INFO - number of channels: 17
2026-07-26 18:34:57 - INFO - EEG Encoder trainable parameters: 5.40M
2026-07-26 18:34:57 - INFO - EEGProject(
  (model): Sequential(
    (0): Linear(in_features=4250, out_features=1024, bias=True)
    (1): ResidualAdd(
      (f): Sequential(
        (0): GELU(approximate='none')
        (1): Linear(in_features=1024, out_features=1024, bias=True)
        (2): Dropout(p=0.3, inplace=False)
      )
    )
    (2): LayerNorm((1024,), eps=1e-05, elementwise_affine=True)
  )
)
2026-07-26 18:34:57 - INFO - Projector trainable parameters: 1.57M
2026-07-26 18:34:57 - INFO - ContrastiveLoss(
  (criterion_cls): CrossEntropyLoss()
  (criterion_mse): MSELoss()
  (softplus): Softplus(beta=1.0, threshold=20.0)
)
2026-07-26 18:34:58 - INFO - Epoch [1/50] Train Loss: 7.1585
2026-07-26 18:34:58 - INFO - top5 acc 18.00%	top1 acc 5.50%	Test Loss: 4.7121
2026-07-26 18:34:59 - INFO - Epoch [2/50] Train Loss: 6.2036
2026-07-26 18:34:59 - INFO - top5 acc 30.00%	top1 acc 9.50%	Test Loss: 4.2131
2026-07-26 18:35:00 - INFO - Epoch [3/50] Train Loss: 5.6879
2026-07-26 18:35:00 - INFO - top5 acc 38.00%	top1 acc 17.50%	Test Loss: 3.6500
2026-07-26 18:35:01 - INFO - Epoch [4/50] Train Loss: 5.1751
2026-07-26 18:35:01 - INFO - top5 acc 58.50%	top1 acc 21.00%	Test Loss: 3.0281
2026-07-26 18:35:02 - INFO - Epoch [5/50] Train Loss: 4.6421
2026-07-26 18:35:02 - INFO - top5 acc 69.00%	top1 acc 32.50%	Test Loss: 2.5889
2026-07-26 18:35:03 - INFO - Epoch [6/50] Train Loss: 4.1290
2026-07-26 18:35:03 - INFO - top5 acc 73.50%	top1 acc 41.50%	Test Loss: 2.2452
2026-07-26 18:35:04 - INFO - Epoch [7/50] Train Loss: 3.6509
2026-07-26 18:35:04 - INFO - top5 acc 73.50%	top1 acc 45.00%	Test Loss: 2.0475
2026-07-26 18:35:05 - INFO - Epoch [8/50] Train Loss: 3.2343
2026-07-26 18:35:05 - INFO - top5 acc 81.00%	top1 acc 47.50%	Test Loss: 1.8717
2026-07-26 18:35:06 - INFO - Epoch [9/50] Train Loss: 2.8675
2026-07-26 18:35:06 - INFO - top5 acc 82.50%	top1 acc 53.50%	Test Loss: 1.7596
2026-07-26 18:35:07 - INFO - Epoch [10/50] Train Loss: 2.5367
2026-07-26 18:35:07 - INFO - top5 acc 85.50%	top1 acc 56.00%	Test Loss: 1.6677
2026-07-26 18:35:08 - INFO - Epoch [11/50] Train Loss: 2.2543
2026-07-26 18:35:08 - INFO - top5 acc 87.00%	top1 acc 53.50%	Test Loss: 1.6054
2026-07-26 18:35:09 - INFO - Epoch [12/50] Train Loss: 2.0089
2026-07-26 18:35:09 - INFO - top5 acc 87.00%	top1 acc 59.00%	Test Loss: 1.5674
2026-07-26 18:35:10 - INFO - Epoch [13/50] Train Loss: 1.7754
2026-07-26 18:35:10 - INFO - top5 acc 87.50%	top1 acc 58.50%	Test Loss: 1.5295
2026-07-26 18:35:11 - INFO - Epoch [14/50] Train Loss: 1.5808
2026-07-26 18:35:11 - INFO - top5 acc 88.00%	top1 acc 58.50%	Test Loss: 1.4411
2026-07-26 18:35:12 - INFO - Epoch [15/50] Train Loss: 1.4046
2026-07-26 18:35:12 - INFO - top5 acc 88.00%	top1 acc 57.50%	Test Loss: 1.4325
2026-07-26 18:35:13 - INFO - Epoch [16/50] Train Loss: 1.2297
2026-07-26 18:35:13 - INFO - top5 acc 89.00%	top1 acc 59.00%	Test Loss: 1.4175
2026-07-26 18:35:14 - INFO - Epoch [17/50] Train Loss: 1.0881
2026-07-26 18:35:14 - INFO - top5 acc 89.00%	top1 acc 59.00%	Test Loss: 1.3916
2026-07-26 18:35:15 - INFO - Epoch [18/50] Train Loss: 0.9537
2026-07-26 18:35:15 - INFO - top5 acc 89.00%	top1 acc 61.00%	Test Loss: 1.3843
2026-07-26 18:35:16 - INFO - Epoch [19/50] Train Loss: 0.8378
2026-07-26 18:35:16 - INFO - top5 acc 86.50%	top1 acc 61.00%	Test Loss: 1.4138
2026-07-26 18:35:17 - INFO - Epoch [20/50] Train Loss: 0.7316
2026-07-26 18:35:17 - INFO - top5 acc 86.50%	top1 acc 59.50%	Test Loss: 1.4104
2026-07-26 18:35:18 - INFO - Epoch [21/50] Train Loss: 0.6392
2026-07-26 18:35:18 - INFO - top5 acc 88.50%	top1 acc 57.50%	Test Loss: 1.3933
2026-07-26 18:35:19 - INFO - Epoch [22/50] Train Loss: 0.5604
2026-07-26 18:35:19 - INFO - top5 acc 91.50%	top1 acc 60.50%	Test Loss: 1.3341
2026-07-26 18:35:20 - INFO - Epoch [23/50] Train Loss: 0.4876
2026-07-26 18:35:20 - INFO - top5 acc 90.00%	top1 acc 56.50%	Test Loss: 1.3939
2026-07-26 18:35:20 - INFO - Epoch [24/50] Train Loss: 0.4349
2026-07-26 18:35:21 - INFO - top5 acc 89.50%	top1 acc 63.50%	Test Loss: 1.3433
2026-07-26 18:35:21 - INFO - Epoch [25/50] Train Loss: 0.3834
2026-07-26 18:35:21 - INFO - top5 acc 90.50%	top1 acc 64.00%	Test Loss: 1.3410
2026-07-26 18:35:22 - INFO - Epoch [26/50] Train Loss: 0.3397
2026-07-26 18:35:22 - INFO - top5 acc 89.50%	top1 acc 64.00%	Test Loss: 1.3343
2026-07-26 18:35:23 - INFO - Epoch [27/50] Train Loss: 0.3015
2026-07-26 18:35:23 - INFO - top5 acc 90.50%	top1 acc 60.50%	Test Loss: 1.3866
2026-07-26 18:35:24 - INFO - Epoch [28/50] Train Loss: 0.2652
2026-07-26 18:35:24 - INFO - top5 acc 90.50%	top1 acc 64.50%	Test Loss: 1.3381
2026-07-26 18:35:25 - INFO - Epoch [29/50] Train Loss: 0.2431
2026-07-26 18:35:25 - INFO - top5 acc 91.00%	top1 acc 61.00%	Test Loss: 1.3741
2026-07-26 18:35:25 - INFO - Epoch [30/50] Train Loss: 0.2208
2026-07-26 18:35:26 - INFO - top5 acc 89.00%	top1 acc 63.00%	Test Loss: 1.3454
2026-07-26 18:35:26 - INFO - Epoch [31/50] Train Loss: 0.2003
2026-07-26 18:35:26 - INFO - top5 acc 90.00%	top1 acc 60.00%	Test Loss: 1.3363
2026-07-26 18:35:27 - INFO - Epoch [32/50] Train Loss: 0.1887
2026-07-26 18:35:27 - INFO - top5 acc 92.50%	top1 acc 63.00%	Test Loss: 1.3249
2026-07-26 18:35:28 - INFO - Epoch [33/50] Train Loss: 0.1741
2026-07-26 18:35:28 - INFO - top5 acc 90.50%	top1 acc 60.00%	Test Loss: 1.3842
2026-07-26 18:35:29 - INFO - Epoch [34/50] Train Loss: 0.1567
2026-07-26 18:35:29 - INFO - top5 acc 90.00%	top1 acc 65.50%	Test Loss: 1.3435
2026-07-26 18:35:30 - INFO - Epoch [35/50] Train Loss: 0.1416
2026-07-26 18:35:30 - INFO - top5 acc 90.00%	top1 acc 62.00%	Test Loss: 1.3748
2026-07-26 18:35:31 - INFO - Epoch [36/50] Train Loss: 0.1332
2026-07-26 18:35:31 - INFO - top5 acc 91.50%	top1 acc 62.50%	Test Loss: 1.3191
2026-07-26 18:35:32 - INFO - Epoch [37/50] Train Loss: 0.1259
2026-07-26 18:35:32 - INFO - top5 acc 92.00%	top1 acc 59.00%	Test Loss: 1.3712
2026-07-26 18:35:33 - INFO - Epoch [38/50] Train Loss: 0.1161
2026-07-26 18:35:33 - INFO - top5 acc 91.00%	top1 acc 63.50%	Test Loss: 1.3347
2026-07-26 18:35:33 - INFO - Epoch [39/50] Train Loss: 0.1095
2026-07-26 18:35:33 - INFO - top5 acc 89.00%	top1 acc 61.50%	Test Loss: 1.3951
2026-07-26 18:35:34 - INFO - Epoch [40/50] Train Loss: 0.1037
2026-07-26 18:35:34 - INFO - top5 acc 89.50%	top1 acc 62.00%	Test Loss: 1.3683
2026-07-26 18:35:35 - INFO - Epoch [41/50] Train Loss: 0.0989
2026-07-26 18:35:35 - INFO - top5 acc 90.00%	top1 acc 60.50%	Test Loss: 1.3439
2026-07-26 18:35:36 - INFO - Epoch [42/50] Train Loss: 0.0920
2026-07-26 18:35:36 - INFO - top5 acc 91.00%	top1 acc 63.50%	Test Loss: 1.3195
2026-07-26 18:35:37 - INFO - Epoch [43/50] Train Loss: 0.0859
2026-07-26 18:35:37 - INFO - top5 acc 90.00%	top1 acc 62.00%	Test Loss: 1.3539
2026-07-26 18:35:37 - INFO - Epoch [44/50] Train Loss: 0.0828
2026-07-26 18:35:38 - INFO - top5 acc 89.50%	top1 acc 64.00%	Test Loss: 1.3178
2026-07-26 18:35:39 - INFO - Epoch [45/50] Train Loss: 0.0776
2026-07-26 18:35:39 - INFO - top5 acc 89.50%	top1 acc 61.50%	Test Loss: 1.3538
2026-07-26 18:35:39 - INFO - Epoch [46/50] Train Loss: 0.0723
2026-07-26 18:35:40 - INFO - top5 acc 90.50%	top1 acc 60.50%	Test Loss: 1.3558
2026-07-26 18:35:40 - INFO - Epoch [47/50] Train Loss: 0.0707
2026-07-26 18:35:40 - INFO - top5 acc 89.00%	top1 acc 64.00%	Test Loss: 1.3800
2026-07-26 18:35:41 - INFO - Epoch [48/50] Train Loss: 0.0665
2026-07-26 18:35:41 - INFO - top5 acc 90.00%	top1 acc 60.50%	Test Loss: 1.3532
2026-07-26 18:35:42 - INFO - Epoch [49/50] Train Loss: 0.0624
2026-07-26 18:35:42 - INFO - top5 acc 90.50%	top1 acc 62.00%	Test Loss: 1.3346
2026-07-26 18:35:43 - INFO - Epoch [50/50] Train Loss: 0.0619
2026-07-26 18:35:43 - INFO - top5 acc 92.00%	top1 acc 63.50%	Test Loss: 1.3406
2026-07-26 18:35:43 - INFO - best test loss: 1.3178 top5 acc: 89.50 top1 acc: 64.00 at epoch 44
