2026-07-29 06:15:56 - INFO - Input arguments:
2026-07-29 06:15:56 - INFO - device                 cuda:0
2026-07-29 06:15:56 - INFO - num_epochs             50
2026-07-29 06:15:56 - INFO - batch_size             1024
2026-07-29 06:15:56 - INFO - learning_rate          0.0001
2026-07-29 06:15:56 - INFO - output_dir             results/things_eeg/inter-subjects
2026-07-29 06:15:56 - INFO - output_name            inter-leave-sub-02-seed3407
2026-07-29 06:15:56 - INFO - train_subject_ids      [1, 3, 4, 5, 6, 7, 8, 9, 10]
2026-07-29 06:15:56 - INFO - test_subject_ids       [2]
2026-07-29 06:15:56 - INFO - data_average           True
2026-07-29 06:15:56 - INFO - data_random            False
2026-07-29 06:15:56 - INFO - init_temperature       0.07
2026-07-29 06:15:56 - INFO - t_learnable            False
2026-07-29 06:15:56 - INFO - softplus               True
2026-07-29 06:15:56 - INFO - alpha                  1.0
2026-07-29 06:15:56 - INFO - beta                   1.0
2026-07-29 06:15:56 - INFO - img_l2norm             True
2026-07-29 06:15:56 - INFO - text_l2norm            False
2026-07-29 06:15:56 - INFO - eeg_l2norm             False
2026-07-29 06:15:56 - INFO - eeg_data_dir           D:\NEOschool\eegtoimage\NeuroBridge-main\data\things_eeg\preprocessed_eeg
2026-07-29 06:15:56 - INFO - selected_channels      []
2026-07-29 06:15:56 - INFO - time_window            [0, 250]
2026-07-29 06:15:56 - INFO - eeg_aug                True
2026-07-29 06:15:56 - INFO - eeg_aug_type           smooth
2026-07-29 06:15:56 - INFO - eeg_encoder_type       TSConv
2026-07-29 06:15:56 - INFO - image_aug              True
2026-07-29 06:15:56 - INFO - image_test_aug         True
2026-07-29 06:15:56 - INFO - eeg_test_aug           False
2026-07-29 06:15:56 - INFO - frozen_eeg_prior       True
2026-07-29 06:15:56 - INFO - projector              linear
2026-07-29 06:15:56 - INFO - feature_dim            512
2026-07-29 06:15:56 - INFO - image_feature_dir      D:\NEOschool\eegtoimage\NeuroBridge-main\data\things_eeg\image_feature\RN50
2026-07-29 06:15:56 - INFO - aug_image_feature_dirs ['D:\\NEOschool\\eegtoimage\\NeuroBridge-main\\data\\things_eeg\\image_feature\\RN50\\GaussianBlur-GaussianNoise-LowResolution-Mosaic']
2026-07-29 06:15:56 - INFO - text_feature_dir       
2026-07-29 06:15:56 - INFO - save_weights           True
2026-07-29 06:15:56 - INFO - seed                   3407
2026-07-29 06:15:57 - INFO - Using device: cuda:0
2026-07-29 07:09:03 - INFO - EEG sample points: 250
2026-07-29 07:09:03 - INFO - feature dimension: 1024
2026-07-29 07:09:03 - INFO - data length: 148860
2026-07-29 07:09:03 - INFO - number of channels: 63
2026-07-29 07:09:05 - INFO - EEG Encoder trainable parameters: 2.63M
2026-07-29 07:09:05 - INFO - TSConv(
  (tsconv): Sequential(
    (0): Conv2d(1, 40, kernel_size=(1, 25), stride=(1, 1))
    (1): AvgPool2d(kernel_size=(1, 51), stride=(1, 5), padding=0)
    (2): BatchNorm2d(40, eps=1e-05, momentum=0.1, affine=True, track_running_stats=True)
    (3): ELU(alpha=1.0)
    (4): Conv2d(40, 40, kernel_size=(63, 1), stride=(1, 1))
    (5): BatchNorm2d(40, eps=1e-05, momentum=0.1, affine=True, track_running_stats=True)
    (6): ELU(alpha=1.0)
    (7): Dropout(p=0.5, inplace=False)
  )
  (projection): Conv2d(40, 40, kernel_size=(1, 1), stride=(1, 1))
  (proj_eeg): Sequential(
    (0): Linear(in_features=1440, out_features=1024, bias=True)
    (1): ResidualAdd(
      (f): Sequential(
        (0): GELU(approximate='none')
        (1): Linear(in_features=1024, out_features=1024, bias=True)
        (2): Dropout(p=0.5, inplace=False)
      )
    )
    (2): LayerNorm((1024,), eps=1e-05, elementwise_affine=True)
  )
)
2026-07-29 07:09:05 - INFO - Projector trainable parameters: 1.57M
2026-07-29 07:09:05 - INFO - ContrastiveLoss(
  (criterion_cls): CrossEntropyLoss()
  (criterion_mse): MSELoss()
  (softplus): Softplus(beta=1.0, threshold=20.0)
)
2026-07-29 07:16:02 - INFO - Epoch [1/50] Train Loss: 6.5198
2026-07-29 07:16:02 - INFO - top5 acc 28.00%	top1 acc 8.00%	Test Loss: 3.9248
2026-07-29 07:22:49 - INFO - Epoch [2/50] Train Loss: 5.8775
2026-07-29 07:22:49 - INFO - top5 acc 34.50%	top1 acc 14.50%	Test Loss: 3.5594
2026-07-29 07:29:35 - INFO - Epoch [3/50] Train Loss: 5.6420
2026-07-29 07:29:35 - INFO - top5 acc 41.00%	top1 acc 17.50%	Test Loss: 3.3641
2026-07-29 07:36:21 - INFO - Epoch [4/50] Train Loss: 5.5050
2026-07-29 07:36:21 - INFO - top5 acc 45.50%	top1 acc 16.50%	Test Loss: 3.3023
2026-07-29 07:43:06 - INFO - Epoch [5/50] Train Loss: 5.4100
2026-07-29 07:43:06 - INFO - top5 acc 44.50%	top1 acc 17.50%	Test Loss: 3.2434
2026-07-29 07:49:52 - INFO - Epoch [6/50] Train Loss: 5.3408
2026-07-29 07:49:52 - INFO - top5 acc 46.50%	top1 acc 17.50%	Test Loss: 3.1974
2026-07-29 07:56:40 - INFO - Epoch [7/50] Train Loss: 5.2780
2026-07-29 07:56:40 - INFO - top5 acc 48.00%	top1 acc 18.00%	Test Loss: 3.1817
2026-07-29 08:03:25 - INFO - Epoch [8/50] Train Loss: 5.2195
2026-07-29 08:03:25 - INFO - top5 acc 46.00%	top1 acc 18.00%	Test Loss: 3.2031
2026-07-29 08:10:10 - INFO - Epoch [9/50] Train Loss: 5.1724
2026-07-29 08:10:10 - INFO - top5 acc 49.00%	top1 acc 23.00%	Test Loss: 3.1679
2026-07-29 08:16:57 - INFO - Epoch [10/50] Train Loss: 5.1163
2026-07-29 08:16:57 - INFO - top5 acc 52.00%	top1 acc 21.00%	Test Loss: 3.1349
2026-07-29 08:23:44 - INFO - Epoch [11/50] Train Loss: 5.0637
2026-07-29 08:23:44 - INFO - top5 acc 50.50%	top1 acc 21.50%	Test Loss: 3.1196
2026-07-29 08:30:31 - INFO - Epoch [12/50] Train Loss: 5.0102
2026-07-29 08:30:31 - INFO - top5 acc 52.50%	top1 acc 22.50%	Test Loss: 3.0831
2026-07-29 08:37:17 - INFO - Epoch [13/50] Train Loss: 4.9612
2026-07-29 08:37:17 - INFO - top5 acc 51.50%	top1 acc 22.00%	Test Loss: 3.0762
2026-07-29 08:44:03 - INFO - Epoch [14/50] Train Loss: 4.9153
2026-07-29 08:44:03 - INFO - top5 acc 53.00%	top1 acc 25.50%	Test Loss: 3.0889
2026-07-29 08:50:50 - INFO - Epoch [15/50] Train Loss: 4.8712
2026-07-29 08:50:50 - INFO - top5 acc 51.00%	top1 acc 19.50%	Test Loss: 3.0526
2026-07-29 08:57:38 - INFO - Epoch [16/50] Train Loss: 4.8237
2026-07-29 08:57:38 - INFO - top5 acc 48.50%	top1 acc 23.00%	Test Loss: 3.0530
2026-07-29 09:09:04 - INFO - Epoch [17/50] Train Loss: 4.7740
2026-07-29 09:09:05 - INFO - top5 acc 52.00%	top1 acc 23.00%	Test Loss: 3.0550
2026-07-29 09:16:21 - INFO - Epoch [18/50] Train Loss: 4.7353
2026-07-29 09:16:21 - INFO - top5 acc 50.00%	top1 acc 22.50%	Test Loss: 3.0511
2026-07-29 09:25:29 - INFO - Epoch [19/50] Train Loss: 4.6879
2026-07-29 09:25:29 - INFO - top5 acc 50.50%	top1 acc 25.00%	Test Loss: 3.0456
2026-07-29 09:32:40 - INFO - Epoch [20/50] Train Loss: 4.6482
2026-07-29 09:32:40 - INFO - top5 acc 51.00%	top1 acc 24.50%	Test Loss: 3.0337
2026-07-29 09:39:55 - INFO - Epoch [21/50] Train Loss: 4.6098
2026-07-29 09:39:56 - INFO - top5 acc 46.50%	top1 acc 23.00%	Test Loss: 3.0330
2026-07-29 09:47:25 - INFO - Epoch [22/50] Train Loss: 4.5711
2026-07-29 09:47:26 - INFO - top5 acc 50.50%	top1 acc 22.00%	Test Loss: 3.0647
2026-07-29 09:54:48 - INFO - Epoch [23/50] Train Loss: 4.5277
2026-07-29 09:54:48 - INFO - top5 acc 50.00%	top1 acc 23.00%	Test Loss: 3.0596
2026-07-29 10:01:45 - INFO - Epoch [24/50] Train Loss: 4.4943
2026-07-29 10:01:45 - INFO - top5 acc 50.00%	top1 acc 20.00%	Test Loss: 3.0996
2026-07-29 10:08:33 - INFO - Epoch [25/50] Train Loss: 4.4503
2026-07-29 10:08:33 - INFO - top5 acc 52.50%	top1 acc 22.50%	Test Loss: 3.0314
2026-07-29 10:15:32 - INFO - Epoch [26/50] Train Loss: 4.4156
2026-07-29 10:15:32 - INFO - top5 acc 51.50%	top1 acc 23.50%	Test Loss: 3.0704
2026-07-29 10:22:29 - INFO - Epoch [27/50] Train Loss: 4.3801
2026-07-29 10:22:29 - INFO - top5 acc 49.00%	top1 acc 22.00%	Test Loss: 3.0649
2026-07-29 10:29:30 - INFO - Epoch [28/50] Train Loss: 4.3455
2026-07-29 10:29:30 - INFO - top5 acc 47.00%	top1 acc 21.50%	Test Loss: 3.1493
2026-07-29 10:36:22 - INFO - Epoch [29/50] Train Loss: 4.3135
2026-07-29 10:36:22 - INFO - top5 acc 50.50%	top1 acc 20.50%	Test Loss: 3.0825
2026-07-29 10:43:26 - INFO - Epoch [30/50] Train Loss: 4.2802
2026-07-29 10:43:27 - INFO - top5 acc 47.50%	top1 acc 21.50%	Test Loss: 3.0748
2026-07-29 10:50:25 - INFO - Epoch [31/50] Train Loss: 4.2454
2026-07-29 10:50:25 - INFO - top5 acc 50.00%	top1 acc 20.00%	Test Loss: 3.1308
2026-07-29 10:57:26 - INFO - Epoch [32/50] Train Loss: 4.2164
2026-07-29 10:57:26 - INFO - top5 acc 47.00%	top1 acc 23.00%	Test Loss: 3.0834
2026-07-29 11:04:25 - INFO - Epoch [33/50] Train Loss: 4.1838
2026-07-29 11:04:25 - INFO - top5 acc 51.50%	top1 acc 21.50%	Test Loss: 3.0936
2026-07-29 11:11:19 - INFO - Epoch [34/50] Train Loss: 4.1538
2026-07-29 11:11:20 - INFO - top5 acc 49.00%	top1 acc 23.00%	Test Loss: 3.0894
2026-07-29 11:18:10 - INFO - Epoch [35/50] Train Loss: 4.1252
2026-07-29 11:18:10 - INFO - top5 acc 47.50%	top1 acc 21.50%	Test Loss: 3.1299
2026-07-29 11:25:07 - INFO - Epoch [36/50] Train Loss: 4.0949
2026-07-29 11:25:08 - INFO - top5 acc 49.00%	top1 acc 22.00%	Test Loss: 3.0899
2026-07-29 11:31:50 - INFO - Epoch [37/50] Train Loss: 4.0652
2026-07-29 11:31:50 - INFO - top5 acc 50.00%	top1 acc 19.50%	Test Loss: 3.1424
2026-07-29 11:38:54 - INFO - Epoch [38/50] Train Loss: 4.0416
2026-07-29 11:38:54 - INFO - top5 acc 49.00%	top1 acc 21.00%	Test Loss: 3.1192
2026-07-29 11:45:40 - INFO - Epoch [39/50] Train Loss: 4.0167
2026-07-29 11:45:41 - INFO - top5 acc 49.00%	top1 acc 20.50%	Test Loss: 3.2022
2026-07-29 11:52:25 - INFO - Epoch [40/50] Train Loss: 3.9874
2026-07-29 11:52:25 - INFO - top5 acc 47.50%	top1 acc 21.50%	Test Loss: 3.2207
2026-07-29 11:59:08 - INFO - Epoch [41/50] Train Loss: 3.9686
2026-07-29 11:59:08 - INFO - top5 acc 50.50%	top1 acc 20.00%	Test Loss: 3.1389
2026-07-29 12:05:53 - INFO - Epoch [42/50] Train Loss: 3.9403
2026-07-29 12:05:53 - INFO - top5 acc 48.50%	top1 acc 20.00%	Test Loss: 3.1962
2026-07-29 12:12:40 - INFO - Epoch [43/50] Train Loss: 3.9218
2026-07-29 12:12:40 - INFO - top5 acc 48.50%	top1 acc 20.50%	Test Loss: 3.2013
2026-07-29 12:19:25 - INFO - Epoch [44/50] Train Loss: 3.8891
2026-07-29 12:19:25 - INFO - top5 acc 46.00%	top1 acc 17.00%	Test Loss: 3.2320
2026-07-29 12:26:12 - INFO - Epoch [45/50] Train Loss: 3.8676
2026-07-29 12:26:12 - INFO - top5 acc 45.50%	top1 acc 20.50%	Test Loss: 3.1960
2026-07-29 12:32:56 - INFO - Epoch [46/50] Train Loss: 3.8454
2026-07-29 12:32:56 - INFO - top5 acc 46.00%	top1 acc 19.50%	Test Loss: 3.1756
2026-07-29 12:39:46 - INFO - Epoch [47/50] Train Loss: 3.8223
2026-07-29 12:39:46 - INFO - top5 acc 48.50%	top1 acc 20.50%	Test Loss: 3.1476
2026-07-29 12:46:46 - INFO - Epoch [48/50] Train Loss: 3.8015
2026-07-29 12:46:47 - INFO - top5 acc 47.50%	top1 acc 20.50%	Test Loss: 3.1368
2026-07-29 12:53:38 - INFO - Epoch [49/50] Train Loss: 3.7782
2026-07-29 12:53:38 - INFO - top5 acc 47.50%	top1 acc 18.00%	Test Loss: 3.2674
2026-07-29 13:00:23 - INFO - Epoch [50/50] Train Loss: 3.7597
2026-07-29 13:00:23 - INFO - top5 acc 47.00%	top1 acc 19.00%	Test Loss: 3.2218
2026-07-29 13:00:23 - INFO - best test loss: 3.0314 top5 acc: 52.50 top1 acc: 22.50 at epoch 25
