2026-07-28 19:22:18 - INFO - Input arguments:
2026-07-28 19:22:18 - INFO - device                 cuda:0
2026-07-28 19:22:18 - INFO - num_epochs             50
2026-07-28 19:22:18 - INFO - batch_size             1024
2026-07-28 19:22:18 - INFO - learning_rate          0.0001
2026-07-28 19:22:18 - INFO - output_dir             root/autodl-tmp/results/things_eeg/intra-subjects
2026-07-28 19:22:18 - INFO - output_name            sub-04
2026-07-28 19:22:18 - INFO - train_subject_ids      [4]
2026-07-28 19:22:18 - INFO - test_subject_ids       [4]
2026-07-28 19:22:18 - INFO - data_average           True
2026-07-28 19:22:18 - INFO - data_random            False
2026-07-28 19:22:18 - INFO - init_temperature       0.07
2026-07-28 19:22:18 - INFO - t_learnable            False
2026-07-28 19:22:18 - INFO - softplus               True
2026-07-28 19:22:18 - INFO - alpha                  1.0
2026-07-28 19:22:18 - INFO - beta                   1.0
2026-07-28 19:22:18 - INFO - img_l2norm             True
2026-07-28 19:22:18 - INFO - text_l2norm            False
2026-07-28 19:22:18 - INFO - eeg_l2norm             False
2026-07-28 19:22:18 - INFO - eeg_data_dir           /root/autodl-tmp/data/things_eeg/preprocessed_eeg
2026-07-28 19:22:18 - INFO - selected_channels      ['P7', 'P5', 'P3', 'P1', 'Pz', 'P2', 'P4', 'P6', 'P8', 'PO7', 'PO3', 'POz', 'PO4', 'PO8', 'O1', 'Oz', 'O2']
2026-07-28 19:22:18 - INFO - time_window            [0, 250]
2026-07-28 19:22:18 - INFO - eeg_aug                True
2026-07-28 19:22:18 - INFO - eeg_aug_type           smooth
2026-07-28 19:22:18 - INFO - eeg_encoder_type       EEGProject
2026-07-28 19:22:18 - INFO - image_aug              True
2026-07-28 19:22:18 - INFO - image_test_aug         True
2026-07-28 19:22:18 - INFO - eeg_test_aug           False
2026-07-28 19:22:18 - INFO - frozen_eeg_prior       True
2026-07-28 19:22:18 - INFO - projector              linear
2026-07-28 19:22:18 - INFO - feature_dim            512
2026-07-28 19:22:18 - INFO - image_feature_dir      /root/autodl-tmp/data/things_eeg/image_feature/RN50
2026-07-28 19:22:18 - INFO - aug_image_feature_dirs ['/root/autodl-tmp/data/things_eeg/image_feature/RN50/GaussianBlur-GaussianNoise-LowResolution-Mosaic']
2026-07-28 19:22:18 - INFO - text_feature_dir       
2026-07-28 19:22:18 - INFO - save_weights           True
2026-07-28 19:22:18 - INFO - seed                   9999
2026-07-28 19:22:18 - INFO - Using device: cuda:0
2026-07-28 19:24:33 - INFO - EEG sample points: 250
2026-07-28 19:24:33 - INFO - feature dimension: 1024
2026-07-28 19:24:33 - INFO - data length: 16540
2026-07-28 19:24:33 - INFO - number of channels: 17
2026-07-28 19:24:33 - INFO - EEG Encoder trainable parameters: 5.40M
2026-07-28 19:24:33 - INFO - EEGProject(
  (model): Sequential(
    (0): Linear(in_features=4250, out_features=1024, bias=True)
    (1): ResidualAdd(
      (f): Sequential(
        (0): GELU(approximate='none')
        (1): Linear(in_features=1024, out_features=1024, bias=True)
        (2): Dropout(p=0.3, inplace=False)
      )
    )
    (2): LayerNorm((1024,), eps=1e-05, elementwise_affine=True)
  )
)
2026-07-28 19:24:33 - INFO - Projector trainable parameters: 1.57M
2026-07-28 19:24:33 - INFO - ContrastiveLoss(
  (criterion_cls): CrossEntropyLoss()
  (criterion_mse): MSELoss()
  (softplus): Softplus(beta=1.0, threshold=20.0)
)
2026-07-28 19:24:34 - INFO - Epoch [1/50] Train Loss: 7.4876
2026-07-28 19:24:35 - INFO - top5 acc 20.00%	top1 acc 5.00%	Test Loss: 4.7226
2026-07-28 19:24:35 - INFO - Epoch [2/50] Train Loss: 6.3878
2026-07-28 19:24:35 - INFO - top5 acc 32.00%	top1 acc 10.00%	Test Loss: 4.2097
2026-07-28 19:24:36 - INFO - Epoch [3/50] Train Loss: 5.9098
2026-07-28 19:24:36 - INFO - top5 acc 45.50%	top1 acc 12.00%	Test Loss: 3.6228
2026-07-28 19:24:37 - INFO - Epoch [4/50] Train Loss: 5.4527
2026-07-28 19:24:37 - INFO - top5 acc 59.00%	top1 acc 22.50%	Test Loss: 3.0387
2026-07-28 19:24:38 - INFO - Epoch [5/50] Train Loss: 5.0103
2026-07-28 19:24:38 - INFO - top5 acc 72.00%	top1 acc 31.00%	Test Loss: 2.5254
2026-07-28 19:24:39 - INFO - Epoch [6/50] Train Loss: 4.5967
2026-07-28 19:24:39 - INFO - top5 acc 75.00%	top1 acc 39.00%	Test Loss: 2.1801
2026-07-28 19:24:40 - INFO - Epoch [7/50] Train Loss: 4.2231
2026-07-28 19:24:40 - INFO - top5 acc 81.00%	top1 acc 48.00%	Test Loss: 1.8798
2026-07-28 19:24:41 - INFO - Epoch [8/50] Train Loss: 3.8561
2026-07-28 19:24:41 - INFO - top5 acc 82.00%	top1 acc 46.00%	Test Loss: 1.7278
2026-07-28 19:24:42 - INFO - Epoch [9/50] Train Loss: 3.5382
2026-07-28 19:24:42 - INFO - top5 acc 86.00%	top1 acc 54.00%	Test Loss: 1.5637
2026-07-28 19:24:43 - INFO - Epoch [10/50] Train Loss: 3.2189
2026-07-28 19:24:43 - INFO - top5 acc 85.00%	top1 acc 54.00%	Test Loss: 1.4880
2026-07-28 19:24:44 - INFO - Epoch [11/50] Train Loss: 2.9443
2026-07-28 19:24:44 - INFO - top5 acc 85.50%	top1 acc 55.00%	Test Loss: 1.4668
2026-07-28 19:24:45 - INFO - Epoch [12/50] Train Loss: 2.6794
2026-07-28 19:24:45 - INFO - top5 acc 89.00%	top1 acc 59.00%	Test Loss: 1.3474
2026-07-28 19:24:46 - INFO - Epoch [13/50] Train Loss: 2.4431
2026-07-28 19:24:46 - INFO - top5 acc 86.00%	top1 acc 56.00%	Test Loss: 1.3709
2026-07-28 19:24:47 - INFO - Epoch [14/50] Train Loss: 2.2266
2026-07-28 19:24:47 - INFO - top5 acc 87.00%	top1 acc 60.00%	Test Loss: 1.3265
2026-07-28 19:24:48 - INFO - Epoch [15/50] Train Loss: 2.0439
2026-07-28 19:24:48 - INFO - top5 acc 90.00%	top1 acc 56.50%	Test Loss: 1.3364
2026-07-28 19:24:48 - INFO - Epoch [16/50] Train Loss: 1.8561
2026-07-28 19:24:49 - INFO - top5 acc 87.00%	top1 acc 62.00%	Test Loss: 1.2822
2026-07-28 19:24:49 - INFO - Epoch [17/50] Train Loss: 1.6700
2026-07-28 19:24:49 - INFO - top5 acc 87.00%	top1 acc 61.50%	Test Loss: 1.2399
2026-07-28 19:24:50 - INFO - Epoch [18/50] Train Loss: 1.5283
2026-07-28 19:24:50 - INFO - top5 acc 88.50%	top1 acc 62.50%	Test Loss: 1.2495
2026-07-28 19:24:51 - INFO - Epoch [19/50] Train Loss: 1.3752
2026-07-28 19:24:51 - INFO - top5 acc 88.50%	top1 acc 64.00%	Test Loss: 1.2829
2026-07-28 19:24:52 - INFO - Epoch [20/50] Train Loss: 1.2402
2026-07-28 19:24:52 - INFO - top5 acc 86.50%	top1 acc 63.00%	Test Loss: 1.2590
2026-07-28 19:24:53 - INFO - Epoch [21/50] Train Loss: 1.1011
2026-07-28 19:24:53 - INFO - top5 acc 88.00%	top1 acc 62.50%	Test Loss: 1.2118
2026-07-28 19:24:53 - INFO - Epoch [22/50] Train Loss: 0.9948
2026-07-28 19:24:54 - INFO - top5 acc 88.00%	top1 acc 61.00%	Test Loss: 1.2604
2026-07-28 19:24:54 - INFO - Epoch [23/50] Train Loss: 0.8834
2026-07-28 19:24:54 - INFO - top5 acc 86.00%	top1 acc 61.00%	Test Loss: 1.2660
2026-07-28 19:24:55 - INFO - Epoch [24/50] Train Loss: 0.7965
2026-07-28 19:24:55 - INFO - top5 acc 88.00%	top1 acc 61.50%	Test Loss: 1.2704
2026-07-28 19:24:56 - INFO - Epoch [25/50] Train Loss: 0.7022
2026-07-28 19:24:56 - INFO - top5 acc 87.00%	top1 acc 63.50%	Test Loss: 1.2623
2026-07-28 19:24:57 - INFO - Epoch [26/50] Train Loss: 0.6247
2026-07-28 19:24:57 - INFO - top5 acc 88.50%	top1 acc 62.00%	Test Loss: 1.2743
2026-07-28 19:24:57 - INFO - Epoch [27/50] Train Loss: 0.5503
2026-07-28 19:24:58 - INFO - top5 acc 88.00%	top1 acc 62.50%	Test Loss: 1.2392
2026-07-28 19:24:58 - INFO - Epoch [28/50] Train Loss: 0.4998
2026-07-28 19:24:58 - INFO - top5 acc 87.00%	top1 acc 59.50%	Test Loss: 1.2738
2026-07-28 19:24:59 - INFO - Epoch [29/50] Train Loss: 0.4383
2026-07-28 19:24:59 - INFO - top5 acc 85.00%	top1 acc 64.50%	Test Loss: 1.2630
2026-07-28 19:25:00 - INFO - Epoch [30/50] Train Loss: 0.3981
2026-07-28 19:25:00 - INFO - top5 acc 87.50%	top1 acc 60.00%	Test Loss: 1.3091
2026-07-28 19:25:01 - INFO - Epoch [31/50] Train Loss: 0.3612
2026-07-28 19:25:01 - INFO - top5 acc 88.50%	top1 acc 58.50%	Test Loss: 1.3224
2026-07-28 19:25:02 - INFO - Epoch [32/50] Train Loss: 0.3241
2026-07-28 19:25:02 - INFO - top5 acc 87.00%	top1 acc 61.50%	Test Loss: 1.2512
2026-07-28 19:25:02 - INFO - Epoch [33/50] Train Loss: 0.2932
2026-07-28 19:25:03 - INFO - top5 acc 89.00%	top1 acc 63.50%	Test Loss: 1.2366
2026-07-28 19:25:03 - INFO - Epoch [34/50] Train Loss: 0.2622
2026-07-28 19:25:03 - INFO - top5 acc 89.00%	top1 acc 61.50%	Test Loss: 1.3096
2026-07-28 19:25:04 - INFO - Epoch [35/50] Train Loss: 0.2414
2026-07-28 19:25:05 - INFO - top5 acc 87.00%	top1 acc 62.00%	Test Loss: 1.2286
2026-07-28 19:25:05 - INFO - Epoch [36/50] Train Loss: 0.2195
2026-07-28 19:25:05 - INFO - top5 acc 88.00%	top1 acc 60.00%	Test Loss: 1.2919
2026-07-28 19:25:06 - INFO - Epoch [37/50] Train Loss: 0.2010
2026-07-28 19:25:06 - INFO - top5 acc 89.00%	top1 acc 60.00%	Test Loss: 1.2392
2026-07-28 19:25:07 - INFO - Epoch [38/50] Train Loss: 0.1834
2026-07-28 19:25:07 - INFO - top5 acc 89.00%	top1 acc 60.50%	Test Loss: 1.2773
2026-07-28 19:25:08 - INFO - Epoch [39/50] Train Loss: 0.1731
2026-07-28 19:25:08 - INFO - top5 acc 88.50%	top1 acc 58.50%	Test Loss: 1.2406
2026-07-28 19:25:09 - INFO - Epoch [40/50] Train Loss: 0.1578
2026-07-28 19:25:09 - INFO - top5 acc 89.50%	top1 acc 59.50%	Test Loss: 1.2519
2026-07-28 19:25:10 - INFO - Epoch [41/50] Train Loss: 0.1483
2026-07-28 19:25:10 - INFO - top5 acc 89.00%	top1 acc 62.50%	Test Loss: 1.2194
2026-07-28 19:25:11 - INFO - Epoch [42/50] Train Loss: 0.1404
2026-07-28 19:25:11 - INFO - top5 acc 89.00%	top1 acc 62.00%	Test Loss: 1.2395
2026-07-28 19:25:12 - INFO - Epoch [43/50] Train Loss: 0.1322
2026-07-28 19:25:12 - INFO - top5 acc 88.00%	top1 acc 58.50%	Test Loss: 1.2780
2026-07-28 19:25:13 - INFO - Epoch [44/50] Train Loss: 0.1201
2026-07-28 19:25:13 - INFO - top5 acc 87.50%	top1 acc 62.00%	Test Loss: 1.2768
2026-07-28 19:25:14 - INFO - Epoch [45/50] Train Loss: 0.1159
2026-07-28 19:25:14 - INFO - top5 acc 89.00%	top1 acc 59.50%	Test Loss: 1.2476
2026-07-28 19:25:14 - INFO - Epoch [46/50] Train Loss: 0.1079
2026-07-28 19:25:14 - INFO - top5 acc 87.50%	top1 acc 60.50%	Test Loss: 1.2764
2026-07-28 19:25:15 - INFO - Epoch [47/50] Train Loss: 0.1025
2026-07-28 19:25:15 - INFO - top5 acc 88.00%	top1 acc 60.50%	Test Loss: 1.3090
2026-07-28 19:25:16 - INFO - Epoch [48/50] Train Loss: 0.0992
2026-07-28 19:25:16 - INFO - top5 acc 88.00%	top1 acc 61.50%	Test Loss: 1.2624
2026-07-28 19:25:17 - INFO - Epoch [49/50] Train Loss: 0.0916
2026-07-28 19:25:17 - INFO - top5 acc 86.00%	top1 acc 61.00%	Test Loss: 1.2982
2026-07-28 19:25:18 - INFO - Epoch [50/50] Train Loss: 0.0866
2026-07-28 19:25:18 - INFO - top5 acc 88.00%	top1 acc 59.50%	Test Loss: 1.2877
2026-07-28 19:25:18 - INFO - best test loss: 1.2118 top5 acc: 88.00 top1 acc: 62.50 at epoch 21
