2026-07-29 17:36:37 - INFO - Input arguments:
2026-07-29 17:36:37 - INFO - device                 cuda:0
2026-07-29 17:36:37 - INFO - num_epochs             50
2026-07-29 17:36:37 - INFO - batch_size             1024
2026-07-29 17:36:37 - INFO - learning_rate          0.0001
2026-07-29 17:36:37 - INFO - output_dir             ./autodl-tmp/results/things_eeg/inter-subjects
2026-07-29 17:36:37 - INFO - output_name            sub-05
2026-07-29 17:36:37 - INFO - train_subject_ids      [1, 2, 3, 4, 6, 7, 8, 9, 10]
2026-07-29 17:36:37 - INFO - test_subject_ids       [5]
2026-07-29 17:36:37 - INFO - data_average           True
2026-07-29 17:36:37 - INFO - data_random            False
2026-07-29 17:36:37 - INFO - init_temperature       0.07
2026-07-29 17:36:37 - INFO - t_learnable            False
2026-07-29 17:36:37 - INFO - softplus               True
2026-07-29 17:36:37 - INFO - alpha                  1.0
2026-07-29 17:36:37 - INFO - beta                   1.0
2026-07-29 17:36:37 - INFO - img_l2norm             True
2026-07-29 17:36:37 - INFO - text_l2norm            False
2026-07-29 17:36:37 - INFO - eeg_l2norm             False
2026-07-29 17:36:37 - INFO - eeg_data_dir           /root/autodl-tmp/data/things_eeg/preprocessed_eeg
2026-07-29 17:36:37 - INFO - selected_channels      []
2026-07-29 17:36:37 - INFO - time_window            [0, 250]
2026-07-29 17:36:37 - INFO - eeg_aug                True
2026-07-29 17:36:37 - INFO - eeg_aug_type           smooth
2026-07-29 17:36:37 - INFO - eeg_encoder_type       TSConv
2026-07-29 17:36:37 - INFO - image_aug              True
2026-07-29 17:36:37 - INFO - image_test_aug         True
2026-07-29 17:36:37 - INFO - eeg_test_aug           False
2026-07-29 17:36:37 - INFO - frozen_eeg_prior       True
2026-07-29 17:36:37 - INFO - projector              linear
2026-07-29 17:36:37 - INFO - feature_dim            512
2026-07-29 17:36:37 - INFO - image_feature_dir      /root/autodl-tmp/data/things_eeg/image_feature/RN50
2026-07-29 17:36:37 - INFO - aug_image_feature_dirs ['/root/autodl-tmp/data/things_eeg/image_feature/RN50/GaussianBlur-GaussianNoise-LowResolution-Mosaic']
2026-07-29 17:36:37 - INFO - text_feature_dir       
2026-07-29 17:36:37 - INFO - save_weights           True
2026-07-29 17:36:37 - INFO - seed                   42
2026-07-29 17:36:38 - INFO - Using device: cuda:0
2026-07-29 18:56:05 - INFO - EEG sample points: 250
2026-07-29 18:56:05 - INFO - feature dimension: 1024
2026-07-29 18:56:05 - INFO - data length: 148860
2026-07-29 18:56:05 - INFO - number of channels: 63
2026-07-29 18:56:06 - INFO - EEG Encoder trainable parameters: 2.63M
2026-07-29 18:56:06 - INFO - TSConv(
  (tsconv): Sequential(
    (0): Conv2d(1, 40, kernel_size=(1, 25), stride=(1, 1))
    (1): AvgPool2d(kernel_size=(1, 51), stride=(1, 5), padding=0)
    (2): BatchNorm2d(40, eps=1e-05, momentum=0.1, affine=True, track_running_stats=True)
    (3): ELU(alpha=1.0)
    (4): Conv2d(40, 40, kernel_size=(63, 1), stride=(1, 1))
    (5): BatchNorm2d(40, eps=1e-05, momentum=0.1, affine=True, track_running_stats=True)
    (6): ELU(alpha=1.0)
    (7): Dropout(p=0.5, inplace=False)
  )
  (projection): Conv2d(40, 40, kernel_size=(1, 1), stride=(1, 1))
  (proj_eeg): Sequential(
    (0): Linear(in_features=1440, out_features=1024, bias=True)
    (1): ResidualAdd(
      (f): Sequential(
        (0): GELU(approximate='none')
        (1): Linear(in_features=1024, out_features=1024, bias=True)
        (2): Dropout(p=0.5, inplace=False)
      )
    )
    (2): LayerNorm((1024,), eps=1e-05, elementwise_affine=True)
  )
)
2026-07-29 18:56:06 - INFO - Projector trainable parameters: 1.57M
2026-07-29 18:56:06 - INFO - ContrastiveLoss(
  (criterion_cls): CrossEntropyLoss()
  (criterion_mse): MSELoss()
  (softplus): Softplus(beta=1.0, threshold=20.0)
)
2026-07-29 18:56:34 - INFO - Epoch [1/50] Train Loss: 6.4631
2026-07-29 18:56:34 - INFO - top5 acc 20.00%	top1 acc 3.50%	Test Loss: 4.2296
2026-07-29 18:57:00 - INFO - Epoch [2/50] Train Loss: 5.8479
2026-07-29 18:57:00 - INFO - top5 acc 31.00%	top1 acc 6.50%	Test Loss: 3.9343
2026-07-29 18:57:26 - INFO - Epoch [3/50] Train Loss: 5.6450
2026-07-29 18:57:26 - INFO - top5 acc 38.00%	top1 acc 11.50%	Test Loss: 3.7539
2026-07-29 18:57:53 - INFO - Epoch [4/50] Train Loss: 5.5140
2026-07-29 18:57:53 - INFO - top5 acc 37.50%	top1 acc 13.00%	Test Loss: 3.7240
2026-07-29 18:58:19 - INFO - Epoch [5/50] Train Loss: 5.4192
2026-07-29 18:58:19 - INFO - top5 acc 38.00%	top1 acc 15.00%	Test Loss: 3.6151
2026-07-29 18:58:45 - INFO - Epoch [6/50] Train Loss: 5.3316
2026-07-29 18:58:45 - INFO - top5 acc 39.00%	top1 acc 13.50%	Test Loss: 3.5521
2026-07-29 18:59:12 - INFO - Epoch [7/50] Train Loss: 5.2644
2026-07-29 18:59:12 - INFO - top5 acc 41.00%	top1 acc 16.00%	Test Loss: 3.5280
2026-07-29 18:59:38 - INFO - Epoch [8/50] Train Loss: 5.1991
2026-07-29 18:59:38 - INFO - top5 acc 41.00%	top1 acc 18.50%	Test Loss: 3.4411
2026-07-29 19:00:05 - INFO - Epoch [9/50] Train Loss: 5.1387
2026-07-29 19:00:05 - INFO - top5 acc 45.00%	top1 acc 16.50%	Test Loss: 3.4389
2026-07-29 19:00:32 - INFO - Epoch [10/50] Train Loss: 5.0884
2026-07-29 19:00:32 - INFO - top5 acc 42.00%	top1 acc 17.00%	Test Loss: 3.4404
2026-07-29 19:00:58 - INFO - Epoch [11/50] Train Loss: 5.0308
2026-07-29 19:00:58 - INFO - top5 acc 46.00%	top1 acc 18.50%	Test Loss: 3.4079
2026-07-29 19:01:25 - INFO - Epoch [12/50] Train Loss: 4.9849
2026-07-29 19:01:25 - INFO - top5 acc 46.00%	top1 acc 18.00%	Test Loss: 3.3487
2026-07-29 19:01:51 - INFO - Epoch [13/50] Train Loss: 4.9377
2026-07-29 19:01:51 - INFO - top5 acc 44.50%	top1 acc 18.50%	Test Loss: 3.3174
2026-07-29 19:02:18 - INFO - Epoch [14/50] Train Loss: 4.8867
2026-07-29 19:02:18 - INFO - top5 acc 44.00%	top1 acc 15.50%	Test Loss: 3.3617
2026-07-29 19:02:44 - INFO - Epoch [15/50] Train Loss: 4.8427
2026-07-29 19:02:44 - INFO - top5 acc 43.00%	top1 acc 16.50%	Test Loss: 3.3369
2026-07-29 19:03:11 - INFO - Epoch [16/50] Train Loss: 4.7966
2026-07-29 19:03:11 - INFO - top5 acc 46.50%	top1 acc 20.50%	Test Loss: 3.2757
2026-07-29 19:03:37 - INFO - Epoch [17/50] Train Loss: 4.7491
2026-07-29 19:03:37 - INFO - top5 acc 44.50%	top1 acc 15.00%	Test Loss: 3.3531
2026-07-29 19:04:03 - INFO - Epoch [18/50] Train Loss: 4.7102
2026-07-29 19:04:03 - INFO - top5 acc 43.00%	top1 acc 15.50%	Test Loss: 3.3698
2026-07-29 19:04:30 - INFO - Epoch [19/50] Train Loss: 4.6659
2026-07-29 19:04:30 - INFO - top5 acc 43.00%	top1 acc 15.50%	Test Loss: 3.4018
2026-07-29 19:04:57 - INFO - Epoch [20/50] Train Loss: 4.6272
2026-07-29 19:04:57 - INFO - top5 acc 41.50%	top1 acc 15.50%	Test Loss: 3.3458
2026-07-29 19:05:23 - INFO - Epoch [21/50] Train Loss: 4.5847
2026-07-29 19:05:23 - INFO - top5 acc 41.50%	top1 acc 18.00%	Test Loss: 3.3878
2026-07-29 19:05:50 - INFO - Epoch [22/50] Train Loss: 4.5475
2026-07-29 19:05:50 - INFO - top5 acc 39.00%	top1 acc 14.50%	Test Loss: 3.4323
2026-07-29 19:06:16 - INFO - Epoch [23/50] Train Loss: 4.5049
2026-07-29 19:06:16 - INFO - top5 acc 43.50%	top1 acc 17.00%	Test Loss: 3.4061
2026-07-29 19:06:43 - INFO - Epoch [24/50] Train Loss: 4.4670
2026-07-29 19:06:43 - INFO - top5 acc 41.00%	top1 acc 16.00%	Test Loss: 3.4117
2026-07-29 19:07:10 - INFO - Epoch [25/50] Train Loss: 4.4288
2026-07-29 19:07:10 - INFO - top5 acc 41.50%	top1 acc 17.50%	Test Loss: 3.4510
2026-07-29 19:07:36 - INFO - Epoch [26/50] Train Loss: 4.3952
2026-07-29 19:07:36 - INFO - top5 acc 42.50%	top1 acc 19.00%	Test Loss: 3.3990
2026-07-29 19:08:03 - INFO - Epoch [27/50] Train Loss: 4.3559
2026-07-29 19:08:03 - INFO - top5 acc 44.00%	top1 acc 16.50%	Test Loss: 3.3948
2026-07-29 19:08:29 - INFO - Epoch [28/50] Train Loss: 4.3202
2026-07-29 19:08:29 - INFO - top5 acc 41.00%	top1 acc 16.00%	Test Loss: 3.4365
2026-07-29 19:08:56 - INFO - Epoch [29/50] Train Loss: 4.2850
2026-07-29 19:08:56 - INFO - top5 acc 44.00%	top1 acc 16.50%	Test Loss: 3.4438
2026-07-29 19:09:22 - INFO - Epoch [30/50] Train Loss: 4.2538
2026-07-29 19:09:23 - INFO - top5 acc 41.50%	top1 acc 17.00%	Test Loss: 3.4337
2026-07-29 19:09:49 - INFO - Epoch [31/50] Train Loss: 4.2176
2026-07-29 19:09:49 - INFO - top5 acc 41.50%	top1 acc 14.00%	Test Loss: 3.4097
2026-07-29 19:10:17 - INFO - Epoch [32/50] Train Loss: 4.1883
2026-07-29 19:10:17 - INFO - top5 acc 42.50%	top1 acc 18.00%	Test Loss: 3.3870
2026-07-29 19:10:44 - INFO - Epoch [33/50] Train Loss: 4.1550
2026-07-29 19:10:44 - INFO - top5 acc 39.50%	top1 acc 16.00%	Test Loss: 3.4896
2026-07-29 19:11:12 - INFO - Epoch [34/50] Train Loss: 4.1269
2026-07-29 19:11:12 - INFO - top5 acc 38.50%	top1 acc 17.00%	Test Loss: 3.5254
2026-07-29 19:11:39 - INFO - Epoch [35/50] Train Loss: 4.0982
2026-07-29 19:11:39 - INFO - top5 acc 39.50%	top1 acc 15.50%	Test Loss: 3.4915
2026-07-29 19:12:05 - INFO - Epoch [36/50] Train Loss: 4.0637
2026-07-29 19:12:06 - INFO - top5 acc 39.00%	top1 acc 17.00%	Test Loss: 3.5195
2026-07-29 19:12:33 - INFO - Epoch [37/50] Train Loss: 4.0440
2026-07-29 19:12:33 - INFO - top5 acc 40.00%	top1 acc 17.50%	Test Loss: 3.4999
2026-07-29 19:13:01 - INFO - Epoch [38/50] Train Loss: 4.0120
2026-07-29 19:13:01 - INFO - top5 acc 40.00%	top1 acc 15.50%	Test Loss: 3.4957
2026-07-29 19:13:30 - INFO - Epoch [39/50] Train Loss: 3.9869
2026-07-29 19:13:30 - INFO - top5 acc 41.00%	top1 acc 17.50%	Test Loss: 3.4875
2026-07-29 19:13:57 - INFO - Epoch [40/50] Train Loss: 3.9595
2026-07-29 19:13:58 - INFO - top5 acc 39.50%	top1 acc 15.50%	Test Loss: 3.4788
2026-07-29 19:14:25 - INFO - Epoch [41/50] Train Loss: 3.9311
2026-07-29 19:14:25 - INFO - top5 acc 40.00%	top1 acc 15.00%	Test Loss: 3.4836
2026-07-29 19:14:52 - INFO - Epoch [42/50] Train Loss: 3.9053
2026-07-29 19:14:52 - INFO - top5 acc 41.00%	top1 acc 18.00%	Test Loss: 3.5029
2026-07-29 19:15:19 - INFO - Epoch [43/50] Train Loss: 3.8856
2026-07-29 19:15:19 - INFO - top5 acc 41.00%	top1 acc 16.50%	Test Loss: 3.4671
2026-07-29 19:15:45 - INFO - Epoch [44/50] Train Loss: 3.8591
2026-07-29 19:15:45 - INFO - top5 acc 40.50%	top1 acc 15.50%	Test Loss: 3.5432
2026-07-29 19:16:12 - INFO - Epoch [45/50] Train Loss: 3.8357
2026-07-29 19:16:12 - INFO - top5 acc 36.00%	top1 acc 15.50%	Test Loss: 3.5845
2026-07-29 19:16:38 - INFO - Epoch [46/50] Train Loss: 3.8134
2026-07-29 19:16:39 - INFO - top5 acc 40.50%	top1 acc 16.00%	Test Loss: 3.5985
2026-07-29 19:17:06 - INFO - Epoch [47/50] Train Loss: 3.7922
2026-07-29 19:17:06 - INFO - top5 acc 39.50%	top1 acc 17.00%	Test Loss: 3.5645
2026-07-29 19:17:33 - INFO - Epoch [48/50] Train Loss: 3.7598
2026-07-29 19:17:33 - INFO - top5 acc 40.00%	top1 acc 16.00%	Test Loss: 3.4532
2026-07-29 19:17:59 - INFO - Epoch [49/50] Train Loss: 3.7433
2026-07-29 19:17:59 - INFO - top5 acc 37.50%	top1 acc 15.00%	Test Loss: 3.5936
2026-07-29 19:18:26 - INFO - Epoch [50/50] Train Loss: 3.7193
2026-07-29 19:18:26 - INFO - top5 acc 39.50%	top1 acc 19.50%	Test Loss: 3.4844
2026-07-29 19:18:26 - INFO - best test loss: 3.2757 top5 acc: 46.50 top1 acc: 20.50 at epoch 16
