2026-07-29 23:08:56 - INFO - Input arguments:
2026-07-29 23:08:56 - INFO - device                 cuda:0
2026-07-29 23:08:56 - INFO - num_epochs             50
2026-07-29 23:08:56 - INFO - batch_size             1024
2026-07-29 23:08:56 - INFO - learning_rate          0.0001
2026-07-29 23:08:56 - INFO - output_dir             /root/autodl-tmp/NeuroBridge-main/results/things_eeg/inter-subjects
2026-07-29 23:08:56 - INFO - output_name            inter-leave-sub-03-seed3407
2026-07-29 23:08:56 - INFO - train_subject_ids      [1, 2, 4, 5, 6, 7, 8, 9, 10]
2026-07-29 23:08:56 - INFO - test_subject_ids       [3]
2026-07-29 23:08:56 - INFO - data_average           True
2026-07-29 23:08:56 - INFO - data_random            False
2026-07-29 23:08:56 - INFO - init_temperature       0.07
2026-07-29 23:08:56 - INFO - t_learnable            False
2026-07-29 23:08:56 - INFO - softplus               True
2026-07-29 23:08:56 - INFO - alpha                  1.0
2026-07-29 23:08:56 - INFO - beta                   1.0
2026-07-29 23:08:56 - INFO - img_l2norm             True
2026-07-29 23:08:56 - INFO - text_l2norm            False
2026-07-29 23:08:56 - INFO - eeg_l2norm             False
2026-07-29 23:08:56 - INFO - eeg_data_dir           /root/autodl-tmp/data/things_eeg/preprocessed_eeg
2026-07-29 23:08:56 - INFO - selected_channels      []
2026-07-29 23:08:56 - INFO - time_window            [0, 250]
2026-07-29 23:08:56 - INFO - eeg_aug                True
2026-07-29 23:08:56 - INFO - eeg_aug_type           smooth
2026-07-29 23:08:56 - INFO - eeg_encoder_type       TSConv
2026-07-29 23:08:56 - INFO - image_aug              True
2026-07-29 23:08:56 - INFO - image_test_aug         True
2026-07-29 23:08:56 - INFO - eeg_test_aug           False
2026-07-29 23:08:56 - INFO - frozen_eeg_prior       True
2026-07-29 23:08:56 - INFO - projector              linear
2026-07-29 23:08:56 - INFO - feature_dim            512
2026-07-29 23:08:56 - INFO - image_feature_dir      /root/autodl-tmp/data/things_eeg/image_feature/RN50
2026-07-29 23:08:56 - INFO - aug_image_feature_dirs ['/root/autodl-tmp/data/things_eeg/image_feature/RN50/GaussianBlur-GaussianNoise-LowResolution-Mosaic']
2026-07-29 23:08:56 - INFO - text_feature_dir       
2026-07-29 23:08:56 - INFO - save_weights           True
2026-07-29 23:08:56 - INFO - seed                   3407
2026-07-29 23:08:56 - INFO - Using device: cuda:0
2026-07-30 00:08:30 - INFO - EEG sample points: 250
2026-07-30 00:08:30 - INFO - feature dimension: 1024
2026-07-30 00:08:30 - INFO - data length: 148860
2026-07-30 00:08:30 - INFO - number of channels: 63
2026-07-30 00:08:31 - INFO - EEG Encoder trainable parameters: 2.63M
2026-07-30 00:08:31 - INFO - TSConv(
  (tsconv): Sequential(
    (0): Conv2d(1, 40, kernel_size=(1, 25), stride=(1, 1))
    (1): AvgPool2d(kernel_size=(1, 51), stride=(1, 5), padding=0)
    (2): BatchNorm2d(40, eps=1e-05, momentum=0.1, affine=True, track_running_stats=True)
    (3): ELU(alpha=1.0)
    (4): Conv2d(40, 40, kernel_size=(63, 1), stride=(1, 1))
    (5): BatchNorm2d(40, eps=1e-05, momentum=0.1, affine=True, track_running_stats=True)
    (6): ELU(alpha=1.0)
    (7): Dropout(p=0.5, inplace=False)
  )
  (projection): Conv2d(40, 40, kernel_size=(1, 1), stride=(1, 1))
  (proj_eeg): Sequential(
    (0): Linear(in_features=1440, out_features=1024, bias=True)
    (1): ResidualAdd(
      (f): Sequential(
        (0): GELU(approximate='none')
        (1): Linear(in_features=1024, out_features=1024, bias=True)
        (2): Dropout(p=0.5, inplace=False)
      )
    )
    (2): LayerNorm((1024,), eps=1e-05, elementwise_affine=True)
  )
)
2026-07-30 00:08:31 - INFO - Projector trainable parameters: 1.57M
2026-07-30 00:08:31 - INFO - ContrastiveLoss(
  (criterion_cls): CrossEntropyLoss()
  (criterion_mse): MSELoss()
  (softplus): Softplus(beta=1, threshold=20)
)
2026-07-30 00:08:54 - INFO - Epoch [1/50] Train Loss: 6.5149
2026-07-30 00:08:54 - INFO - top5 acc 23.50%	top1 acc 5.50%	Test Loss: 4.1825
2026-07-30 00:09:14 - INFO - Epoch [2/50] Train Loss: 5.8572
2026-07-30 00:09:14 - INFO - top5 acc 28.50%	top1 acc 7.50%	Test Loss: 3.8737
2026-07-30 00:09:34 - INFO - Epoch [3/50] Train Loss: 5.6128
2026-07-30 00:09:35 - INFO - top5 acc 31.00%	top1 acc 9.00%	Test Loss: 3.7509
2026-07-30 00:09:55 - INFO - Epoch [4/50] Train Loss: 5.4728
2026-07-30 00:09:55 - INFO - top5 acc 35.50%	top1 acc 9.00%	Test Loss: 3.7082
2026-07-30 00:10:16 - INFO - Epoch [5/50] Train Loss: 5.3802
2026-07-30 00:10:16 - INFO - top5 acc 35.00%	top1 acc 10.00%	Test Loss: 3.6909
2026-07-30 00:10:37 - INFO - Epoch [6/50] Train Loss: 5.3067
2026-07-30 00:10:37 - INFO - top5 acc 32.50%	top1 acc 10.00%	Test Loss: 3.6567
2026-07-30 00:10:58 - INFO - Epoch [7/50] Train Loss: 5.2461
2026-07-30 00:10:58 - INFO - top5 acc 39.00%	top1 acc 9.00%	Test Loss: 3.6285
2026-07-30 00:11:18 - INFO - Epoch [8/50] Train Loss: 5.1904
2026-07-30 00:11:18 - INFO - top5 acc 38.50%	top1 acc 9.50%	Test Loss: 3.5997
2026-07-30 00:11:38 - INFO - Epoch [9/50] Train Loss: 5.1348
2026-07-30 00:11:38 - INFO - top5 acc 39.00%	top1 acc 11.00%	Test Loss: 3.5761
2026-07-30 00:11:58 - INFO - Epoch [10/50] Train Loss: 5.0838
2026-07-30 00:11:58 - INFO - top5 acc 37.50%	top1 acc 11.00%	Test Loss: 3.5647
2026-07-30 00:12:19 - INFO - Epoch [11/50] Train Loss: 5.0383
2026-07-30 00:12:19 - INFO - top5 acc 41.50%	top1 acc 10.50%	Test Loss: 3.5363
2026-07-30 00:12:39 - INFO - Epoch [12/50] Train Loss: 4.9898
2026-07-30 00:12:39 - INFO - top5 acc 38.50%	top1 acc 12.00%	Test Loss: 3.5693
2026-07-30 00:13:00 - INFO - Epoch [13/50] Train Loss: 4.9426
2026-07-30 00:13:00 - INFO - top5 acc 36.00%	top1 acc 10.00%	Test Loss: 3.5864
2026-07-30 00:13:21 - INFO - Epoch [14/50] Train Loss: 4.9030
2026-07-30 00:13:21 - INFO - top5 acc 34.00%	top1 acc 10.50%	Test Loss: 3.5882
2026-07-30 00:13:41 - INFO - Epoch [15/50] Train Loss: 4.8579
2026-07-30 00:13:41 - INFO - top5 acc 33.00%	top1 acc 9.50%	Test Loss: 3.5878
2026-07-30 00:14:02 - INFO - Epoch [16/50] Train Loss: 4.8154
2026-07-30 00:14:02 - INFO - top5 acc 31.00%	top1 acc 10.50%	Test Loss: 3.6295
2026-07-30 00:14:22 - INFO - Epoch [17/50] Train Loss: 4.7754
2026-07-30 00:14:22 - INFO - top5 acc 37.50%	top1 acc 11.00%	Test Loss: 3.5392
2026-07-30 00:14:43 - INFO - Epoch [18/50] Train Loss: 4.7330
2026-07-30 00:14:43 - INFO - top5 acc 35.00%	top1 acc 9.50%	Test Loss: 3.6000
2026-07-30 00:15:03 - INFO - Epoch [19/50] Train Loss: 4.6900
2026-07-30 00:15:04 - INFO - top5 acc 31.50%	top1 acc 9.50%	Test Loss: 3.6145
2026-07-30 00:15:24 - INFO - Epoch [20/50] Train Loss: 4.6476
2026-07-30 00:15:25 - INFO - top5 acc 39.00%	top1 acc 13.50%	Test Loss: 3.5332
2026-07-30 00:15:46 - INFO - Epoch [21/50] Train Loss: 4.6084
2026-07-30 00:15:46 - INFO - top5 acc 36.50%	top1 acc 13.00%	Test Loss: 3.5555
2026-07-30 00:16:06 - INFO - Epoch [22/50] Train Loss: 4.5682
2026-07-30 00:16:06 - INFO - top5 acc 32.00%	top1 acc 13.50%	Test Loss: 3.5938
2026-07-30 00:16:27 - INFO - Epoch [23/50] Train Loss: 4.5264
2026-07-30 00:16:27 - INFO - top5 acc 35.00%	top1 acc 12.50%	Test Loss: 3.5759
2026-07-30 00:16:47 - INFO - Epoch [24/50] Train Loss: 4.4905
2026-07-30 00:16:47 - INFO - top5 acc 34.00%	top1 acc 11.50%	Test Loss: 3.5116
2026-07-30 00:17:07 - INFO - Epoch [25/50] Train Loss: 4.4498
2026-07-30 00:17:07 - INFO - top5 acc 37.50%	top1 acc 14.00%	Test Loss: 3.5203
2026-07-30 00:17:29 - INFO - Epoch [26/50] Train Loss: 4.4113
2026-07-30 00:17:29 - INFO - top5 acc 36.50%	top1 acc 12.50%	Test Loss: 3.5472
2026-07-30 00:17:50 - INFO - Epoch [27/50] Train Loss: 4.3770
2026-07-30 00:17:50 - INFO - top5 acc 33.00%	top1 acc 12.50%	Test Loss: 3.5651
2026-07-30 00:18:11 - INFO - Epoch [28/50] Train Loss: 4.3395
2026-07-30 00:18:11 - INFO - top5 acc 38.50%	top1 acc 13.50%	Test Loss: 3.5229
2026-07-30 00:18:32 - INFO - Epoch [29/50] Train Loss: 4.3091
2026-07-30 00:18:32 - INFO - top5 acc 35.50%	top1 acc 13.50%	Test Loss: 3.6068
2026-07-30 00:18:52 - INFO - Epoch [30/50] Train Loss: 4.2680
2026-07-30 00:18:52 - INFO - top5 acc 33.00%	top1 acc 13.00%	Test Loss: 3.6203
2026-07-30 00:19:12 - INFO - Epoch [31/50] Train Loss: 4.2388
2026-07-30 00:19:12 - INFO - top5 acc 38.50%	top1 acc 13.50%	Test Loss: 3.5157
2026-07-30 00:19:38 - INFO - Epoch [32/50] Train Loss: 4.2099
2026-07-30 00:19:38 - INFO - top5 acc 32.00%	top1 acc 12.50%	Test Loss: 3.6328
2026-07-30 00:20:01 - INFO - Epoch [33/50] Train Loss: 4.1757
2026-07-30 00:20:01 - INFO - top5 acc 38.00%	top1 acc 14.00%	Test Loss: 3.5334
2026-07-30 00:20:25 - INFO - Epoch [34/50] Train Loss: 4.1480
2026-07-30 00:20:25 - INFO - top5 acc 36.00%	top1 acc 12.50%	Test Loss: 3.5216
2026-07-30 00:20:47 - INFO - Epoch [35/50] Train Loss: 4.1209
2026-07-30 00:20:47 - INFO - top5 acc 38.00%	top1 acc 14.00%	Test Loss: 3.5424
2026-07-30 00:21:08 - INFO - Epoch [36/50] Train Loss: 4.0903
2026-07-30 00:21:08 - INFO - top5 acc 37.00%	top1 acc 14.00%	Test Loss: 3.5086
2026-07-30 00:21:29 - INFO - Epoch [37/50] Train Loss: 4.0553
2026-07-30 00:21:29 - INFO - top5 acc 37.00%	top1 acc 13.00%	Test Loss: 3.4895
2026-07-30 00:21:51 - INFO - Epoch [38/50] Train Loss: 4.0362
2026-07-30 00:21:51 - INFO - top5 acc 35.50%	top1 acc 13.50%	Test Loss: 3.5430
2026-07-30 00:22:12 - INFO - Epoch [39/50] Train Loss: 4.0078
2026-07-30 00:22:12 - INFO - top5 acc 38.50%	top1 acc 14.50%	Test Loss: 3.5995
2026-07-30 00:22:33 - INFO - Epoch [40/50] Train Loss: 3.9796
2026-07-30 00:22:34 - INFO - top5 acc 36.00%	top1 acc 13.00%	Test Loss: 3.5177
2026-07-30 00:22:55 - INFO - Epoch [41/50] Train Loss: 3.9592
2026-07-30 00:22:55 - INFO - top5 acc 34.00%	top1 acc 12.50%	Test Loss: 3.5722
2026-07-30 00:23:16 - INFO - Epoch [42/50] Train Loss: 3.9264
2026-07-30 00:23:16 - INFO - top5 acc 35.50%	top1 acc 14.00%	Test Loss: 3.5306
2026-07-30 00:23:37 - INFO - Epoch [43/50] Train Loss: 3.9069
2026-07-30 00:23:37 - INFO - top5 acc 37.50%	top1 acc 13.50%	Test Loss: 3.5411
2026-07-30 00:23:57 - INFO - Epoch [44/50] Train Loss: 3.8859
2026-07-30 00:23:57 - INFO - top5 acc 32.50%	top1 acc 12.00%	Test Loss: 3.5732
2026-07-30 00:24:17 - INFO - Epoch [45/50] Train Loss: 3.8604
2026-07-30 00:24:17 - INFO - top5 acc 39.50%	top1 acc 13.50%	Test Loss: 3.5104
2026-07-30 00:24:38 - INFO - Epoch [46/50] Train Loss: 3.8387
2026-07-30 00:24:38 - INFO - top5 acc 40.00%	top1 acc 14.50%	Test Loss: 3.4626
2026-07-30 00:24:59 - INFO - Epoch [47/50] Train Loss: 3.8153
2026-07-30 00:24:59 - INFO - top5 acc 39.50%	top1 acc 13.00%	Test Loss: 3.4683
2026-07-30 00:25:20 - INFO - Epoch [48/50] Train Loss: 3.7926
2026-07-30 00:25:20 - INFO - top5 acc 36.50%	top1 acc 12.00%	Test Loss: 3.5586
2026-07-30 00:25:41 - INFO - Epoch [49/50] Train Loss: 3.7717
2026-07-30 00:25:41 - INFO - top5 acc 34.50%	top1 acc 14.00%	Test Loss: 3.5851
2026-07-30 00:26:01 - INFO - Epoch [50/50] Train Loss: 3.7458
2026-07-30 00:26:02 - INFO - top5 acc 37.00%	top1 acc 14.50%	Test Loss: 3.5377
2026-07-30 00:26:02 - INFO - best test loss: 3.4626 top5 acc: 40.00 top1 acc: 14.50 at epoch 46
