2026-07-30 00:07:58 - INFO - Input arguments:
2026-07-30 00:07:58 - INFO - device                 cuda:0
2026-07-30 00:07:58 - INFO - num_epochs             50
2026-07-30 00:07:58 - INFO - batch_size             1024
2026-07-30 00:07:58 - INFO - learning_rate          0.0001
2026-07-30 00:07:58 - INFO - output_dir             ./autodl-tmp/results/things_eeg/inter-subjects
2026-07-30 00:07:58 - INFO - output_name            sub-09
2026-07-30 00:07:58 - INFO - train_subject_ids      [1, 2, 3, 4, 5, 6, 7, 8, 10]
2026-07-30 00:07:58 - INFO - test_subject_ids       [9]
2026-07-30 00:07:58 - INFO - data_average           True
2026-07-30 00:07:58 - INFO - data_random            False
2026-07-30 00:07:58 - INFO - init_temperature       0.07
2026-07-30 00:07:58 - INFO - t_learnable            False
2026-07-30 00:07:58 - INFO - softplus               True
2026-07-30 00:07:58 - INFO - alpha                  1.0
2026-07-30 00:07:58 - INFO - beta                   1.0
2026-07-30 00:07:58 - INFO - img_l2norm             True
2026-07-30 00:07:58 - INFO - text_l2norm            False
2026-07-30 00:07:58 - INFO - eeg_l2norm             False
2026-07-30 00:07:58 - INFO - eeg_data_dir           /root/autodl-tmp/data/things_eeg/preprocessed_eeg
2026-07-30 00:07:58 - INFO - selected_channels      []
2026-07-30 00:07:58 - INFO - time_window            [0, 250]
2026-07-30 00:07:58 - INFO - eeg_aug                True
2026-07-30 00:07:58 - INFO - eeg_aug_type           smooth
2026-07-30 00:07:58 - INFO - eeg_encoder_type       TSConv
2026-07-30 00:07:58 - INFO - image_aug              True
2026-07-30 00:07:58 - INFO - image_test_aug         True
2026-07-30 00:07:58 - INFO - eeg_test_aug           False
2026-07-30 00:07:58 - INFO - frozen_eeg_prior       True
2026-07-30 00:07:58 - INFO - projector              linear
2026-07-30 00:07:58 - INFO - feature_dim            512
2026-07-30 00:07:58 - INFO - image_feature_dir      /root/autodl-tmp/data/things_eeg/image_feature/RN50
2026-07-30 00:07:58 - INFO - aug_image_feature_dirs ['/root/autodl-tmp/data/things_eeg/image_feature/RN50/GaussianBlur-GaussianNoise-LowResolution-Mosaic']
2026-07-30 00:07:58 - INFO - text_feature_dir       
2026-07-30 00:07:58 - INFO - save_weights           True
2026-07-30 00:07:58 - INFO - seed                   42
2026-07-30 00:07:58 - INFO - Using device: cuda:0
2026-07-30 01:17:53 - INFO - EEG sample points: 250
2026-07-30 01:17:53 - INFO - feature dimension: 1024
2026-07-30 01:17:53 - INFO - data length: 148860
2026-07-30 01:17:53 - INFO - number of channels: 63
2026-07-30 01:17:54 - INFO - EEG Encoder trainable parameters: 2.63M
2026-07-30 01:17:54 - INFO - TSConv(
  (tsconv): Sequential(
    (0): Conv2d(1, 40, kernel_size=(1, 25), stride=(1, 1))
    (1): AvgPool2d(kernel_size=(1, 51), stride=(1, 5), padding=0)
    (2): BatchNorm2d(40, eps=1e-05, momentum=0.1, affine=True, track_running_stats=True)
    (3): ELU(alpha=1.0)
    (4): Conv2d(40, 40, kernel_size=(63, 1), stride=(1, 1))
    (5): BatchNorm2d(40, eps=1e-05, momentum=0.1, affine=True, track_running_stats=True)
    (6): ELU(alpha=1.0)
    (7): Dropout(p=0.5, inplace=False)
  )
  (projection): Conv2d(40, 40, kernel_size=(1, 1), stride=(1, 1))
  (proj_eeg): Sequential(
    (0): Linear(in_features=1440, out_features=1024, bias=True)
    (1): ResidualAdd(
      (f): Sequential(
        (0): GELU(approximate='none')
        (1): Linear(in_features=1024, out_features=1024, bias=True)
        (2): Dropout(p=0.5, inplace=False)
      )
    )
    (2): LayerNorm((1024,), eps=1e-05, elementwise_affine=True)
  )
)
2026-07-30 01:17:54 - INFO - Projector trainable parameters: 1.57M
2026-07-30 01:17:54 - INFO - ContrastiveLoss(
  (criterion_cls): CrossEntropyLoss()
  (criterion_mse): MSELoss()
  (softplus): Softplus(beta=1.0, threshold=20.0)
)
2026-07-30 01:18:20 - INFO - Epoch [1/50] Train Loss: 6.4837
2026-07-30 01:18:20 - INFO - top5 acc 23.50%	top1 acc 6.00%	Test Loss: 4.1169
2026-07-30 01:18:45 - INFO - Epoch [2/50] Train Loss: 5.8692
2026-07-30 01:18:45 - INFO - top5 acc 30.00%	top1 acc 14.00%	Test Loss: 3.8723
2026-07-30 01:19:09 - INFO - Epoch [3/50] Train Loss: 5.6635
2026-07-30 01:19:10 - INFO - top5 acc 34.50%	top1 acc 15.00%	Test Loss: 3.7307
2026-07-30 01:19:34 - INFO - Epoch [4/50] Train Loss: 5.5323
2026-07-30 01:19:34 - INFO - top5 acc 39.00%	top1 acc 16.50%	Test Loss: 3.6072
2026-07-30 01:19:59 - INFO - Epoch [5/50] Train Loss: 5.4336
2026-07-30 01:19:59 - INFO - top5 acc 42.00%	top1 acc 16.00%	Test Loss: 3.4450
2026-07-30 01:20:23 - INFO - Epoch [6/50] Train Loss: 5.3507
2026-07-30 01:20:23 - INFO - top5 acc 44.50%	top1 acc 18.00%	Test Loss: 3.3830
2026-07-30 01:20:48 - INFO - Epoch [7/50] Train Loss: 5.2817
2026-07-30 01:20:48 - INFO - top5 acc 45.00%	top1 acc 21.00%	Test Loss: 3.3108
2026-07-30 01:21:13 - INFO - Epoch [8/50] Train Loss: 5.2170
2026-07-30 01:21:13 - INFO - top5 acc 47.50%	top1 acc 20.00%	Test Loss: 3.2880
2026-07-30 01:21:38 - INFO - Epoch [9/50] Train Loss: 5.1572
2026-07-30 01:21:38 - INFO - top5 acc 48.00%	top1 acc 21.50%	Test Loss: 3.2354
2026-07-30 01:22:03 - INFO - Epoch [10/50] Train Loss: 5.1048
2026-07-30 01:22:03 - INFO - top5 acc 45.00%	top1 acc 20.00%	Test Loss: 3.2595
2026-07-30 01:22:28 - INFO - Epoch [11/50] Train Loss: 5.0540
2026-07-30 01:22:28 - INFO - top5 acc 48.00%	top1 acc 19.50%	Test Loss: 3.2593
2026-07-30 01:22:53 - INFO - Epoch [12/50] Train Loss: 5.0060
2026-07-30 01:22:53 - INFO - top5 acc 47.00%	top1 acc 17.50%	Test Loss: 3.2371
2026-07-30 01:23:18 - INFO - Epoch [13/50] Train Loss: 4.9596
2026-07-30 01:23:18 - INFO - top5 acc 50.50%	top1 acc 19.00%	Test Loss: 3.2166
2026-07-30 01:23:42 - INFO - Epoch [14/50] Train Loss: 4.9155
2026-07-30 01:23:42 - INFO - top5 acc 51.00%	top1 acc 18.00%	Test Loss: 3.1642
2026-07-30 01:24:07 - INFO - Epoch [15/50] Train Loss: 4.8722
2026-07-30 01:24:07 - INFO - top5 acc 47.00%	top1 acc 17.00%	Test Loss: 3.2443
2026-07-30 01:24:32 - INFO - Epoch [16/50] Train Loss: 4.8285
2026-07-30 01:24:32 - INFO - top5 acc 48.50%	top1 acc 18.00%	Test Loss: 3.1841
2026-07-30 01:24:57 - INFO - Epoch [17/50] Train Loss: 4.7835
2026-07-30 01:24:57 - INFO - top5 acc 50.50%	top1 acc 16.50%	Test Loss: 3.1603
2026-07-30 01:25:22 - INFO - Epoch [18/50] Train Loss: 4.7423
2026-07-30 01:25:22 - INFO - top5 acc 52.00%	top1 acc 21.00%	Test Loss: 3.1558
2026-07-30 01:25:46 - INFO - Epoch [19/50] Train Loss: 4.7060
2026-07-30 01:25:47 - INFO - top5 acc 48.50%	top1 acc 15.50%	Test Loss: 3.1619
2026-07-30 01:26:12 - INFO - Epoch [20/50] Train Loss: 4.6623
2026-07-30 01:26:12 - INFO - top5 acc 55.00%	top1 acc 18.50%	Test Loss: 3.1037
2026-07-30 01:26:37 - INFO - Epoch [21/50] Train Loss: 4.6241
2026-07-30 01:26:37 - INFO - top5 acc 47.50%	top1 acc 18.00%	Test Loss: 3.2272
2026-07-30 01:27:02 - INFO - Epoch [22/50] Train Loss: 4.5817
2026-07-30 01:27:02 - INFO - top5 acc 51.50%	top1 acc 19.00%	Test Loss: 3.1617
2026-07-30 01:27:27 - INFO - Epoch [23/50] Train Loss: 4.5456
2026-07-30 01:27:27 - INFO - top5 acc 49.00%	top1 acc 16.00%	Test Loss: 3.1949
2026-07-30 01:27:52 - INFO - Epoch [24/50] Train Loss: 4.5078
2026-07-30 01:27:52 - INFO - top5 acc 52.50%	top1 acc 18.50%	Test Loss: 3.1632
2026-07-30 01:28:17 - INFO - Epoch [25/50] Train Loss: 4.4689
2026-07-30 01:28:17 - INFO - top5 acc 47.50%	top1 acc 18.00%	Test Loss: 3.2194
2026-07-30 01:28:42 - INFO - Epoch [26/50] Train Loss: 4.4334
2026-07-30 01:28:42 - INFO - top5 acc 45.50%	top1 acc 18.50%	Test Loss: 3.2334
2026-07-30 01:29:07 - INFO - Epoch [27/50] Train Loss: 4.3976
2026-07-30 01:29:07 - INFO - top5 acc 46.50%	top1 acc 15.00%	Test Loss: 3.2474
2026-07-30 01:29:32 - INFO - Epoch [28/50] Train Loss: 4.3590
2026-07-30 01:29:32 - INFO - top5 acc 46.00%	top1 acc 13.00%	Test Loss: 3.2610
2026-07-30 01:29:57 - INFO - Epoch [29/50] Train Loss: 4.3248
2026-07-30 01:29:57 - INFO - top5 acc 48.50%	top1 acc 16.00%	Test Loss: 3.1982
2026-07-30 01:30:22 - INFO - Epoch [30/50] Train Loss: 4.2939
2026-07-30 01:30:22 - INFO - top5 acc 43.00%	top1 acc 14.50%	Test Loss: 3.2921
2026-07-30 01:30:46 - INFO - Epoch [31/50] Train Loss: 4.2577
2026-07-30 01:30:47 - INFO - top5 acc 46.00%	top1 acc 15.50%	Test Loss: 3.3171
2026-07-30 01:31:11 - INFO - Epoch [32/50] Train Loss: 4.2224
2026-07-30 01:31:11 - INFO - top5 acc 43.50%	top1 acc 14.00%	Test Loss: 3.3529
2026-07-30 01:31:36 - INFO - Epoch [33/50] Train Loss: 4.1962
2026-07-30 01:31:36 - INFO - top5 acc 43.00%	top1 acc 15.50%	Test Loss: 3.3800
2026-07-30 01:32:00 - INFO - Epoch [34/50] Train Loss: 4.1686
2026-07-30 01:32:00 - INFO - top5 acc 41.00%	top1 acc 14.50%	Test Loss: 3.3647
2026-07-30 01:32:25 - INFO - Epoch [35/50] Train Loss: 4.1354
2026-07-30 01:32:25 - INFO - top5 acc 42.50%	top1 acc 14.50%	Test Loss: 3.3711
2026-07-30 01:32:50 - INFO - Epoch [36/50] Train Loss: 4.1066
2026-07-30 01:32:50 - INFO - top5 acc 41.50%	top1 acc 14.00%	Test Loss: 3.4564
2026-07-30 01:33:15 - INFO - Epoch [37/50] Train Loss: 4.0820
2026-07-30 01:33:15 - INFO - top5 acc 39.00%	top1 acc 14.00%	Test Loss: 3.4711
2026-07-30 01:33:40 - INFO - Epoch [38/50] Train Loss: 4.0526
2026-07-30 01:33:40 - INFO - top5 acc 40.00%	top1 acc 13.50%	Test Loss: 3.4850
2026-07-30 01:34:05 - INFO - Epoch [39/50] Train Loss: 4.0285
2026-07-30 01:34:05 - INFO - top5 acc 45.00%	top1 acc 16.00%	Test Loss: 3.4339
2026-07-30 01:34:29 - INFO - Epoch [40/50] Train Loss: 3.9928
2026-07-30 01:34:30 - INFO - top5 acc 41.50%	top1 acc 15.50%	Test Loss: 3.4535
2026-07-30 01:34:55 - INFO - Epoch [41/50] Train Loss: 3.9698
2026-07-30 01:34:55 - INFO - top5 acc 45.00%	top1 acc 15.50%	Test Loss: 3.4301
2026-07-30 01:35:20 - INFO - Epoch [42/50] Train Loss: 3.9454
2026-07-30 01:35:20 - INFO - top5 acc 41.00%	top1 acc 14.50%	Test Loss: 3.5129
2026-07-30 01:35:44 - INFO - Epoch [43/50] Train Loss: 3.9238
2026-07-30 01:35:44 - INFO - top5 acc 39.50%	top1 acc 13.50%	Test Loss: 3.5682
2026-07-30 01:36:09 - INFO - Epoch [44/50] Train Loss: 3.8923
2026-07-30 01:36:09 - INFO - top5 acc 38.00%	top1 acc 11.50%	Test Loss: 3.5863
2026-07-30 01:36:34 - INFO - Epoch [45/50] Train Loss: 3.8765
2026-07-30 01:36:34 - INFO - top5 acc 37.00%	top1 acc 13.50%	Test Loss: 3.5813
2026-07-30 01:37:01 - INFO - Epoch [46/50] Train Loss: 3.8482
2026-07-30 01:37:02 - INFO - top5 acc 40.00%	top1 acc 15.00%	Test Loss: 3.5111
2026-07-30 01:37:33 - INFO - Epoch [47/50] Train Loss: 3.8285
2026-07-30 01:37:34 - INFO - top5 acc 38.00%	top1 acc 14.50%	Test Loss: 3.5010
2026-07-30 01:38:05 - INFO - Epoch [48/50] Train Loss: 3.8016
2026-07-30 01:38:05 - INFO - top5 acc 41.00%	top1 acc 15.50%	Test Loss: 3.6231
2026-07-30 01:38:39 - INFO - Epoch [49/50] Train Loss: 3.7806
2026-07-30 01:38:39 - INFO - top5 acc 37.50%	top1 acc 13.00%	Test Loss: 3.7053
2026-07-30 01:39:12 - INFO - Epoch [50/50] Train Loss: 3.7575
2026-07-30 01:39:12 - INFO - top5 acc 38.00%	top1 acc 12.50%	Test Loss: 3.6911
2026-07-30 01:39:12 - INFO - best test loss: 3.1037 top5 acc: 55.00 top1 acc: 18.50 at epoch 20
