2026-07-27 00:00:44 - INFO - Input arguments:
2026-07-27 00:00:44 - INFO - device                 cuda:0
2026-07-27 00:00:44 - INFO - num_epochs             50
2026-07-27 00:00:44 - INFO - batch_size             1024
2026-07-27 00:00:44 - INFO - learning_rate          0.0001
2026-07-27 00:00:44 - INFO - output_dir             ./autodl-tmp/results/things_eeg/inter-subjects
2026-07-27 00:00:44 - INFO - output_name            sub-04
2026-07-27 00:00:44 - INFO - train_subject_ids      [1, 2, 3, 5, 6, 7, 8, 9, 10]
2026-07-27 00:00:44 - INFO - test_subject_ids       [4]
2026-07-27 00:00:44 - INFO - data_average           True
2026-07-27 00:00:44 - INFO - data_random            False
2026-07-27 00:00:44 - INFO - init_temperature       0.07
2026-07-27 00:00:44 - INFO - t_learnable            False
2026-07-27 00:00:44 - INFO - softplus               True
2026-07-27 00:00:44 - INFO - alpha                  1.0
2026-07-27 00:00:44 - INFO - beta                   1.0
2026-07-27 00:00:44 - INFO - img_l2norm             True
2026-07-27 00:00:44 - INFO - text_l2norm            False
2026-07-27 00:00:44 - INFO - eeg_l2norm             False
2026-07-27 00:00:44 - INFO - eeg_data_dir           /root/autodl-tmp/data/things_eeg/preprocessed_eeg
2026-07-27 00:00:44 - INFO - selected_channels      []
2026-07-27 00:00:44 - INFO - time_window            [0, 250]
2026-07-27 00:00:44 - INFO - eeg_aug                True
2026-07-27 00:00:44 - INFO - eeg_aug_type           smooth
2026-07-27 00:00:44 - INFO - eeg_encoder_type       TSConv
2026-07-27 00:00:44 - INFO - image_aug              True
2026-07-27 00:00:44 - INFO - image_test_aug         True
2026-07-27 00:00:44 - INFO - eeg_test_aug           False
2026-07-27 00:00:44 - INFO - frozen_eeg_prior       True
2026-07-27 00:00:44 - INFO - projector              linear
2026-07-27 00:00:44 - INFO - feature_dim            512
2026-07-27 00:00:44 - INFO - image_feature_dir      /root/autodl-tmp/data/things_eeg/image_feature/RN50
2026-07-27 00:00:44 - INFO - aug_image_feature_dirs ['/root/autodl-tmp/data/things_eeg/image_feature/RN50/GaussianBlur-GaussianNoise-LowResolution-Mosaic']
2026-07-27 00:00:44 - INFO - text_feature_dir       
2026-07-27 00:00:44 - INFO - save_weights           True
2026-07-27 00:00:44 - INFO - seed                   2025
2026-07-27 00:00:44 - INFO - Using device: cuda:0
2026-07-27 01:19:56 - INFO - EEG sample points: 250
2026-07-27 01:19:56 - INFO - feature dimension: 1024
2026-07-27 01:19:56 - INFO - data length: 148860
2026-07-27 01:19:56 - INFO - number of channels: 63
2026-07-27 01:19:58 - INFO - EEG Encoder trainable parameters: 2.63M
2026-07-27 01:19:58 - INFO - TSConv(
  (tsconv): Sequential(
    (0): Conv2d(1, 40, kernel_size=(1, 25), stride=(1, 1))
    (1): AvgPool2d(kernel_size=(1, 51), stride=(1, 5), padding=0)
    (2): BatchNorm2d(40, eps=1e-05, momentum=0.1, affine=True, track_running_stats=True)
    (3): ELU(alpha=1.0)
    (4): Conv2d(40, 40, kernel_size=(63, 1), stride=(1, 1))
    (5): BatchNorm2d(40, eps=1e-05, momentum=0.1, affine=True, track_running_stats=True)
    (6): ELU(alpha=1.0)
    (7): Dropout(p=0.5, inplace=False)
  )
  (projection): Conv2d(40, 40, kernel_size=(1, 1), stride=(1, 1))
  (proj_eeg): Sequential(
    (0): Linear(in_features=1440, out_features=1024, bias=True)
    (1): ResidualAdd(
      (f): Sequential(
        (0): GELU(approximate='none')
        (1): Linear(in_features=1024, out_features=1024, bias=True)
        (2): Dropout(p=0.5, inplace=False)
      )
    )
    (2): LayerNorm((1024,), eps=1e-05, elementwise_affine=True)
  )
)
2026-07-27 01:19:58 - INFO - Projector trainable parameters: 1.57M
2026-07-27 01:19:58 - INFO - ContrastiveLoss(
  (criterion_cls): CrossEntropyLoss()
  (criterion_mse): MSELoss()
  (softplus): Softplus(beta=1.0, threshold=20.0)
)
2026-07-27 01:20:26 - INFO - Epoch [1/50] Train Loss: 6.5671
2026-07-27 01:20:26 - INFO - top5 acc 23.50%	top1 acc 7.00%	Test Loss: 4.1044
2026-07-27 01:20:54 - INFO - Epoch [2/50] Train Loss: 5.9544
2026-07-27 01:20:54 - INFO - top5 acc 36.00%	top1 acc 9.50%	Test Loss: 3.7583
2026-07-27 01:21:25 - INFO - Epoch [3/50] Train Loss: 5.7140
2026-07-27 01:21:25 - INFO - top5 acc 37.50%	top1 acc 11.50%	Test Loss: 3.5727
2026-07-27 01:21:55 - INFO - Epoch [4/50] Train Loss: 5.5500
2026-07-27 01:21:55 - INFO - top5 acc 39.00%	top1 acc 13.50%	Test Loss: 3.5358
2026-07-27 01:22:25 - INFO - Epoch [5/50] Train Loss: 5.4202
2026-07-27 01:22:26 - INFO - top5 acc 42.50%	top1 acc 14.00%	Test Loss: 3.4363
2026-07-27 01:22:57 - INFO - Epoch [6/50] Train Loss: 5.3327
2026-07-27 01:22:57 - INFO - top5 acc 43.00%	top1 acc 16.00%	Test Loss: 3.4509
2026-07-27 01:23:27 - INFO - Epoch [7/50] Train Loss: 5.2626
2026-07-27 01:23:27 - INFO - top5 acc 43.00%	top1 acc 16.50%	Test Loss: 3.3839
2026-07-27 01:23:56 - INFO - Epoch [8/50] Train Loss: 5.1988
2026-07-27 01:23:56 - INFO - top5 acc 42.50%	top1 acc 18.00%	Test Loss: 3.4352
2026-07-27 01:24:26 - INFO - Epoch [9/50] Train Loss: 5.1388
2026-07-27 01:24:26 - INFO - top5 acc 45.50%	top1 acc 15.00%	Test Loss: 3.3600
2026-07-27 01:24:55 - INFO - Epoch [10/50] Train Loss: 5.0771
2026-07-27 01:24:55 - INFO - top5 acc 48.00%	top1 acc 18.00%	Test Loss: 3.2801
2026-07-27 01:25:24 - INFO - Epoch [11/50] Train Loss: 5.0232
2026-07-27 01:25:24 - INFO - top5 acc 46.50%	top1 acc 21.00%	Test Loss: 3.2778
2026-07-27 01:25:52 - INFO - Epoch [12/50] Train Loss: 4.9697
2026-07-27 01:25:52 - INFO - top5 acc 47.50%	top1 acc 17.00%	Test Loss: 3.3213
2026-07-27 01:26:19 - INFO - Epoch [13/50] Train Loss: 4.9235
2026-07-27 01:26:19 - INFO - top5 acc 48.50%	top1 acc 20.00%	Test Loss: 3.2660
2026-07-27 01:26:47 - INFO - Epoch [14/50] Train Loss: 4.8733
2026-07-27 01:26:47 - INFO - top5 acc 49.50%	top1 acc 19.00%	Test Loss: 3.2538
2026-07-27 01:27:14 - INFO - Epoch [15/50] Train Loss: 4.8247
2026-07-27 01:27:15 - INFO - top5 acc 50.00%	top1 acc 17.00%	Test Loss: 3.2500
2026-07-27 01:27:42 - INFO - Epoch [16/50] Train Loss: 4.7792
2026-07-27 01:27:42 - INFO - top5 acc 51.00%	top1 acc 20.00%	Test Loss: 3.2118
2026-07-27 01:28:09 - INFO - Epoch [17/50] Train Loss: 4.7321
2026-07-27 01:28:10 - INFO - top5 acc 48.00%	top1 acc 19.50%	Test Loss: 3.2189
2026-07-27 01:28:36 - INFO - Epoch [18/50] Train Loss: 4.6876
2026-07-27 01:28:36 - INFO - top5 acc 51.50%	top1 acc 16.50%	Test Loss: 3.2309
2026-07-27 01:29:05 - INFO - Epoch [19/50] Train Loss: 4.6412
2026-07-27 01:29:06 - INFO - top5 acc 50.50%	top1 acc 19.50%	Test Loss: 3.1951
2026-07-27 01:29:37 - INFO - Epoch [20/50] Train Loss: 4.5978
2026-07-27 01:29:37 - INFO - top5 acc 48.50%	top1 acc 18.50%	Test Loss: 3.2123
2026-07-27 01:30:06 - INFO - Epoch [21/50] Train Loss: 4.5594
2026-07-27 01:30:06 - INFO - top5 acc 51.00%	top1 acc 19.00%	Test Loss: 3.1982
2026-07-27 01:30:34 - INFO - Epoch [22/50] Train Loss: 4.5183
2026-07-27 01:30:34 - INFO - top5 acc 51.00%	top1 acc 19.50%	Test Loss: 3.2420
2026-07-27 01:31:02 - INFO - Epoch [23/50] Train Loss: 4.4828
2026-07-27 01:31:02 - INFO - top5 acc 50.50%	top1 acc 21.00%	Test Loss: 3.2147
2026-07-27 01:31:32 - INFO - Epoch [24/50] Train Loss: 4.4447
2026-07-27 01:31:32 - INFO - top5 acc 49.00%	top1 acc 18.00%	Test Loss: 3.2459
2026-07-27 01:32:01 - INFO - Epoch [25/50] Train Loss: 4.4055
2026-07-27 01:32:01 - INFO - top5 acc 49.00%	top1 acc 19.00%	Test Loss: 3.2650
2026-07-27 01:32:31 - INFO - Epoch [26/50] Train Loss: 4.3682
2026-07-27 01:32:31 - INFO - top5 acc 51.00%	top1 acc 18.00%	Test Loss: 3.3234
2026-07-27 01:33:00 - INFO - Epoch [27/50] Train Loss: 4.3354
2026-07-27 01:33:00 - INFO - top5 acc 50.00%	top1 acc 20.00%	Test Loss: 3.2645
2026-07-27 01:33:27 - INFO - Epoch [28/50] Train Loss: 4.2987
2026-07-27 01:33:27 - INFO - top5 acc 48.50%	top1 acc 21.50%	Test Loss: 3.3562
2026-07-27 01:33:54 - INFO - Epoch [29/50] Train Loss: 4.2685
2026-07-27 01:33:54 - INFO - top5 acc 47.00%	top1 acc 18.50%	Test Loss: 3.3246
2026-07-27 01:34:22 - INFO - Epoch [30/50] Train Loss: 4.2375
2026-07-27 01:34:22 - INFO - top5 acc 49.00%	top1 acc 19.50%	Test Loss: 3.3111
2026-07-27 01:34:49 - INFO - Epoch [31/50] Train Loss: 4.2029
2026-07-27 01:34:49 - INFO - top5 acc 49.50%	top1 acc 19.50%	Test Loss: 3.2719
2026-07-27 01:35:18 - INFO - Epoch [32/50] Train Loss: 4.1724
2026-07-27 01:35:18 - INFO - top5 acc 47.50%	top1 acc 17.00%	Test Loss: 3.3806
2026-07-27 01:35:46 - INFO - Epoch [33/50] Train Loss: 4.1411
2026-07-27 01:35:46 - INFO - top5 acc 48.50%	top1 acc 17.50%	Test Loss: 3.3503
2026-07-27 01:36:14 - INFO - Epoch [34/50] Train Loss: 4.1109
2026-07-27 01:36:14 - INFO - top5 acc 49.50%	top1 acc 17.50%	Test Loss: 3.3550
2026-07-27 01:36:41 - INFO - Epoch [35/50] Train Loss: 4.0828
2026-07-27 01:36:41 - INFO - top5 acc 47.50%	top1 acc 20.50%	Test Loss: 3.2844
2026-07-27 01:37:13 - INFO - Epoch [36/50] Train Loss: 4.0600
2026-07-27 01:37:13 - INFO - top5 acc 50.50%	top1 acc 18.50%	Test Loss: 3.3248
2026-07-27 01:37:43 - INFO - Epoch [37/50] Train Loss: 4.0268
2026-07-27 01:37:44 - INFO - top5 acc 47.50%	top1 acc 22.00%	Test Loss: 3.3469
2026-07-27 01:38:11 - INFO - Epoch [38/50] Train Loss: 3.9970
2026-07-27 01:38:12 - INFO - top5 acc 48.50%	top1 acc 20.00%	Test Loss: 3.3880
2026-07-27 01:38:40 - INFO - Epoch [39/50] Train Loss: 3.9793
2026-07-27 01:38:40 - INFO - top5 acc 47.00%	top1 acc 19.50%	Test Loss: 3.3695
2026-07-27 01:39:08 - INFO - Epoch [40/50] Train Loss: 3.9505
2026-07-27 01:39:08 - INFO - top5 acc 47.00%	top1 acc 22.00%	Test Loss: 3.3714
2026-07-27 01:39:35 - INFO - Epoch [41/50] Train Loss: 3.9262
2026-07-27 01:39:35 - INFO - top5 acc 48.50%	top1 acc 20.00%	Test Loss: 3.3661
2026-07-27 01:40:05 - INFO - Epoch [42/50] Train Loss: 3.9038
2026-07-27 01:40:05 - INFO - top5 acc 45.50%	top1 acc 20.50%	Test Loss: 3.4204
2026-07-27 01:40:35 - INFO - Epoch [43/50] Train Loss: 3.8774
2026-07-27 01:40:35 - INFO - top5 acc 46.00%	top1 acc 18.50%	Test Loss: 3.4649
2026-07-27 01:41:03 - INFO - Epoch [44/50] Train Loss: 3.8558
2026-07-27 01:41:03 - INFO - top5 acc 46.50%	top1 acc 19.50%	Test Loss: 3.4619
2026-07-27 01:41:30 - INFO - Epoch [45/50] Train Loss: 3.8282
2026-07-27 01:41:30 - INFO - top5 acc 44.50%	top1 acc 18.00%	Test Loss: 3.4120
2026-07-27 01:41:57 - INFO - Epoch [46/50] Train Loss: 3.8059
2026-07-27 01:41:57 - INFO - top5 acc 45.50%	top1 acc 18.50%	Test Loss: 3.4786
2026-07-27 01:42:29 - INFO - Epoch [47/50] Train Loss: 3.7789
2026-07-27 01:42:29 - INFO - top5 acc 47.50%	top1 acc 18.50%	Test Loss: 3.4601
2026-07-27 01:42:59 - INFO - Epoch [48/50] Train Loss: 3.7611
2026-07-27 01:42:59 - INFO - top5 acc 48.50%	top1 acc 22.00%	Test Loss: 3.4070
2026-07-27 01:43:29 - INFO - Epoch [49/50] Train Loss: 3.7367
2026-07-27 01:43:29 - INFO - top5 acc 47.00%	top1 acc 19.50%	Test Loss: 3.3998
2026-07-27 01:43:58 - INFO - Epoch [50/50] Train Loss: 3.7152
2026-07-27 01:43:58 - INFO - top5 acc 49.50%	top1 acc 18.00%	Test Loss: 3.3904
2026-07-27 01:43:58 - INFO - best test loss: 3.1951 top5 acc: 50.50 top1 acc: 19.50 at epoch 19
