2026-07-29 22:35:04 - INFO - Input arguments:
2026-07-29 22:35:04 - INFO - device                 cuda:0
2026-07-29 22:35:04 - INFO - num_epochs             50
2026-07-29 22:35:04 - INFO - batch_size             1024
2026-07-29 22:35:04 - INFO - learning_rate          0.0001
2026-07-29 22:35:04 - INFO - output_dir             ./autodl-tmp/results/things_eeg/inter-subjects
2026-07-29 22:35:04 - INFO - output_name            sub-08
2026-07-29 22:35:04 - INFO - train_subject_ids      [1, 2, 3, 4, 5, 6, 7, 9, 10]
2026-07-29 22:35:04 - INFO - test_subject_ids       [8]
2026-07-29 22:35:04 - INFO - data_average           True
2026-07-29 22:35:04 - INFO - data_random            False
2026-07-29 22:35:04 - INFO - init_temperature       0.07
2026-07-29 22:35:04 - INFO - t_learnable            False
2026-07-29 22:35:04 - INFO - softplus               True
2026-07-29 22:35:04 - INFO - alpha                  1.0
2026-07-29 22:35:04 - INFO - beta                   1.0
2026-07-29 22:35:04 - INFO - img_l2norm             True
2026-07-29 22:35:04 - INFO - text_l2norm            False
2026-07-29 22:35:04 - INFO - eeg_l2norm             False
2026-07-29 22:35:04 - INFO - eeg_data_dir           /root/autodl-tmp/data/things_eeg/preprocessed_eeg
2026-07-29 22:35:04 - INFO - selected_channels      []
2026-07-29 22:35:04 - INFO - time_window            [0, 250]
2026-07-29 22:35:04 - INFO - eeg_aug                True
2026-07-29 22:35:04 - INFO - eeg_aug_type           smooth
2026-07-29 22:35:04 - INFO - eeg_encoder_type       TSConv
2026-07-29 22:35:04 - INFO - image_aug              True
2026-07-29 22:35:04 - INFO - image_test_aug         True
2026-07-29 22:35:04 - INFO - eeg_test_aug           False
2026-07-29 22:35:04 - INFO - frozen_eeg_prior       True
2026-07-29 22:35:04 - INFO - projector              linear
2026-07-29 22:35:04 - INFO - feature_dim            512
2026-07-29 22:35:04 - INFO - image_feature_dir      /root/autodl-tmp/data/things_eeg/image_feature/RN50
2026-07-29 22:35:04 - INFO - aug_image_feature_dirs ['/root/autodl-tmp/data/things_eeg/image_feature/RN50/GaussianBlur-GaussianNoise-LowResolution-Mosaic']
2026-07-29 22:35:04 - INFO - text_feature_dir       
2026-07-29 22:35:04 - INFO - save_weights           True
2026-07-29 22:35:04 - INFO - seed                   42
2026-07-29 22:35:05 - INFO - Using device: cuda:0
2026-07-29 23:47:14 - INFO - EEG sample points: 250
2026-07-29 23:47:14 - INFO - feature dimension: 1024
2026-07-29 23:47:14 - INFO - data length: 148860
2026-07-29 23:47:14 - INFO - number of channels: 63
2026-07-29 23:47:15 - INFO - EEG Encoder trainable parameters: 2.63M
2026-07-29 23:47:15 - INFO - TSConv(
  (tsconv): Sequential(
    (0): Conv2d(1, 40, kernel_size=(1, 25), stride=(1, 1))
    (1): AvgPool2d(kernel_size=(1, 51), stride=(1, 5), padding=0)
    (2): BatchNorm2d(40, eps=1e-05, momentum=0.1, affine=True, track_running_stats=True)
    (3): ELU(alpha=1.0)
    (4): Conv2d(40, 40, kernel_size=(63, 1), stride=(1, 1))
    (5): BatchNorm2d(40, eps=1e-05, momentum=0.1, affine=True, track_running_stats=True)
    (6): ELU(alpha=1.0)
    (7): Dropout(p=0.5, inplace=False)
  )
  (projection): Conv2d(40, 40, kernel_size=(1, 1), stride=(1, 1))
  (proj_eeg): Sequential(
    (0): Linear(in_features=1440, out_features=1024, bias=True)
    (1): ResidualAdd(
      (f): Sequential(
        (0): GELU(approximate='none')
        (1): Linear(in_features=1024, out_features=1024, bias=True)
        (2): Dropout(p=0.5, inplace=False)
      )
    )
    (2): LayerNorm((1024,), eps=1e-05, elementwise_affine=True)
  )
)
2026-07-29 23:47:15 - INFO - Projector trainable parameters: 1.57M
2026-07-29 23:47:15 - INFO - ContrastiveLoss(
  (criterion_cls): CrossEntropyLoss()
  (criterion_mse): MSELoss()
  (softplus): Softplus(beta=1.0, threshold=20.0)
)
2026-07-29 23:47:41 - INFO - Epoch [1/50] Train Loss: 6.5051
2026-07-29 23:47:41 - INFO - top5 acc 17.50%	top1 acc 5.00%	Test Loss: 4.2791
2026-07-29 23:48:05 - INFO - Epoch [2/50] Train Loss: 5.8956
2026-07-29 23:48:05 - INFO - top5 acc 27.50%	top1 acc 7.00%	Test Loss: 3.9461
2026-07-29 23:48:29 - INFO - Epoch [3/50] Train Loss: 5.6949
2026-07-29 23:48:29 - INFO - top5 acc 36.00%	top1 acc 12.50%	Test Loss: 3.7493
2026-07-29 23:48:54 - INFO - Epoch [4/50] Train Loss: 5.5699
2026-07-29 23:48:54 - INFO - top5 acc 37.50%	top1 acc 12.50%	Test Loss: 3.6198
2026-07-29 23:49:19 - INFO - Epoch [5/50] Train Loss: 5.4750
2026-07-29 23:49:19 - INFO - top5 acc 38.00%	top1 acc 10.50%	Test Loss: 3.5521
2026-07-29 23:49:44 - INFO - Epoch [6/50] Train Loss: 5.3963
2026-07-29 23:49:44 - INFO - top5 acc 41.50%	top1 acc 15.00%	Test Loss: 3.4849
2026-07-29 23:50:08 - INFO - Epoch [7/50] Train Loss: 5.3263
2026-07-29 23:50:08 - INFO - top5 acc 43.50%	top1 acc 13.00%	Test Loss: 3.4374
2026-07-29 23:50:33 - INFO - Epoch [8/50] Train Loss: 5.2631
2026-07-29 23:50:33 - INFO - top5 acc 43.00%	top1 acc 12.50%	Test Loss: 3.4150
2026-07-29 23:50:58 - INFO - Epoch [9/50] Train Loss: 5.2031
2026-07-29 23:50:58 - INFO - top5 acc 42.50%	top1 acc 16.00%	Test Loss: 3.4825
2026-07-29 23:51:23 - INFO - Epoch [10/50] Train Loss: 5.1523
2026-07-29 23:51:23 - INFO - top5 acc 45.00%	top1 acc 18.00%	Test Loss: 3.4028
2026-07-29 23:51:47 - INFO - Epoch [11/50] Train Loss: 5.0993
2026-07-29 23:51:47 - INFO - top5 acc 46.50%	top1 acc 17.50%	Test Loss: 3.3704
2026-07-29 23:52:13 - INFO - Epoch [12/50] Train Loss: 5.0521
2026-07-29 23:52:13 - INFO - top5 acc 44.50%	top1 acc 17.50%	Test Loss: 3.3805
2026-07-29 23:52:37 - INFO - Epoch [13/50] Train Loss: 5.0041
2026-07-29 23:52:37 - INFO - top5 acc 48.00%	top1 acc 18.00%	Test Loss: 3.3254
2026-07-29 23:53:01 - INFO - Epoch [14/50] Train Loss: 4.9574
2026-07-29 23:53:02 - INFO - top5 acc 46.00%	top1 acc 17.50%	Test Loss: 3.3335
2026-07-29 23:53:26 - INFO - Epoch [15/50] Train Loss: 4.9133
2026-07-29 23:53:26 - INFO - top5 acc 45.50%	top1 acc 18.00%	Test Loss: 3.2977
2026-07-29 23:53:51 - INFO - Epoch [16/50] Train Loss: 4.8706
2026-07-29 23:53:51 - INFO - top5 acc 46.00%	top1 acc 20.50%	Test Loss: 3.3546
2026-07-29 23:54:17 - INFO - Epoch [17/50] Train Loss: 4.8255
2026-07-29 23:54:17 - INFO - top5 acc 46.50%	top1 acc 21.00%	Test Loss: 3.3128
2026-07-29 23:54:42 - INFO - Epoch [18/50] Train Loss: 4.7849
2026-07-29 23:54:42 - INFO - top5 acc 47.50%	top1 acc 22.00%	Test Loss: 3.2912
2026-07-29 23:55:06 - INFO - Epoch [19/50] Train Loss: 4.7447
2026-07-29 23:55:06 - INFO - top5 acc 49.50%	top1 acc 20.50%	Test Loss: 3.3018
2026-07-29 23:55:31 - INFO - Epoch [20/50] Train Loss: 4.7022
2026-07-29 23:55:31 - INFO - top5 acc 46.50%	top1 acc 20.50%	Test Loss: 3.2834
2026-07-29 23:55:55 - INFO - Epoch [21/50] Train Loss: 4.6667
2026-07-29 23:55:55 - INFO - top5 acc 49.00%	top1 acc 19.50%	Test Loss: 3.3003
2026-07-29 23:56:19 - INFO - Epoch [22/50] Train Loss: 4.6270
2026-07-29 23:56:20 - INFO - top5 acc 51.50%	top1 acc 21.50%	Test Loss: 3.3253
2026-07-29 23:56:44 - INFO - Epoch [23/50] Train Loss: 4.5941
2026-07-29 23:56:44 - INFO - top5 acc 47.50%	top1 acc 19.50%	Test Loss: 3.3131
2026-07-29 23:57:09 - INFO - Epoch [24/50] Train Loss: 4.5550
2026-07-29 23:57:09 - INFO - top5 acc 46.50%	top1 acc 21.00%	Test Loss: 3.3278
2026-07-29 23:57:34 - INFO - Epoch [25/50] Train Loss: 4.5171
2026-07-29 23:57:34 - INFO - top5 acc 45.00%	top1 acc 21.00%	Test Loss: 3.3735
2026-07-29 23:57:58 - INFO - Epoch [26/50] Train Loss: 4.4834
2026-07-29 23:57:58 - INFO - top5 acc 49.00%	top1 acc 22.00%	Test Loss: 3.2769
2026-07-29 23:58:23 - INFO - Epoch [27/50] Train Loss: 4.4481
2026-07-29 23:58:23 - INFO - top5 acc 47.00%	top1 acc 20.50%	Test Loss: 3.3707
2026-07-29 23:58:48 - INFO - Epoch [28/50] Train Loss: 4.4156
2026-07-29 23:58:48 - INFO - top5 acc 45.50%	top1 acc 20.50%	Test Loss: 3.3586
2026-07-29 23:59:12 - INFO - Epoch [29/50] Train Loss: 4.3786
2026-07-29 23:59:12 - INFO - top5 acc 44.50%	top1 acc 22.50%	Test Loss: 3.3188
2026-07-29 23:59:37 - INFO - Epoch [30/50] Train Loss: 4.3487
2026-07-29 23:59:37 - INFO - top5 acc 45.00%	top1 acc 22.50%	Test Loss: 3.3581
2026-07-30 00:00:02 - INFO - Epoch [31/50] Train Loss: 4.3158
2026-07-30 00:00:02 - INFO - top5 acc 47.50%	top1 acc 21.00%	Test Loss: 3.3932
2026-07-30 00:00:26 - INFO - Epoch [32/50] Train Loss: 4.2853
2026-07-30 00:00:26 - INFO - top5 acc 44.50%	top1 acc 22.50%	Test Loss: 3.3873
2026-07-30 00:00:52 - INFO - Epoch [33/50] Train Loss: 4.2519
2026-07-30 00:00:52 - INFO - top5 acc 44.50%	top1 acc 22.00%	Test Loss: 3.4290
2026-07-30 00:01:16 - INFO - Epoch [34/50] Train Loss: 4.2286
2026-07-30 00:01:16 - INFO - top5 acc 44.50%	top1 acc 22.00%	Test Loss: 3.4239
2026-07-30 00:01:41 - INFO - Epoch [35/50] Train Loss: 4.1933
2026-07-30 00:01:41 - INFO - top5 acc 45.50%	top1 acc 24.50%	Test Loss: 3.4477
2026-07-30 00:02:06 - INFO - Epoch [36/50] Train Loss: 4.1635
2026-07-30 00:02:06 - INFO - top5 acc 45.00%	top1 acc 22.00%	Test Loss: 3.4508
2026-07-30 00:02:30 - INFO - Epoch [37/50] Train Loss: 4.1437
2026-07-30 00:02:30 - INFO - top5 acc 48.50%	top1 acc 23.00%	Test Loss: 3.4408
2026-07-30 00:02:55 - INFO - Epoch [38/50] Train Loss: 4.1144
2026-07-30 00:02:55 - INFO - top5 acc 45.50%	top1 acc 24.00%	Test Loss: 3.4428
2026-07-30 00:03:20 - INFO - Epoch [39/50] Train Loss: 4.0883
2026-07-30 00:03:20 - INFO - top5 acc 47.50%	top1 acc 23.50%	Test Loss: 3.3937
2026-07-30 00:03:44 - INFO - Epoch [40/50] Train Loss: 4.0598
2026-07-30 00:03:44 - INFO - top5 acc 43.50%	top1 acc 22.50%	Test Loss: 3.4419
2026-07-30 00:04:10 - INFO - Epoch [41/50] Train Loss: 4.0358
2026-07-30 00:04:10 - INFO - top5 acc 44.50%	top1 acc 23.50%	Test Loss: 3.4841
2026-07-30 00:04:34 - INFO - Epoch [42/50] Train Loss: 4.0083
2026-07-30 00:04:34 - INFO - top5 acc 45.50%	top1 acc 25.00%	Test Loss: 3.4665
2026-07-30 00:04:59 - INFO - Epoch [43/50] Train Loss: 3.9864
2026-07-30 00:04:59 - INFO - top5 acc 45.50%	top1 acc 21.50%	Test Loss: 3.4955
2026-07-30 00:05:23 - INFO - Epoch [44/50] Train Loss: 3.9627
2026-07-30 00:05:23 - INFO - top5 acc 45.50%	top1 acc 23.50%	Test Loss: 3.5634
2026-07-30 00:05:48 - INFO - Epoch [45/50] Train Loss: 3.9397
2026-07-30 00:05:48 - INFO - top5 acc 44.50%	top1 acc 19.50%	Test Loss: 3.5112
2026-07-30 00:06:13 - INFO - Epoch [46/50] Train Loss: 3.9140
2026-07-30 00:06:13 - INFO - top5 acc 46.00%	top1 acc 24.00%	Test Loss: 3.4384
2026-07-30 00:06:38 - INFO - Epoch [47/50] Train Loss: 3.8916
2026-07-30 00:06:38 - INFO - top5 acc 45.50%	top1 acc 23.00%	Test Loss: 3.5762
2026-07-30 00:07:03 - INFO - Epoch [48/50] Train Loss: 3.8628
2026-07-30 00:07:03 - INFO - top5 acc 46.50%	top1 acc 20.50%	Test Loss: 3.5394
2026-07-30 00:07:28 - INFO - Epoch [49/50] Train Loss: 3.8429
2026-07-30 00:07:28 - INFO - top5 acc 47.00%	top1 acc 23.00%	Test Loss: 3.5883
2026-07-30 00:07:53 - INFO - Epoch [50/50] Train Loss: 3.8222
2026-07-30 00:07:53 - INFO - top5 acc 45.50%	top1 acc 21.00%	Test Loss: 3.5926
2026-07-30 00:07:53 - INFO - best test loss: 3.2769 top5 acc: 49.00 top1 acc: 22.00 at epoch 26
