2026-07-28 19:15:56 - INFO - Input arguments:
2026-07-28 19:15:56 - INFO - device                 cuda:0
2026-07-28 19:15:56 - INFO - num_epochs             50
2026-07-28 19:15:56 - INFO - batch_size             1024
2026-07-28 19:15:56 - INFO - learning_rate          0.0001
2026-07-28 19:15:56 - INFO - output_dir             root/autodl-tmp/results/things_eeg/intra-subjects
2026-07-28 19:15:56 - INFO - output_name            sub-02
2026-07-28 19:15:56 - INFO - train_subject_ids      [2]
2026-07-28 19:15:56 - INFO - test_subject_ids       [2]
2026-07-28 19:15:56 - INFO - data_average           True
2026-07-28 19:15:56 - INFO - data_random            False
2026-07-28 19:15:56 - INFO - init_temperature       0.07
2026-07-28 19:15:56 - INFO - t_learnable            False
2026-07-28 19:15:56 - INFO - softplus               True
2026-07-28 19:15:56 - INFO - alpha                  1.0
2026-07-28 19:15:56 - INFO - beta                   1.0
2026-07-28 19:15:56 - INFO - img_l2norm             True
2026-07-28 19:15:56 - INFO - text_l2norm            False
2026-07-28 19:15:56 - INFO - eeg_l2norm             False
2026-07-28 19:15:56 - INFO - eeg_data_dir           /root/autodl-tmp/data/things_eeg/preprocessed_eeg
2026-07-28 19:15:56 - INFO - selected_channels      ['P7', 'P5', 'P3', 'P1', 'Pz', 'P2', 'P4', 'P6', 'P8', 'PO7', 'PO3', 'POz', 'PO4', 'PO8', 'O1', 'Oz', 'O2']
2026-07-28 19:15:56 - INFO - time_window            [0, 250]
2026-07-28 19:15:56 - INFO - eeg_aug                True
2026-07-28 19:15:56 - INFO - eeg_aug_type           smooth
2026-07-28 19:15:56 - INFO - eeg_encoder_type       EEGProject
2026-07-28 19:15:56 - INFO - image_aug              True
2026-07-28 19:15:56 - INFO - image_test_aug         True
2026-07-28 19:15:56 - INFO - eeg_test_aug           False
2026-07-28 19:15:56 - INFO - frozen_eeg_prior       True
2026-07-28 19:15:56 - INFO - projector              linear
2026-07-28 19:15:56 - INFO - feature_dim            512
2026-07-28 19:15:56 - INFO - image_feature_dir      /root/autodl-tmp/data/things_eeg/image_feature/RN50
2026-07-28 19:15:56 - INFO - aug_image_feature_dirs ['/root/autodl-tmp/data/things_eeg/image_feature/RN50/GaussianBlur-GaussianNoise-LowResolution-Mosaic']
2026-07-28 19:15:56 - INFO - text_feature_dir       
2026-07-28 19:15:56 - INFO - save_weights           True
2026-07-28 19:15:56 - INFO - seed                   9999
2026-07-28 19:15:56 - INFO - Using device: cuda:0
2026-07-28 19:18:20 - INFO - EEG sample points: 250
2026-07-28 19:18:20 - INFO - feature dimension: 1024
2026-07-28 19:18:20 - INFO - data length: 16540
2026-07-28 19:18:20 - INFO - number of channels: 17
2026-07-28 19:18:21 - INFO - EEG Encoder trainable parameters: 5.40M
2026-07-28 19:18:21 - INFO - EEGProject(
  (model): Sequential(
    (0): Linear(in_features=4250, out_features=1024, bias=True)
    (1): ResidualAdd(
      (f): Sequential(
        (0): GELU(approximate='none')
        (1): Linear(in_features=1024, out_features=1024, bias=True)
        (2): Dropout(p=0.3, inplace=False)
      )
    )
    (2): LayerNorm((1024,), eps=1e-05, elementwise_affine=True)
  )
)
2026-07-28 19:18:21 - INFO - Projector trainable parameters: 1.57M
2026-07-28 19:18:21 - INFO - ContrastiveLoss(
  (criterion_cls): CrossEntropyLoss()
  (criterion_mse): MSELoss()
  (softplus): Softplus(beta=1.0, threshold=20.0)
)
2026-07-28 19:18:22 - INFO - Epoch [1/50] Train Loss: 7.5384
2026-07-28 19:18:22 - INFO - top5 acc 14.00%	top1 acc 4.00%	Test Loss: 4.7637
2026-07-28 19:18:23 - INFO - Epoch [2/50] Train Loss: 6.4265
2026-07-28 19:18:23 - INFO - top5 acc 24.50%	top1 acc 4.50%	Test Loss: 4.3164
2026-07-28 19:18:24 - INFO - Epoch [3/50] Train Loss: 5.9879
2026-07-28 19:18:24 - INFO - top5 acc 39.00%	top1 acc 10.00%	Test Loss: 3.8348
2026-07-28 19:18:25 - INFO - Epoch [4/50] Train Loss: 5.5960
2026-07-28 19:18:25 - INFO - top5 acc 47.50%	top1 acc 17.50%	Test Loss: 3.3551
2026-07-28 19:18:26 - INFO - Epoch [5/50] Train Loss: 5.1917
2026-07-28 19:18:26 - INFO - top5 acc 61.00%	top1 acc 25.50%	Test Loss: 2.8554
2026-07-28 19:18:27 - INFO - Epoch [6/50] Train Loss: 4.7705
2026-07-28 19:18:27 - INFO - top5 acc 67.50%	top1 acc 31.00%	Test Loss: 2.4714
2026-07-28 19:18:28 - INFO - Epoch [7/50] Train Loss: 4.3402
2026-07-28 19:18:28 - INFO - top5 acc 73.50%	top1 acc 41.00%	Test Loss: 2.1395
2026-07-28 19:18:29 - INFO - Epoch [8/50] Train Loss: 3.9128
2026-07-28 19:18:29 - INFO - top5 acc 79.00%	top1 acc 43.00%	Test Loss: 1.8910
2026-07-28 19:18:30 - INFO - Epoch [9/50] Train Loss: 3.5146
2026-07-28 19:18:30 - INFO - top5 acc 82.50%	top1 acc 49.00%	Test Loss: 1.6824
2026-07-28 19:18:31 - INFO - Epoch [10/50] Train Loss: 3.1449
2026-07-28 19:18:31 - INFO - top5 acc 85.50%	top1 acc 50.00%	Test Loss: 1.5820
2026-07-28 19:18:32 - INFO - Epoch [11/50] Train Loss: 2.7961
2026-07-28 19:18:32 - INFO - top5 acc 87.00%	top1 acc 56.50%	Test Loss: 1.4839
2026-07-28 19:18:32 - INFO - Epoch [12/50] Train Loss: 2.4947
2026-07-28 19:18:32 - INFO - top5 acc 90.00%	top1 acc 54.00%	Test Loss: 1.4144
2026-07-28 19:18:33 - INFO - Epoch [13/50] Train Loss: 2.2057
2026-07-28 19:18:33 - INFO - top5 acc 90.00%	top1 acc 57.00%	Test Loss: 1.3501
2026-07-28 19:18:34 - INFO - Epoch [14/50] Train Loss: 1.9365
2026-07-28 19:18:34 - INFO - top5 acc 89.00%	top1 acc 59.00%	Test Loss: 1.3775
2026-07-28 19:18:35 - INFO - Epoch [15/50] Train Loss: 1.7179
2026-07-28 19:18:35 - INFO - top5 acc 90.00%	top1 acc 59.00%	Test Loss: 1.3035
2026-07-28 19:18:36 - INFO - Epoch [16/50] Train Loss: 1.4975
2026-07-28 19:18:37 - INFO - top5 acc 90.50%	top1 acc 59.00%	Test Loss: 1.2324
2026-07-28 19:18:37 - INFO - Epoch [17/50] Train Loss: 1.3156
2026-07-28 19:18:37 - INFO - top5 acc 90.50%	top1 acc 59.00%	Test Loss: 1.2592
2026-07-28 19:18:38 - INFO - Epoch [18/50] Train Loss: 1.1533
2026-07-28 19:18:38 - INFO - top5 acc 88.50%	top1 acc 57.00%	Test Loss: 1.2409
2026-07-28 19:18:39 - INFO - Epoch [19/50] Train Loss: 0.9940
2026-07-28 19:18:39 - INFO - top5 acc 91.00%	top1 acc 60.00%	Test Loss: 1.2257
2026-07-28 19:18:40 - INFO - Epoch [20/50] Train Loss: 0.8618
2026-07-28 19:18:40 - INFO - top5 acc 93.00%	top1 acc 60.50%	Test Loss: 1.2007
2026-07-28 19:18:41 - INFO - Epoch [21/50] Train Loss: 0.7399
2026-07-28 19:18:41 - INFO - top5 acc 92.50%	top1 acc 63.00%	Test Loss: 1.1616
2026-07-28 19:18:42 - INFO - Epoch [22/50] Train Loss: 0.6404
2026-07-28 19:18:42 - INFO - top5 acc 92.00%	top1 acc 62.00%	Test Loss: 1.1824
2026-07-28 19:18:43 - INFO - Epoch [23/50] Train Loss: 0.5495
2026-07-28 19:18:43 - INFO - top5 acc 91.00%	top1 acc 60.50%	Test Loss: 1.1587
2026-07-28 19:18:44 - INFO - Epoch [24/50] Train Loss: 0.4732
2026-07-28 19:18:44 - INFO - top5 acc 90.00%	top1 acc 58.50%	Test Loss: 1.2209
2026-07-28 19:18:45 - INFO - Epoch [25/50] Train Loss: 0.4023
2026-07-28 19:18:45 - INFO - top5 acc 91.00%	top1 acc 62.00%	Test Loss: 1.1971
2026-07-28 19:18:46 - INFO - Epoch [26/50] Train Loss: 0.3536
2026-07-28 19:18:46 - INFO - top5 acc 91.50%	top1 acc 65.00%	Test Loss: 1.1609
2026-07-28 19:18:47 - INFO - Epoch [27/50] Train Loss: 0.3127
2026-07-28 19:18:47 - INFO - top5 acc 90.50%	top1 acc 65.00%	Test Loss: 1.2150
2026-07-28 19:18:48 - INFO - Epoch [28/50] Train Loss: 0.2758
2026-07-28 19:18:48 - INFO - top5 acc 90.50%	top1 acc 64.50%	Test Loss: 1.1799
2026-07-28 19:18:49 - INFO - Epoch [29/50] Train Loss: 0.2465
2026-07-28 19:18:49 - INFO - top5 acc 91.00%	top1 acc 61.00%	Test Loss: 1.2012
2026-07-28 19:18:50 - INFO - Epoch [30/50] Train Loss: 0.2189
2026-07-28 19:18:50 - INFO - top5 acc 92.00%	top1 acc 65.00%	Test Loss: 1.1446
2026-07-28 19:18:51 - INFO - Epoch [31/50] Train Loss: 0.1949
2026-07-28 19:18:51 - INFO - top5 acc 92.50%	top1 acc 60.00%	Test Loss: 1.1660
2026-07-28 19:18:52 - INFO - Epoch [32/50] Train Loss: 0.1764
2026-07-28 19:18:52 - INFO - top5 acc 89.00%	top1 acc 63.50%	Test Loss: 1.1897
2026-07-28 19:18:53 - INFO - Epoch [33/50] Train Loss: 0.1592
2026-07-28 19:18:53 - INFO - top5 acc 92.50%	top1 acc 63.00%	Test Loss: 1.1962
2026-07-28 19:18:54 - INFO - Epoch [34/50] Train Loss: 0.1461
2026-07-28 19:18:54 - INFO - top5 acc 90.50%	top1 acc 64.50%	Test Loss: 1.1772
2026-07-28 19:18:55 - INFO - Epoch [35/50] Train Loss: 0.1318
2026-07-28 19:18:55 - INFO - top5 acc 90.50%	top1 acc 64.50%	Test Loss: 1.1852
2026-07-28 19:18:55 - INFO - Epoch [36/50] Train Loss: 0.1224
2026-07-28 19:18:55 - INFO - top5 acc 91.00%	top1 acc 64.00%	Test Loss: 1.1778
2026-07-28 19:18:56 - INFO - Epoch [37/50] Train Loss: 0.1146
2026-07-28 19:18:56 - INFO - top5 acc 92.00%	top1 acc 63.50%	Test Loss: 1.1725
2026-07-28 19:18:57 - INFO - Epoch [38/50] Train Loss: 0.1056
2026-07-28 19:18:57 - INFO - top5 acc 92.00%	top1 acc 64.00%	Test Loss: 1.1932
2026-07-28 19:18:58 - INFO - Epoch [39/50] Train Loss: 0.1004
2026-07-28 19:18:58 - INFO - top5 acc 92.00%	top1 acc 63.00%	Test Loss: 1.1820
2026-07-28 19:18:59 - INFO - Epoch [40/50] Train Loss: 0.0947
2026-07-28 19:18:59 - INFO - top5 acc 92.00%	top1 acc 63.00%	Test Loss: 1.1618
2026-07-28 19:18:59 - INFO - Epoch [41/50] Train Loss: 0.0899
2026-07-28 19:19:00 - INFO - top5 acc 91.00%	top1 acc 62.00%	Test Loss: 1.2054
2026-07-28 19:19:00 - INFO - Epoch [42/50] Train Loss: 0.0814
2026-07-28 19:19:00 - INFO - top5 acc 92.00%	top1 acc 63.50%	Test Loss: 1.1706
2026-07-28 19:19:01 - INFO - Epoch [43/50] Train Loss: 0.0762
2026-07-28 19:19:01 - INFO - top5 acc 91.50%	top1 acc 63.00%	Test Loss: 1.2050
2026-07-28 19:19:02 - INFO - Epoch [44/50] Train Loss: 0.0710
2026-07-28 19:19:02 - INFO - top5 acc 92.00%	top1 acc 62.00%	Test Loss: 1.1789
2026-07-28 19:19:03 - INFO - Epoch [45/50] Train Loss: 0.0670
2026-07-28 19:19:03 - INFO - top5 acc 93.00%	top1 acc 63.50%	Test Loss: 1.1711
2026-07-28 19:19:04 - INFO - Epoch [46/50] Train Loss: 0.0638
2026-07-28 19:19:04 - INFO - top5 acc 91.00%	top1 acc 63.50%	Test Loss: 1.1947
2026-07-28 19:19:04 - INFO - Epoch [47/50] Train Loss: 0.0608
2026-07-28 19:19:05 - INFO - top5 acc 90.50%	top1 acc 63.00%	Test Loss: 1.1964
2026-07-28 19:19:05 - INFO - Epoch [48/50] Train Loss: 0.0578
2026-07-28 19:19:05 - INFO - top5 acc 91.50%	top1 acc 62.50%	Test Loss: 1.2255
2026-07-28 19:19:06 - INFO - Epoch [49/50] Train Loss: 0.0558
2026-07-28 19:19:06 - INFO - top5 acc 92.00%	top1 acc 62.00%	Test Loss: 1.2075
2026-07-28 19:19:07 - INFO - Epoch [50/50] Train Loss: 0.0514
2026-07-28 19:19:07 - INFO - top5 acc 89.50%	top1 acc 64.00%	Test Loss: 1.2116
2026-07-28 19:19:07 - INFO - best test loss: 1.1446 top5 acc: 92.00 top1 acc: 65.00 at epoch 30
