2026-07-30 12:35:33 - INFO - Input arguments:
2026-07-30 12:35:33 - INFO - device                 cuda:0
2026-07-30 12:35:33 - INFO - num_epochs             50
2026-07-30 12:35:33 - INFO - batch_size             1024
2026-07-30 12:35:33 - INFO - learning_rate          0.0001
2026-07-30 12:35:33 - INFO - output_dir             ./autodl-tmp/results/things_eeg/inter-subjects
2026-07-30 12:35:33 - INFO - output_name            sub-09
2026-07-30 12:35:33 - INFO - train_subject_ids      [1, 2, 3, 4, 5, 6, 7, 8, 10]
2026-07-30 12:35:33 - INFO - test_subject_ids       [9]
2026-07-30 12:35:33 - INFO - data_average           True
2026-07-30 12:35:33 - INFO - data_random            False
2026-07-30 12:35:33 - INFO - init_temperature       0.07
2026-07-30 12:35:33 - INFO - t_learnable            False
2026-07-30 12:35:33 - INFO - softplus               True
2026-07-30 12:35:33 - INFO - alpha                  1.0
2026-07-30 12:35:33 - INFO - beta                   1.0
2026-07-30 12:35:33 - INFO - img_l2norm             True
2026-07-30 12:35:33 - INFO - text_l2norm            False
2026-07-30 12:35:33 - INFO - eeg_l2norm             False
2026-07-30 12:35:33 - INFO - eeg_data_dir           /root/autodl-tmp/data/things_eeg/preprocessed_eeg
2026-07-30 12:35:33 - INFO - selected_channels      []
2026-07-30 12:35:33 - INFO - time_window            [0, 250]
2026-07-30 12:35:33 - INFO - eeg_aug                True
2026-07-30 12:35:33 - INFO - eeg_aug_type           smooth
2026-07-30 12:35:33 - INFO - eeg_encoder_type       TSConv
2026-07-30 12:35:33 - INFO - image_aug              True
2026-07-30 12:35:33 - INFO - image_test_aug         True
2026-07-30 12:35:33 - INFO - eeg_test_aug           False
2026-07-30 12:35:33 - INFO - frozen_eeg_prior       True
2026-07-30 12:35:33 - INFO - projector              linear
2026-07-30 12:35:33 - INFO - feature_dim            512
2026-07-30 12:35:33 - INFO - image_feature_dir      /root/autodl-tmp/data/things_eeg/image_feature/RN50
2026-07-30 12:35:33 - INFO - aug_image_feature_dirs ['/root/autodl-tmp/data/things_eeg/image_feature/RN50/GaussianBlur-GaussianNoise-LowResolution-Mosaic']
2026-07-30 12:35:33 - INFO - text_feature_dir       
2026-07-30 12:35:33 - INFO - save_weights           True
2026-07-30 12:35:33 - INFO - seed                   1234
2026-07-30 12:35:33 - INFO - Using device: cuda:0
2026-07-30 13:46:54 - INFO - EEG sample points: 250
2026-07-30 13:46:54 - INFO - feature dimension: 1024
2026-07-30 13:46:54 - INFO - data length: 148860
2026-07-30 13:46:54 - INFO - number of channels: 63
2026-07-30 13:46:55 - INFO - EEG Encoder trainable parameters: 2.63M
2026-07-30 13:46:55 - INFO - TSConv(
  (tsconv): Sequential(
    (0): Conv2d(1, 40, kernel_size=(1, 25), stride=(1, 1))
    (1): AvgPool2d(kernel_size=(1, 51), stride=(1, 5), padding=0)
    (2): BatchNorm2d(40, eps=1e-05, momentum=0.1, affine=True, track_running_stats=True)
    (3): ELU(alpha=1.0)
    (4): Conv2d(40, 40, kernel_size=(63, 1), stride=(1, 1))
    (5): BatchNorm2d(40, eps=1e-05, momentum=0.1, affine=True, track_running_stats=True)
    (6): ELU(alpha=1.0)
    (7): Dropout(p=0.5, inplace=False)
  )
  (projection): Conv2d(40, 40, kernel_size=(1, 1), stride=(1, 1))
  (proj_eeg): Sequential(
    (0): Linear(in_features=1440, out_features=1024, bias=True)
    (1): ResidualAdd(
      (f): Sequential(
        (0): GELU(approximate='none')
        (1): Linear(in_features=1024, out_features=1024, bias=True)
        (2): Dropout(p=0.5, inplace=False)
      )
    )
    (2): LayerNorm((1024,), eps=1e-05, elementwise_affine=True)
  )
)
2026-07-30 13:46:55 - INFO - Projector trainable parameters: 1.57M
2026-07-30 13:46:55 - INFO - ContrastiveLoss(
  (criterion_cls): CrossEntropyLoss()
  (criterion_mse): MSELoss()
  (softplus): Softplus(beta=1.0, threshold=20.0)
)
2026-07-30 13:47:21 - INFO - Epoch [1/50] Train Loss: 6.4671
2026-07-30 13:47:21 - INFO - top5 acc 25.00%	top1 acc 8.00%	Test Loss: 4.1276
2026-07-30 13:47:46 - INFO - Epoch [2/50] Train Loss: 5.8595
2026-07-30 13:47:46 - INFO - top5 acc 32.00%	top1 acc 12.50%	Test Loss: 3.8121
2026-07-30 13:48:11 - INFO - Epoch [3/50] Train Loss: 5.6461
2026-07-30 13:48:11 - INFO - top5 acc 39.00%	top1 acc 14.50%	Test Loss: 3.6964
2026-07-30 13:48:36 - INFO - Epoch [4/50] Train Loss: 5.5011
2026-07-30 13:48:36 - INFO - top5 acc 40.50%	top1 acc 16.00%	Test Loss: 3.5513
2026-07-30 13:49:01 - INFO - Epoch [5/50] Train Loss: 5.3953
2026-07-30 13:49:01 - INFO - top5 acc 42.50%	top1 acc 17.50%	Test Loss: 3.4714
2026-07-30 13:49:26 - INFO - Epoch [6/50] Train Loss: 5.3152
2026-07-30 13:49:26 - INFO - top5 acc 42.00%	top1 acc 18.50%	Test Loss: 3.4363
2026-07-30 13:49:51 - INFO - Epoch [7/50] Train Loss: 5.2502
2026-07-30 13:49:51 - INFO - top5 acc 43.50%	top1 acc 20.00%	Test Loss: 3.3798
2026-07-30 13:50:17 - INFO - Epoch [8/50] Train Loss: 5.1886
2026-07-30 13:50:17 - INFO - top5 acc 46.50%	top1 acc 21.50%	Test Loss: 3.3554
2026-07-30 13:50:42 - INFO - Epoch [9/50] Train Loss: 5.1368
2026-07-30 13:50:42 - INFO - top5 acc 45.50%	top1 acc 20.50%	Test Loss: 3.3587
2026-07-30 13:51:07 - INFO - Epoch [10/50] Train Loss: 5.0800
2026-07-30 13:51:07 - INFO - top5 acc 47.00%	top1 acc 23.50%	Test Loss: 3.2845
2026-07-30 13:51:32 - INFO - Epoch [11/50] Train Loss: 5.0262
2026-07-30 13:51:32 - INFO - top5 acc 46.00%	top1 acc 19.00%	Test Loss: 3.3109
2026-07-30 13:51:57 - INFO - Epoch [12/50] Train Loss: 4.9776
2026-07-30 13:51:57 - INFO - top5 acc 49.00%	top1 acc 19.50%	Test Loss: 3.2378
2026-07-30 13:52:22 - INFO - Epoch [13/50] Train Loss: 4.9309
2026-07-30 13:52:22 - INFO - top5 acc 52.50%	top1 acc 21.50%	Test Loss: 3.1965
2026-07-30 13:52:47 - INFO - Epoch [14/50] Train Loss: 4.8884
2026-07-30 13:52:47 - INFO - top5 acc 52.50%	top1 acc 19.50%	Test Loss: 3.1899
2026-07-30 13:53:12 - INFO - Epoch [15/50] Train Loss: 4.8437
2026-07-30 13:53:13 - INFO - top5 acc 49.50%	top1 acc 18.50%	Test Loss: 3.2372
2026-07-30 13:53:37 - INFO - Epoch [16/50] Train Loss: 4.8019
2026-07-30 13:53:37 - INFO - top5 acc 51.00%	top1 acc 21.00%	Test Loss: 3.1728
2026-07-30 13:54:02 - INFO - Epoch [17/50] Train Loss: 4.7598
2026-07-30 13:54:02 - INFO - top5 acc 47.50%	top1 acc 21.00%	Test Loss: 3.1952
2026-07-30 13:54:28 - INFO - Epoch [18/50] Train Loss: 4.7169
2026-07-30 13:54:28 - INFO - top5 acc 49.00%	top1 acc 20.00%	Test Loss: 3.2302
2026-07-30 13:54:52 - INFO - Epoch [19/50] Train Loss: 4.6785
2026-07-30 13:54:52 - INFO - top5 acc 51.00%	top1 acc 18.50%	Test Loss: 3.1416
2026-07-30 13:55:18 - INFO - Epoch [20/50] Train Loss: 4.6408
2026-07-30 13:55:18 - INFO - top5 acc 48.50%	top1 acc 19.00%	Test Loss: 3.1977
2026-07-30 13:55:43 - INFO - Epoch [21/50] Train Loss: 4.5975
2026-07-30 13:55:43 - INFO - top5 acc 49.50%	top1 acc 20.50%	Test Loss: 3.1851
2026-07-30 13:56:08 - INFO - Epoch [22/50] Train Loss: 4.5575
2026-07-30 13:56:08 - INFO - top5 acc 46.50%	top1 acc 19.00%	Test Loss: 3.1813
2026-07-30 13:56:32 - INFO - Epoch [23/50] Train Loss: 4.5261
2026-07-30 13:56:32 - INFO - top5 acc 44.50%	top1 acc 19.50%	Test Loss: 3.2494
2026-07-30 13:56:57 - INFO - Epoch [24/50] Train Loss: 4.4834
2026-07-30 13:56:57 - INFO - top5 acc 50.00%	top1 acc 20.50%	Test Loss: 3.1736
2026-07-30 13:57:22 - INFO - Epoch [25/50] Train Loss: 4.4510
2026-07-30 13:57:22 - INFO - top5 acc 45.00%	top1 acc 17.50%	Test Loss: 3.2176
2026-07-30 13:57:48 - INFO - Epoch [26/50] Train Loss: 4.4094
2026-07-30 13:57:48 - INFO - top5 acc 45.00%	top1 acc 17.50%	Test Loss: 3.2232
2026-07-30 13:58:13 - INFO - Epoch [27/50] Train Loss: 4.3753
2026-07-30 13:58:13 - INFO - top5 acc 45.50%	top1 acc 19.00%	Test Loss: 3.2729
2026-07-30 13:58:39 - INFO - Epoch [28/50] Train Loss: 4.3403
2026-07-30 13:58:39 - INFO - top5 acc 42.00%	top1 acc 16.00%	Test Loss: 3.2584
2026-07-30 13:59:04 - INFO - Epoch [29/50] Train Loss: 4.3027
2026-07-30 13:59:04 - INFO - top5 acc 42.00%	top1 acc 13.50%	Test Loss: 3.2815
2026-07-30 13:59:31 - INFO - Epoch [30/50] Train Loss: 4.2741
2026-07-30 13:59:31 - INFO - top5 acc 45.50%	top1 acc 17.50%	Test Loss: 3.3283
2026-07-30 13:59:57 - INFO - Epoch [31/50] Train Loss: 4.2408
2026-07-30 13:59:57 - INFO - top5 acc 40.00%	top1 acc 17.50%	Test Loss: 3.3148
2026-07-30 14:00:22 - INFO - Epoch [32/50] Train Loss: 4.2108
2026-07-30 14:00:22 - INFO - top5 acc 43.50%	top1 acc 15.00%	Test Loss: 3.3121
2026-07-30 14:00:48 - INFO - Epoch [33/50] Train Loss: 4.1757
2026-07-30 14:00:48 - INFO - top5 acc 43.00%	top1 acc 17.50%	Test Loss: 3.3442
2026-07-30 14:01:13 - INFO - Epoch [34/50] Train Loss: 4.1497
2026-07-30 14:01:13 - INFO - top5 acc 43.00%	top1 acc 16.00%	Test Loss: 3.4099
2026-07-30 14:01:39 - INFO - Epoch [35/50] Train Loss: 4.1134
2026-07-30 14:01:39 - INFO - top5 acc 39.50%	top1 acc 14.00%	Test Loss: 3.4246
2026-07-30 14:02:04 - INFO - Epoch [36/50] Train Loss: 4.0828
2026-07-30 14:02:05 - INFO - top5 acc 40.50%	top1 acc 13.00%	Test Loss: 3.4606
2026-07-30 14:02:30 - INFO - Epoch [37/50] Train Loss: 4.0605
2026-07-30 14:02:30 - INFO - top5 acc 40.00%	top1 acc 16.00%	Test Loss: 3.4466
2026-07-30 14:02:56 - INFO - Epoch [38/50] Train Loss: 4.0318
2026-07-30 14:02:56 - INFO - top5 acc 40.00%	top1 acc 14.00%	Test Loss: 3.4809
2026-07-30 14:03:21 - INFO - Epoch [39/50] Train Loss: 3.9943
2026-07-30 14:03:21 - INFO - top5 acc 40.50%	top1 acc 16.00%	Test Loss: 3.4412
2026-07-30 14:03:47 - INFO - Epoch [40/50] Train Loss: 3.9745
2026-07-30 14:03:47 - INFO - top5 acc 38.00%	top1 acc 13.50%	Test Loss: 3.5063
2026-07-30 14:04:13 - INFO - Epoch [41/50] Train Loss: 3.9499
2026-07-30 14:04:13 - INFO - top5 acc 41.00%	top1 acc 15.00%	Test Loss: 3.5047
2026-07-30 14:04:38 - INFO - Epoch [42/50] Train Loss: 3.9206
2026-07-30 14:04:38 - INFO - top5 acc 38.00%	top1 acc 15.50%	Test Loss: 3.5142
2026-07-30 14:05:04 - INFO - Epoch [43/50] Train Loss: 3.8992
2026-07-30 14:05:04 - INFO - top5 acc 38.00%	top1 acc 16.50%	Test Loss: 3.5378
2026-07-30 14:05:29 - INFO - Epoch [44/50] Train Loss: 3.8709
2026-07-30 14:05:29 - INFO - top5 acc 41.00%	top1 acc 14.50%	Test Loss: 3.4960
2026-07-30 14:05:54 - INFO - Epoch [45/50] Train Loss: 3.8475
2026-07-30 14:05:54 - INFO - top5 acc 38.50%	top1 acc 11.50%	Test Loss: 3.6113
2026-07-30 14:06:19 - INFO - Epoch [46/50] Train Loss: 3.8245
2026-07-30 14:06:19 - INFO - top5 acc 39.00%	top1 acc 14.00%	Test Loss: 3.6443
2026-07-30 14:06:44 - INFO - Epoch [47/50] Train Loss: 3.7997
2026-07-30 14:06:44 - INFO - top5 acc 40.00%	top1 acc 14.50%	Test Loss: 3.5877
2026-07-30 14:07:10 - INFO - Epoch [48/50] Train Loss: 3.7808
2026-07-30 14:07:10 - INFO - top5 acc 38.50%	top1 acc 13.00%	Test Loss: 3.6850
2026-07-30 14:07:35 - INFO - Epoch [49/50] Train Loss: 3.7585
2026-07-30 14:07:35 - INFO - top5 acc 40.00%	top1 acc 13.00%	Test Loss: 3.6923
2026-07-30 14:08:00 - INFO - Epoch [50/50] Train Loss: 3.7374
2026-07-30 14:08:00 - INFO - top5 acc 37.00%	top1 acc 11.00%	Test Loss: 3.6971
2026-07-30 14:08:00 - INFO - best test loss: 3.1416 top5 acc: 51.00 top1 acc: 18.50 at epoch 19
