2026-07-29 19:18:31 - INFO - Input arguments:
2026-07-29 19:18:31 - INFO - device                 cuda:0
2026-07-29 19:18:31 - INFO - num_epochs             50
2026-07-29 19:18:31 - INFO - batch_size             1024
2026-07-29 19:18:31 - INFO - learning_rate          0.0001
2026-07-29 19:18:31 - INFO - output_dir             ./autodl-tmp/results/things_eeg/inter-subjects
2026-07-29 19:18:31 - INFO - output_name            sub-06
2026-07-29 19:18:31 - INFO - train_subject_ids      [1, 2, 3, 4, 5, 7, 8, 9, 10]
2026-07-29 19:18:31 - INFO - test_subject_ids       [6]
2026-07-29 19:18:31 - INFO - data_average           True
2026-07-29 19:18:31 - INFO - data_random            False
2026-07-29 19:18:31 - INFO - init_temperature       0.07
2026-07-29 19:18:31 - INFO - t_learnable            False
2026-07-29 19:18:31 - INFO - softplus               True
2026-07-29 19:18:31 - INFO - alpha                  1.0
2026-07-29 19:18:31 - INFO - beta                   1.0
2026-07-29 19:18:31 - INFO - img_l2norm             True
2026-07-29 19:18:31 - INFO - text_l2norm            False
2026-07-29 19:18:31 - INFO - eeg_l2norm             False
2026-07-29 19:18:31 - INFO - eeg_data_dir           /root/autodl-tmp/data/things_eeg/preprocessed_eeg
2026-07-29 19:18:31 - INFO - selected_channels      []
2026-07-29 19:18:31 - INFO - time_window            [0, 250]
2026-07-29 19:18:31 - INFO - eeg_aug                True
2026-07-29 19:18:31 - INFO - eeg_aug_type           smooth
2026-07-29 19:18:31 - INFO - eeg_encoder_type       TSConv
2026-07-29 19:18:31 - INFO - image_aug              True
2026-07-29 19:18:31 - INFO - image_test_aug         True
2026-07-29 19:18:31 - INFO - eeg_test_aug           False
2026-07-29 19:18:31 - INFO - frozen_eeg_prior       True
2026-07-29 19:18:31 - INFO - projector              linear
2026-07-29 19:18:31 - INFO - feature_dim            512
2026-07-29 19:18:31 - INFO - image_feature_dir      /root/autodl-tmp/data/things_eeg/image_feature/RN50
2026-07-29 19:18:31 - INFO - aug_image_feature_dirs ['/root/autodl-tmp/data/things_eeg/image_feature/RN50/GaussianBlur-GaussianNoise-LowResolution-Mosaic']
2026-07-29 19:18:31 - INFO - text_feature_dir       
2026-07-29 19:18:31 - INFO - save_weights           True
2026-07-29 19:18:31 - INFO - seed                   42
2026-07-29 19:18:32 - INFO - Using device: cuda:0
2026-07-29 20:38:08 - INFO - EEG sample points: 250
2026-07-29 20:38:08 - INFO - feature dimension: 1024
2026-07-29 20:38:08 - INFO - data length: 148860
2026-07-29 20:38:08 - INFO - number of channels: 63
2026-07-29 20:38:09 - INFO - EEG Encoder trainable parameters: 2.63M
2026-07-29 20:38:09 - INFO - TSConv(
  (tsconv): Sequential(
    (0): Conv2d(1, 40, kernel_size=(1, 25), stride=(1, 1))
    (1): AvgPool2d(kernel_size=(1, 51), stride=(1, 5), padding=0)
    (2): BatchNorm2d(40, eps=1e-05, momentum=0.1, affine=True, track_running_stats=True)
    (3): ELU(alpha=1.0)
    (4): Conv2d(40, 40, kernel_size=(63, 1), stride=(1, 1))
    (5): BatchNorm2d(40, eps=1e-05, momentum=0.1, affine=True, track_running_stats=True)
    (6): ELU(alpha=1.0)
    (7): Dropout(p=0.5, inplace=False)
  )
  (projection): Conv2d(40, 40, kernel_size=(1, 1), stride=(1, 1))
  (proj_eeg): Sequential(
    (0): Linear(in_features=1440, out_features=1024, bias=True)
    (1): ResidualAdd(
      (f): Sequential(
        (0): GELU(approximate='none')
        (1): Linear(in_features=1024, out_features=1024, bias=True)
        (2): Dropout(p=0.5, inplace=False)
      )
    )
    (2): LayerNorm((1024,), eps=1e-05, elementwise_affine=True)
  )
)
2026-07-29 20:38:09 - INFO - Projector trainable parameters: 1.57M
2026-07-29 20:38:09 - INFO - ContrastiveLoss(
  (criterion_cls): CrossEntropyLoss()
  (criterion_mse): MSELoss()
  (softplus): Softplus(beta=1.0, threshold=20.0)
)
2026-07-29 20:38:36 - INFO - Epoch [1/50] Train Loss: 6.4790
2026-07-29 20:38:36 - INFO - top5 acc 28.50%	top1 acc 7.00%	Test Loss: 3.8974
2026-07-29 20:39:01 - INFO - Epoch [2/50] Train Loss: 5.8842
2026-07-29 20:39:01 - INFO - top5 acc 38.00%	top1 acc 12.00%	Test Loss: 3.6039
2026-07-29 20:39:26 - INFO - Epoch [3/50] Train Loss: 5.6889
2026-07-29 20:39:26 - INFO - top5 acc 42.00%	top1 acc 16.00%	Test Loss: 3.4134
2026-07-29 20:39:51 - INFO - Epoch [4/50] Train Loss: 5.5642
2026-07-29 20:39:51 - INFO - top5 acc 45.50%	top1 acc 18.00%	Test Loss: 3.3529
2026-07-29 20:40:16 - INFO - Epoch [5/50] Train Loss: 5.4739
2026-07-29 20:40:16 - INFO - top5 acc 49.00%	top1 acc 20.00%	Test Loss: 3.2371
2026-07-29 20:40:42 - INFO - Epoch [6/50] Train Loss: 5.3939
2026-07-29 20:40:42 - INFO - top5 acc 51.00%	top1 acc 22.00%	Test Loss: 3.1567
2026-07-29 20:41:07 - INFO - Epoch [7/50] Train Loss: 5.3264
2026-07-29 20:41:07 - INFO - top5 acc 52.50%	top1 acc 19.00%	Test Loss: 3.1546
2026-07-29 20:41:32 - INFO - Epoch [8/50] Train Loss: 5.2619
2026-07-29 20:41:32 - INFO - top5 acc 52.00%	top1 acc 22.00%	Test Loss: 3.0955
2026-07-29 20:41:57 - INFO - Epoch [9/50] Train Loss: 5.2045
2026-07-29 20:41:57 - INFO - top5 acc 50.50%	top1 acc 20.00%	Test Loss: 3.1330
2026-07-29 20:42:22 - INFO - Epoch [10/50] Train Loss: 5.1537
2026-07-29 20:42:23 - INFO - top5 acc 54.00%	top1 acc 22.00%	Test Loss: 3.0415
2026-07-29 20:42:48 - INFO - Epoch [11/50] Train Loss: 5.0979
2026-07-29 20:42:48 - INFO - top5 acc 55.50%	top1 acc 25.50%	Test Loss: 3.0554
2026-07-29 20:43:13 - INFO - Epoch [12/50] Train Loss: 5.0543
2026-07-29 20:43:13 - INFO - top5 acc 55.00%	top1 acc 23.00%	Test Loss: 3.0559
2026-07-29 20:43:38 - INFO - Epoch [13/50] Train Loss: 5.0067
2026-07-29 20:43:39 - INFO - top5 acc 57.00%	top1 acc 23.00%	Test Loss: 3.0481
2026-07-29 20:44:04 - INFO - Epoch [14/50] Train Loss: 4.9608
2026-07-29 20:44:04 - INFO - top5 acc 57.00%	top1 acc 25.00%	Test Loss: 2.9747
2026-07-29 20:44:29 - INFO - Epoch [15/50] Train Loss: 4.9179
2026-07-29 20:44:29 - INFO - top5 acc 55.50%	top1 acc 23.00%	Test Loss: 3.0140
2026-07-29 20:44:54 - INFO - Epoch [16/50] Train Loss: 4.8752
2026-07-29 20:44:55 - INFO - top5 acc 57.00%	top1 acc 26.00%	Test Loss: 2.9626
2026-07-29 20:45:20 - INFO - Epoch [17/50] Train Loss: 4.8288
2026-07-29 20:45:20 - INFO - top5 acc 58.50%	top1 acc 24.50%	Test Loss: 3.0175
2026-07-29 20:45:45 - INFO - Epoch [18/50] Train Loss: 4.7907
2026-07-29 20:45:45 - INFO - top5 acc 57.50%	top1 acc 24.50%	Test Loss: 2.9703
2026-07-29 20:46:11 - INFO - Epoch [19/50] Train Loss: 4.7480
2026-07-29 20:46:11 - INFO - top5 acc 56.50%	top1 acc 24.50%	Test Loss: 3.0231
2026-07-29 20:46:36 - INFO - Epoch [20/50] Train Loss: 4.7104
2026-07-29 20:46:36 - INFO - top5 acc 55.50%	top1 acc 26.50%	Test Loss: 2.9931
2026-07-29 20:47:02 - INFO - Epoch [21/50] Train Loss: 4.6696
2026-07-29 20:47:02 - INFO - top5 acc 54.50%	top1 acc 24.50%	Test Loss: 3.0199
2026-07-29 20:47:28 - INFO - Epoch [22/50] Train Loss: 4.6319
2026-07-29 20:47:28 - INFO - top5 acc 54.00%	top1 acc 23.00%	Test Loss: 3.0807
2026-07-29 20:47:53 - INFO - Epoch [23/50] Train Loss: 4.5925
2026-07-29 20:47:54 - INFO - top5 acc 53.50%	top1 acc 24.00%	Test Loss: 3.0299
2026-07-29 20:48:20 - INFO - Epoch [24/50] Train Loss: 4.5564
2026-07-29 20:48:20 - INFO - top5 acc 54.00%	top1 acc 24.50%	Test Loss: 3.0373
2026-07-29 20:48:45 - INFO - Epoch [25/50] Train Loss: 4.5189
2026-07-29 20:48:45 - INFO - top5 acc 54.00%	top1 acc 24.50%	Test Loss: 3.0218
2026-07-29 20:49:10 - INFO - Epoch [26/50] Train Loss: 4.4861
2026-07-29 20:49:10 - INFO - top5 acc 54.00%	top1 acc 26.50%	Test Loss: 2.9997
2026-07-29 20:49:35 - INFO - Epoch [27/50] Train Loss: 4.4459
2026-07-29 20:49:35 - INFO - top5 acc 53.50%	top1 acc 26.00%	Test Loss: 3.0274
2026-07-29 20:50:00 - INFO - Epoch [28/50] Train Loss: 4.4119
2026-07-29 20:50:00 - INFO - top5 acc 54.00%	top1 acc 23.50%	Test Loss: 3.0297
2026-07-29 20:50:26 - INFO - Epoch [29/50] Train Loss: 4.3759
2026-07-29 20:50:26 - INFO - top5 acc 52.50%	top1 acc 22.50%	Test Loss: 3.1074
2026-07-29 20:50:51 - INFO - Epoch [30/50] Train Loss: 4.3450
2026-07-29 20:50:51 - INFO - top5 acc 54.50%	top1 acc 24.00%	Test Loss: 2.9997
2026-07-29 20:51:16 - INFO - Epoch [31/50] Train Loss: 4.3091
2026-07-29 20:51:16 - INFO - top5 acc 57.50%	top1 acc 27.00%	Test Loss: 2.9665
2026-07-29 20:51:42 - INFO - Epoch [32/50] Train Loss: 4.2784
2026-07-29 20:51:42 - INFO - top5 acc 53.50%	top1 acc 28.00%	Test Loss: 2.9673
2026-07-29 20:52:07 - INFO - Epoch [33/50] Train Loss: 4.2487
2026-07-29 20:52:07 - INFO - top5 acc 55.00%	top1 acc 26.50%	Test Loss: 3.0074
2026-07-29 20:52:33 - INFO - Epoch [34/50] Train Loss: 4.2176
2026-07-29 20:52:33 - INFO - top5 acc 54.50%	top1 acc 27.50%	Test Loss: 3.0422
2026-07-29 20:52:58 - INFO - Epoch [35/50] Train Loss: 4.1878
2026-07-29 20:52:59 - INFO - top5 acc 55.50%	top1 acc 29.00%	Test Loss: 2.9778
2026-07-29 20:53:24 - INFO - Epoch [36/50] Train Loss: 4.1547
2026-07-29 20:53:24 - INFO - top5 acc 53.00%	top1 acc 26.00%	Test Loss: 3.0652
2026-07-29 20:53:49 - INFO - Epoch [37/50] Train Loss: 4.1341
2026-07-29 20:53:49 - INFO - top5 acc 55.50%	top1 acc 27.00%	Test Loss: 3.0195
2026-07-29 20:54:14 - INFO - Epoch [38/50] Train Loss: 4.1051
2026-07-29 20:54:14 - INFO - top5 acc 54.00%	top1 acc 26.50%	Test Loss: 3.0530
2026-07-29 20:54:39 - INFO - Epoch [39/50] Train Loss: 4.0757
2026-07-29 20:54:39 - INFO - top5 acc 54.00%	top1 acc 25.00%	Test Loss: 3.0631
2026-07-29 20:55:04 - INFO - Epoch [40/50] Train Loss: 4.0486
2026-07-29 20:55:05 - INFO - top5 acc 52.00%	top1 acc 25.50%	Test Loss: 3.0721
2026-07-29 20:55:29 - INFO - Epoch [41/50] Train Loss: 4.0185
2026-07-29 20:55:29 - INFO - top5 acc 53.50%	top1 acc 25.50%	Test Loss: 3.1270
2026-07-29 20:55:55 - INFO - Epoch [42/50] Train Loss: 3.9964
2026-07-29 20:55:55 - INFO - top5 acc 54.00%	top1 acc 28.50%	Test Loss: 3.0365
2026-07-29 20:56:20 - INFO - Epoch [43/50] Train Loss: 3.9723
2026-07-29 20:56:20 - INFO - top5 acc 52.50%	top1 acc 23.50%	Test Loss: 3.1050
2026-07-29 20:56:45 - INFO - Epoch [44/50] Train Loss: 3.9466
2026-07-29 20:56:45 - INFO - top5 acc 51.50%	top1 acc 23.50%	Test Loss: 3.1486
2026-07-29 20:57:11 - INFO - Epoch [45/50] Train Loss: 3.9301
2026-07-29 20:57:11 - INFO - top5 acc 54.50%	top1 acc 27.50%	Test Loss: 3.0929
2026-07-29 20:57:36 - INFO - Epoch [46/50] Train Loss: 3.9032
2026-07-29 20:57:36 - INFO - top5 acc 53.00%	top1 acc 28.00%	Test Loss: 3.0999
2026-07-29 20:58:01 - INFO - Epoch [47/50] Train Loss: 3.8774
2026-07-29 20:58:01 - INFO - top5 acc 53.00%	top1 acc 24.50%	Test Loss: 3.1254
2026-07-29 20:58:27 - INFO - Epoch [48/50] Train Loss: 3.8536
2026-07-29 20:58:27 - INFO - top5 acc 53.50%	top1 acc 26.50%	Test Loss: 3.1205
2026-07-29 20:58:53 - INFO - Epoch [49/50] Train Loss: 3.8314
2026-07-29 20:58:53 - INFO - top5 acc 55.00%	top1 acc 27.00%	Test Loss: 3.0842
2026-07-29 20:59:19 - INFO - Epoch [50/50] Train Loss: 3.8053
2026-07-29 20:59:19 - INFO - top5 acc 51.50%	top1 acc 24.00%	Test Loss: 3.1411
2026-07-29 20:59:19 - INFO - best test loss: 2.9626 top5 acc: 57.00 top1 acc: 26.00 at epoch 16
