2026-07-28 20:07:56 - INFO - Input arguments:
2026-07-28 20:07:56 - INFO - device                 cuda:0
2026-07-28 20:07:56 - INFO - num_epochs             50
2026-07-28 20:07:56 - INFO - batch_size             1024
2026-07-28 20:07:56 - INFO - learning_rate          0.0001
2026-07-28 20:07:56 - INFO - output_dir             ./autodl-tmp/results/things_eeg/inter-subjects
2026-07-28 20:07:56 - INFO - output_name            sub-01
2026-07-28 20:07:56 - INFO - train_subject_ids      [2, 3, 4, 5, 6, 7, 8, 9, 10]
2026-07-28 20:07:56 - INFO - test_subject_ids       [1]
2026-07-28 20:07:56 - INFO - data_average           True
2026-07-28 20:07:56 - INFO - data_random            False
2026-07-28 20:07:56 - INFO - init_temperature       0.07
2026-07-28 20:07:56 - INFO - t_learnable            False
2026-07-28 20:07:56 - INFO - softplus               True
2026-07-28 20:07:56 - INFO - alpha                  1.0
2026-07-28 20:07:56 - INFO - beta                   1.0
2026-07-28 20:07:56 - INFO - img_l2norm             True
2026-07-28 20:07:56 - INFO - text_l2norm            False
2026-07-28 20:07:56 - INFO - eeg_l2norm             False
2026-07-28 20:07:56 - INFO - eeg_data_dir           /root/autodl-tmp/data/things_eeg/preprocessed_eeg
2026-07-28 20:07:56 - INFO - selected_channels      []
2026-07-28 20:07:56 - INFO - time_window            [0, 250]
2026-07-28 20:07:56 - INFO - eeg_aug                True
2026-07-28 20:07:56 - INFO - eeg_aug_type           smooth
2026-07-28 20:07:56 - INFO - eeg_encoder_type       TSConv
2026-07-28 20:07:56 - INFO - image_aug              True
2026-07-28 20:07:56 - INFO - image_test_aug         True
2026-07-28 20:07:56 - INFO - eeg_test_aug           False
2026-07-28 20:07:56 - INFO - frozen_eeg_prior       True
2026-07-28 20:07:56 - INFO - projector              linear
2026-07-28 20:07:56 - INFO - feature_dim            512
2026-07-28 20:07:56 - INFO - image_feature_dir      /root/autodl-tmp/data/things_eeg/image_feature/RN50
2026-07-28 20:07:56 - INFO - aug_image_feature_dirs ['/root/autodl-tmp/data/things_eeg/image_feature/RN50/GaussianBlur-GaussianNoise-LowResolution-Mosaic']
2026-07-28 20:07:56 - INFO - text_feature_dir       
2026-07-28 20:07:56 - INFO - save_weights           True
2026-07-28 20:07:56 - INFO - seed                   9999
2026-07-28 20:07:56 - INFO - Using device: cuda:0
2026-07-28 21:20:18 - INFO - EEG sample points: 250
2026-07-28 21:20:18 - INFO - feature dimension: 1024
2026-07-28 21:20:18 - INFO - data length: 148860
2026-07-28 21:20:18 - INFO - number of channels: 63
2026-07-28 21:20:19 - INFO - EEG Encoder trainable parameters: 2.63M
2026-07-28 21:20:19 - INFO - TSConv(
  (tsconv): Sequential(
    (0): Conv2d(1, 40, kernel_size=(1, 25), stride=(1, 1))
    (1): AvgPool2d(kernel_size=(1, 51), stride=(1, 5), padding=0)
    (2): BatchNorm2d(40, eps=1e-05, momentum=0.1, affine=True, track_running_stats=True)
    (3): ELU(alpha=1.0)
    (4): Conv2d(40, 40, kernel_size=(63, 1), stride=(1, 1))
    (5): BatchNorm2d(40, eps=1e-05, momentum=0.1, affine=True, track_running_stats=True)
    (6): ELU(alpha=1.0)
    (7): Dropout(p=0.5, inplace=False)
  )
  (projection): Conv2d(40, 40, kernel_size=(1, 1), stride=(1, 1))
  (proj_eeg): Sequential(
    (0): Linear(in_features=1440, out_features=1024, bias=True)
    (1): ResidualAdd(
      (f): Sequential(
        (0): GELU(approximate='none')
        (1): Linear(in_features=1024, out_features=1024, bias=True)
        (2): Dropout(p=0.5, inplace=False)
      )
    )
    (2): LayerNorm((1024,), eps=1e-05, elementwise_affine=True)
  )
)
2026-07-28 21:20:19 - INFO - Projector trainable parameters: 1.57M
2026-07-28 21:20:19 - INFO - ContrastiveLoss(
  (criterion_cls): CrossEntropyLoss()
  (criterion_mse): MSELoss()
  (softplus): Softplus(beta=1.0, threshold=20.0)
)
2026-07-28 21:20:46 - INFO - Epoch [1/50] Train Loss: 6.5147
2026-07-28 21:20:46 - INFO - top5 acc 23.00%	top1 acc 7.00%	Test Loss: 4.0981
2026-07-28 21:21:11 - INFO - Epoch [2/50] Train Loss: 5.8649
2026-07-28 21:21:11 - INFO - top5 acc 33.50%	top1 acc 12.00%	Test Loss: 3.7526
2026-07-28 21:21:37 - INFO - Epoch [3/50] Train Loss: 5.6384
2026-07-28 21:21:37 - INFO - top5 acc 40.00%	top1 acc 16.00%	Test Loss: 3.5263
2026-07-28 21:22:01 - INFO - Epoch [4/50] Train Loss: 5.4946
2026-07-28 21:22:01 - INFO - top5 acc 43.50%	top1 acc 15.50%	Test Loss: 3.4241
2026-07-28 21:22:27 - INFO - Epoch [5/50] Train Loss: 5.3869
2026-07-28 21:22:28 - INFO - top5 acc 44.00%	top1 acc 19.50%	Test Loss: 3.3788
2026-07-28 21:22:53 - INFO - Epoch [6/50] Train Loss: 5.3134
2026-07-28 21:22:53 - INFO - top5 acc 45.00%	top1 acc 19.00%	Test Loss: 3.2755
2026-07-28 21:23:19 - INFO - Epoch [7/50] Train Loss: 5.2498
2026-07-28 21:23:19 - INFO - top5 acc 49.50%	top1 acc 20.50%	Test Loss: 3.2555
2026-07-28 21:23:45 - INFO - Epoch [8/50] Train Loss: 5.1922
2026-07-28 21:23:45 - INFO - top5 acc 47.50%	top1 acc 20.00%	Test Loss: 3.2098
2026-07-28 21:24:11 - INFO - Epoch [9/50] Train Loss: 5.1353
2026-07-28 21:24:11 - INFO - top5 acc 50.00%	top1 acc 20.50%	Test Loss: 3.1918
2026-07-28 21:24:36 - INFO - Epoch [10/50] Train Loss: 5.0821
2026-07-28 21:24:36 - INFO - top5 acc 52.00%	top1 acc 24.00%	Test Loss: 3.1451
2026-07-28 21:25:02 - INFO - Epoch [11/50] Train Loss: 5.0310
2026-07-28 21:25:02 - INFO - top5 acc 53.00%	top1 acc 24.00%	Test Loss: 3.1179
2026-07-28 21:25:29 - INFO - Epoch [12/50] Train Loss: 4.9818
2026-07-28 21:25:29 - INFO - top5 acc 53.00%	top1 acc 20.50%	Test Loss: 3.1629
2026-07-28 21:25:55 - INFO - Epoch [13/50] Train Loss: 4.9329
2026-07-28 21:25:56 - INFO - top5 acc 53.50%	top1 acc 23.00%	Test Loss: 3.0951
2026-07-28 21:26:21 - INFO - Epoch [14/50] Train Loss: 4.8889
2026-07-28 21:26:22 - INFO - top5 acc 50.50%	top1 acc 21.50%	Test Loss: 3.1303
2026-07-28 21:26:47 - INFO - Epoch [15/50] Train Loss: 4.8422
2026-07-28 21:26:47 - INFO - top5 acc 55.00%	top1 acc 21.00%	Test Loss: 3.0759
2026-07-28 21:27:13 - INFO - Epoch [16/50] Train Loss: 4.7974
2026-07-28 21:27:13 - INFO - top5 acc 51.00%	top1 acc 22.50%	Test Loss: 3.0878
2026-07-28 21:27:39 - INFO - Epoch [17/50] Train Loss: 4.7551
2026-07-28 21:27:39 - INFO - top5 acc 49.00%	top1 acc 19.00%	Test Loss: 3.0843
2026-07-28 21:28:05 - INFO - Epoch [18/50] Train Loss: 4.7068
2026-07-28 21:28:05 - INFO - top5 acc 52.00%	top1 acc 21.00%	Test Loss: 3.0791
2026-07-28 21:28:31 - INFO - Epoch [19/50] Train Loss: 4.6701
2026-07-28 21:28:31 - INFO - top5 acc 53.00%	top1 acc 23.00%	Test Loss: 3.0103
2026-07-28 21:28:58 - INFO - Epoch [20/50] Train Loss: 4.6266
2026-07-28 21:28:58 - INFO - top5 acc 51.00%	top1 acc 21.00%	Test Loss: 3.0555
2026-07-28 21:29:24 - INFO - Epoch [21/50] Train Loss: 4.5897
2026-07-28 21:29:25 - INFO - top5 acc 53.50%	top1 acc 21.00%	Test Loss: 3.0239
2026-07-28 21:29:50 - INFO - Epoch [22/50] Train Loss: 4.5468
2026-07-28 21:29:50 - INFO - top5 acc 51.50%	top1 acc 20.00%	Test Loss: 2.9863
2026-07-28 21:30:16 - INFO - Epoch [23/50] Train Loss: 4.5078
2026-07-28 21:30:17 - INFO - top5 acc 55.00%	top1 acc 21.00%	Test Loss: 3.0352
2026-07-28 21:30:43 - INFO - Epoch [24/50] Train Loss: 4.4727
2026-07-28 21:30:43 - INFO - top5 acc 54.50%	top1 acc 23.50%	Test Loss: 2.9658
2026-07-28 21:31:09 - INFO - Epoch [25/50] Train Loss: 4.4371
2026-07-28 21:31:09 - INFO - top5 acc 54.00%	top1 acc 23.50%	Test Loss: 3.0134
2026-07-28 21:31:35 - INFO - Epoch [26/50] Train Loss: 4.3982
2026-07-28 21:31:36 - INFO - top5 acc 54.00%	top1 acc 23.50%	Test Loss: 2.9606
2026-07-28 21:32:01 - INFO - Epoch [27/50] Train Loss: 4.3624
2026-07-28 21:32:01 - INFO - top5 acc 48.50%	top1 acc 19.50%	Test Loss: 3.0220
2026-07-28 21:32:28 - INFO - Epoch [28/50] Train Loss: 4.3243
2026-07-28 21:32:28 - INFO - top5 acc 54.50%	top1 acc 24.50%	Test Loss: 2.9726
2026-07-28 21:32:53 - INFO - Epoch [29/50] Train Loss: 4.2954
2026-07-28 21:32:53 - INFO - top5 acc 54.00%	top1 acc 26.00%	Test Loss: 2.9225
2026-07-28 21:33:19 - INFO - Epoch [30/50] Train Loss: 4.2606
2026-07-28 21:33:19 - INFO - top5 acc 54.00%	top1 acc 23.50%	Test Loss: 2.9957
2026-07-28 21:33:45 - INFO - Epoch [31/50] Train Loss: 4.2330
2026-07-28 21:33:45 - INFO - top5 acc 54.50%	top1 acc 22.50%	Test Loss: 2.9653
2026-07-28 21:34:10 - INFO - Epoch [32/50] Train Loss: 4.1977
2026-07-28 21:34:10 - INFO - top5 acc 57.00%	top1 acc 22.50%	Test Loss: 2.8854
2026-07-28 21:34:36 - INFO - Epoch [33/50] Train Loss: 4.1706
2026-07-28 21:34:36 - INFO - top5 acc 56.00%	top1 acc 25.00%	Test Loss: 2.9216
2026-07-28 21:35:01 - INFO - Epoch [34/50] Train Loss: 4.1387
2026-07-28 21:35:01 - INFO - top5 acc 52.00%	top1 acc 22.50%	Test Loss: 2.9543
2026-07-28 21:35:27 - INFO - Epoch [35/50] Train Loss: 4.1090
2026-07-28 21:35:27 - INFO - top5 acc 52.00%	top1 acc 25.00%	Test Loss: 2.9489
2026-07-28 21:35:53 - INFO - Epoch [36/50] Train Loss: 4.0818
2026-07-28 21:35:53 - INFO - top5 acc 54.00%	top1 acc 21.50%	Test Loss: 2.9967
2026-07-28 21:36:19 - INFO - Epoch [37/50] Train Loss: 4.0522
2026-07-28 21:36:19 - INFO - top5 acc 53.00%	top1 acc 22.50%	Test Loss: 2.9853
2026-07-28 21:36:46 - INFO - Epoch [38/50] Train Loss: 4.0303
2026-07-28 21:36:46 - INFO - top5 acc 55.50%	top1 acc 24.50%	Test Loss: 2.9331
2026-07-28 21:37:12 - INFO - Epoch [39/50] Train Loss: 4.0028
2026-07-28 21:37:13 - INFO - top5 acc 51.00%	top1 acc 23.50%	Test Loss: 2.9761
2026-07-28 21:37:39 - INFO - Epoch [40/50] Train Loss: 3.9760
2026-07-28 21:37:39 - INFO - top5 acc 52.00%	top1 acc 25.00%	Test Loss: 2.9964
2026-07-28 21:38:05 - INFO - Epoch [41/50] Train Loss: 3.9585
2026-07-28 21:38:05 - INFO - top5 acc 53.50%	top1 acc 25.00%	Test Loss: 2.9839
2026-07-28 21:38:31 - INFO - Epoch [42/50] Train Loss: 3.9294
2026-07-28 21:38:31 - INFO - top5 acc 52.00%	top1 acc 25.00%	Test Loss: 2.9735
2026-07-28 21:38:57 - INFO - Epoch [43/50] Train Loss: 3.9067
2026-07-28 21:38:57 - INFO - top5 acc 57.00%	top1 acc 26.00%	Test Loss: 2.9728
2026-07-28 21:39:22 - INFO - Epoch [44/50] Train Loss: 3.8730
2026-07-28 21:39:22 - INFO - top5 acc 53.50%	top1 acc 25.00%	Test Loss: 2.9428
2026-07-28 21:39:48 - INFO - Epoch [45/50] Train Loss: 3.8600
2026-07-28 21:39:48 - INFO - top5 acc 54.00%	top1 acc 24.50%	Test Loss: 2.9899
2026-07-28 21:40:14 - INFO - Epoch [46/50] Train Loss: 3.8383
2026-07-28 21:40:14 - INFO - top5 acc 54.00%	top1 acc 24.50%	Test Loss: 2.9503
2026-07-28 21:40:40 - INFO - Epoch [47/50] Train Loss: 3.8102
2026-07-28 21:40:40 - INFO - top5 acc 55.00%	top1 acc 26.00%	Test Loss: 2.9802
2026-07-28 21:41:06 - INFO - Epoch [48/50] Train Loss: 3.7944
2026-07-28 21:41:06 - INFO - top5 acc 53.50%	top1 acc 24.00%	Test Loss: 2.9942
2026-07-28 21:41:32 - INFO - Epoch [49/50] Train Loss: 3.7718
2026-07-28 21:41:32 - INFO - top5 acc 56.50%	top1 acc 25.50%	Test Loss: 2.9937
2026-07-28 21:41:57 - INFO - Epoch [50/50] Train Loss: 3.7504
2026-07-28 21:41:57 - INFO - top5 acc 51.00%	top1 acc 23.00%	Test Loss: 3.0481
2026-07-28 21:41:57 - INFO - best test loss: 2.8854 top5 acc: 57.00 top1 acc: 22.50 at epoch 32
