2026-07-28 21:42:03 - INFO - Input arguments:
2026-07-28 21:42:03 - INFO - device                 cuda:0
2026-07-28 21:42:03 - INFO - num_epochs             50
2026-07-28 21:42:03 - INFO - batch_size             1024
2026-07-28 21:42:03 - INFO - learning_rate          0.0001
2026-07-28 21:42:03 - INFO - output_dir             ./autodl-tmp/results/things_eeg/inter-subjects
2026-07-28 21:42:03 - INFO - output_name            sub-02
2026-07-28 21:42:03 - INFO - train_subject_ids      [1, 3, 4, 5, 6, 7, 8, 9, 10]
2026-07-28 21:42:03 - INFO - test_subject_ids       [2]
2026-07-28 21:42:03 - INFO - data_average           True
2026-07-28 21:42:03 - INFO - data_random            False
2026-07-28 21:42:03 - INFO - init_temperature       0.07
2026-07-28 21:42:03 - INFO - t_learnable            False
2026-07-28 21:42:03 - INFO - softplus               True
2026-07-28 21:42:03 - INFO - alpha                  1.0
2026-07-28 21:42:03 - INFO - beta                   1.0
2026-07-28 21:42:03 - INFO - img_l2norm             True
2026-07-28 21:42:03 - INFO - text_l2norm            False
2026-07-28 21:42:03 - INFO - eeg_l2norm             False
2026-07-28 21:42:03 - INFO - eeg_data_dir           /root/autodl-tmp/data/things_eeg/preprocessed_eeg
2026-07-28 21:42:03 - INFO - selected_channels      []
2026-07-28 21:42:03 - INFO - time_window            [0, 250]
2026-07-28 21:42:03 - INFO - eeg_aug                True
2026-07-28 21:42:03 - INFO - eeg_aug_type           smooth
2026-07-28 21:42:03 - INFO - eeg_encoder_type       TSConv
2026-07-28 21:42:03 - INFO - image_aug              True
2026-07-28 21:42:03 - INFO - image_test_aug         True
2026-07-28 21:42:03 - INFO - eeg_test_aug           False
2026-07-28 21:42:03 - INFO - frozen_eeg_prior       True
2026-07-28 21:42:03 - INFO - projector              linear
2026-07-28 21:42:03 - INFO - feature_dim            512
2026-07-28 21:42:03 - INFO - image_feature_dir      /root/autodl-tmp/data/things_eeg/image_feature/RN50
2026-07-28 21:42:03 - INFO - aug_image_feature_dirs ['/root/autodl-tmp/data/things_eeg/image_feature/RN50/GaussianBlur-GaussianNoise-LowResolution-Mosaic']
2026-07-28 21:42:03 - INFO - text_feature_dir       
2026-07-28 21:42:03 - INFO - save_weights           True
2026-07-28 21:42:03 - INFO - seed                   9999
2026-07-28 21:42:03 - INFO - Using device: cuda:0
2026-07-28 22:56:37 - INFO - EEG sample points: 250
2026-07-28 22:56:37 - INFO - feature dimension: 1024
2026-07-28 22:56:37 - INFO - data length: 148860
2026-07-28 22:56:37 - INFO - number of channels: 63
2026-07-28 22:56:38 - INFO - EEG Encoder trainable parameters: 2.63M
2026-07-28 22:56:38 - INFO - TSConv(
  (tsconv): Sequential(
    (0): Conv2d(1, 40, kernel_size=(1, 25), stride=(1, 1))
    (1): AvgPool2d(kernel_size=(1, 51), stride=(1, 5), padding=0)
    (2): BatchNorm2d(40, eps=1e-05, momentum=0.1, affine=True, track_running_stats=True)
    (3): ELU(alpha=1.0)
    (4): Conv2d(40, 40, kernel_size=(63, 1), stride=(1, 1))
    (5): BatchNorm2d(40, eps=1e-05, momentum=0.1, affine=True, track_running_stats=True)
    (6): ELU(alpha=1.0)
    (7): Dropout(p=0.5, inplace=False)
  )
  (projection): Conv2d(40, 40, kernel_size=(1, 1), stride=(1, 1))
  (proj_eeg): Sequential(
    (0): Linear(in_features=1440, out_features=1024, bias=True)
    (1): ResidualAdd(
      (f): Sequential(
        (0): GELU(approximate='none')
        (1): Linear(in_features=1024, out_features=1024, bias=True)
        (2): Dropout(p=0.5, inplace=False)
      )
    )
    (2): LayerNorm((1024,), eps=1e-05, elementwise_affine=True)
  )
)
2026-07-28 22:56:38 - INFO - Projector trainable parameters: 1.57M
2026-07-28 22:56:38 - INFO - ContrastiveLoss(
  (criterion_cls): CrossEntropyLoss()
  (criterion_mse): MSELoss()
  (softplus): Softplus(beta=1.0, threshold=20.0)
)
2026-07-28 22:57:04 - INFO - Epoch [1/50] Train Loss: 6.5207
2026-07-28 22:57:04 - INFO - top5 acc 23.50%	top1 acc 7.00%	Test Loss: 3.9107
2026-07-28 22:57:29 - INFO - Epoch [2/50] Train Loss: 5.8853
2026-07-28 22:57:29 - INFO - top5 acc 34.00%	top1 acc 13.50%	Test Loss: 3.5119
2026-07-28 22:57:53 - INFO - Epoch [3/50] Train Loss: 5.6582
2026-07-28 22:57:54 - INFO - top5 acc 43.50%	top1 acc 16.50%	Test Loss: 3.3272
2026-07-28 22:58:18 - INFO - Epoch [4/50] Train Loss: 5.5159
2026-07-28 22:58:18 - INFO - top5 acc 45.00%	top1 acc 16.50%	Test Loss: 3.2986
2026-07-28 22:58:43 - INFO - Epoch [5/50] Train Loss: 5.4103
2026-07-28 22:58:43 - INFO - top5 acc 42.50%	top1 acc 18.50%	Test Loss: 3.2625
2026-07-28 22:59:09 - INFO - Epoch [6/50] Train Loss: 5.3379
2026-07-28 22:59:09 - INFO - top5 acc 46.50%	top1 acc 20.00%	Test Loss: 3.1858
2026-07-28 22:59:34 - INFO - Epoch [7/50] Train Loss: 5.2759
2026-07-28 22:59:34 - INFO - top5 acc 50.00%	top1 acc 20.50%	Test Loss: 3.1325
2026-07-28 22:59:59 - INFO - Epoch [8/50] Train Loss: 5.2202
2026-07-28 22:59:59 - INFO - top5 acc 50.00%	top1 acc 20.00%	Test Loss: 3.1502
2026-07-28 23:00:25 - INFO - Epoch [9/50] Train Loss: 5.1647
2026-07-28 23:00:25 - INFO - top5 acc 53.50%	top1 acc 23.00%	Test Loss: 3.1381
2026-07-28 23:00:50 - INFO - Epoch [10/50] Train Loss: 5.1091
2026-07-28 23:00:50 - INFO - top5 acc 51.50%	top1 acc 22.50%	Test Loss: 3.0839
2026-07-28 23:01:15 - INFO - Epoch [11/50] Train Loss: 5.0554
2026-07-28 23:01:15 - INFO - top5 acc 55.50%	top1 acc 25.00%	Test Loss: 3.0532
2026-07-28 23:01:41 - INFO - Epoch [12/50] Train Loss: 5.0032
2026-07-28 23:01:41 - INFO - top5 acc 53.00%	top1 acc 24.50%	Test Loss: 3.0870
2026-07-28 23:02:07 - INFO - Epoch [13/50] Train Loss: 4.9541
2026-07-28 23:02:07 - INFO - top5 acc 55.50%	top1 acc 24.50%	Test Loss: 3.0446
2026-07-28 23:02:33 - INFO - Epoch [14/50] Train Loss: 4.9082
2026-07-28 23:02:33 - INFO - top5 acc 55.50%	top1 acc 24.50%	Test Loss: 3.0468
2026-07-28 23:02:59 - INFO - Epoch [15/50] Train Loss: 4.8598
2026-07-28 23:02:59 - INFO - top5 acc 57.50%	top1 acc 27.00%	Test Loss: 3.0088
2026-07-28 23:03:24 - INFO - Epoch [16/50] Train Loss: 4.8142
2026-07-28 23:03:24 - INFO - top5 acc 54.50%	top1 acc 25.50%	Test Loss: 3.0209
2026-07-28 23:03:49 - INFO - Epoch [17/50] Train Loss: 4.7716
2026-07-28 23:03:49 - INFO - top5 acc 55.50%	top1 acc 28.00%	Test Loss: 2.9758
2026-07-28 23:04:14 - INFO - Epoch [18/50] Train Loss: 4.7250
2026-07-28 23:04:14 - INFO - top5 acc 55.50%	top1 acc 25.00%	Test Loss: 3.0065
2026-07-28 23:04:39 - INFO - Epoch [19/50] Train Loss: 4.6837
2026-07-28 23:04:39 - INFO - top5 acc 52.00%	top1 acc 24.00%	Test Loss: 3.0198
2026-07-28 23:05:04 - INFO - Epoch [20/50] Train Loss: 4.6407
2026-07-28 23:05:04 - INFO - top5 acc 52.00%	top1 acc 26.50%	Test Loss: 3.0234
2026-07-28 23:05:30 - INFO - Epoch [21/50] Train Loss: 4.6025
2026-07-28 23:05:30 - INFO - top5 acc 54.00%	top1 acc 24.00%	Test Loss: 3.0210
2026-07-28 23:05:55 - INFO - Epoch [22/50] Train Loss: 4.5607
2026-07-28 23:05:55 - INFO - top5 acc 53.00%	top1 acc 25.00%	Test Loss: 3.0149
2026-07-28 23:06:20 - INFO - Epoch [23/50] Train Loss: 4.5235
2026-07-28 23:06:20 - INFO - top5 acc 51.00%	top1 acc 24.00%	Test Loss: 3.0376
2026-07-28 23:06:45 - INFO - Epoch [24/50] Train Loss: 4.4845
2026-07-28 23:06:45 - INFO - top5 acc 54.00%	top1 acc 28.50%	Test Loss: 2.9301
2026-07-28 23:07:11 - INFO - Epoch [25/50] Train Loss: 4.4499
2026-07-28 23:07:11 - INFO - top5 acc 54.50%	top1 acc 26.00%	Test Loss: 2.9540
2026-07-28 23:07:37 - INFO - Epoch [26/50] Train Loss: 4.4135
2026-07-28 23:07:37 - INFO - top5 acc 56.50%	top1 acc 26.50%	Test Loss: 2.9481
2026-07-28 23:08:02 - INFO - Epoch [27/50] Train Loss: 4.3773
2026-07-28 23:08:02 - INFO - top5 acc 50.50%	top1 acc 23.50%	Test Loss: 3.0398
2026-07-28 23:08:27 - INFO - Epoch [28/50] Train Loss: 4.3376
2026-07-28 23:08:27 - INFO - top5 acc 53.50%	top1 acc 24.00%	Test Loss: 2.9982
2026-07-28 23:08:52 - INFO - Epoch [29/50] Train Loss: 4.3078
2026-07-28 23:08:52 - INFO - top5 acc 49.50%	top1 acc 23.50%	Test Loss: 3.0200
2026-07-28 23:09:17 - INFO - Epoch [30/50] Train Loss: 4.2748
2026-07-28 23:09:17 - INFO - top5 acc 49.00%	top1 acc 23.50%	Test Loss: 3.0204
2026-07-28 23:09:42 - INFO - Epoch [31/50] Train Loss: 4.2452
2026-07-28 23:09:42 - INFO - top5 acc 51.50%	top1 acc 25.00%	Test Loss: 3.0311
2026-07-28 23:10:08 - INFO - Epoch [32/50] Train Loss: 4.2079
2026-07-28 23:10:08 - INFO - top5 acc 48.50%	top1 acc 23.00%	Test Loss: 3.0663
2026-07-28 23:10:34 - INFO - Epoch [33/50] Train Loss: 4.1835
2026-07-28 23:10:34 - INFO - top5 acc 49.50%	top1 acc 21.50%	Test Loss: 3.1172
2026-07-28 23:10:59 - INFO - Epoch [34/50] Train Loss: 4.1470
2026-07-28 23:10:59 - INFO - top5 acc 53.00%	top1 acc 27.50%	Test Loss: 2.9708
2026-07-28 23:11:24 - INFO - Epoch [35/50] Train Loss: 4.1197
2026-07-28 23:11:25 - INFO - top5 acc 53.00%	top1 acc 23.00%	Test Loss: 3.0022
2026-07-28 23:11:49 - INFO - Epoch [36/50] Train Loss: 4.0940
2026-07-28 23:11:49 - INFO - top5 acc 50.00%	top1 acc 22.50%	Test Loss: 3.0856
2026-07-28 23:12:14 - INFO - Epoch [37/50] Train Loss: 4.0624
2026-07-28 23:12:15 - INFO - top5 acc 49.00%	top1 acc 20.50%	Test Loss: 3.0896
2026-07-28 23:12:39 - INFO - Epoch [38/50] Train Loss: 4.0458
2026-07-28 23:12:39 - INFO - top5 acc 52.50%	top1 acc 23.00%	Test Loss: 3.1181
2026-07-28 23:13:05 - INFO - Epoch [39/50] Train Loss: 4.0129
2026-07-28 23:13:05 - INFO - top5 acc 51.00%	top1 acc 22.00%	Test Loss: 3.1151
2026-07-28 23:13:30 - INFO - Epoch [40/50] Train Loss: 3.9855
2026-07-28 23:13:30 - INFO - top5 acc 50.50%	top1 acc 21.00%	Test Loss: 3.0678
2026-07-28 23:13:55 - INFO - Epoch [41/50] Train Loss: 3.9672
2026-07-28 23:13:55 - INFO - top5 acc 50.50%	top1 acc 22.50%	Test Loss: 3.0333
2026-07-28 23:14:21 - INFO - Epoch [42/50] Train Loss: 3.9345
2026-07-28 23:14:21 - INFO - top5 acc 52.00%	top1 acc 20.50%	Test Loss: 3.1084
2026-07-28 23:14:46 - INFO - Epoch [43/50] Train Loss: 3.9121
2026-07-28 23:14:47 - INFO - top5 acc 51.50%	top1 acc 21.00%	Test Loss: 3.1049
2026-07-28 23:15:11 - INFO - Epoch [44/50] Train Loss: 3.8895
2026-07-28 23:15:12 - INFO - top5 acc 53.50%	top1 acc 22.50%	Test Loss: 3.0496
2026-07-28 23:15:37 - INFO - Epoch [45/50] Train Loss: 3.8668
2026-07-28 23:15:37 - INFO - top5 acc 50.50%	top1 acc 22.00%	Test Loss: 3.0825
2026-07-28 23:16:01 - INFO - Epoch [46/50] Train Loss: 3.8394
2026-07-28 23:16:01 - INFO - top5 acc 51.00%	top1 acc 20.50%	Test Loss: 3.0833
2026-07-28 23:16:27 - INFO - Epoch [47/50] Train Loss: 3.8175
2026-07-28 23:16:27 - INFO - top5 acc 52.00%	top1 acc 21.50%	Test Loss: 3.0942
2026-07-28 23:16:52 - INFO - Epoch [48/50] Train Loss: 3.7984
2026-07-28 23:16:52 - INFO - top5 acc 46.50%	top1 acc 19.50%	Test Loss: 3.1269
2026-07-28 23:17:18 - INFO - Epoch [49/50] Train Loss: 3.7779
2026-07-28 23:17:18 - INFO - top5 acc 49.00%	top1 acc 23.00%	Test Loss: 3.1066
2026-07-28 23:17:43 - INFO - Epoch [50/50] Train Loss: 3.7566
2026-07-28 23:17:43 - INFO - top5 acc 49.50%	top1 acc 20.00%	Test Loss: 3.1302
2026-07-28 23:17:43 - INFO - best test loss: 2.9301 top5 acc: 54.00 top1 acc: 28.50 at epoch 24
