2026-07-26 20:33:08 - INFO - Input arguments:
2026-07-26 20:33:08 - INFO - device                 cuda:0
2026-07-26 20:33:08 - INFO - num_epochs             50
2026-07-26 20:33:08 - INFO - batch_size             1024
2026-07-26 20:33:08 - INFO - learning_rate          0.0001
2026-07-26 20:33:08 - INFO - output_dir             ./autodl-tmp/results/things_eeg/inter-subjects
2026-07-26 20:33:08 - INFO - output_name            sub-02
2026-07-26 20:33:08 - INFO - train_subject_ids      [1, 3, 4, 5, 6, 7, 8, 9, 10]
2026-07-26 20:33:08 - INFO - test_subject_ids       [2]
2026-07-26 20:33:08 - INFO - data_average           True
2026-07-26 20:33:08 - INFO - data_random            False
2026-07-26 20:33:08 - INFO - init_temperature       0.07
2026-07-26 20:33:08 - INFO - t_learnable            False
2026-07-26 20:33:08 - INFO - softplus               True
2026-07-26 20:33:08 - INFO - alpha                  1.0
2026-07-26 20:33:08 - INFO - beta                   1.0
2026-07-26 20:33:08 - INFO - img_l2norm             True
2026-07-26 20:33:08 - INFO - text_l2norm            False
2026-07-26 20:33:08 - INFO - eeg_l2norm             False
2026-07-26 20:33:08 - INFO - eeg_data_dir           /root/autodl-tmp/data/things_eeg/preprocessed_eeg
2026-07-26 20:33:08 - INFO - selected_channels      []
2026-07-26 20:33:08 - INFO - time_window            [0, 250]
2026-07-26 20:33:08 - INFO - eeg_aug                True
2026-07-26 20:33:08 - INFO - eeg_aug_type           smooth
2026-07-26 20:33:08 - INFO - eeg_encoder_type       TSConv
2026-07-26 20:33:08 - INFO - image_aug              True
2026-07-26 20:33:08 - INFO - image_test_aug         True
2026-07-26 20:33:08 - INFO - eeg_test_aug           False
2026-07-26 20:33:08 - INFO - frozen_eeg_prior       True
2026-07-26 20:33:08 - INFO - projector              linear
2026-07-26 20:33:08 - INFO - feature_dim            512
2026-07-26 20:33:08 - INFO - image_feature_dir      /root/autodl-tmp/data/things_eeg/image_feature/RN50
2026-07-26 20:33:08 - INFO - aug_image_feature_dirs ['/root/autodl-tmp/data/things_eeg/image_feature/RN50/GaussianBlur-GaussianNoise-LowResolution-Mosaic']
2026-07-26 20:33:08 - INFO - text_feature_dir       
2026-07-26 20:33:08 - INFO - save_weights           True
2026-07-26 20:33:08 - INFO - seed                   2025
2026-07-26 20:33:08 - INFO - Using device: cuda:0
2026-07-26 21:54:10 - INFO - EEG sample points: 250
2026-07-26 21:54:10 - INFO - feature dimension: 1024
2026-07-26 21:54:10 - INFO - data length: 148860
2026-07-26 21:54:10 - INFO - number of channels: 63
2026-07-26 21:54:11 - INFO - EEG Encoder trainable parameters: 2.63M
2026-07-26 21:54:11 - INFO - TSConv(
  (tsconv): Sequential(
    (0): Conv2d(1, 40, kernel_size=(1, 25), stride=(1, 1))
    (1): AvgPool2d(kernel_size=(1, 51), stride=(1, 5), padding=0)
    (2): BatchNorm2d(40, eps=1e-05, momentum=0.1, affine=True, track_running_stats=True)
    (3): ELU(alpha=1.0)
    (4): Conv2d(40, 40, kernel_size=(63, 1), stride=(1, 1))
    (5): BatchNorm2d(40, eps=1e-05, momentum=0.1, affine=True, track_running_stats=True)
    (6): ELU(alpha=1.0)
    (7): Dropout(p=0.5, inplace=False)
  )
  (projection): Conv2d(40, 40, kernel_size=(1, 1), stride=(1, 1))
  (proj_eeg): Sequential(
    (0): Linear(in_features=1440, out_features=1024, bias=True)
    (1): ResidualAdd(
      (f): Sequential(
        (0): GELU(approximate='none')
        (1): Linear(in_features=1024, out_features=1024, bias=True)
        (2): Dropout(p=0.5, inplace=False)
      )
    )
    (2): LayerNorm((1024,), eps=1e-05, elementwise_affine=True)
  )
)
2026-07-26 21:54:11 - INFO - Projector trainable parameters: 1.57M
2026-07-26 21:54:11 - INFO - ContrastiveLoss(
  (criterion_cls): CrossEntropyLoss()
  (criterion_mse): MSELoss()
  (softplus): Softplus(beta=1.0, threshold=20.0)
)
2026-07-26 21:54:42 - INFO - Epoch [1/50] Train Loss: 6.5753
2026-07-26 21:54:42 - INFO - top5 acc 20.00%	top1 acc 5.50%	Test Loss: 4.0761
2026-07-26 21:55:09 - INFO - Epoch [2/50] Train Loss: 5.9527
2026-07-26 21:55:09 - INFO - top5 acc 34.50%	top1 acc 12.50%	Test Loss: 3.6095
2026-07-26 21:55:37 - INFO - Epoch [3/50] Train Loss: 5.7097
2026-07-26 21:55:37 - INFO - top5 acc 39.50%	top1 acc 12.00%	Test Loss: 3.4878
2026-07-26 21:56:04 - INFO - Epoch [4/50] Train Loss: 5.5615
2026-07-26 21:56:04 - INFO - top5 acc 40.50%	top1 acc 16.50%	Test Loss: 3.3313
2026-07-26 21:56:32 - INFO - Epoch [5/50] Train Loss: 5.4457
2026-07-26 21:56:32 - INFO - top5 acc 45.50%	top1 acc 15.50%	Test Loss: 3.2755
2026-07-26 21:56:59 - INFO - Epoch [6/50] Train Loss: 5.3552
2026-07-26 21:56:59 - INFO - top5 acc 45.50%	top1 acc 16.50%	Test Loss: 3.2670
2026-07-26 21:57:27 - INFO - Epoch [7/50] Train Loss: 5.2828
2026-07-26 21:57:27 - INFO - top5 acc 46.00%	top1 acc 18.50%	Test Loss: 3.1631
2026-07-26 21:57:54 - INFO - Epoch [8/50] Train Loss: 5.2208
2026-07-26 21:57:55 - INFO - top5 acc 48.50%	top1 acc 17.50%	Test Loss: 3.2062
2026-07-26 21:58:22 - INFO - Epoch [9/50] Train Loss: 5.1638
2026-07-26 21:58:22 - INFO - top5 acc 45.50%	top1 acc 18.00%	Test Loss: 3.1912
2026-07-26 21:58:50 - INFO - Epoch [10/50] Train Loss: 5.1053
2026-07-26 21:58:50 - INFO - top5 acc 50.50%	top1 acc 19.50%	Test Loss: 3.1419
2026-07-26 21:59:17 - INFO - Epoch [11/50] Train Loss: 5.0527
2026-07-26 21:59:17 - INFO - top5 acc 49.00%	top1 acc 22.50%	Test Loss: 3.1224
2026-07-26 21:59:44 - INFO - Epoch [12/50] Train Loss: 5.0016
2026-07-26 21:59:45 - INFO - top5 acc 53.00%	top1 acc 22.50%	Test Loss: 3.0642
2026-07-26 22:00:12 - INFO - Epoch [13/50] Train Loss: 4.9537
2026-07-26 22:00:12 - INFO - top5 acc 53.50%	top1 acc 22.00%	Test Loss: 3.0541
2026-07-26 22:00:39 - INFO - Epoch [14/50] Train Loss: 4.9067
2026-07-26 22:00:40 - INFO - top5 acc 52.50%	top1 acc 22.50%	Test Loss: 3.0799
2026-07-26 22:01:07 - INFO - Epoch [15/50] Train Loss: 4.8612
2026-07-26 22:01:07 - INFO - top5 acc 55.00%	top1 acc 24.00%	Test Loss: 3.0598
2026-07-26 22:01:34 - INFO - Epoch [16/50] Train Loss: 4.8191
2026-07-26 22:01:34 - INFO - top5 acc 53.50%	top1 acc 24.00%	Test Loss: 3.0045
2026-07-26 22:02:01 - INFO - Epoch [17/50] Train Loss: 4.7726
2026-07-26 22:02:01 - INFO - top5 acc 54.00%	top1 acc 26.00%	Test Loss: 2.9695
2026-07-26 22:02:28 - INFO - Epoch [18/50] Train Loss: 4.7288
2026-07-26 22:02:29 - INFO - top5 acc 52.00%	top1 acc 26.50%	Test Loss: 2.9847
2026-07-26 22:02:55 - INFO - Epoch [19/50] Train Loss: 4.6826
2026-07-26 22:02:55 - INFO - top5 acc 55.50%	top1 acc 26.50%	Test Loss: 2.9802
2026-07-26 22:03:22 - INFO - Epoch [20/50] Train Loss: 4.6433
2026-07-26 22:03:22 - INFO - top5 acc 51.50%	top1 acc 25.00%	Test Loss: 2.9672
2026-07-26 22:03:50 - INFO - Epoch [21/50] Train Loss: 4.6041
2026-07-26 22:03:50 - INFO - top5 acc 51.50%	top1 acc 26.50%	Test Loss: 2.9556
2026-07-26 22:04:17 - INFO - Epoch [22/50] Train Loss: 4.5593
2026-07-26 22:04:17 - INFO - top5 acc 56.50%	top1 acc 24.50%	Test Loss: 2.9570
2026-07-26 22:04:45 - INFO - Epoch [23/50] Train Loss: 4.5248
2026-07-26 22:04:45 - INFO - top5 acc 50.50%	top1 acc 22.00%	Test Loss: 3.0106
2026-07-26 22:05:12 - INFO - Epoch [24/50] Train Loss: 4.4851
2026-07-26 22:05:12 - INFO - top5 acc 53.00%	top1 acc 26.50%	Test Loss: 3.0083
2026-07-26 22:05:40 - INFO - Epoch [25/50] Train Loss: 4.4488
2026-07-26 22:05:40 - INFO - top5 acc 53.00%	top1 acc 25.00%	Test Loss: 2.9758
2026-07-26 22:06:07 - INFO - Epoch [26/50] Train Loss: 4.4084
2026-07-26 22:06:07 - INFO - top5 acc 53.00%	top1 acc 22.50%	Test Loss: 2.9785
2026-07-26 22:06:34 - INFO - Epoch [27/50] Train Loss: 4.3764
2026-07-26 22:06:34 - INFO - top5 acc 51.00%	top1 acc 24.50%	Test Loss: 3.0279
2026-07-26 22:07:02 - INFO - Epoch [28/50] Train Loss: 4.3347
2026-07-26 22:07:02 - INFO - top5 acc 47.50%	top1 acc 23.00%	Test Loss: 3.0594
2026-07-26 22:07:29 - INFO - Epoch [29/50] Train Loss: 4.3039
2026-07-26 22:07:29 - INFO - top5 acc 51.00%	top1 acc 22.50%	Test Loss: 3.0134
2026-07-26 22:07:57 - INFO - Epoch [30/50] Train Loss: 4.2705
2026-07-26 22:07:57 - INFO - top5 acc 52.00%	top1 acc 25.00%	Test Loss: 3.0020
2026-07-26 22:08:24 - INFO - Epoch [31/50] Train Loss: 4.2365
2026-07-26 22:08:25 - INFO - top5 acc 46.50%	top1 acc 18.50%	Test Loss: 3.0703
2026-07-26 22:08:52 - INFO - Epoch [32/50] Train Loss: 4.2051
2026-07-26 22:08:52 - INFO - top5 acc 52.00%	top1 acc 21.00%	Test Loss: 3.0395
2026-07-26 22:09:19 - INFO - Epoch [33/50] Train Loss: 4.1738
2026-07-26 22:09:19 - INFO - top5 acc 50.50%	top1 acc 22.00%	Test Loss: 3.0465
2026-07-26 22:09:47 - INFO - Epoch [34/50] Train Loss: 4.1413
2026-07-26 22:09:47 - INFO - top5 acc 47.50%	top1 acc 22.50%	Test Loss: 3.0251
2026-07-26 22:10:14 - INFO - Epoch [35/50] Train Loss: 4.1151
2026-07-26 22:10:14 - INFO - top5 acc 49.00%	top1 acc 19.50%	Test Loss: 3.0851
2026-07-26 22:10:42 - INFO - Epoch [36/50] Train Loss: 4.0826
2026-07-26 22:10:42 - INFO - top5 acc 48.00%	top1 acc 19.50%	Test Loss: 3.0532
2026-07-26 22:11:09 - INFO - Epoch [37/50] Train Loss: 4.0567
2026-07-26 22:11:09 - INFO - top5 acc 51.50%	top1 acc 22.00%	Test Loss: 3.0211
2026-07-26 22:11:37 - INFO - Epoch [38/50] Train Loss: 4.0212
2026-07-26 22:11:37 - INFO - top5 acc 48.00%	top1 acc 20.00%	Test Loss: 3.0903
2026-07-26 22:12:04 - INFO - Epoch [39/50] Train Loss: 3.9992
2026-07-26 22:12:04 - INFO - top5 acc 49.50%	top1 acc 19.00%	Test Loss: 3.0812
2026-07-26 22:12:31 - INFO - Epoch [40/50] Train Loss: 3.9739
2026-07-26 22:12:31 - INFO - top5 acc 46.50%	top1 acc 19.00%	Test Loss: 3.0794
2026-07-26 22:12:59 - INFO - Epoch [41/50] Train Loss: 3.9466
2026-07-26 22:12:59 - INFO - top5 acc 49.50%	top1 acc 21.50%	Test Loss: 3.0895
2026-07-26 22:13:26 - INFO - Epoch [42/50] Train Loss: 3.9273
2026-07-26 22:13:26 - INFO - top5 acc 51.00%	top1 acc 22.50%	Test Loss: 3.0691
2026-07-26 22:13:53 - INFO - Epoch [43/50] Train Loss: 3.8966
2026-07-26 22:13:53 - INFO - top5 acc 48.00%	top1 acc 18.00%	Test Loss: 3.1613
2026-07-26 22:14:20 - INFO - Epoch [44/50] Train Loss: 3.8767
2026-07-26 22:14:20 - INFO - top5 acc 48.00%	top1 acc 21.50%	Test Loss: 3.0789
2026-07-26 22:14:48 - INFO - Epoch [45/50] Train Loss: 3.8478
2026-07-26 22:14:48 - INFO - top5 acc 47.50%	top1 acc 21.50%	Test Loss: 3.1236
2026-07-26 22:15:15 - INFO - Epoch [46/50] Train Loss: 3.8244
2026-07-26 22:15:16 - INFO - top5 acc 49.50%	top1 acc 19.50%	Test Loss: 3.1170
2026-07-26 22:15:43 - INFO - Epoch [47/50] Train Loss: 3.7925
2026-07-26 22:15:43 - INFO - top5 acc 48.00%	top1 acc 20.50%	Test Loss: 3.1443
2026-07-26 22:16:10 - INFO - Epoch [48/50] Train Loss: 3.7757
2026-07-26 22:16:10 - INFO - top5 acc 47.50%	top1 acc 19.00%	Test Loss: 3.1109
2026-07-26 22:16:37 - INFO - Epoch [49/50] Train Loss: 3.7560
2026-07-26 22:16:37 - INFO - top5 acc 49.50%	top1 acc 20.50%	Test Loss: 3.1181
2026-07-26 22:17:03 - INFO - Epoch [50/50] Train Loss: 3.7313
2026-07-26 22:17:03 - INFO - top5 acc 50.00%	top1 acc 19.50%	Test Loss: 3.1091
2026-07-26 22:17:03 - INFO - best test loss: 2.9556 top5 acc: 51.50 top1 acc: 26.50 at epoch 21
