2026-07-28 19:28:34 - INFO - Input arguments:
2026-07-28 19:28:34 - INFO - device                 cuda:0
2026-07-28 19:28:34 - INFO - num_epochs             50
2026-07-28 19:28:34 - INFO - batch_size             1024
2026-07-28 19:28:34 - INFO - learning_rate          0.0001
2026-07-28 19:28:34 - INFO - output_dir             root/autodl-tmp/results/things_eeg/intra-subjects
2026-07-28 19:28:34 - INFO - output_name            sub-06
2026-07-28 19:28:34 - INFO - train_subject_ids      [6]
2026-07-28 19:28:34 - INFO - test_subject_ids       [6]
2026-07-28 19:28:34 - INFO - data_average           True
2026-07-28 19:28:34 - INFO - data_random            False
2026-07-28 19:28:34 - INFO - init_temperature       0.07
2026-07-28 19:28:34 - INFO - t_learnable            False
2026-07-28 19:28:34 - INFO - softplus               True
2026-07-28 19:28:34 - INFO - alpha                  1.0
2026-07-28 19:28:34 - INFO - beta                   1.0
2026-07-28 19:28:34 - INFO - img_l2norm             True
2026-07-28 19:28:34 - INFO - text_l2norm            False
2026-07-28 19:28:34 - INFO - eeg_l2norm             False
2026-07-28 19:28:34 - INFO - eeg_data_dir           /root/autodl-tmp/data/things_eeg/preprocessed_eeg
2026-07-28 19:28:34 - INFO - selected_channels      ['P7', 'P5', 'P3', 'P1', 'Pz', 'P2', 'P4', 'P6', 'P8', 'PO7', 'PO3', 'POz', 'PO4', 'PO8', 'O1', 'Oz', 'O2']
2026-07-28 19:28:34 - INFO - time_window            [0, 250]
2026-07-28 19:28:34 - INFO - eeg_aug                True
2026-07-28 19:28:34 - INFO - eeg_aug_type           smooth
2026-07-28 19:28:34 - INFO - eeg_encoder_type       EEGProject
2026-07-28 19:28:34 - INFO - image_aug              True
2026-07-28 19:28:34 - INFO - image_test_aug         True
2026-07-28 19:28:34 - INFO - eeg_test_aug           False
2026-07-28 19:28:34 - INFO - frozen_eeg_prior       True
2026-07-28 19:28:34 - INFO - projector              linear
2026-07-28 19:28:34 - INFO - feature_dim            512
2026-07-28 19:28:34 - INFO - image_feature_dir      /root/autodl-tmp/data/things_eeg/image_feature/RN50
2026-07-28 19:28:34 - INFO - aug_image_feature_dirs ['/root/autodl-tmp/data/things_eeg/image_feature/RN50/GaussianBlur-GaussianNoise-LowResolution-Mosaic']
2026-07-28 19:28:34 - INFO - text_feature_dir       
2026-07-28 19:28:34 - INFO - save_weights           True
2026-07-28 19:28:34 - INFO - seed                   9999
2026-07-28 19:28:34 - INFO - Using device: cuda:0
2026-07-28 19:30:53 - INFO - EEG sample points: 250
2026-07-28 19:30:53 - INFO - feature dimension: 1024
2026-07-28 19:30:53 - INFO - data length: 16540
2026-07-28 19:30:53 - INFO - number of channels: 17
2026-07-28 19:30:55 - INFO - EEG Encoder trainable parameters: 5.40M
2026-07-28 19:30:55 - INFO - EEGProject(
  (model): Sequential(
    (0): Linear(in_features=4250, out_features=1024, bias=True)
    (1): ResidualAdd(
      (f): Sequential(
        (0): GELU(approximate='none')
        (1): Linear(in_features=1024, out_features=1024, bias=True)
        (2): Dropout(p=0.3, inplace=False)
      )
    )
    (2): LayerNorm((1024,), eps=1e-05, elementwise_affine=True)
  )
)
2026-07-28 19:30:55 - INFO - Projector trainable parameters: 1.57M
2026-07-28 19:30:55 - INFO - ContrastiveLoss(
  (criterion_cls): CrossEntropyLoss()
  (criterion_mse): MSELoss()
  (softplus): Softplus(beta=1.0, threshold=20.0)
)
2026-07-28 19:30:56 - INFO - Epoch [1/50] Train Loss: 7.7068
2026-07-28 19:30:56 - INFO - top5 acc 14.00%	top1 acc 4.00%	Test Loss: 4.8007
2026-07-28 19:30:56 - INFO - Epoch [2/50] Train Loss: 6.5326
2026-07-28 19:30:57 - INFO - top5 acc 28.50%	top1 acc 4.50%	Test Loss: 4.3976
2026-07-28 19:30:58 - INFO - Epoch [3/50] Train Loss: 6.0869
2026-07-28 19:30:58 - INFO - top5 acc 41.50%	top1 acc 12.00%	Test Loss: 3.8824
2026-07-28 19:30:59 - INFO - Epoch [4/50] Train Loss: 5.6537
2026-07-28 19:30:59 - INFO - top5 acc 50.50%	top1 acc 21.00%	Test Loss: 3.2823
2026-07-28 19:31:00 - INFO - Epoch [5/50] Train Loss: 5.2032
2026-07-28 19:31:00 - INFO - top5 acc 61.00%	top1 acc 29.00%	Test Loss: 2.7233
2026-07-28 19:31:00 - INFO - Epoch [6/50] Train Loss: 4.7291
2026-07-28 19:31:01 - INFO - top5 acc 74.50%	top1 acc 38.50%	Test Loss: 2.2421
2026-07-28 19:31:01 - INFO - Epoch [7/50] Train Loss: 4.2606
2026-07-28 19:31:01 - INFO - top5 acc 79.50%	top1 acc 46.50%	Test Loss: 1.8948
2026-07-28 19:31:02 - INFO - Epoch [8/50] Train Loss: 3.8146
2026-07-28 19:31:02 - INFO - top5 acc 82.50%	top1 acc 50.50%	Test Loss: 1.6714
2026-07-28 19:31:03 - INFO - Epoch [9/50] Train Loss: 3.3971
2026-07-28 19:31:03 - INFO - top5 acc 87.00%	top1 acc 56.00%	Test Loss: 1.4218
2026-07-28 19:31:04 - INFO - Epoch [10/50] Train Loss: 3.0178
2026-07-28 19:31:04 - INFO - top5 acc 88.50%	top1 acc 57.50%	Test Loss: 1.3409
2026-07-28 19:31:05 - INFO - Epoch [11/50] Train Loss: 2.6699
2026-07-28 19:31:05 - INFO - top5 acc 89.00%	top1 acc 63.00%	Test Loss: 1.2466
2026-07-28 19:31:06 - INFO - Epoch [12/50] Train Loss: 2.3666
2026-07-28 19:31:06 - INFO - top5 acc 89.00%	top1 acc 61.00%	Test Loss: 1.2335
2026-07-28 19:31:07 - INFO - Epoch [13/50] Train Loss: 2.0707
2026-07-28 19:31:07 - INFO - top5 acc 93.50%	top1 acc 63.50%	Test Loss: 1.1054
2026-07-28 19:31:08 - INFO - Epoch [14/50] Train Loss: 1.8178
2026-07-28 19:31:08 - INFO - top5 acc 91.00%	top1 acc 62.00%	Test Loss: 1.1437
2026-07-28 19:31:08 - INFO - Epoch [15/50] Train Loss: 1.5974
2026-07-28 19:31:09 - INFO - top5 acc 91.50%	top1 acc 62.50%	Test Loss: 1.0752
2026-07-28 19:31:10 - INFO - Epoch [16/50] Train Loss: 1.4020
2026-07-28 19:31:10 - INFO - top5 acc 93.00%	top1 acc 66.00%	Test Loss: 1.0491
2026-07-28 19:31:11 - INFO - Epoch [17/50] Train Loss: 1.2096
2026-07-28 19:31:11 - INFO - top5 acc 92.50%	top1 acc 65.50%	Test Loss: 1.0257
2026-07-28 19:31:12 - INFO - Epoch [18/50] Train Loss: 1.0509
2026-07-28 19:31:12 - INFO - top5 acc 93.00%	top1 acc 67.00%	Test Loss: 1.0165
2026-07-28 19:31:13 - INFO - Epoch [19/50] Train Loss: 0.9125
2026-07-28 19:31:13 - INFO - top5 acc 94.50%	top1 acc 68.00%	Test Loss: 0.9596
2026-07-28 19:31:14 - INFO - Epoch [20/50] Train Loss: 0.7912
2026-07-28 19:31:14 - INFO - top5 acc 91.00%	top1 acc 69.50%	Test Loss: 0.9761
2026-07-28 19:31:14 - INFO - Epoch [21/50] Train Loss: 0.6829
2026-07-28 19:31:14 - INFO - top5 acc 95.00%	top1 acc 70.50%	Test Loss: 0.9476
2026-07-28 19:31:15 - INFO - Epoch [22/50] Train Loss: 0.5884
2026-07-28 19:31:15 - INFO - top5 acc 94.50%	top1 acc 67.50%	Test Loss: 0.9341
2026-07-28 19:31:16 - INFO - Epoch [23/50] Train Loss: 0.4999
2026-07-28 19:31:16 - INFO - top5 acc 93.50%	top1 acc 71.00%	Test Loss: 0.9247
2026-07-28 19:31:17 - INFO - Epoch [24/50] Train Loss: 0.4300
2026-07-28 19:31:17 - INFO - top5 acc 92.50%	top1 acc 69.50%	Test Loss: 0.9293
2026-07-28 19:31:18 - INFO - Epoch [25/50] Train Loss: 0.3785
2026-07-28 19:31:18 - INFO - top5 acc 92.00%	top1 acc 70.00%	Test Loss: 0.9924
2026-07-28 19:31:19 - INFO - Epoch [26/50] Train Loss: 0.3309
2026-07-28 19:31:19 - INFO - top5 acc 93.50%	top1 acc 70.00%	Test Loss: 0.9076
2026-07-28 19:31:20 - INFO - Epoch [27/50] Train Loss: 0.2855
2026-07-28 19:31:20 - INFO - top5 acc 92.50%	top1 acc 68.50%	Test Loss: 0.9560
2026-07-28 19:31:20 - INFO - Epoch [28/50] Train Loss: 0.2501
2026-07-28 19:31:20 - INFO - top5 acc 92.50%	top1 acc 66.50%	Test Loss: 0.9441
2026-07-28 19:31:21 - INFO - Epoch [29/50] Train Loss: 0.2247
2026-07-28 19:31:21 - INFO - top5 acc 93.50%	top1 acc 67.50%	Test Loss: 0.9582
2026-07-28 19:31:22 - INFO - Epoch [30/50] Train Loss: 0.2004
2026-07-28 19:31:22 - INFO - top5 acc 94.00%	top1 acc 67.50%	Test Loss: 0.9188
2026-07-28 19:31:23 - INFO - Epoch [31/50] Train Loss: 0.1833
2026-07-28 19:31:23 - INFO - top5 acc 93.00%	top1 acc 72.00%	Test Loss: 0.9022
2026-07-28 19:31:24 - INFO - Epoch [32/50] Train Loss: 0.1656
2026-07-28 19:31:24 - INFO - top5 acc 93.50%	top1 acc 67.00%	Test Loss: 0.9443
2026-07-28 19:31:25 - INFO - Epoch [33/50] Train Loss: 0.1493
2026-07-28 19:31:25 - INFO - top5 acc 93.00%	top1 acc 67.00%	Test Loss: 0.9353
2026-07-28 19:31:25 - INFO - Epoch [34/50] Train Loss: 0.1385
2026-07-28 19:31:25 - INFO - top5 acc 94.00%	top1 acc 73.00%	Test Loss: 0.9014
2026-07-28 19:31:26 - INFO - Epoch [35/50] Train Loss: 0.1266
2026-07-28 19:31:26 - INFO - top5 acc 94.00%	top1 acc 66.50%	Test Loss: 0.9378
2026-07-28 19:31:27 - INFO - Epoch [36/50] Train Loss: 0.1162
2026-07-28 19:31:27 - INFO - top5 acc 94.50%	top1 acc 71.50%	Test Loss: 0.9101
2026-07-28 19:31:28 - INFO - Epoch [37/50] Train Loss: 0.1066
2026-07-28 19:31:28 - INFO - top5 acc 93.50%	top1 acc 67.00%	Test Loss: 0.9205
2026-07-28 19:31:29 - INFO - Epoch [38/50] Train Loss: 0.1021
2026-07-28 19:31:29 - INFO - top5 acc 94.50%	top1 acc 70.00%	Test Loss: 0.9029
2026-07-28 19:31:30 - INFO - Epoch [39/50] Train Loss: 0.0957
2026-07-28 19:31:30 - INFO - top5 acc 91.50%	top1 acc 68.50%	Test Loss: 0.9338
2026-07-28 19:31:31 - INFO - Epoch [40/50] Train Loss: 0.0901
2026-07-28 19:31:31 - INFO - top5 acc 93.50%	top1 acc 66.00%	Test Loss: 0.9363
2026-07-28 19:31:32 - INFO - Epoch [41/50] Train Loss: 0.0833
2026-07-28 19:31:32 - INFO - top5 acc 94.00%	top1 acc 69.00%	Test Loss: 0.9373
2026-07-28 19:31:33 - INFO - Epoch [42/50] Train Loss: 0.0763
2026-07-28 19:31:33 - INFO - top5 acc 93.50%	top1 acc 68.50%	Test Loss: 0.9127
2026-07-28 19:31:33 - INFO - Epoch [43/50] Train Loss: 0.0720
2026-07-28 19:31:33 - INFO - top5 acc 93.50%	top1 acc 68.00%	Test Loss: 0.9002
2026-07-28 19:31:34 - INFO - Epoch [44/50] Train Loss: 0.0691
2026-07-28 19:31:34 - INFO - top5 acc 93.50%	top1 acc 69.50%	Test Loss: 0.8928
2026-07-28 19:31:35 - INFO - Epoch [45/50] Train Loss: 0.0663
2026-07-28 19:31:35 - INFO - top5 acc 94.50%	top1 acc 70.50%	Test Loss: 0.8909
2026-07-28 19:31:36 - INFO - Epoch [46/50] Train Loss: 0.0614
2026-07-28 19:31:36 - INFO - top5 acc 93.50%	top1 acc 67.50%	Test Loss: 0.9397
2026-07-28 19:31:37 - INFO - Epoch [47/50] Train Loss: 0.0594
2026-07-28 19:31:37 - INFO - top5 acc 94.00%	top1 acc 68.50%	Test Loss: 0.9177
2026-07-28 19:31:38 - INFO - Epoch [48/50] Train Loss: 0.0572
2026-07-28 19:31:38 - INFO - top5 acc 93.50%	top1 acc 68.50%	Test Loss: 0.9188
2026-07-28 19:31:39 - INFO - Epoch [49/50] Train Loss: 0.0546
2026-07-28 19:31:39 - INFO - top5 acc 95.00%	top1 acc 70.00%	Test Loss: 0.8853
2026-07-28 19:31:39 - INFO - Epoch [50/50] Train Loss: 0.0514
2026-07-28 19:31:40 - INFO - top5 acc 94.50%	top1 acc 69.00%	Test Loss: 0.9039
2026-07-28 19:31:40 - INFO - best test loss: 0.8853 top5 acc: 95.00 top1 acc: 70.00 at epoch 49
