2026-07-29 13:00:44 - INFO - Input arguments:
2026-07-29 13:00:44 - INFO - device                 cuda:0
2026-07-29 13:00:44 - INFO - num_epochs             50
2026-07-29 13:00:44 - INFO - batch_size             1024
2026-07-29 13:00:44 - INFO - learning_rate          0.0001
2026-07-29 13:00:44 - INFO - output_dir             results/things_eeg/inter-subjects
2026-07-29 13:00:44 - INFO - output_name            inter-leave-sub-03-seed3407
2026-07-29 13:00:44 - INFO - train_subject_ids      [1, 2, 4, 5, 6, 7, 8, 9, 10]
2026-07-29 13:00:44 - INFO - test_subject_ids       [3]
2026-07-29 13:00:44 - INFO - data_average           True
2026-07-29 13:00:44 - INFO - data_random            False
2026-07-29 13:00:44 - INFO - init_temperature       0.07
2026-07-29 13:00:44 - INFO - t_learnable            False
2026-07-29 13:00:44 - INFO - softplus               True
2026-07-29 13:00:44 - INFO - alpha                  1.0
2026-07-29 13:00:44 - INFO - beta                   1.0
2026-07-29 13:00:44 - INFO - img_l2norm             True
2026-07-29 13:00:44 - INFO - text_l2norm            False
2026-07-29 13:00:44 - INFO - eeg_l2norm             False
2026-07-29 13:00:44 - INFO - eeg_data_dir           D:\NEOschool\eegtoimage\NeuroBridge-main\data\things_eeg\preprocessed_eeg
2026-07-29 13:00:44 - INFO - selected_channels      []
2026-07-29 13:00:44 - INFO - time_window            [0, 250]
2026-07-29 13:00:44 - INFO - eeg_aug                True
2026-07-29 13:00:44 - INFO - eeg_aug_type           smooth
2026-07-29 13:00:44 - INFO - eeg_encoder_type       TSConv
2026-07-29 13:00:44 - INFO - image_aug              True
2026-07-29 13:00:44 - INFO - image_test_aug         True
2026-07-29 13:00:44 - INFO - eeg_test_aug           False
2026-07-29 13:00:44 - INFO - frozen_eeg_prior       True
2026-07-29 13:00:44 - INFO - projector              linear
2026-07-29 13:00:44 - INFO - feature_dim            512
2026-07-29 13:00:44 - INFO - image_feature_dir      D:\NEOschool\eegtoimage\NeuroBridge-main\data\things_eeg\image_feature\RN50
2026-07-29 13:00:44 - INFO - aug_image_feature_dirs ['D:\\NEOschool\\eegtoimage\\NeuroBridge-main\\data\\things_eeg\\image_feature\\RN50\\GaussianBlur-GaussianNoise-LowResolution-Mosaic']
2026-07-29 13:00:44 - INFO - text_feature_dir       
2026-07-29 13:00:44 - INFO - save_weights           True
2026-07-29 13:00:44 - INFO - seed                   3407
2026-07-29 13:00:44 - INFO - Using device: cuda:0
2026-07-29 14:51:59 - INFO - EEG sample points: 250
2026-07-29 14:51:59 - INFO - feature dimension: 1024
2026-07-29 14:51:59 - INFO - data length: 148860
2026-07-29 14:51:59 - INFO - number of channels: 63
2026-07-29 14:52:01 - INFO - EEG Encoder trainable parameters: 2.63M
2026-07-29 14:52:01 - INFO - TSConv(
  (tsconv): Sequential(
    (0): Conv2d(1, 40, kernel_size=(1, 25), stride=(1, 1))
    (1): AvgPool2d(kernel_size=(1, 51), stride=(1, 5), padding=0)
    (2): BatchNorm2d(40, eps=1e-05, momentum=0.1, affine=True, track_running_stats=True)
    (3): ELU(alpha=1.0)
    (4): Conv2d(40, 40, kernel_size=(63, 1), stride=(1, 1))
    (5): BatchNorm2d(40, eps=1e-05, momentum=0.1, affine=True, track_running_stats=True)
    (6): ELU(alpha=1.0)
    (7): Dropout(p=0.5, inplace=False)
  )
  (projection): Conv2d(40, 40, kernel_size=(1, 1), stride=(1, 1))
  (proj_eeg): Sequential(
    (0): Linear(in_features=1440, out_features=1024, bias=True)
    (1): ResidualAdd(
      (f): Sequential(
        (0): GELU(approximate='none')
        (1): Linear(in_features=1024, out_features=1024, bias=True)
        (2): Dropout(p=0.5, inplace=False)
      )
    )
    (2): LayerNorm((1024,), eps=1e-05, elementwise_affine=True)
  )
)
2026-07-29 14:52:01 - INFO - Projector trainable parameters: 1.57M
2026-07-29 14:52:01 - INFO - ContrastiveLoss(
  (criterion_cls): CrossEntropyLoss()
  (criterion_mse): MSELoss()
  (softplus): Softplus(beta=1.0, threshold=20.0)
)
2026-07-29 14:59:08 - INFO - Epoch [1/50] Train Loss: 6.5262
2026-07-29 14:59:08 - INFO - top5 acc 24.00%	top1 acc 6.50%	Test Loss: 4.1751
2026-07-29 15:06:00 - INFO - Epoch [2/50] Train Loss: 5.8622
2026-07-29 15:06:00 - INFO - top5 acc 30.50%	top1 acc 8.00%	Test Loss: 3.8773
2026-07-29 15:12:57 - INFO - Epoch [3/50] Train Loss: 5.6165
2026-07-29 15:12:57 - INFO - top5 acc 33.00%	top1 acc 8.50%	Test Loss: 3.7511
2026-07-29 15:19:41 - INFO - Epoch [4/50] Train Loss: 5.4778
2026-07-29 15:19:41 - INFO - top5 acc 33.00%	top1 acc 9.00%	Test Loss: 3.6854
2026-07-29 15:26:08 - INFO - Epoch [5/50] Train Loss: 5.3833
2026-07-29 15:26:08 - INFO - top5 acc 33.50%	top1 acc 9.50%	Test Loss: 3.6678
