2026-07-27 01:44:04 - INFO - Input arguments:
2026-07-27 01:44:04 - INFO - device                 cuda:0
2026-07-27 01:44:04 - INFO - num_epochs             50
2026-07-27 01:44:04 - INFO - batch_size             1024
2026-07-27 01:44:04 - INFO - learning_rate          0.0001
2026-07-27 01:44:04 - INFO - output_dir             ./autodl-tmp/results/things_eeg/inter-subjects
2026-07-27 01:44:04 - INFO - output_name            sub-05
2026-07-27 01:44:04 - INFO - train_subject_ids      [1, 2, 3, 4, 6, 7, 8, 9, 10]
2026-07-27 01:44:04 - INFO - test_subject_ids       [5]
2026-07-27 01:44:04 - INFO - data_average           True
2026-07-27 01:44:04 - INFO - data_random            False
2026-07-27 01:44:04 - INFO - init_temperature       0.07
2026-07-27 01:44:04 - INFO - t_learnable            False
2026-07-27 01:44:04 - INFO - softplus               True
2026-07-27 01:44:04 - INFO - alpha                  1.0
2026-07-27 01:44:04 - INFO - beta                   1.0
2026-07-27 01:44:04 - INFO - img_l2norm             True
2026-07-27 01:44:04 - INFO - text_l2norm            False
2026-07-27 01:44:04 - INFO - eeg_l2norm             False
2026-07-27 01:44:04 - INFO - eeg_data_dir           /root/autodl-tmp/data/things_eeg/preprocessed_eeg
2026-07-27 01:44:04 - INFO - selected_channels      []
2026-07-27 01:44:04 - INFO - time_window            [0, 250]
2026-07-27 01:44:04 - INFO - eeg_aug                True
2026-07-27 01:44:04 - INFO - eeg_aug_type           smooth
2026-07-27 01:44:04 - INFO - eeg_encoder_type       TSConv
2026-07-27 01:44:04 - INFO - image_aug              True
2026-07-27 01:44:04 - INFO - image_test_aug         True
2026-07-27 01:44:04 - INFO - eeg_test_aug           False
2026-07-27 01:44:04 - INFO - frozen_eeg_prior       True
2026-07-27 01:44:04 - INFO - projector              linear
2026-07-27 01:44:04 - INFO - feature_dim            512
2026-07-27 01:44:04 - INFO - image_feature_dir      /root/autodl-tmp/data/things_eeg/image_feature/RN50
2026-07-27 01:44:04 - INFO - aug_image_feature_dirs ['/root/autodl-tmp/data/things_eeg/image_feature/RN50/GaussianBlur-GaussianNoise-LowResolution-Mosaic']
2026-07-27 01:44:04 - INFO - text_feature_dir       
2026-07-27 01:44:04 - INFO - save_weights           True
2026-07-27 01:44:04 - INFO - seed                   2025
2026-07-27 01:44:04 - INFO - Using device: cuda:0
2026-07-27 03:03:25 - INFO - EEG sample points: 250
2026-07-27 03:03:25 - INFO - feature dimension: 1024
2026-07-27 03:03:25 - INFO - data length: 148860
2026-07-27 03:03:25 - INFO - number of channels: 63
2026-07-27 03:03:27 - INFO - EEG Encoder trainable parameters: 2.63M
2026-07-27 03:03:27 - INFO - TSConv(
  (tsconv): Sequential(
    (0): Conv2d(1, 40, kernel_size=(1, 25), stride=(1, 1))
    (1): AvgPool2d(kernel_size=(1, 51), stride=(1, 5), padding=0)
    (2): BatchNorm2d(40, eps=1e-05, momentum=0.1, affine=True, track_running_stats=True)
    (3): ELU(alpha=1.0)
    (4): Conv2d(40, 40, kernel_size=(63, 1), stride=(1, 1))
    (5): BatchNorm2d(40, eps=1e-05, momentum=0.1, affine=True, track_running_stats=True)
    (6): ELU(alpha=1.0)
    (7): Dropout(p=0.5, inplace=False)
  )
  (projection): Conv2d(40, 40, kernel_size=(1, 1), stride=(1, 1))
  (proj_eeg): Sequential(
    (0): Linear(in_features=1440, out_features=1024, bias=True)
    (1): ResidualAdd(
      (f): Sequential(
        (0): GELU(approximate='none')
        (1): Linear(in_features=1024, out_features=1024, bias=True)
        (2): Dropout(p=0.5, inplace=False)
      )
    )
    (2): LayerNorm((1024,), eps=1e-05, elementwise_affine=True)
  )
)
2026-07-27 03:03:27 - INFO - Projector trainable parameters: 1.57M
2026-07-27 03:03:27 - INFO - ContrastiveLoss(
  (criterion_cls): CrossEntropyLoss()
  (criterion_mse): MSELoss()
  (softplus): Softplus(beta=1.0, threshold=20.0)
)
2026-07-27 03:03:58 - INFO - Epoch [1/50] Train Loss: 6.5516
2026-07-27 03:03:58 - INFO - top5 acc 17.50%	top1 acc 3.00%	Test Loss: 4.3355
2026-07-27 03:04:27 - INFO - Epoch [2/50] Train Loss: 5.9151
2026-07-27 03:04:27 - INFO - top5 acc 26.50%	top1 acc 5.50%	Test Loss: 4.0156
2026-07-27 03:04:56 - INFO - Epoch [3/50] Train Loss: 5.6669
2026-07-27 03:04:56 - INFO - top5 acc 31.00%	top1 acc 11.50%	Test Loss: 3.8819
2026-07-27 03:05:25 - INFO - Epoch [4/50] Train Loss: 5.5169
2026-07-27 03:05:25 - INFO - top5 acc 34.00%	top1 acc 10.50%	Test Loss: 3.7280
2026-07-27 03:05:54 - INFO - Epoch [5/50] Train Loss: 5.3957
2026-07-27 03:05:54 - INFO - top5 acc 37.50%	top1 acc 13.50%	Test Loss: 3.6536
2026-07-27 03:06:22 - INFO - Epoch [6/50] Train Loss: 5.2994
2026-07-27 03:06:23 - INFO - top5 acc 41.00%	top1 acc 13.50%	Test Loss: 3.5991
2026-07-27 03:06:52 - INFO - Epoch [7/50] Train Loss: 5.2269
2026-07-27 03:06:52 - INFO - top5 acc 42.50%	top1 acc 16.50%	Test Loss: 3.4957
2026-07-27 03:07:21 - INFO - Epoch [8/50] Train Loss: 5.1618
2026-07-27 03:07:21 - INFO - top5 acc 41.00%	top1 acc 15.00%	Test Loss: 3.5350
2026-07-27 03:07:49 - INFO - Epoch [9/50] Train Loss: 5.1004
2026-07-27 03:07:49 - INFO - top5 acc 44.00%	top1 acc 15.50%	Test Loss: 3.4475
2026-07-27 03:08:18 - INFO - Epoch [10/50] Train Loss: 5.0392
2026-07-27 03:08:19 - INFO - top5 acc 46.50%	top1 acc 15.50%	Test Loss: 3.4174
2026-07-27 03:08:48 - INFO - Epoch [11/50] Train Loss: 4.9846
2026-07-27 03:08:48 - INFO - top5 acc 48.00%	top1 acc 17.50%	Test Loss: 3.3541
2026-07-27 03:09:19 - INFO - Epoch [12/50] Train Loss: 4.9338
2026-07-27 03:09:19 - INFO - top5 acc 47.50%	top1 acc 17.50%	Test Loss: 3.3206
2026-07-27 03:09:49 - INFO - Epoch [13/50] Train Loss: 4.8905
2026-07-27 03:09:49 - INFO - top5 acc 49.50%	top1 acc 16.00%	Test Loss: 3.2964
2026-07-27 03:10:19 - INFO - Epoch [14/50] Train Loss: 4.8436
2026-07-27 03:10:19 - INFO - top5 acc 45.50%	top1 acc 15.50%	Test Loss: 3.3044
2026-07-27 03:10:48 - INFO - Epoch [15/50] Train Loss: 4.7979
2026-07-27 03:10:48 - INFO - top5 acc 44.00%	top1 acc 17.50%	Test Loss: 3.3093
2026-07-27 03:11:17 - INFO - Epoch [16/50] Train Loss: 4.7546
2026-07-27 03:11:17 - INFO - top5 acc 47.00%	top1 acc 15.00%	Test Loss: 3.2581
2026-07-27 03:11:45 - INFO - Epoch [17/50] Train Loss: 4.7079
2026-07-27 03:11:45 - INFO - top5 acc 43.50%	top1 acc 15.00%	Test Loss: 3.3225
2026-07-27 03:12:14 - INFO - Epoch [18/50] Train Loss: 4.6678
2026-07-27 03:12:14 - INFO - top5 acc 47.50%	top1 acc 15.00%	Test Loss: 3.3117
2026-07-27 03:12:43 - INFO - Epoch [19/50] Train Loss: 4.6222
2026-07-27 03:12:43 - INFO - top5 acc 45.00%	top1 acc 17.00%	Test Loss: 3.3239
2026-07-27 03:13:12 - INFO - Epoch [20/50] Train Loss: 4.5819
2026-07-27 03:13:12 - INFO - top5 acc 44.50%	top1 acc 15.50%	Test Loss: 3.2803
2026-07-27 03:13:41 - INFO - Epoch [21/50] Train Loss: 4.5421
2026-07-27 03:13:41 - INFO - top5 acc 45.50%	top1 acc 16.50%	Test Loss: 3.3427
2026-07-27 03:14:10 - INFO - Epoch [22/50] Train Loss: 4.5022
2026-07-27 03:14:10 - INFO - top5 acc 43.50%	top1 acc 15.50%	Test Loss: 3.3558
2026-07-27 03:14:38 - INFO - Epoch [23/50] Train Loss: 4.4699
2026-07-27 03:14:39 - INFO - top5 acc 46.50%	top1 acc 16.50%	Test Loss: 3.2639
2026-07-27 03:15:08 - INFO - Epoch [24/50] Train Loss: 4.4298
2026-07-27 03:15:08 - INFO - top5 acc 47.00%	top1 acc 16.00%	Test Loss: 3.3334
2026-07-27 03:15:37 - INFO - Epoch [25/50] Train Loss: 4.3905
2026-07-27 03:15:37 - INFO - top5 acc 45.00%	top1 acc 16.00%	Test Loss: 3.3071
2026-07-27 03:16:06 - INFO - Epoch [26/50] Train Loss: 4.3505
2026-07-27 03:16:06 - INFO - top5 acc 42.00%	top1 acc 14.00%	Test Loss: 3.4280
2026-07-27 03:16:35 - INFO - Epoch [27/50] Train Loss: 4.3185
2026-07-27 03:16:35 - INFO - top5 acc 42.50%	top1 acc 18.50%	Test Loss: 3.3360
2026-07-27 03:17:04 - INFO - Epoch [28/50] Train Loss: 4.2817
2026-07-27 03:17:04 - INFO - top5 acc 42.50%	top1 acc 16.50%	Test Loss: 3.3414
2026-07-27 03:17:33 - INFO - Epoch [29/50] Train Loss: 4.2494
2026-07-27 03:17:33 - INFO - top5 acc 45.50%	top1 acc 14.50%	Test Loss: 3.3544
2026-07-27 03:18:02 - INFO - Epoch [30/50] Train Loss: 4.2177
2026-07-27 03:18:02 - INFO - top5 acc 46.50%	top1 acc 17.50%	Test Loss: 3.3580
2026-07-27 03:18:31 - INFO - Epoch [31/50] Train Loss: 4.1776
2026-07-27 03:18:31 - INFO - top5 acc 41.50%	top1 acc 15.00%	Test Loss: 3.3906
2026-07-27 03:19:00 - INFO - Epoch [32/50] Train Loss: 4.1461
2026-07-27 03:19:00 - INFO - top5 acc 41.50%	top1 acc 14.00%	Test Loss: 3.4161
2026-07-27 03:19:29 - INFO - Epoch [33/50] Train Loss: 4.1155
2026-07-27 03:19:29 - INFO - top5 acc 41.00%	top1 acc 16.00%	Test Loss: 3.4569
2026-07-27 03:19:58 - INFO - Epoch [34/50] Train Loss: 4.0829
2026-07-27 03:19:58 - INFO - top5 acc 41.00%	top1 acc 15.50%	Test Loss: 3.4287
2026-07-27 03:20:27 - INFO - Epoch [35/50] Train Loss: 4.0581
2026-07-27 03:20:27 - INFO - top5 acc 39.00%	top1 acc 16.50%	Test Loss: 3.4339
2026-07-27 03:20:56 - INFO - Epoch [36/50] Train Loss: 4.0264
2026-07-27 03:20:56 - INFO - top5 acc 41.50%	top1 acc 16.00%	Test Loss: 3.4755
2026-07-27 03:21:25 - INFO - Epoch [37/50] Train Loss: 3.9992
2026-07-27 03:21:25 - INFO - top5 acc 38.50%	top1 acc 15.50%	Test Loss: 3.4511
2026-07-27 03:21:54 - INFO - Epoch [38/50] Train Loss: 3.9683
2026-07-27 03:21:54 - INFO - top5 acc 38.00%	top1 acc 14.00%	Test Loss: 3.5163
2026-07-27 03:22:23 - INFO - Epoch [39/50] Train Loss: 3.9456
2026-07-27 03:22:23 - INFO - top5 acc 40.50%	top1 acc 16.00%	Test Loss: 3.4591
2026-07-27 03:22:53 - INFO - Epoch [40/50] Train Loss: 3.9171
2026-07-27 03:22:53 - INFO - top5 acc 41.00%	top1 acc 16.00%	Test Loss: 3.4097
2026-07-27 03:23:23 - INFO - Epoch [41/50] Train Loss: 3.8933
2026-07-27 03:23:23 - INFO - top5 acc 40.50%	top1 acc 15.00%	Test Loss: 3.5052
2026-07-27 03:23:54 - INFO - Epoch [42/50] Train Loss: 3.8686
2026-07-27 03:23:54 - INFO - top5 acc 37.50%	top1 acc 16.50%	Test Loss: 3.4921
2026-07-27 03:24:25 - INFO - Epoch [43/50] Train Loss: 3.8403
2026-07-27 03:24:25 - INFO - top5 acc 39.00%	top1 acc 13.50%	Test Loss: 3.5813
2026-07-27 03:24:55 - INFO - Epoch [44/50] Train Loss: 3.8166
2026-07-27 03:24:55 - INFO - top5 acc 39.50%	top1 acc 15.50%	Test Loss: 3.5207
2026-07-27 03:25:25 - INFO - Epoch [45/50] Train Loss: 3.7933
2026-07-27 03:25:25 - INFO - top5 acc 40.50%	top1 acc 13.00%	Test Loss: 3.5715
2026-07-27 03:25:55 - INFO - Epoch [46/50] Train Loss: 3.7661
2026-07-27 03:25:55 - INFO - top5 acc 39.00%	top1 acc 13.00%	Test Loss: 3.5639
2026-07-27 03:26:24 - INFO - Epoch [47/50] Train Loss: 3.7449
2026-07-27 03:26:24 - INFO - top5 acc 39.00%	top1 acc 15.50%	Test Loss: 3.5501
2026-07-27 03:26:53 - INFO - Epoch [48/50] Train Loss: 3.7223
2026-07-27 03:26:53 - INFO - top5 acc 36.50%	top1 acc 13.00%	Test Loss: 3.6257
2026-07-27 03:27:22 - INFO - Epoch [49/50] Train Loss: 3.6991
2026-07-27 03:27:22 - INFO - top5 acc 40.50%	top1 acc 12.50%	Test Loss: 3.6155
2026-07-27 03:27:51 - INFO - Epoch [50/50] Train Loss: 3.6793
2026-07-27 03:27:51 - INFO - top5 acc 38.50%	top1 acc 13.00%	Test Loss: 3.5735
2026-07-27 03:27:51 - INFO - best test loss: 3.2581 top5 acc: 47.00 top1 acc: 15.00 at epoch 16
